#
# There is insufficient memory for the Java Runtime Environment to continue.
# Native memory allocation (mmap) failed to map 123731968 bytes for G1 virtual space
# Possible reasons:
#   The system is out of physical RAM or swap space
#   The process is running with CompressedOops enabled, and the Java Heap may be blocking the growth of the native heap
# Possible solutions:
#   Reduce memory load on the system
#   Increase physical memory or swap space
#   Check if swap backing store is full
#   Decrease Java heap size (-Xmx/-Xms)
#   Decrease number of Java threads
#   Decrease Java thread stack sizes (-Xss)
#   Set larger code cache with -XX:ReservedCodeCacheSize=
#   JVM is running with Unscaled Compressed Oops mode in which the Java heap is
#     placed in the first 4GB address space. The Java Heap base address is the
#     maximum limit for the native heap growth. Please use -XX:HeapBaseMinAddress
#     to set the Java Heap base and to place the Java Heap above 4GB virtual address.
# This output file may be truncated or incomplete.
#
#  Out of Memory Error (os_windows.cpp:3613), pid=9748, tid=16936
#
# JRE version:  (17.0.10+7) (build )
# Java VM: OpenJDK 64-Bit Server VM (17.0.10+7, mixed mode, sharing, tiered, compressed oops, compressed class ptrs, g1 gc, windows-amd64)
# No core dump will be written. Minidumps are not enabled by default on client versions of Windows
#

---------------  S U M M A R Y ------------

Command Line: -Dmaven.home=EMBEDDED -Dclassworlds.conf=C:\Users\eesha\eclipse-workspace\.metadata\.plugins\org.eclipse.m2e.launching\launches\m2conf11567473076367956067.tmp -Dmaven.multiModuleProjectDirectory=C:\Users\eesha\eclipse-workspace\AppiumFramework -Dm2e.build.project.data.socket.port=49946 -Dfile.encoding=UTF-8 -Dstdout.encoding=UTF-8 -Dstderr.encoding=UTF-8 -XX:+ShowCodeDetailsInExceptionMessages org.codehaus.plexus.classworlds.launcher.Launcher -B -Dstyle.color=always clean

Host: AMD Ryzen 5 5500U with Radeon Graphics         , 12 cores, 7G,  Windows 11 , 64 bit Build 26100 (10.0.26100.6725)
Time: Wed Oct 29 23:54:34 2025 India Standard Time elapsed time: 2.068948 seconds (0d 0h 0m 2s)

---------------  T H R E A D  ---------------

Current thread (0x000001f802a29fd0):  JavaThread "Unknown thread" [_thread_in_vm, id=16936, stack(0x00000066fa100000,0x00000066fa200000)]

Stack: [0x00000066fa100000,0x00000066fa200000]
Native frames: (J=compiled Java code, j=interpreted, Vv=VM code, C=native code)
V  [jvm.dll+0x67d2c9]
V  [jvm.dll+0x834afa]
V  [jvm.dll+0x8365be]
V  [jvm.dll+0x836c23]
V  [jvm.dll+0x2477ff]
V  [jvm.dll+0x67a109]
V  [jvm.dll+0x66eb7a]
V  [jvm.dll+0x30764b]
V  [jvm.dll+0x30eaf6]
V  [jvm.dll+0x35e83e]
V  [jvm.dll+0x35ea6f]
V  [jvm.dll+0x2de248]
V  [jvm.dll+0x2df1b4]
V  [jvm.dll+0x806361]
V  [jvm.dll+0x36c6f1]
V  [jvm.dll+0x7e4e06]
V  [jvm.dll+0x3eff3f]
V  [jvm.dll+0x3f1b71]
C  [jli.dll+0x528f]
C  [ucrtbase.dll+0x37b0]
C  [KERNEL32.DLL+0x2e8d7]
C  [ntdll.dll+0x8c53c]


---------------  P R O C E S S  ---------------

Threads class SMR info:
_java_thread_list=0x00007ffb23efee98, length=0, elements={
}

Java Threads: ( => current thread )

Other Threads:
  0x000001f8044c7000 GCTaskThread "GC Thread#0" [stack: 0x00000066fa200000,0x00000066fa300000] [id=30808]
  0x000001f8044d76b0 ConcurrentGCThread "G1 Main Marker" [stack: 0x00000066fa300000,0x00000066fa400000] [id=7220]
  0x000001f8044d8780 ConcurrentGCThread "G1 Conc#0" [stack: 0x00000066fa400000,0x00000066fa500000] [id=20444]

[error occurred during error reporting (printing all threads), id 0xc0000005, EXCEPTION_ACCESS_VIOLATION (0xc0000005) at pc=0x00007ffb236bec87]

VM state: not at safepoint (not fully initialized)

VM Mutex/Monitor currently owned by a thread:  ([mutex/lock_event])
[0x000001f8044700d0] Heap_lock - owner thread: 0x000001f802a29fd0

Heap address: 0x000000008a400000, size: 1884 MB, Compressed Oops mode: 32-bit

CDS archive(s) mapped at: [0x0000000000000000-0x0000000000000000-0x0000000000000000), size 0, SharedBaseAddress: 0x0000000800000000, ArchiveRelocationMode: 1.
Narrow klass base: 0x0000000000000000, Narrow klass shift: 0, Narrow klass range: 0x0

GC Precious Log:
<Empty>

Heap:
 garbage-first heap   total 0K, used 0K [0x000000008a400000, 0x0000000100000000)
  region size 1024K, 0 young (0K), 0 survivors (0K)

[error occurred during error reporting (printing heap information), id 0xc0000005, EXCEPTION_ACCESS_VIOLATION (0xc0000005) at pc=0x00007ffb23aa6fb9]

GC Heap History (0 events):
No events

Dll operation events (1 events):
Event: 0.027 Loaded shared library C:\Users\eesha\.p2\pool\plugins\org.eclipse.justj.openjdk.hotspot.jre.full.win32.x86_64_17.0.10.v20240120-1143\jre\bin\java.dll

Deoptimization events (0 events):
No events

Classes unloaded (0 events):
No events

Classes redefined (0 events):
No events

Internal exceptions (0 events):
No events

VM Operations (0 events):
No events

Events (0 events):
No events


Dynamic libraries:
0x00007ff74ecf0000 - 0x00007ff74ecfe000 	C:\Users\eesha\.p2\pool\plugins\org.eclipse.justj.openjdk.hotspot.jre.full.win32.x86_64_17.0.10.v20240120-1143\jre\bin\javaw.exe
0x00007ffbd2780000 - 0x00007ffbd29e8000 	C:\WINDOWS\SYSTEM32\ntdll.dll
0x00007ffbd19a0000 - 0x00007ffbd1a69000 	C:\WINDOWS\System32\KERNEL32.DLL
0x00007ffbcfb20000 - 0x00007ffbcff12000 	C:\WINDOWS\System32\KERNELBASE.dll
0x00007ffbcff20000 - 0x00007ffbd006b000 	C:\WINDOWS\System32\ucrtbase.dll
0x00007ffbca8f0000 - 0x00007ffbca907000 	C:\Users\eesha\.p2\pool\plugins\org.eclipse.justj.openjdk.hotspot.jre.full.win32.x86_64_17.0.10.v20240120-1143\jre\bin\jli.dll
0x00007ffbc4510000 - 0x00007ffbc452b000 	C:\Users\eesha\.p2\pool\plugins\org.eclipse.justj.openjdk.hotspot.jre.full.win32.x86_64_17.0.10.v20240120-1143\jre\bin\VCRUNTIME140.dll
0x00007ffbd24e0000 - 0x00007ffbd26a5000 	C:\WINDOWS\System32\USER32.dll
0x00007ffbcf9c0000 - 0x00007ffbcf9e7000 	C:\WINDOWS\System32\win32u.dll
0x00007ffbbecc0000 - 0x00007ffbbef53000 	C:\WINDOWS\WinSxS\amd64_microsoft.windows.common-controls_6595b64144ccf1df_6.0.26100.6899_none_3e0efeeae32e88c1\COMCTL32.dll
0x00007ffbd1d30000 - 0x00007ffbd1d5b000 	C:\WINDOWS\System32\GDI32.dll
0x00007ffbd0960000 - 0x00007ffbd0a09000 	C:\WINDOWS\System32\msvcrt.dll
0x00007ffbcf9f0000 - 0x00007ffbcfb1d000 	C:\WINDOWS\System32\gdi32full.dll
0x00007ffbcf910000 - 0x00007ffbcf9b3000 	C:\WINDOWS\System32\msvcp_win.dll
0x00007ffbd0c70000 - 0x00007ffbd0c9f000 	C:\WINDOWS\System32\IMM32.DLL
0x00007ffbca8d0000 - 0x00007ffbca8dc000 	C:\Users\eesha\.p2\pool\plugins\org.eclipse.justj.openjdk.hotspot.jre.full.win32.x86_64_17.0.10.v20240120-1143\jre\bin\vcruntime140_1.dll
0x00007ffb728a0000 - 0x00007ffb7292d000 	C:\Users\eesha\.p2\pool\plugins\org.eclipse.justj.openjdk.hotspot.jre.full.win32.x86_64_17.0.10.v20240120-1143\jre\bin\msvcp140.dll
0x00007ffb233d0000 - 0x00007ffb24032000 	C:\Users\eesha\.p2\pool\plugins\org.eclipse.justj.openjdk.hotspot.jre.full.win32.x86_64_17.0.10.v20240120-1143\jre\bin\server\jvm.dll
0x00007ffbd2170000 - 0x00007ffbd2224000 	C:\WINDOWS\System32\ADVAPI32.dll
0x00007ffbd18e0000 - 0x00007ffbd1986000 	C:\WINDOWS\System32\sechost.dll
0x00007ffbd23c0000 - 0x00007ffbd24d8000 	C:\WINDOWS\System32\RPCRT4.dll
0x00007ffbcf770000 - 0x00007ffbcf7ce000 	C:\WINDOWS\SYSTEM32\POWRPROF.dll
0x00007ffba2580000 - 0x00007ffba258a000 	C:\WINDOWS\SYSTEM32\WSOCK32.dll
0x00007ffbc8080000 - 0x00007ffbc808b000 	C:\WINDOWS\SYSTEM32\VERSION.dll
0x00007ffbc67e0000 - 0x00007ffbc6815000 	C:\WINDOWS\SYSTEM32\WINMM.dll
0x00007ffbd0bf0000 - 0x00007ffbd0c64000 	C:\WINDOWS\System32\WS2_32.dll
0x00007ffbcf750000 - 0x00007ffbcf764000 	C:\WINDOWS\SYSTEM32\UMPDC.dll
0x00007ffbce6e0000 - 0x00007ffbce6fb000 	C:\WINDOWS\SYSTEM32\kernel.appcore.dll
0x00007ffbc1fa0000 - 0x00007ffbc1faa000 	C:\Users\eesha\.p2\pool\plugins\org.eclipse.justj.openjdk.hotspot.jre.full.win32.x86_64_17.0.10.v20240120-1143\jre\bin\jimage.dll
0x00007ffbc3490000 - 0x00007ffbc36d2000 	C:\WINDOWS\SYSTEM32\DBGHELP.DLL
0x00007ffbd05e0000 - 0x00007ffbd095b000 	C:\WINDOWS\System32\combase.dll
0x00007ffbd1bd0000 - 0x00007ffbd1ca7000 	C:\WINDOWS\System32\OLEAUT32.dll
0x00007ffbbe6d0000 - 0x00007ffbbe70c000 	C:\WINDOWS\SYSTEM32\dbgcore.DLL
0x00007ffbd0070000 - 0x00007ffbd0108000 	C:\WINDOWS\System32\bcryptPrimitives.dll
0x00007ffbc09d0000 - 0x00007ffbc09f5000 	C:\Users\eesha\.p2\pool\plugins\org.eclipse.justj.openjdk.hotspot.jre.full.win32.x86_64_17.0.10.v20240120-1143\jre\bin\java.dll

dbghelp: loaded successfully - version: 4.0.5 - missing functions: none
symbol engine: initialized successfully - sym options: 0x614 - pdb path: .;C:\Users\eesha\.p2\pool\plugins\org.eclipse.justj.openjdk.hotspot.jre.full.win32.x86_64_17.0.10.v20240120-1143\jre\bin;C:\WINDOWS\SYSTEM32;C:\WINDOWS\WinSxS\amd64_microsoft.windows.common-controls_6595b64144ccf1df_6.0.26100.6899_none_3e0efeeae32e88c1;C:\Users\eesha\.p2\pool\plugins\org.eclipse.justj.openjdk.hotspot.jre.full.win32.x86_64_17.0.10.v20240120-1143\jre\bin\server

VM Arguments:
jvm_args: -Dmaven.home=EMBEDDED -Dclassworlds.conf=C:\Users\eesha\eclipse-workspace\.metadata\.plugins\org.eclipse.m2e.launching\launches\m2conf11567473076367956067.tmp -Dmaven.multiModuleProjectDirectory=C:\Users\eesha\eclipse-workspace\AppiumFramework -Dm2e.build.project.data.socket.port=49946 -Dfile.encoding=UTF-8 -Dstdout.encoding=UTF-8 -Dstderr.encoding=UTF-8 -XX:+ShowCodeDetailsInExceptionMessages 
java_command: org.codehaus.plexus.classworlds.launcher.Launcher -B -Dstyle.color=always clean
java_class_path (initial): C:\Users\eesha\.p2\pool\plugins\org.eclipse.m2e.maven.runtime_3.9.500.20231113-2345\jars\plexus-classworlds-2.7.0.jar
Launcher Type: SUN_STANDARD

[Global flags]
     intx CICompilerCount                          = 4                                         {product} {ergonomic}
     uint ConcGCThreads                            = 3                                         {product} {ergonomic}
     uint G1ConcRefinementThreads                  = 10                                        {product} {ergonomic}
   size_t G1HeapRegionSize                         = 1048576                                   {product} {ergonomic}
    uintx GCDrainStackTargetSize                   = 64                                        {product} {ergonomic}
   size_t InitialHeapSize                          = 123731968                                 {product} {ergonomic}
   size_t MarkStackSize                            = 4194304                                   {product} {ergonomic}
   size_t MaxHeapSize                              = 1975517184                                {product} {ergonomic}
   size_t MinHeapDeltaBytes                        = 1048576                                   {product} {ergonomic}
   size_t MinHeapSize                              = 8388608                                   {product} {ergonomic}
    uintx NonNMethodCodeHeapSize                   = 5839372                                {pd product} {ergonomic}
    uintx NonProfiledCodeHeapSize                  = 122909434                              {pd product} {ergonomic}
    uintx ProfiledCodeHeapSize                     = 122909434                              {pd product} {ergonomic}
    uintx ReservedCodeCacheSize                    = 251658240                              {pd product} {ergonomic}
     bool SegmentedCodeCache                       = true                                      {product} {ergonomic}
     bool ShowCodeDetailsInExceptionMessages       = true                                   {manageable} {command line}
   size_t SoftMaxHeapSize                          = 1975517184                             {manageable} {ergonomic}
     bool UseCompressedClassPointers               = true                           {product lp64_product} {ergonomic}
     bool UseCompressedOops                        = true                           {product lp64_product} {ergonomic}
     bool UseG1GC                                  = true                                      {product} {ergonomic}
     bool UseLargePagesIndividualAllocation        = false                                  {pd product} {ergonomic}

Logging:
Log output configuration:
 #0: stdout all=warning uptime,level,tags
 #1: stderr all=off uptime,level,tags

Environment Variables:
PATH=C:/Users/eesha/.p2/pool/plugins/org.eclipse.justj.openjdk.hotspot.jre.full.win32.x86_64_17.0.10.v20240120-1143/jre/bin/server;C:/Users/eesha/.p2/pool/plugins/org.eclipse.justj.openjdk.hotspot.jre.full.win32.x86_64_17.0.10.v20240120-1143/jre/bin;C:\Python3\Scripts\;C:\Python3\;C:\Program Files\Common Files\Oracle\Java\javapath;C:\WINDOWS\system32;C:\WINDOWS;C:\WINDOWS\System32\Wbem;C:\WINDOWS\System32\WindowsPowerShell\v1.0\;C:\WINDOWS\System32\OpenSSH\;C:\Program Files\dotnet\;C:\Program Files\Azure Data Studio\bin;C:\Program Files\Microsoft SQL Server\Client SDK\ODBC\130\Tools\Binn\;C:\Program Files (x86)\Microsoft SQL Server\140\Tools\Binn\;C:\Program Files\Microsoft SQL Server\140\Tools\Binn\;C:\Program Files\Microsoft SQL Server\140\DTS\Binn\;C:\Program Files (x86)\Microsoft SQL Server\160\DTS\Binn\;C:\Program Files\Java\jdk-17\bin;C:\Program Files\Git\cmd;C:\strawberry\c\bin;C:\strawberry\perl\bin;C:\Program Files\nodejs\;C:\Users\eesha\AppData\Local\Android\Sdk\tools\bin;C:\Users\eesha\AppData\Local\Android\Sdk\tools;C:\Users\eesha\AppData\Local\Android\Sdk\platform-tools;C:\Program Files\nodejs\node_modules\npm\bin;C:\Users\eesha\AppData\Local\Microsoft\WindowsApps;C:\Program Files\Azure Data Studio\bin;C:\Users\eesha\AppData\Local\GitHubDesktop\bin;C:\Users\eesha\AppData\Local\Programs\Microsoft VS Code\bin;;C:\Program Files\JetBrains\PyCharm Community Edition 2022.2.2\bin;;C:\Users\eesha\AppData\Roaming\npm;C:\WINDOWS\System32;
USERNAME=eesha
TERM=dumb
OS=Windows_NT
PROCESSOR_IDENTIFIER=AMD64 Family 23 Model 104 Stepping 1, AuthenticAMD
TMP=C:\Users\eesha\AppData\Local\Temp
TEMP=C:\Users\eesha\AppData\Local\Temp



Periodic native trim disabled


---------------  S Y S T E M  ---------------

OS:
 Windows 11 , 64 bit Build 26100 (10.0.26100.6725)
OS uptime: 4 days 5:31 hours
Hyper-V role detected

CPU: total 12 (initial active 12) (12 cores per cpu, 2 threads per core) family 23 model 104 stepping 1 microcode 0x8608109, cx8, cmov, fxsr, ht, mmx, 3dnowpref, sse, sse2, sse3, ssse3, sse4a, sse4.1, sse4.2, popcnt, lzcnt, tsc, tscinvbit, avx, avx2, aes, clmul, bmi1, bmi2, adx, sha, fma, vzeroupper, clflush, clflushopt, hv
Processor Information for all 12 processors :
  Max Mhz: 2100, Current Mhz: 1686, Mhz Limit: 2100

Memory: 4k page, system-wide physical 7528M (537M free)
TotalPageFile size 31080M (AvailPageFile size 80M)
current process WorkingSet (physical memory assigned to process): 12M, peak: 12M
current process commit charge ("private bytes"): 64M, peak: 182M

vm_info: OpenJDK 64-Bit Server VM (17.0.10+7) for windows-amd64 JRE (17.0.10+7), built on Jan 16 2024 23:25:11 by "admin" with MS VC++ 16.10 / 16.11 (VS2019)

END.
