#
# There is insufficient memory for the Java Runtime Environment to continue.
# Native memory allocation (malloc) failed to allocate 108176 bytes for Chunk::new
# Possible reasons:
#   The system is out of physical RAM or swap space
#   The process is running with CompressedOops enabled, and the Java Heap may be blocking the growth of the native heap
# Possible solutions:
#   Reduce memory load on the system
#   Increase physical memory or swap space
#   Check if swap backing store is full
#   Decrease Java heap size (-Xmx/-Xms)
#   Decrease number of Java threads
#   Decrease Java thread stack sizes (-Xss)
#   Set larger code cache with -XX:ReservedCodeCacheSize=
#   JVM is running with Unscaled Compressed Oops mode in which the Java heap is
#     placed in the first 4GB address space. The Java Heap base address is the
#     maximum limit for the native heap growth. Please use -XX:HeapBaseMinAddress
#     to set the Java Heap base and to place the Java Heap above 4GB virtual address.
# This output file may be truncated or incomplete.
#
#  Out of Memory Error (arena.cpp:189), pid=33824, tid=14356
#
# JRE version: Java(TM) SE Runtime Environment (17.0.8+9) (build 17.0.8+9-LTS-211)
# Java VM: Java HotSpot(TM) 64-Bit Server VM (17.0.8+9-LTS-211, mixed mode, tiered, compressed oops, compressed class ptrs, g1 gc, windows-amd64)
# No core dump will be written. Minidumps are not enabled by default on client versions of Windows
#

---------------  S U M M A R Y ------------

Command Line: --add-modules=ALL-DEFAULT jdk.compiler/com.sun.tools.javac.launcher.Main IFBLOCKS1.java

Host: Intel(R) Core(TM) i5-10210U CPU @ 1.60GHz, 8 cores, 7G,  Windows 11 , 64 bit Build 22621 (10.0.22621.4391)
Time: Thu Jan 23 18:03:44 2025 India Standard Time elapsed time: 0.670277 seconds (0d 0h 0m 0s)

---------------  T H R E A D  ---------------

Current thread (0x00000188c5047e60):  JavaThread "C2 CompilerThread0" daemon [_thread_in_native, id=14356, stack(0x0000001b2b000000,0x0000001b2b100000)]


Current CompileTask:
C2:    670  772       4       java.util.HashMap::put (13 bytes)

Stack: [0x0000001b2b000000,0x0000001b2b100000]
Native frames: (J=compiled Java code, j=interpreted, Vv=VM code, C=native code)
V  [jvm.dll+0x677d0a]
V  [jvm.dll+0x7d8c54]
V  [jvm.dll+0x7da3fe]
V  [jvm.dll+0x7daa63]
V  [jvm.dll+0x245c5f]
V  [jvm.dll+0xaaa6b]
V  [jvm.dll+0xab00c]
V  [jvm.dll+0x361e3f]
V  [jvm.dll+0x1bb6f5]
V  [jvm.dll+0x218157]
V  [jvm.dll+0x217431]
V  [jvm.dll+0x1a3af0]
V  [jvm.dll+0x2270be]
V  [jvm.dll+0x22535b]
V  [jvm.dll+0x78e7bc]
V  [jvm.dll+0x788bba]
V  [jvm.dll+0x676b35]
C  [ucrtbase.dll+0x29333]
C  [KERNEL32.DLL+0x1259d]
C  [ntdll.dll+0x5af38]


---------------  P R O C E S S  ---------------

Threads class SMR info:
_java_thread_list=0x00000188c5676430, length=14, elements={
0x00000188a2dec160, 0x00000188c0e209d0, 0x00000188c50128c0, 0x00000188c0e04d80,
0x00000188c0e07840, 0x00000188c5046400, 0x00000188c5046cc0, 0x00000188c5047e60,
0x00000188c5048900, 0x00000188c50548b0, 0x00000188c5135d20, 0x00000188c526a460,
0x00000188c5713b70, 0x00000188c57cb160
}

Java Threads: ( => current thread )
  0x00000188a2dec160 JavaThread "main" [_thread_in_Java, id=5284, stack(0x0000001b2a300000,0x0000001b2a400000)]
  0x00000188c0e209d0 JavaThread "Reference Handler" daemon [_thread_blocked, id=14160, stack(0x0000001b2aa00000,0x0000001b2ab00000)]
  0x00000188c50128c0 JavaThread "Finalizer" daemon [_thread_blocked, id=14740, stack(0x0000001b2ab00000,0x0000001b2ac00000)]
  0x00000188c0e04d80 JavaThread "Signal Dispatcher" daemon [_thread_blocked, id=27156, stack(0x0000001b2ac00000,0x0000001b2ad00000)]
  0x00000188c0e07840 JavaThread "Attach Listener" daemon [_thread_blocked, id=31732, stack(0x0000001b2ad00000,0x0000001b2ae00000)]
  0x00000188c5046400 JavaThread "Service Thread" daemon [_thread_blocked, id=12136, stack(0x0000001b2ae00000,0x0000001b2af00000)]
  0x00000188c5046cc0 JavaThread "Monitor Deflation Thread" daemon [_thread_blocked, id=30072, stack(0x0000001b2af00000,0x0000001b2b000000)]
=>0x00000188c5047e60 JavaThread "C2 CompilerThread0" daemon [_thread_in_native, id=14356, stack(0x0000001b2b000000,0x0000001b2b100000)]
  0x00000188c5048900 JavaThread "C1 CompilerThread0" daemon [_thread_in_vm, id=9264, stack(0x0000001b2b100000,0x0000001b2b200000)]
  0x00000188c50548b0 JavaThread "Sweeper thread" daemon [_thread_blocked, id=13972, stack(0x0000001b2b200000,0x0000001b2b300000)]
  0x00000188c5135d20 JavaThread "Common-Cleaner" daemon [_thread_blocked, id=32832, stack(0x0000001b2b300000,0x0000001b2b400000)]
  0x00000188c526a460 JavaThread "Notification Thread" daemon [_thread_blocked, id=3036, stack(0x0000001b2b400000,0x0000001b2b500000)]
  0x00000188c5713b70 JavaThread "C2 CompilerThread1" daemon [_thread_in_native, id=28120, stack(0x0000001b2b600000,0x0000001b2b700000)]
  0x00000188c57cb160 JavaThread "C2 CompilerThread2" daemon [_thread_in_native, id=38500, stack(0x0000001b2b700000,0x0000001b2b800000)]

Other Threads:
  0x00000188c0da8eb0 VMThread "VM Thread" [stack: 0x0000001b2a900000,0x0000001b2aa00000] [id=39888]
  0x00000188a2e69a10 WatcherThread [stack: 0x0000001b2b500000,0x0000001b2b600000] [id=20204]
  0x00000188a2e45ae0 GCTaskThread "GC Thread#0" [stack: 0x0000001b2a400000,0x0000001b2a500000] [id=16048]
  0x00000188a2e57270 ConcurrentGCThread "G1 Main Marker" [stack: 0x0000001b2a500000,0x0000001b2a600000] [id=20696]
  0x00000188a2e58420 ConcurrentGCThread "G1 Conc#0" [stack: 0x0000001b2a600000,0x0000001b2a700000] [id=20380]
  0x00000188a2ebeaf0 ConcurrentGCThread "G1 Refine#0" [stack: 0x0000001b2a700000,0x0000001b2a800000] [id=31168]
  0x00000188c0c54610 ConcurrentGCThread "G1 Service" [stack: 0x0000001b2a800000,0x0000001b2a900000] [id=12604]

Threads with active compile tasks:
C2 CompilerThread0      708  772       4       java.util.HashMap::put (13 bytes)
C1 CompilerThread0      708  881       3       java.util.regex.Pattern::expr (142 bytes)
C2 CompilerThread1      708  779       4       java.util.HashMap::putVal (300 bytes)
C2 CompilerThread2      708  807       4       jdk.internal.jimage.ImageStringsReader::stringFromByteBuffer (73 bytes)

VM state: not at safepoint (normal execution)

VM Mutex/Monitor currently owned by a thread: None

Heap address: 0x0000000083e00000, size: 1986 MB, Compressed Oops mode: 32-bit

CDS archive(s) not mapped
Compressed class space mapped at: 0x0000000100000000-0x0000000140000000, reserved size: 1073741824
Narrow klass base: 0x0000000000000000, Narrow klass shift: 3, Narrow klass range: 0x140000000

GC Precious Log:
 CPUs: 8 total, 8 available
 Memory: 7942M
 Large Page Support: Disabled
 NUMA Support: Disabled
 Compressed Oops: Enabled (32-bit)
 Heap Region Size: 1M
 Heap Min Capacity: 8M
 Heap Initial Capacity: 126M
 Heap Max Capacity: 1986M
 Pre-touch: Disabled
 Parallel Workers: 8
 Concurrent Workers: 2
 Concurrent Refinement Workers: 8
 Periodic GC: Disabled

Heap:
 garbage-first heap   total 129024K, used 10240K [0x0000000083e00000, 0x0000000100000000)
  region size 1024K, 11 young (11264K), 0 survivors (0K)
 Metaspace       used 14297K, committed 14400K, reserved 1114112K
  class space    used 1498K, committed 1536K, reserved 1048576K

Heap Regions: E=young(eden), S=young(survivor), O=old, HS=humongous(starts), HC=humongous(continues), CS=collection set, F=free, OA=open archive, CA=closed archive, TAMS=top-at-mark-start (previous, next)
|   0|0x0000000083e00000, 0x0000000083e00000, 0x0000000083f00000|  0%| F|  |TAMS 0x0000000083e00000, 0x0000000083e00000| Untracked 
|   1|0x0000000083f00000, 0x0000000083f00000, 0x0000000084000000|  0%| F|  |TAMS 0x0000000083f00000, 0x0000000083f00000| Untracked 
|   2|0x0000000084000000, 0x0000000084000000, 0x0000000084100000|  0%| F|  |TAMS 0x0000000084000000, 0x0000000084000000| Untracked 
|   3|0x0000000084100000, 0x0000000084100000, 0x0000000084200000|  0%| F|  |TAMS 0x0000000084100000, 0x0000000084100000| Untracked 
|   4|0x0000000084200000, 0x0000000084200000, 0x0000000084300000|  0%| F|  |TAMS 0x0000000084200000, 0x0000000084200000| Untracked 
|   5|0x0000000084300000, 0x0000000084300000, 0x0000000084400000|  0%| F|  |TAMS 0x0000000084300000, 0x0000000084300000| Untracked 
|   6|0x0000000084400000, 0x0000000084400000, 0x0000000084500000|  0%| F|  |TAMS 0x0000000084400000, 0x0000000084400000| Untracked 
|   7|0x0000000084500000, 0x0000000084500000, 0x0000000084600000|  0%| F|  |TAMS 0x0000000084500000, 0x0000000084500000| Untracked 
|   8|0x0000000084600000, 0x0000000084600000, 0x0000000084700000|  0%| F|  |TAMS 0x0000000084600000, 0x0000000084600000| Untracked 
|   9|0x0000000084700000, 0x0000000084700000, 0x0000000084800000|  0%| F|  |TAMS 0x0000000084700000, 0x0000000084700000| Untracked 
|  10|0x0000000084800000, 0x0000000084800000, 0x0000000084900000|  0%| F|  |TAMS 0x0000000084800000, 0x0000000084800000| Untracked 
|  11|0x0000000084900000, 0x0000000084900000, 0x0000000084a00000|  0%| F|  |TAMS 0x0000000084900000, 0x0000000084900000| Untracked 
|  12|0x0000000084a00000, 0x0000000084a00000, 0x0000000084b00000|  0%| F|  |TAMS 0x0000000084a00000, 0x0000000084a00000| Untracked 
|  13|0x0000000084b00000, 0x0000000084b00000, 0x0000000084c00000|  0%| F|  |TAMS 0x0000000084b00000, 0x0000000084b00000| Untracked 
|  14|0x0000000084c00000, 0x0000000084c00000, 0x0000000084d00000|  0%| F|  |TAMS 0x0000000084c00000, 0x0000000084c00000| Untracked 
|  15|0x0000000084d00000, 0x0000000084d00000, 0x0000000084e00000|  0%| F|  |TAMS 0x0000000084d00000, 0x0000000084d00000| Untracked 
|  16|0x0000000084e00000, 0x0000000084e00000, 0x0000000084f00000|  0%| F|  |TAMS 0x0000000084e00000, 0x0000000084e00000| Untracked 
|  17|0x0000000084f00000, 0x0000000084f00000, 0x0000000085000000|  0%| F|  |TAMS 0x0000000084f00000, 0x0000000084f00000| Untracked 
|  18|0x0000000085000000, 0x0000000085000000, 0x0000000085100000|  0%| F|  |TAMS 0x0000000085000000, 0x0000000085000000| Untracked 
|  19|0x0000000085100000, 0x0000000085100000, 0x0000000085200000|  0%| F|  |TAMS 0x0000000085100000, 0x0000000085100000| Untracked 
|  20|0x0000000085200000, 0x0000000085200000, 0x0000000085300000|  0%| F|  |TAMS 0x0000000085200000, 0x0000000085200000| Untracked 
|  21|0x0000000085300000, 0x0000000085300000, 0x0000000085400000|  0%| F|  |TAMS 0x0000000085300000, 0x0000000085300000| Untracked 
|  22|0x0000000085400000, 0x0000000085400000, 0x0000000085500000|  0%| F|  |TAMS 0x0000000085400000, 0x0000000085400000| Untracked 
|  23|0x0000000085500000, 0x0000000085500000, 0x0000000085600000|  0%| F|  |TAMS 0x0000000085500000, 0x0000000085500000| Untracked 
|  24|0x0000000085600000, 0x0000000085600000, 0x0000000085700000|  0%| F|  |TAMS 0x0000000085600000, 0x0000000085600000| Untracked 
|  25|0x0000000085700000, 0x0000000085700000, 0x0000000085800000|  0%| F|  |TAMS 0x0000000085700000, 0x0000000085700000| Untracked 
|  26|0x0000000085800000, 0x0000000085800000, 0x0000000085900000|  0%| F|  |TAMS 0x0000000085800000, 0x0000000085800000| Untracked 
|  27|0x0000000085900000, 0x0000000085900000, 0x0000000085a00000|  0%| F|  |TAMS 0x0000000085900000, 0x0000000085900000| Untracked 
|  28|0x0000000085a00000, 0x0000000085a00000, 0x0000000085b00000|  0%| F|  |TAMS 0x0000000085a00000, 0x0000000085a00000| Untracked 
|  29|0x0000000085b00000, 0x0000000085b00000, 0x0000000085c00000|  0%| F|  |TAMS 0x0000000085b00000, 0x0000000085b00000| Untracked 
|  30|0x0000000085c00000, 0x0000000085c00000, 0x0000000085d00000|  0%| F|  |TAMS 0x0000000085c00000, 0x0000000085c00000| Untracked 
|  31|0x0000000085d00000, 0x0000000085d00000, 0x0000000085e00000|  0%| F|  |TAMS 0x0000000085d00000, 0x0000000085d00000| Untracked 
|  32|0x0000000085e00000, 0x0000000085e00000, 0x0000000085f00000|  0%| F|  |TAMS 0x0000000085e00000, 0x0000000085e00000| Untracked 
|  33|0x0000000085f00000, 0x0000000085f00000, 0x0000000086000000|  0%| F|  |TAMS 0x0000000085f00000, 0x0000000085f00000| Untracked 
|  34|0x0000000086000000, 0x0000000086000000, 0x0000000086100000|  0%| F|  |TAMS 0x0000000086000000, 0x0000000086000000| Untracked 
|  35|0x0000000086100000, 0x0000000086100000, 0x0000000086200000|  0%| F|  |TAMS 0x0000000086100000, 0x0000000086100000| Untracked 
|  36|0x0000000086200000, 0x0000000086200000, 0x0000000086300000|  0%| F|  |TAMS 0x0000000086200000, 0x0000000086200000| Untracked 
|  37|0x0000000086300000, 0x0000000086300000, 0x0000000086400000|  0%| F|  |TAMS 0x0000000086300000, 0x0000000086300000| Untracked 
|  38|0x0000000086400000, 0x0000000086400000, 0x0000000086500000|  0%| F|  |TAMS 0x0000000086400000, 0x0000000086400000| Untracked 
|  39|0x0000000086500000, 0x0000000086500000, 0x0000000086600000|  0%| F|  |TAMS 0x0000000086500000, 0x0000000086500000| Untracked 
|  40|0x0000000086600000, 0x0000000086600000, 0x0000000086700000|  0%| F|  |TAMS 0x0000000086600000, 0x0000000086600000| Untracked 
|  41|0x0000000086700000, 0x0000000086700000, 0x0000000086800000|  0%| F|  |TAMS 0x0000000086700000, 0x0000000086700000| Untracked 
|  42|0x0000000086800000, 0x0000000086800000, 0x0000000086900000|  0%| F|  |TAMS 0x0000000086800000, 0x0000000086800000| Untracked 
|  43|0x0000000086900000, 0x0000000086900000, 0x0000000086a00000|  0%| F|  |TAMS 0x0000000086900000, 0x0000000086900000| Untracked 
|  44|0x0000000086a00000, 0x0000000086a00000, 0x0000000086b00000|  0%| F|  |TAMS 0x0000000086a00000, 0x0000000086a00000| Untracked 
|  45|0x0000000086b00000, 0x0000000086b00000, 0x0000000086c00000|  0%| F|  |TAMS 0x0000000086b00000, 0x0000000086b00000| Untracked 
|  46|0x0000000086c00000, 0x0000000086c00000, 0x0000000086d00000|  0%| F|  |TAMS 0x0000000086c00000, 0x0000000086c00000| Untracked 
|  47|0x0000000086d00000, 0x0000000086d00000, 0x0000000086e00000|  0%| F|  |TAMS 0x0000000086d00000, 0x0000000086d00000| Untracked 
|  48|0x0000000086e00000, 0x0000000086e00000, 0x0000000086f00000|  0%| F|  |TAMS 0x0000000086e00000, 0x0000000086e00000| Untracked 
|  49|0x0000000086f00000, 0x0000000086f00000, 0x0000000087000000|  0%| F|  |TAMS 0x0000000086f00000, 0x0000000086f00000| Untracked 
|  50|0x0000000087000000, 0x0000000087000000, 0x0000000087100000|  0%| F|  |TAMS 0x0000000087000000, 0x0000000087000000| Untracked 
|  51|0x0000000087100000, 0x0000000087100000, 0x0000000087200000|  0%| F|  |TAMS 0x0000000087100000, 0x0000000087100000| Untracked 
|  52|0x0000000087200000, 0x0000000087200000, 0x0000000087300000|  0%| F|  |TAMS 0x0000000087200000, 0x0000000087200000| Untracked 
|  53|0x0000000087300000, 0x0000000087300000, 0x0000000087400000|  0%| F|  |TAMS 0x0000000087300000, 0x0000000087300000| Untracked 
|  54|0x0000000087400000, 0x0000000087400000, 0x0000000087500000|  0%| F|  |TAMS 0x0000000087400000, 0x0000000087400000| Untracked 
|  55|0x0000000087500000, 0x0000000087500000, 0x0000000087600000|  0%| F|  |TAMS 0x0000000087500000, 0x0000000087500000| Untracked 
|  56|0x0000000087600000, 0x0000000087600000, 0x0000000087700000|  0%| F|  |TAMS 0x0000000087600000, 0x0000000087600000| Untracked 
|  57|0x0000000087700000, 0x0000000087700000, 0x0000000087800000|  0%| F|  |TAMS 0x0000000087700000, 0x0000000087700000| Untracked 
|  58|0x0000000087800000, 0x0000000087800000, 0x0000000087900000|  0%| F|  |TAMS 0x0000000087800000, 0x0000000087800000| Untracked 
|  59|0x0000000087900000, 0x0000000087900000, 0x0000000087a00000|  0%| F|  |TAMS 0x0000000087900000, 0x0000000087900000| Untracked 
|  60|0x0000000087a00000, 0x0000000087a00000, 0x0000000087b00000|  0%| F|  |TAMS 0x0000000087a00000, 0x0000000087a00000| Untracked 
|  61|0x0000000087b00000, 0x0000000087b00000, 0x0000000087c00000|  0%| F|  |TAMS 0x0000000087b00000, 0x0000000087b00000| Untracked 
|  62|0x0000000087c00000, 0x0000000087c00000, 0x0000000087d00000|  0%| F|  |TAMS 0x0000000087c00000, 0x0000000087c00000| Untracked 
|  63|0x0000000087d00000, 0x0000000087d00000, 0x0000000087e00000|  0%| F|  |TAMS 0x0000000087d00000, 0x0000000087d00000| Untracked 
|  64|0x0000000087e00000, 0x0000000087e00000, 0x0000000087f00000|  0%| F|  |TAMS 0x0000000087e00000, 0x0000000087e00000| Untracked 
|  65|0x0000000087f00000, 0x0000000087f00000, 0x0000000088000000|  0%| F|  |TAMS 0x0000000087f00000, 0x0000000087f00000| Untracked 
|  66|0x0000000088000000, 0x0000000088000000, 0x0000000088100000|  0%| F|  |TAMS 0x0000000088000000, 0x0000000088000000| Untracked 
|  67|0x0000000088100000, 0x0000000088100000, 0x0000000088200000|  0%| F|  |TAMS 0x0000000088100000, 0x0000000088100000| Untracked 
|  68|0x0000000088200000, 0x0000000088200000, 0x0000000088300000|  0%| F|  |TAMS 0x0000000088200000, 0x0000000088200000| Untracked 
|  69|0x0000000088300000, 0x0000000088300000, 0x0000000088400000|  0%| F|  |TAMS 0x0000000088300000, 0x0000000088300000| Untracked 
|  70|0x0000000088400000, 0x0000000088400000, 0x0000000088500000|  0%| F|  |TAMS 0x0000000088400000, 0x0000000088400000| Untracked 
|  71|0x0000000088500000, 0x0000000088500000, 0x0000000088600000|  0%| F|  |TAMS 0x0000000088500000, 0x0000000088500000| Untracked 
|  72|0x0000000088600000, 0x0000000088600000, 0x0000000088700000|  0%| F|  |TAMS 0x0000000088600000, 0x0000000088600000| Untracked 
|  73|0x0000000088700000, 0x0000000088700000, 0x0000000088800000|  0%| F|  |TAMS 0x0000000088700000, 0x0000000088700000| Untracked 
|  74|0x0000000088800000, 0x0000000088800000, 0x0000000088900000|  0%| F|  |TAMS 0x0000000088800000, 0x0000000088800000| Untracked 
|  75|0x0000000088900000, 0x0000000088900000, 0x0000000088a00000|  0%| F|  |TAMS 0x0000000088900000, 0x0000000088900000| Untracked 
|  76|0x0000000088a00000, 0x0000000088a00000, 0x0000000088b00000|  0%| F|  |TAMS 0x0000000088a00000, 0x0000000088a00000| Untracked 
|  77|0x0000000088b00000, 0x0000000088b00000, 0x0000000088c00000|  0%| F|  |TAMS 0x0000000088b00000, 0x0000000088b00000| Untracked 
|  78|0x0000000088c00000, 0x0000000088c00000, 0x0000000088d00000|  0%| F|  |TAMS 0x0000000088c00000, 0x0000000088c00000| Untracked 
|  79|0x0000000088d00000, 0x0000000088d00000, 0x0000000088e00000|  0%| F|  |TAMS 0x0000000088d00000, 0x0000000088d00000| Untracked 
|  80|0x0000000088e00000, 0x0000000088e00000, 0x0000000088f00000|  0%| F|  |TAMS 0x0000000088e00000, 0x0000000088e00000| Untracked 
|  81|0x0000000088f00000, 0x0000000088f00000, 0x0000000089000000|  0%| F|  |TAMS 0x0000000088f00000, 0x0000000088f00000| Untracked 
|  82|0x0000000089000000, 0x0000000089000000, 0x0000000089100000|  0%| F|  |TAMS 0x0000000089000000, 0x0000000089000000| Untracked 
|  83|0x0000000089100000, 0x0000000089100000, 0x0000000089200000|  0%| F|  |TAMS 0x0000000089100000, 0x0000000089100000| Untracked 
|  84|0x0000000089200000, 0x0000000089200000, 0x0000000089300000|  0%| F|  |TAMS 0x0000000089200000, 0x0000000089200000| Untracked 
|  85|0x0000000089300000, 0x0000000089300000, 0x0000000089400000|  0%| F|  |TAMS 0x0000000089300000, 0x0000000089300000| Untracked 
|  86|0x0000000089400000, 0x0000000089400000, 0x0000000089500000|  0%| F|  |TAMS 0x0000000089400000, 0x0000000089400000| Untracked 
|  87|0x0000000089500000, 0x0000000089500000, 0x0000000089600000|  0%| F|  |TAMS 0x0000000089500000, 0x0000000089500000| Untracked 
|  88|0x0000000089600000, 0x0000000089600000, 0x0000000089700000|  0%| F|  |TAMS 0x0000000089600000, 0x0000000089600000| Untracked 
|  89|0x0000000089700000, 0x0000000089700000, 0x0000000089800000|  0%| F|  |TAMS 0x0000000089700000, 0x0000000089700000| Untracked 
|  90|0x0000000089800000, 0x0000000089800000, 0x0000000089900000|  0%| F|  |TAMS 0x0000000089800000, 0x0000000089800000| Untracked 
|  91|0x0000000089900000, 0x0000000089900000, 0x0000000089a00000|  0%| F|  |TAMS 0x0000000089900000, 0x0000000089900000| Untracked 
|  92|0x0000000089a00000, 0x0000000089a00000, 0x0000000089b00000|  0%| F|  |TAMS 0x0000000089a00000, 0x0000000089a00000| Untracked 
|  93|0x0000000089b00000, 0x0000000089b00000, 0x0000000089c00000|  0%| F|  |TAMS 0x0000000089b00000, 0x0000000089b00000| Untracked 
|  94|0x0000000089c00000, 0x0000000089c00000, 0x0000000089d00000|  0%| F|  |TAMS 0x0000000089c00000, 0x0000000089c00000| Untracked 
|  95|0x0000000089d00000, 0x0000000089d00000, 0x0000000089e00000|  0%| F|  |TAMS 0x0000000089d00000, 0x0000000089d00000| Untracked 
|  96|0x0000000089e00000, 0x0000000089e00000, 0x0000000089f00000|  0%| F|  |TAMS 0x0000000089e00000, 0x0000000089e00000| Untracked 
|  97|0x0000000089f00000, 0x0000000089f00000, 0x000000008a000000|  0%| F|  |TAMS 0x0000000089f00000, 0x0000000089f00000| Untracked 
|  98|0x000000008a000000, 0x000000008a000000, 0x000000008a100000|  0%| F|  |TAMS 0x000000008a000000, 0x000000008a000000| Untracked 
|  99|0x000000008a100000, 0x000000008a100000, 0x000000008a200000|  0%| F|  |TAMS 0x000000008a100000, 0x000000008a100000| Untracked 
| 100|0x000000008a200000, 0x000000008a200000, 0x000000008a300000|  0%| F|  |TAMS 0x000000008a200000, 0x000000008a200000| Untracked 
| 101|0x000000008a300000, 0x000000008a300000, 0x000000008a400000|  0%| F|  |TAMS 0x000000008a300000, 0x000000008a300000| Untracked 
| 102|0x000000008a400000, 0x000000008a400000, 0x000000008a500000|  0%| F|  |TAMS 0x000000008a400000, 0x000000008a400000| Untracked 
| 103|0x000000008a500000, 0x000000008a500000, 0x000000008a600000|  0%| F|  |TAMS 0x000000008a500000, 0x000000008a500000| Untracked 
| 104|0x000000008a600000, 0x000000008a600000, 0x000000008a700000|  0%| F|  |TAMS 0x000000008a600000, 0x000000008a600000| Untracked 
| 105|0x000000008a700000, 0x000000008a700000, 0x000000008a800000|  0%| F|  |TAMS 0x000000008a700000, 0x000000008a700000| Untracked 
| 106|0x000000008a800000, 0x000000008a800000, 0x000000008a900000|  0%| F|  |TAMS 0x000000008a800000, 0x000000008a800000| Untracked 
| 107|0x000000008a900000, 0x000000008a900000, 0x000000008aa00000|  0%| F|  |TAMS 0x000000008a900000, 0x000000008a900000| Untracked 
| 108|0x000000008aa00000, 0x000000008aa00000, 0x000000008ab00000|  0%| F|  |TAMS 0x000000008aa00000, 0x000000008aa00000| Untracked 
| 109|0x000000008ab00000, 0x000000008ab00000, 0x000000008ac00000|  0%| F|  |TAMS 0x000000008ab00000, 0x000000008ab00000| Untracked 
| 110|0x000000008ac00000, 0x000000008ac00000, 0x000000008ad00000|  0%| F|  |TAMS 0x000000008ac00000, 0x000000008ac00000| Untracked 
| 111|0x000000008ad00000, 0x000000008ad00000, 0x000000008ae00000|  0%| F|  |TAMS 0x000000008ad00000, 0x000000008ad00000| Untracked 
| 112|0x000000008ae00000, 0x000000008ae00000, 0x000000008af00000|  0%| F|  |TAMS 0x000000008ae00000, 0x000000008ae00000| Untracked 
| 113|0x000000008af00000, 0x000000008af00000, 0x000000008b000000|  0%| F|  |TAMS 0x000000008af00000, 0x000000008af00000| Untracked 
| 114|0x000000008b000000, 0x000000008b000000, 0x000000008b100000|  0%| F|  |TAMS 0x000000008b000000, 0x000000008b000000| Untracked 
| 115|0x000000008b100000, 0x000000008b176450, 0x000000008b200000| 46%| E|  |TAMS 0x000000008b100000, 0x000000008b100000| Complete 
| 116|0x000000008b200000, 0x000000008b300000, 0x000000008b300000|100%| E|CS|TAMS 0x000000008b200000, 0x000000008b200000| Complete 
| 117|0x000000008b300000, 0x000000008b400000, 0x000000008b400000|100%| E|CS|TAMS 0x000000008b300000, 0x000000008b300000| Complete 
| 118|0x000000008b400000, 0x000000008b500000, 0x000000008b500000|100%| E|CS|TAMS 0x000000008b400000, 0x000000008b400000| Complete 
| 119|0x000000008b500000, 0x000000008b600000, 0x000000008b600000|100%| E|CS|TAMS 0x000000008b500000, 0x000000008b500000| Complete 
| 120|0x000000008b600000, 0x000000008b700000, 0x000000008b700000|100%| E|CS|TAMS 0x000000008b600000, 0x000000008b600000| Complete 
| 121|0x000000008b700000, 0x000000008b800000, 0x000000008b800000|100%| E|CS|TAMS 0x000000008b700000, 0x000000008b700000| Complete 
| 122|0x000000008b800000, 0x000000008b900000, 0x000000008b900000|100%| E|CS|TAMS 0x000000008b800000, 0x000000008b800000| Complete 
| 123|0x000000008b900000, 0x000000008ba00000, 0x000000008ba00000|100%| E|CS|TAMS 0x000000008b900000, 0x000000008b900000| Complete 
| 124|0x000000008ba00000, 0x000000008bb00000, 0x000000008bb00000|100%| E|CS|TAMS 0x000000008ba00000, 0x000000008ba00000| Complete 
| 125|0x000000008bb00000, 0x000000008bc00000, 0x000000008bc00000|100%| E|CS|TAMS 0x000000008bb00000, 0x000000008bb00000| Complete 

Card table byte_map: [0x00000188b9db0000,0x00000188ba1a0000] _byte_map_base: 0x00000188b9991000

Marking Bits (Prev, Next): (CMBitMap*) 0x00000188a2e460f0, (CMBitMap*) 0x00000188a2e46130
 Prev Bits: [0x00000188ba590000, 0x00000188bc498000)
 Next Bits: [0x00000188bc4a0000, 0x00000188be3a8000)

Polling page: 0x00000188a20c0000

Metaspace:

Usage:
  Non-class:     12.55 MB used.
      Class:      1.47 MB used.
       Both:     14.02 MB used.

Virtual space:
  Non-class space:       64.00 MB reserved,      12.62 MB ( 20%) committed,  1 nodes.
      Class space:        1.00 GB reserved,       1.50 MB ( <1%) committed,  1 nodes.
             Both:        1.06 GB reserved,      14.12 MB (  1%) committed. 

Chunk freelists:
   Non-Class:  2.72 MB
       Class:  14.42 MB
        Both:  17.14 MB

MaxMetaspaceSize: unlimited
CompressedClassSpaceSize: 1.00 GB
Initial GC threshold: 21.00 MB
Current GC threshold: 21.00 MB
CDS: off
MetaspaceReclaimPolicy: balanced
 - commit_granule_bytes: 65536.
 - commit_granule_words: 8192.
 - virtual_space_node_default_size: 8388608.
 - enlarge_chunks_in_place: 1.
 - new_chunks_are_fully_committed: 0.
 - uncommit_free_chunks: 1.
 - use_allocation_guard: 0.
 - handle_deallocations: 1.


Internal statistics:

num_allocs_failed_limit: 0.
num_arena_births: 66.
num_arena_deaths: 0.
num_vsnodes_births: 2.
num_vsnodes_deaths: 0.
num_space_committed: 227.
num_space_uncommitted: 0.
num_chunks_returned_to_freelist: 0.
num_chunks_taken_from_freelist: 355.
num_chunk_merges: 0.
num_chunk_splits: 240.
num_chunks_enlarged: 188.
num_purges: 0.
num_inconsistent_stats: 0.

CodeHeap 'non-profiled nmethods': size=120000Kb used=242Kb max_used=242Kb free=119757Kb
 bounds [0x00000188b2160000, 0x00000188b23d0000, 0x00000188b9690000]
CodeHeap 'profiled nmethods': size=120000Kb used=1509Kb max_used=1509Kb free=118490Kb
 bounds [0x00000188aa690000, 0x00000188aa900000, 0x00000188b1bc0000]
CodeHeap 'non-nmethods': size=5760Kb used=1132Kb max_used=1147Kb free=4627Kb
 bounds [0x00000188b1bc0000, 0x00000188b1e30000, 0x00000188b2160000]
 total_blobs=1300 nmethods=883 adapters=330
 compilation: enabled
              stopped_count=0, restarted_count=0
 full_count=0

Compilation events (20 events):
Event: 0.654 Thread 0x00000188c5048900 nmethod 790 0x00000188b2199a10 code [0x00000188b2199ba0, 0x00000188b2199c58]
Event: 0.654 Thread 0x00000188c5048900  791       1       java.lang.invoke.MethodHandleImpl::isCompileConstant (2 bytes)
Event: 0.654 Thread 0x00000188c5048900 nmethod 791 0x00000188b2199d10 code [0x00000188b2199ea0, 0x00000188b2199f58]
Event: 0.655 Thread 0x00000188c5048900  792       3       java.lang.invoke.ConstantCallSite::getTarget (20 bytes)
Event: 0.655 Thread 0x00000188c5048900 nmethod 792 0x00000188aa7c0710 code [0x00000188aa7c08c0, 0x00000188aa7c0ae8]
Event: 0.655 Thread 0x00000188c5048900  793       3       jdk.internal.misc.CDS::isDumpingArchive (4 bytes)
Event: 0.655 Thread 0x00000188c5048900 nmethod 793 0x00000188aa7c0c10 code [0x00000188aa7c0da0, 0x00000188aa7c0e98]
Event: 0.656 Thread 0x00000188c5048900  795       3       jdk.internal.org.objectweb.asm.ClassReader::<init> (371 bytes)
Event: 0.657 Thread 0x00000188c5048900 nmethod 795 0x00000188aa7c0f10 code [0x00000188aa7c1200, 0x00000188aa7c2578]
Event: 0.657 Thread 0x00000188c5048900  798       3       jdk.internal.org.objectweb.asm.SymbolTable::addType (81 bytes)
Event: 0.658 Thread 0x00000188c5048900 nmethod 798 0x00000188aa7c2b10 code [0x00000188aa7c2d20, 0x00000188aa7c3278]
Event: 0.658 Thread 0x00000188c5048900  794       3       java.lang.invoke.MethodHandles$Lookup$ClassFile::readUnsignedShort (39 bytes)
Event: 0.658 Thread 0x00000188c5048900 nmethod 794 0x00000188aa7c3510 code [0x00000188aa7c36c0, 0x00000188aa7c38c8]
Event: 0.658 Thread 0x00000188c5048900  796       1       jdk.internal.org.objectweb.asm.ClassReader::getMaxStringLength (5 bytes)
Event: 0.658 Thread 0x00000188c5048900 nmethod 796 0x00000188b219a310 code [0x00000188b219a4a0, 0x00000188b219a578]
Event: 0.661 Thread 0x00000188c5048900  799       1       java.lang.invoke.DirectMethodHandle::isCrackable (5 bytes)
Event: 0.661 Thread 0x00000188c5048900 nmethod 799 0x00000188b219a610 code [0x00000188b219a7a0, 0x00000188b219a878]
Event: 0.661 Thread 0x00000188c5048900  800       3       java.lang.invoke.TypeConvertingMethodAdapter::convertType (299 bytes)
Event: 0.665 Thread 0x00000188c5048900 nmethod 800 0x00000188aa7c3a10 code [0x00000188aa7c4020, 0x00000188aa7c74c8]
Event: 0.665 Thread 0x00000188c5048900  803       3       jdk.internal.jimage.ImageLocation::getFullName (109 bytes)

GC Heap History (0 events):
No events

Deoptimization events (8 events):
Event: 0.337 Thread 0x00000188a2dec160 DEOPT PACKING pc=0x00000188aa6be3e7 sp=0x0000001b2a3fa990
Event: 0.337 Thread 0x00000188a2dec160 DEOPT UNPACKING pc=0x00000188b1c12b43 sp=0x0000001b2a3f9db0 mode 0
Event: 0.360 Thread 0x00000188a2dec160 DEOPT PACKING pc=0x00000188aa6bdcd1 sp=0x0000001b2a3fa5c0
Event: 0.360 Thread 0x00000188a2dec160 DEOPT UNPACKING pc=0x00000188b1c12b43 sp=0x0000001b2a3f9a38 mode 0
Event: 0.477 Thread 0x00000188a2dec160 Uncommon trap: trap_request=0xffffff45 fr.pc=0x00000188b216ca60 relative=0x0000000000000900
Event: 0.477 Thread 0x00000188a2dec160 Uncommon trap: reason=unstable_if action=reinterpret pc=0x00000188b216ca60 method=java.util.HashMap.putVal(ILjava/lang/Object;Ljava/lang/Object;ZZ)Ljava/lang/Object; @ 181 c2
Event: 0.477 Thread 0x00000188a2dec160 DEOPT PACKING pc=0x00000188b216ca60 sp=0x0000001b2a3fe460
Event: 0.477 Thread 0x00000188a2dec160 DEOPT UNPACKING pc=0x00000188b1c123a3 sp=0x0000001b2a3fe410 mode 2

Classes unloaded (0 events):
No events

Classes redefined (0 events):
No events

Internal exceptions (16 events):
Event: 0.272 Thread 0x00000188a2dec160 Exception <a 'java/lang/NoSuchMethodError'{0x000000008b96aed8}: 'void java.lang.invoke.DirectMethodHandle$Holder.invokeSpecial(java.lang.Object, java.lang.Object, java.lang.Object)'> (0x000000008b96aed8) 
thrown [s\open\src\hotspot\share\interpreter\linkResolver.cpp, line 759]
Event: 0.299 Thread 0x00000188a2dec160 Exception <a 'java/lang/NoSuchMethodError'{0x000000008b9ad2e8}: 'void java.lang.invoke.DirectMethodHandle$Holder.invokeStatic(java.lang.Object, java.lang.Object)'> (0x000000008b9ad2e8) 
thrown [s\open\src\hotspot\share\interpreter\linkResolver.cpp, line 759]
Event: 0.303 Thread 0x00000188a2dec160 Exception <a 'java/lang/NoSuchMethodError'{0x000000008b9bfe08}: 'int java.lang.invoke.DirectMethodHandle$Holder.invokeVirtual(java.lang.Object, java.lang.Object, java.lang.Object)'> (0x000000008b9bfe08) 
thrown [s\open\src\hotspot\share\interpreter\linkResolver.cpp, line 759]
Event: 0.304 Thread 0x00000188a2dec160 Exception <a 'java/lang/NoSuchMethodError'{0x000000008b9c6328}: 'void java.lang.invoke.DirectMethodHandle$Holder.invokeInterface(java.lang.Object, java.lang.Object, java.lang.Object)'> (0x000000008b9c6328) 
thrown [s\open\src\hotspot\share\interpreter\linkResolver.cpp, line 759]
Event: 0.392 Thread 0x00000188a2dec160 Exception <a 'java/lang/NoSuchMethodError'{0x000000008b8dce40}: 'int java.lang.invoke.DirectMethodHandle$Holder.invokeStaticInit(java.lang.Object, java.lang.Object)'> (0x000000008b8dce40) 
thrown [s\open\src\hotspot\share\interpreter\linkResolver.cpp, line 759]
Event: 0.466 Thread 0x00000188a2dec160 Exception <a 'java/lang/NoSuchMethodError'{0x000000008b779d98}: 'int java.lang.invoke.DirectMethodHandle$Holder.invokeVirtual(java.lang.Object, java.lang.Object)'> (0x000000008b779d98) 
thrown [s\open\src\hotspot\share\interpreter\linkResolver.cpp, line 759]
Event: 0.472 Thread 0x00000188a2dec160 Exception <a 'java/lang/NoSuchMethodError'{0x000000008b7a06e8}: 'java.lang.Object java.lang.invoke.DirectMethodHandle$Holder.newInvokeSpecial(java.lang.Object, java.lang.Object, java.lang.Object, java.lang.Object, java.lang.Object)'> (0x000000008b7a06e8) 
thrown [s\open\src\hotspot\share\interpreter\linkResolver.cpp, line 759]
Event: 0.475 Thread 0x00000188a2dec160 Exception <a 'java/lang/NoSuchMethodError'{0x000000008b7aecc0}: 'java.lang.Object java.lang.invoke.DirectMethodHandle$Holder.newInvokeSpecial(java.lang.Object, java.lang.Object, java.lang.Object, java.lang.Object, java.lang.Object, java.lang.Object)'> (0x000000008b7aecc0) 
thrown [s\open\src\hotspot\share\interpreter\linkResolver.cpp, line 759]
Event: 0.519 Thread 0x00000188a2dec160 Exception <a 'java/lang/NoSuchMethodError'{0x000000008b62a138}: 'java.lang.Object java.lang.invoke.DirectMethodHandle$Holder.invokeVirtual(java.lang.Object, java.lang.Object, java.lang.Object)'> (0x000000008b62a138) 
thrown [s\open\src\hotspot\share\interpreter\linkResolver.cpp, line 759]
Event: 0.524 Thread 0x00000188a2dec160 Exception <a 'java/lang/NoSuchMethodError'{0x000000008b635cb0}: 'int java.lang.invoke.DirectMethodHandle$Holder.invokeInterface(java.lang.Object, java.lang.Object)'> (0x000000008b635cb0) 
thrown [s\open\src\hotspot\share\interpreter\linkResolver.cpp, line 759]
Event: 0.562 Thread 0x00000188a2dec160 Exception <a 'java/lang/NoSuchMethodError'{0x000000008b673ef0}: 'java.lang.Object java.lang.invoke.DirectMethodHandle$Holder.invokeStaticInit(java.lang.Object)'> (0x000000008b673ef0) 
thrown [s\open\src\hotspot\share\interpreter\linkResolver.cpp, line 759]
Event: 0.604 Thread 0x00000188a2dec160 Exception <a 'java/lang/NoSuchMethodError'{0x000000008b53b870}: 'java.lang.Object java.lang.invoke.DirectMethodHandle$Holder.invokeVirtual(java.lang.Object, java.lang.Object, java.lang.Object, int, int)'> (0x000000008b53b870) 
thrown [s\open\src\hotspot\share\interpreter\linkResolver.cpp, line 759]
Event: 0.605 Thread 0x00000188a2dec160 Exception <a 'java/lang/NoSuchMethodError'{0x000000008b542430}: 'java.lang.Object java.lang.invoke.DirectMethodHandle$Holder.invokeVirtual(java.lang.Object, java.lang.Object, int)'> (0x000000008b542430) 
thrown [s\open\src\hotspot\share\interpreter\linkResolver.cpp, line 759]
Event: 0.610 Thread 0x00000188a2dec160 Exception <a 'java/lang/NoSuchMethodError'{0x000000008b558f30}: 'java.lang.Object java.lang.invoke.DirectMethodHandle$Holder.invokeSpecial(java.lang.Object, java.lang.Object, java.lang.Object, int, int)'> (0x000000008b558f30) 
thrown [s\open\src\hotspot\share\interpreter\linkResolver.cpp, line 759]
Event: 0.652 Thread 0x00000188a2dec160 Exception <a 'sun/nio/fs/WindowsException'{0x000000008b49c578}> (0x000000008b49c578) 
thrown [s\open\src\hotspot\share\prims\jni.cpp, line 516]
Event: 0.652 Thread 0x00000188a2dec160 Exception <a 'sun/nio/fs/WindowsException'{0x000000008b49c970}> (0x000000008b49c970) 
thrown [s\open\src\hotspot\share\prims\jni.cpp, line 516]

VM Operations (8 events):
Event: 0.139 Executing VM operation: HandshakeAllThreads
Event: 0.139 Executing VM operation: HandshakeAllThreads done
Event: 0.323 Executing VM operation: HandshakeAllThreads
Event: 0.323 Executing VM operation: HandshakeAllThreads done
Event: 0.554 Executing VM operation: HandshakeAllThreads
Event: 0.554 Executing VM operation: HandshakeAllThreads done
Event: 0.566 Executing VM operation: HandshakeAllThreads
Event: 0.566 Executing VM operation: HandshakeAllThreads done

Events (20 events):
Event: 0.609 loading class java/util/stream/MatchOps done
Event: 0.609 loading class java/util/stream/MatchOps$MatchOp
Event: 0.609 loading class java/util/stream/MatchOps$MatchOp done
Event: 0.609 loading class java/util/stream/MatchOps$BooleanTerminalSink
Event: 0.609 loading class java/util/stream/MatchOps$BooleanTerminalSink done
Event: 0.610 loading class java/util/stream/MatchOps$1MatchSink
Event: 0.610 loading class java/util/stream/MatchOps$1MatchSink done
Event: 0.621 Thread 0x00000188c5713b70 Thread added: 0x00000188c5713b70
Event: 0.637 loading class java/util/StringJoiner
Event: 0.637 loading class java/util/StringJoiner done
Event: 0.649 loading class java/util/RegularEnumSet$EnumSetIterator
Event: 0.649 loading class java/util/RegularEnumSet$EnumSetIterator done
Event: 0.652 loading class sun/nio/fs/WindowsException
Event: 0.652 loading class sun/nio/fs/WindowsException done
Event: 0.652 loading class sun/nio/fs/WindowsDirectoryStream
Event: 0.652 loading class sun/nio/fs/WindowsDirectoryStream done
Event: 0.652 loading class java/nio/file/NoSuchFileException
Event: 0.652 loading class java/nio/file/FileSystemException
Event: 0.652 loading class java/nio/file/FileSystemException done
Event: 0.652 loading class java/nio/file/NoSuchFileException done


Dynamic libraries:
0x00007ff63e2f0000 - 0x00007ff63e300000 	C:\Program Files\Java\jdk-17\bin\java.exe
0x00007fff37810000 - 0x00007fff37a27000 	C:\WINDOWS\SYSTEM32\ntdll.dll
0x00007fff36c80000 - 0x00007fff36d44000 	C:\WINDOWS\System32\KERNEL32.DLL
0x00007fff34d50000 - 0x00007fff3510a000 	C:\WINDOWS\System32\KERNELBASE.dll
0x00007fff34b80000 - 0x00007fff34c91000 	C:\WINDOWS\System32\ucrtbase.dll
0x00007ffefecf0000 - 0x00007ffefed0b000 	C:\Program Files\Java\jdk-17\bin\VCRUNTIME140.dll
0x00007ffefed10000 - 0x00007ffefed29000 	C:\Program Files\Java\jdk-17\bin\jli.dll
0x00007fff36e00000 - 0x00007fff36eb2000 	C:\WINDOWS\System32\ADVAPI32.dll
0x00007fff37420000 - 0x00007fff374c7000 	C:\WINDOWS\System32\msvcrt.dll
0x00007fff35a70000 - 0x00007fff35b17000 	C:\WINDOWS\System32\sechost.dll
0x00007fff352b0000 - 0x00007fff352d8000 	C:\WINDOWS\System32\bcrypt.dll
0x00007fff36740000 - 0x00007fff36854000 	C:\WINDOWS\System32\RPCRT4.dll
0x00007fff35cd0000 - 0x00007fff35e7e000 	C:\WINDOWS\System32\USER32.dll
0x00007fff34ca0000 - 0x00007fff34cc6000 	C:\WINDOWS\System32\win32u.dll
0x00007fff36bf0000 - 0x00007fff36c19000 	C:\WINDOWS\System32\GDI32.dll
0x00007fff1c360000 - 0x00007fff1c5f2000 	C:\WINDOWS\WinSxS\amd64_microsoft.windows.common-controls_6595b64144ccf1df_6.0.22621.4541_none_2710d1c57384c085\COMCTL32.dll
0x00007fff35110000 - 0x00007fff3522b000 	C:\WINDOWS\System32\gdi32full.dll
0x00007fff34ae0000 - 0x00007fff34b7a000 	C:\WINDOWS\System32\msvcp_win.dll
0x00007fff21f70000 - 0x00007fff21f7a000 	C:\WINDOWS\SYSTEM32\VERSION.dll
0x00007fff02ca0000 - 0x00007fff02cac000 	C:\Program Files\Java\jdk-17\bin\vcruntime140_1.dll
0x00007ffefea00000 - 0x00007ffefea8e000 	C:\Program Files\Java\jdk-17\bin\msvcp140.dll
0x00007ffefde20000 - 0x00007ffefe9fe000 	C:\Program Files\Java\jdk-17\bin\server\jvm.dll
0x00007fff36c20000 - 0x00007fff36c28000 	C:\WINDOWS\System32\PSAPI.DLL
0x00007fff2eea0000 - 0x00007fff2eed4000 	C:\WINDOWS\SYSTEM32\WINMM.dll
0x00007fff0c360000 - 0x00007fff0c369000 	C:\WINDOWS\SYSTEM32\WSOCK32.dll
0x00007fff37750000 - 0x00007fff377c1000 	C:\WINDOWS\System32\WS2_32.dll
0x00007fff33b20000 - 0x00007fff33b38000 	C:\WINDOWS\SYSTEM32\kernel.appcore.dll
0x00007ffefde10000 - 0x00007ffefde1a000 	C:\Program Files\Java\jdk-17\bin\jimage.dll
0x00007fff2f3a0000 - 0x00007fff2f5d2000 	C:\WINDOWS\SYSTEM32\DBGHELP.DLL
0x00007fff36860000 - 0x00007fff36bef000 	C:\WINDOWS\System32\combase.dll
0x00007fff37500000 - 0x00007fff375d7000 	C:\WINDOWS\System32\OLEAUT32.dll
0x00007ffefddd0000 - 0x00007ffefde02000 	C:\WINDOWS\SYSTEM32\dbgcore.DLL
0x00007fff35230000 - 0x00007fff352ab000 	C:\WINDOWS\System32\bcryptPrimitives.dll
0x00007ffefdd30000 - 0x00007ffefdd55000 	C:\Program Files\Java\jdk-17\bin\java.dll
0x00007ffefd410000 - 0x00007ffefd4e7000 	C:\Program Files\Java\jdk-17\bin\jsvml.dll
0x00007fff35ec0000 - 0x00007fff36738000 	C:\WINDOWS\System32\SHELL32.dll
0x00007fff32a20000 - 0x00007fff33328000 	C:\WINDOWS\SYSTEM32\windows.storage.dll
0x00007fff328e0000 - 0x00007fff32a1f000 	C:\WINDOWS\SYSTEM32\wintypes.dll
0x00007fff35bb0000 - 0x00007fff35caa000 	C:\WINDOWS\System32\SHCORE.dll
0x00007fff375f0000 - 0x00007fff3764e000 	C:\WINDOWS\System32\shlwapi.dll
0x00007fff34a10000 - 0x00007fff34a3b000 	C:\WINDOWS\SYSTEM32\profapi.dll
0x00007ffefcfb0000 - 0x00007ffefcfc9000 	C:\Program Files\Java\jdk-17\bin\net.dll
0x00007fff2ea80000 - 0x00007fff2ebb6000 	C:\WINDOWS\SYSTEM32\WINHTTP.dll
0x00007fff33fa0000 - 0x00007fff34009000 	C:\WINDOWS\system32\mswsock.dll
0x00007ffefcf90000 - 0x00007ffefcfa6000 	C:\Program Files\Java\jdk-17\bin\nio.dll

dbghelp: loaded successfully - version: 4.0.5 - missing functions: none
symbol engine: initialized successfully - sym options: 0x614 - pdb path: .;C:\Program Files\Java\jdk-17\bin;C:\WINDOWS\SYSTEM32;C:\WINDOWS\WinSxS\amd64_microsoft.windows.common-controls_6595b64144ccf1df_6.0.22621.4541_none_2710d1c57384c085;C:\Program Files\Java\jdk-17\bin\server

VM Arguments:
jvm_args: --add-modules=ALL-DEFAULT 
java_command: jdk.compiler/com.sun.tools.javac.launcher.Main IFBLOCKS1.java
java_class_path (initial): .
Launcher Type: SUN_STANDARD

[Global flags]
     intx CICompilerCount                          = 4                                         {product} {ergonomic}
     uint ConcGCThreads                            = 2                                         {product} {ergonomic}
     uint G1ConcRefinementThreads                  = 8                                         {product} {ergonomic}
   size_t G1HeapRegionSize                         = 1048576                                   {product} {ergonomic}
    uintx GCDrainStackTargetSize                   = 64                                        {product} {ergonomic}
   size_t InitialHeapSize                          = 132120576                                 {product} {ergonomic}
   size_t MarkStackSize                            = 4194304                                   {product} {ergonomic}
   size_t MaxHeapSize                              = 2082471936                                {product} {ergonomic}
   size_t MaxNewSize                               = 1248854016                                {product} {ergonomic}
   size_t MinHeapDeltaBytes                        = 1048576                                   {product} {ergonomic}
   size_t MinHeapSize                              = 8388608                                   {product} {ergonomic}
    uintx NonNMethodCodeHeapSize                   = 5839372                                {pd product} {ergonomic}
    uintx NonProfiledCodeHeapSize                  = 122909434                              {pd product} {ergonomic}
    uintx ProfiledCodeHeapSize                     = 122909434                              {pd product} {ergonomic}
    uintx ReservedCodeCacheSize                    = 251658240                              {pd product} {ergonomic}
     bool SegmentedCodeCache                       = true                                      {product} {ergonomic}
   size_t SoftMaxHeapSize                          = 2082471936                             {manageable} {ergonomic}
     bool UseCompressedClassPointers               = true                           {product lp64_product} {ergonomic}
     bool UseCompressedOops                        = true                           {product lp64_product} {ergonomic}
     bool UseG1GC                                  = true                                      {product} {ergonomic}
     bool UseLargePagesIndividualAllocation        = false                                  {pd product} {ergonomic}

Logging:
Log output configuration:
 #0: stdout all=warning uptime,level,tags
 #1: stderr all=off uptime,level,tags

Environment Variables:
JAVA_HOME=C:\Program Files\Java\jdk-17
PATH=C:\Program Files\Java\jdk-17/bin;C:\Program Files\Java\jdk-17/bin;C:\Program Files\Common Files\Oracle\Java\javapath;;C:\WINDOWS\system32;C:\WINDOWS;C:\WINDOWS\System32\Wbem;C:\WINDOWS\System32\WindowsPowerShell\v1.0\;C:\WINDOWS\System32\OpenSSH\;C:\Program Files (x86)\Microsoft SQL Server\110\Tools\Binn\;C:\Program Files\Microsoft SQL Server\110\Tools\Binn\;C:\Program Files\Microsoft SQL Server\110\DTS\Binn\;C:\Program Files\dotnet\;C:\Program Files\Microsoft SQL Server\Client SDK\ODBC\130\Tools\Binn\;C:\Program Files (x86)\Microsoft SQL Server\140\Tools\Binn\;C:\Program Files\Microsoft SQL Server\140\Tools\Binn\;C:\Program Files\Microsoft SQL Server\140\DTS\Binn\;C:\Program Files (x86)\Microsoft SQL Server\160\DTS\Binn\;C:\Program Files\Azure Data Studio\bin;C:\Program Files\Git\cmd;%COSMOSM%;C:\WINDOWS\system32\config\systemprofile\AppData\Local\Microsoft\WindowsApps
USERNAME=DESKTOP-EI4D21P$
OS=Windows_NT
PROCESSOR_IDENTIFIER=Intel64 Family 6 Model 142 Stepping 12, GenuineIntel



---------------  S Y S T E M  ---------------

OS:
 Windows 11 , 64 bit Build 22621 (10.0.22621.4391)
OS uptime: 27 days 9:02 hours

CPU: total 8 (initial active 8) (4 cores per cpu, 2 threads per core) family 6 model 142 stepping 12 microcode 0xde, cx8, cmov, fxsr, ht, mmx, 3dnowpref, sse, sse2, sse3, ssse3, sse4.1, sse4.2, popcnt, lzcnt, tsc, tscinvbit, avx, avx2, aes, erms, clmul, bmi1, bmi2, adx, fma, vzeroupper, clflush, clflushopt

Memory: 4k page, system-wide physical 7942M (900M free)
TotalPageFile size 32518M (AvailPageFile size 1M)
current process WorkingSet (physical memory assigned to process): 65M, peak: 65M
current process commit charge ("private bytes"): 220M, peak: 220M

vm_info: Java HotSpot(TM) 64-Bit Server VM (17.0.8+9-LTS-211) for windows-amd64 JRE (17.0.8+9-LTS-211), built on Jun 14 2023 10:34:31 by "mach5one" with MS VC++ 17.1 (VS2022)

END.
