#
# There is insufficient memory for the Java Runtime Environment to continue.
# Native memory allocation (malloc) failed to allocate 49488 bytes for Chunk::new
# Possible reasons:
#   The system is out of physical RAM or swap space
#   The process is running with CompressedOops enabled, and the Java Heap may be blocking the growth of the native heap
# Possible solutions:
#   Reduce memory load on the system
#   Increase physical memory or swap space
#   Check if swap backing store is full
#   Decrease Java heap size (-Xmx/-Xms)
#   Decrease number of Java threads
#   Decrease Java thread stack sizes (-Xss)
#   Set larger code cache with -XX:ReservedCodeCacheSize=
#   JVM is running with Unscaled Compressed Oops mode in which the Java heap is
#     placed in the first 4GB address space. The Java Heap base address is the
#     maximum limit for the native heap growth. Please use -XX:HeapBaseMinAddress
#     to set the Java Heap base and to place the Java Heap above 4GB virtual address.
# This output file may be truncated or incomplete.
#
#  Out of Memory Error (arena.cpp:189), pid=34368, tid=36988
#
# JRE version: Java(TM) SE Runtime Environment (17.0.8+9) (build 17.0.8+9-LTS-211)
# Java VM: Java HotSpot(TM) 64-Bit Server VM (17.0.8+9-LTS-211, mixed mode, sharing, tiered, compressed oops, compressed class ptrs, g1 gc, windows-amd64)
# No core dump will be written. Minidumps are not enabled by default on client versions of Windows
#

---------------  S U M M A R Y ------------

Command Line: --add-modules=ALL-DEFAULT jdk.compiler/com.sun.tools.javac.launcher.Main IFBLOCKS1.java

Host: Intel(R) Core(TM) i5-10210U CPU @ 1.60GHz, 8 cores, 7G,  Windows 11 , 64 bit Build 22621 (10.0.22621.4391)
Time: Thu Jan 23 18:04:43 2025 India Standard Time elapsed time: 0.516053 seconds (0d 0h 0m 0s)

---------------  T H R E A D  ---------------

Current thread (0x00000260db56cb80):  JavaThread "C2 CompilerThread0" daemon [_thread_in_native, id=36988, stack(0x000000f841100000,0x000000f841200000)]


Current CompileTask:
C2:    516  786       4       jdk.internal.jimage.ImageStringsReader::stringFromByteBuffer (73 bytes)

Stack: [0x000000f841100000,0x000000f841200000]
Native frames: (J=compiled Java code, j=interpreted, Vv=VM code, C=native code)
V  [jvm.dll+0x677d0a]
V  [jvm.dll+0x7d8c54]
V  [jvm.dll+0x7da3fe]
V  [jvm.dll+0x7daa63]
V  [jvm.dll+0x245c5f]
V  [jvm.dll+0xaaa6b]
V  [jvm.dll+0xab00c]
V  [jvm.dll+0x11d534]
V  [jvm.dll+0x60b7b3]
V  [jvm.dll+0x609e74]
V  [jvm.dll+0x217e7e]
V  [jvm.dll+0x217431]
V  [jvm.dll+0x1a3af0]
V  [jvm.dll+0x2270be]
V  [jvm.dll+0x22535b]
V  [jvm.dll+0x78e7bc]
V  [jvm.dll+0x788bba]
V  [jvm.dll+0x676b35]
C  [ucrtbase.dll+0x29333]
C  [KERNEL32.DLL+0x1259d]
C  [ntdll.dll+0x5af38]


---------------  P R O C E S S  ---------------

Threads class SMR info:
_java_thread_list=0x00000260db7cd9e0, length=12, elements={
0x00000260bd599fa0, 0x00000260db54eee0, 0x00000260db54fd50, 0x00000260db5681a0,
0x00000260db568c50, 0x00000260db569600, 0x00000260db569fb0, 0x00000260db56cb80,
0x00000260db578b30, 0x00000260db587570, 0x00000260db53a630, 0x00000260db7ee9e0
}

Java Threads: ( => current thread )
  0x00000260bd599fa0 JavaThread "main" [_thread_in_Java, id=1120, stack(0x000000f840400000,0x000000f840500000)]
  0x00000260db54eee0 JavaThread "Reference Handler" daemon [_thread_blocked, id=23408, stack(0x000000f840b00000,0x000000f840c00000)]
  0x00000260db54fd50 JavaThread "Finalizer" daemon [_thread_blocked, id=19312, stack(0x000000f840c00000,0x000000f840d00000)]
  0x00000260db5681a0 JavaThread "Signal Dispatcher" daemon [_thread_blocked, id=6992, stack(0x000000f840d00000,0x000000f840e00000)]
  0x00000260db568c50 JavaThread "Attach Listener" daemon [_thread_blocked, id=31996, stack(0x000000f840e00000,0x000000f840f00000)]
  0x00000260db569600 JavaThread "Service Thread" daemon [_thread_blocked, id=22368, stack(0x000000f840f00000,0x000000f841000000)]
  0x00000260db569fb0 JavaThread "Monitor Deflation Thread" daemon [_thread_blocked, id=21556, stack(0x000000f841000000,0x000000f841100000)]
=>0x00000260db56cb80 JavaThread "C2 CompilerThread0" daemon [_thread_in_native, id=36988, stack(0x000000f841100000,0x000000f841200000)]
  0x00000260db578b30 JavaThread "C1 CompilerThread0" daemon [_thread_in_native, id=34456, stack(0x000000f841200000,0x000000f841300000)]
  0x00000260db587570 JavaThread "Sweeper thread" daemon [_thread_blocked, id=16136, stack(0x000000f841300000,0x000000f841400000)]
  0x00000260db53a630 JavaThread "Common-Cleaner" daemon [_thread_blocked, id=22912, stack(0x000000f841400000,0x000000f841500000)]
  0x00000260db7ee9e0 JavaThread "Notification Thread" daemon [_thread_blocked, id=12988, stack(0x000000f841500000,0x000000f841600000)]

Other Threads:
  0x00000260db54b2f0 VMThread "VM Thread" [stack: 0x000000f840a00000,0x000000f840b00000] [id=33352]
  0x00000260db7efae0 WatcherThread [stack: 0x000000f841600000,0x000000f841700000] [id=29512]
  0x00000260bd5f6d80 GCTaskThread "GC Thread#0" [stack: 0x000000f840500000,0x000000f840600000] [id=17784]
  0x00000260bd608510 ConcurrentGCThread "G1 Main Marker" [stack: 0x000000f840600000,0x000000f840700000] [id=21124]
  0x00000260bd6096c0 ConcurrentGCThread "G1 Conc#0" [stack: 0x000000f840700000,0x000000f840800000] [id=38344]
  0x00000260bd66d750 ConcurrentGCThread "G1 Refine#0" [stack: 0x000000f840800000,0x000000f840900000] [id=25864]
  0x00000260bd66e170 ConcurrentGCThread "G1 Service" [stack: 0x000000f840900000,0x000000f840a00000] [id=19468]

Threads with active compile tasks:
C2 CompilerThread0      555  786       4       jdk.internal.jimage.ImageStringsReader::stringFromByteBuffer (73 bytes)
C1 CompilerThread0      555 1056       2       jdk.internal.org.objectweb.asm.MethodWriter::computeMethodInfoSize (571 bytes)

VM state: not at safepoint (normal execution)

VM Mutex/Monitor currently owned by a thread: None

Heap address: 0x0000000083e00000, size: 1986 MB, Compressed Oops mode: 32-bit

CDS archive(s) mapped at: [0x00000260dc000000-0x00000260dcbd0000-0x00000260dcbd0000), size 12386304, SharedBaseAddress: 0x00000260dc000000, ArchiveRelocationMode: 1.
Compressed class space mapped at: 0x00000260dd000000-0x000002611d000000, reserved size: 1073741824
Narrow klass base: 0x00000260dc000000, Narrow klass shift: 0, Narrow klass range: 0x100000000

GC Precious Log:
 CPUs: 8 total, 8 available
 Memory: 7942M
 Large Page Support: Disabled
 NUMA Support: Disabled
 Compressed Oops: Enabled (32-bit)
 Heap Region Size: 1M
 Heap Min Capacity: 8M
 Heap Initial Capacity: 126M
 Heap Max Capacity: 1986M
 Pre-touch: Disabled
 Parallel Workers: 8
 Concurrent Workers: 2
 Concurrent Refinement Workers: 8
 Periodic GC: Disabled

Heap:
 garbage-first heap   total 129024K, used 13312K [0x0000000083e00000, 0x0000000100000000)
  region size 1024K, 15 young (15360K), 0 survivors (0K)
 Metaspace       used 8615K, committed 8832K, reserved 1114112K
  class space    used 1027K, committed 1152K, reserved 1048576K

Heap Regions: E=young(eden), S=young(survivor), O=old, HS=humongous(starts), HC=humongous(continues), CS=collection set, F=free, OA=open archive, CA=closed archive, TAMS=top-at-mark-start (previous, next)
|   0|0x0000000083e00000, 0x0000000083e00000, 0x0000000083f00000|  0%| F|  |TAMS 0x0000000083e00000, 0x0000000083e00000| Untracked 
|   1|0x0000000083f00000, 0x0000000083f00000, 0x0000000084000000|  0%| F|  |TAMS 0x0000000083f00000, 0x0000000083f00000| Untracked 
|   2|0x0000000084000000, 0x0000000084000000, 0x0000000084100000|  0%| F|  |TAMS 0x0000000084000000, 0x0000000084000000| Untracked 
|   3|0x0000000084100000, 0x0000000084100000, 0x0000000084200000|  0%| F|  |TAMS 0x0000000084100000, 0x0000000084100000| Untracked 
|   4|0x0000000084200000, 0x0000000084200000, 0x0000000084300000|  0%| F|  |TAMS 0x0000000084200000, 0x0000000084200000| Untracked 
|   5|0x0000000084300000, 0x0000000084300000, 0x0000000084400000|  0%| F|  |TAMS 0x0000000084300000, 0x0000000084300000| Untracked 
|   6|0x0000000084400000, 0x0000000084400000, 0x0000000084500000|  0%| F|  |TAMS 0x0000000084400000, 0x0000000084400000| Untracked 
|   7|0x0000000084500000, 0x0000000084500000, 0x0000000084600000|  0%| F|  |TAMS 0x0000000084500000, 0x0000000084500000| Untracked 
|   8|0x0000000084600000, 0x0000000084600000, 0x0000000084700000|  0%| F|  |TAMS 0x0000000084600000, 0x0000000084600000| Untracked 
|   9|0x0000000084700000, 0x0000000084700000, 0x0000000084800000|  0%| F|  |TAMS 0x0000000084700000, 0x0000000084700000| Untracked 
|  10|0x0000000084800000, 0x0000000084800000, 0x0000000084900000|  0%| F|  |TAMS 0x0000000084800000, 0x0000000084800000| Untracked 
|  11|0x0000000084900000, 0x0000000084900000, 0x0000000084a00000|  0%| F|  |TAMS 0x0000000084900000, 0x0000000084900000| Untracked 
|  12|0x0000000084a00000, 0x0000000084a00000, 0x0000000084b00000|  0%| F|  |TAMS 0x0000000084a00000, 0x0000000084a00000| Untracked 
|  13|0x0000000084b00000, 0x0000000084b00000, 0x0000000084c00000|  0%| F|  |TAMS 0x0000000084b00000, 0x0000000084b00000| Untracked 
|  14|0x0000000084c00000, 0x0000000084c00000, 0x0000000084d00000|  0%| F|  |TAMS 0x0000000084c00000, 0x0000000084c00000| Untracked 
|  15|0x0000000084d00000, 0x0000000084d00000, 0x0000000084e00000|  0%| F|  |TAMS 0x0000000084d00000, 0x0000000084d00000| Untracked 
|  16|0x0000000084e00000, 0x0000000084e00000, 0x0000000084f00000|  0%| F|  |TAMS 0x0000000084e00000, 0x0000000084e00000| Untracked 
|  17|0x0000000084f00000, 0x0000000084f00000, 0x0000000085000000|  0%| F|  |TAMS 0x0000000084f00000, 0x0000000084f00000| Untracked 
|  18|0x0000000085000000, 0x0000000085000000, 0x0000000085100000|  0%| F|  |TAMS 0x0000000085000000, 0x0000000085000000| Untracked 
|  19|0x0000000085100000, 0x0000000085100000, 0x0000000085200000|  0%| F|  |TAMS 0x0000000085100000, 0x0000000085100000| Untracked 
|  20|0x0000000085200000, 0x0000000085200000, 0x0000000085300000|  0%| F|  |TAMS 0x0000000085200000, 0x0000000085200000| Untracked 
|  21|0x0000000085300000, 0x0000000085300000, 0x0000000085400000|  0%| F|  |TAMS 0x0000000085300000, 0x0000000085300000| Untracked 
|  22|0x0000000085400000, 0x0000000085400000, 0x0000000085500000|  0%| F|  |TAMS 0x0000000085400000, 0x0000000085400000| Untracked 
|  23|0x0000000085500000, 0x0000000085500000, 0x0000000085600000|  0%| F|  |TAMS 0x0000000085500000, 0x0000000085500000| Untracked 
|  24|0x0000000085600000, 0x0000000085600000, 0x0000000085700000|  0%| F|  |TAMS 0x0000000085600000, 0x0000000085600000| Untracked 
|  25|0x0000000085700000, 0x0000000085700000, 0x0000000085800000|  0%| F|  |TAMS 0x0000000085700000, 0x0000000085700000| Untracked 
|  26|0x0000000085800000, 0x0000000085800000, 0x0000000085900000|  0%| F|  |TAMS 0x0000000085800000, 0x0000000085800000| Untracked 
|  27|0x0000000085900000, 0x0000000085900000, 0x0000000085a00000|  0%| F|  |TAMS 0x0000000085900000, 0x0000000085900000| Untracked 
|  28|0x0000000085a00000, 0x0000000085a00000, 0x0000000085b00000|  0%| F|  |TAMS 0x0000000085a00000, 0x0000000085a00000| Untracked 
|  29|0x0000000085b00000, 0x0000000085b00000, 0x0000000085c00000|  0%| F|  |TAMS 0x0000000085b00000, 0x0000000085b00000| Untracked 
|  30|0x0000000085c00000, 0x0000000085c00000, 0x0000000085d00000|  0%| F|  |TAMS 0x0000000085c00000, 0x0000000085c00000| Untracked 
|  31|0x0000000085d00000, 0x0000000085d00000, 0x0000000085e00000|  0%| F|  |TAMS 0x0000000085d00000, 0x0000000085d00000| Untracked 
|  32|0x0000000085e00000, 0x0000000085e00000, 0x0000000085f00000|  0%| F|  |TAMS 0x0000000085e00000, 0x0000000085e00000| Untracked 
|  33|0x0000000085f00000, 0x0000000085f00000, 0x0000000086000000|  0%| F|  |TAMS 0x0000000085f00000, 0x0000000085f00000| Untracked 
|  34|0x0000000086000000, 0x0000000086000000, 0x0000000086100000|  0%| F|  |TAMS 0x0000000086000000, 0x0000000086000000| Untracked 
|  35|0x0000000086100000, 0x0000000086100000, 0x0000000086200000|  0%| F|  |TAMS 0x0000000086100000, 0x0000000086100000| Untracked 
|  36|0x0000000086200000, 0x0000000086200000, 0x0000000086300000|  0%| F|  |TAMS 0x0000000086200000, 0x0000000086200000| Untracked 
|  37|0x0000000086300000, 0x0000000086300000, 0x0000000086400000|  0%| F|  |TAMS 0x0000000086300000, 0x0000000086300000| Untracked 
|  38|0x0000000086400000, 0x0000000086400000, 0x0000000086500000|  0%| F|  |TAMS 0x0000000086400000, 0x0000000086400000| Untracked 
|  39|0x0000000086500000, 0x0000000086500000, 0x0000000086600000|  0%| F|  |TAMS 0x0000000086500000, 0x0000000086500000| Untracked 
|  40|0x0000000086600000, 0x0000000086600000, 0x0000000086700000|  0%| F|  |TAMS 0x0000000086600000, 0x0000000086600000| Untracked 
|  41|0x0000000086700000, 0x0000000086700000, 0x0000000086800000|  0%| F|  |TAMS 0x0000000086700000, 0x0000000086700000| Untracked 
|  42|0x0000000086800000, 0x0000000086800000, 0x0000000086900000|  0%| F|  |TAMS 0x0000000086800000, 0x0000000086800000| Untracked 
|  43|0x0000000086900000, 0x0000000086900000, 0x0000000086a00000|  0%| F|  |TAMS 0x0000000086900000, 0x0000000086900000| Untracked 
|  44|0x0000000086a00000, 0x0000000086a00000, 0x0000000086b00000|  0%| F|  |TAMS 0x0000000086a00000, 0x0000000086a00000| Untracked 
|  45|0x0000000086b00000, 0x0000000086b00000, 0x0000000086c00000|  0%| F|  |TAMS 0x0000000086b00000, 0x0000000086b00000| Untracked 
|  46|0x0000000086c00000, 0x0000000086c00000, 0x0000000086d00000|  0%| F|  |TAMS 0x0000000086c00000, 0x0000000086c00000| Untracked 
|  47|0x0000000086d00000, 0x0000000086d00000, 0x0000000086e00000|  0%| F|  |TAMS 0x0000000086d00000, 0x0000000086d00000| Untracked 
|  48|0x0000000086e00000, 0x0000000086e00000, 0x0000000086f00000|  0%| F|  |TAMS 0x0000000086e00000, 0x0000000086e00000| Untracked 
|  49|0x0000000086f00000, 0x0000000086f00000, 0x0000000087000000|  0%| F|  |TAMS 0x0000000086f00000, 0x0000000086f00000| Untracked 
|  50|0x0000000087000000, 0x0000000087000000, 0x0000000087100000|  0%| F|  |TAMS 0x0000000087000000, 0x0000000087000000| Untracked 
|  51|0x0000000087100000, 0x0000000087100000, 0x0000000087200000|  0%| F|  |TAMS 0x0000000087100000, 0x0000000087100000| Untracked 
|  52|0x0000000087200000, 0x0000000087200000, 0x0000000087300000|  0%| F|  |TAMS 0x0000000087200000, 0x0000000087200000| Untracked 
|  53|0x0000000087300000, 0x0000000087300000, 0x0000000087400000|  0%| F|  |TAMS 0x0000000087300000, 0x0000000087300000| Untracked 
|  54|0x0000000087400000, 0x0000000087400000, 0x0000000087500000|  0%| F|  |TAMS 0x0000000087400000, 0x0000000087400000| Untracked 
|  55|0x0000000087500000, 0x0000000087500000, 0x0000000087600000|  0%| F|  |TAMS 0x0000000087500000, 0x0000000087500000| Untracked 
|  56|0x0000000087600000, 0x0000000087600000, 0x0000000087700000|  0%| F|  |TAMS 0x0000000087600000, 0x0000000087600000| Untracked 
|  57|0x0000000087700000, 0x0000000087700000, 0x0000000087800000|  0%| F|  |TAMS 0x0000000087700000, 0x0000000087700000| Untracked 
|  58|0x0000000087800000, 0x0000000087800000, 0x0000000087900000|  0%| F|  |TAMS 0x0000000087800000, 0x0000000087800000| Untracked 
|  59|0x0000000087900000, 0x0000000087900000, 0x0000000087a00000|  0%| F|  |TAMS 0x0000000087900000, 0x0000000087900000| Untracked 
|  60|0x0000000087a00000, 0x0000000087a00000, 0x0000000087b00000|  0%| F|  |TAMS 0x0000000087a00000, 0x0000000087a00000| Untracked 
|  61|0x0000000087b00000, 0x0000000087b00000, 0x0000000087c00000|  0%| F|  |TAMS 0x0000000087b00000, 0x0000000087b00000| Untracked 
|  62|0x0000000087c00000, 0x0000000087c00000, 0x0000000087d00000|  0%| F|  |TAMS 0x0000000087c00000, 0x0000000087c00000| Untracked 
|  63|0x0000000087d00000, 0x0000000087d00000, 0x0000000087e00000|  0%| F|  |TAMS 0x0000000087d00000, 0x0000000087d00000| Untracked 
|  64|0x0000000087e00000, 0x0000000087e00000, 0x0000000087f00000|  0%| F|  |TAMS 0x0000000087e00000, 0x0000000087e00000| Untracked 
|  65|0x0000000087f00000, 0x0000000087f00000, 0x0000000088000000|  0%| F|  |TAMS 0x0000000087f00000, 0x0000000087f00000| Untracked 
|  66|0x0000000088000000, 0x0000000088000000, 0x0000000088100000|  0%| F|  |TAMS 0x0000000088000000, 0x0000000088000000| Untracked 
|  67|0x0000000088100000, 0x0000000088100000, 0x0000000088200000|  0%| F|  |TAMS 0x0000000088100000, 0x0000000088100000| Untracked 
|  68|0x0000000088200000, 0x0000000088200000, 0x0000000088300000|  0%| F|  |TAMS 0x0000000088200000, 0x0000000088200000| Untracked 
|  69|0x0000000088300000, 0x0000000088300000, 0x0000000088400000|  0%| F|  |TAMS 0x0000000088300000, 0x0000000088300000| Untracked 
|  70|0x0000000088400000, 0x0000000088400000, 0x0000000088500000|  0%| F|  |TAMS 0x0000000088400000, 0x0000000088400000| Untracked 
|  71|0x0000000088500000, 0x0000000088500000, 0x0000000088600000|  0%| F|  |TAMS 0x0000000088500000, 0x0000000088500000| Untracked 
|  72|0x0000000088600000, 0x0000000088600000, 0x0000000088700000|  0%| F|  |TAMS 0x0000000088600000, 0x0000000088600000| Untracked 
|  73|0x0000000088700000, 0x0000000088700000, 0x0000000088800000|  0%| F|  |TAMS 0x0000000088700000, 0x0000000088700000| Untracked 
|  74|0x0000000088800000, 0x0000000088800000, 0x0000000088900000|  0%| F|  |TAMS 0x0000000088800000, 0x0000000088800000| Untracked 
|  75|0x0000000088900000, 0x0000000088900000, 0x0000000088a00000|  0%| F|  |TAMS 0x0000000088900000, 0x0000000088900000| Untracked 
|  76|0x0000000088a00000, 0x0000000088a00000, 0x0000000088b00000|  0%| F|  |TAMS 0x0000000088a00000, 0x0000000088a00000| Untracked 
|  77|0x0000000088b00000, 0x0000000088b00000, 0x0000000088c00000|  0%| F|  |TAMS 0x0000000088b00000, 0x0000000088b00000| Untracked 
|  78|0x0000000088c00000, 0x0000000088c00000, 0x0000000088d00000|  0%| F|  |TAMS 0x0000000088c00000, 0x0000000088c00000| Untracked 
|  79|0x0000000088d00000, 0x0000000088d00000, 0x0000000088e00000|  0%| F|  |TAMS 0x0000000088d00000, 0x0000000088d00000| Untracked 
|  80|0x0000000088e00000, 0x0000000088e00000, 0x0000000088f00000|  0%| F|  |TAMS 0x0000000088e00000, 0x0000000088e00000| Untracked 
|  81|0x0000000088f00000, 0x0000000088f00000, 0x0000000089000000|  0%| F|  |TAMS 0x0000000088f00000, 0x0000000088f00000| Untracked 
|  82|0x0000000089000000, 0x0000000089000000, 0x0000000089100000|  0%| F|  |TAMS 0x0000000089000000, 0x0000000089000000| Untracked 
|  83|0x0000000089100000, 0x0000000089100000, 0x0000000089200000|  0%| F|  |TAMS 0x0000000089100000, 0x0000000089100000| Untracked 
|  84|0x0000000089200000, 0x0000000089200000, 0x0000000089300000|  0%| F|  |TAMS 0x0000000089200000, 0x0000000089200000| Untracked 
|  85|0x0000000089300000, 0x0000000089300000, 0x0000000089400000|  0%| F|  |TAMS 0x0000000089300000, 0x0000000089300000| Untracked 
|  86|0x0000000089400000, 0x0000000089400000, 0x0000000089500000|  0%| F|  |TAMS 0x0000000089400000, 0x0000000089400000| Untracked 
|  87|0x0000000089500000, 0x0000000089500000, 0x0000000089600000|  0%| F|  |TAMS 0x0000000089500000, 0x0000000089500000| Untracked 
|  88|0x0000000089600000, 0x0000000089600000, 0x0000000089700000|  0%| F|  |TAMS 0x0000000089600000, 0x0000000089600000| Untracked 
|  89|0x0000000089700000, 0x0000000089700000, 0x0000000089800000|  0%| F|  |TAMS 0x0000000089700000, 0x0000000089700000| Untracked 
|  90|0x0000000089800000, 0x0000000089800000, 0x0000000089900000|  0%| F|  |TAMS 0x0000000089800000, 0x0000000089800000| Untracked 
|  91|0x0000000089900000, 0x0000000089900000, 0x0000000089a00000|  0%| F|  |TAMS 0x0000000089900000, 0x0000000089900000| Untracked 
|  92|0x0000000089a00000, 0x0000000089a00000, 0x0000000089b00000|  0%| F|  |TAMS 0x0000000089a00000, 0x0000000089a00000| Untracked 
|  93|0x0000000089b00000, 0x0000000089b00000, 0x0000000089c00000|  0%| F|  |TAMS 0x0000000089b00000, 0x0000000089b00000| Untracked 
|  94|0x0000000089c00000, 0x0000000089c00000, 0x0000000089d00000|  0%| F|  |TAMS 0x0000000089c00000, 0x0000000089c00000| Untracked 
|  95|0x0000000089d00000, 0x0000000089d00000, 0x0000000089e00000|  0%| F|  |TAMS 0x0000000089d00000, 0x0000000089d00000| Untracked 
|  96|0x0000000089e00000, 0x0000000089e00000, 0x0000000089f00000|  0%| F|  |TAMS 0x0000000089e00000, 0x0000000089e00000| Untracked 
|  97|0x0000000089f00000, 0x0000000089f00000, 0x000000008a000000|  0%| F|  |TAMS 0x0000000089f00000, 0x0000000089f00000| Untracked 
|  98|0x000000008a000000, 0x000000008a000000, 0x000000008a100000|  0%| F|  |TAMS 0x000000008a000000, 0x000000008a000000| Untracked 
|  99|0x000000008a100000, 0x000000008a100000, 0x000000008a200000|  0%| F|  |TAMS 0x000000008a100000, 0x000000008a100000| Untracked 
| 100|0x000000008a200000, 0x000000008a200000, 0x000000008a300000|  0%| F|  |TAMS 0x000000008a200000, 0x000000008a200000| Untracked 
| 101|0x000000008a300000, 0x000000008a300000, 0x000000008a400000|  0%| F|  |TAMS 0x000000008a300000, 0x000000008a300000| Untracked 
| 102|0x000000008a400000, 0x000000008a400000, 0x000000008a500000|  0%| F|  |TAMS 0x000000008a400000, 0x000000008a400000| Untracked 
| 103|0x000000008a500000, 0x000000008a500000, 0x000000008a600000|  0%| F|  |TAMS 0x000000008a500000, 0x000000008a500000| Untracked 
| 104|0x000000008a600000, 0x000000008a600000, 0x000000008a700000|  0%| F|  |TAMS 0x000000008a600000, 0x000000008a600000| Untracked 
| 105|0x000000008a700000, 0x000000008a700000, 0x000000008a800000|  0%| F|  |TAMS 0x000000008a700000, 0x000000008a700000| Untracked 
| 106|0x000000008a800000, 0x000000008a800000, 0x000000008a900000|  0%| F|  |TAMS 0x000000008a800000, 0x000000008a800000| Untracked 
| 107|0x000000008a900000, 0x000000008a900000, 0x000000008aa00000|  0%| F|  |TAMS 0x000000008a900000, 0x000000008a900000| Untracked 
| 108|0x000000008aa00000, 0x000000008aa00000, 0x000000008ab00000|  0%| F|  |TAMS 0x000000008aa00000, 0x000000008aa00000| Untracked 
| 109|0x000000008ab00000, 0x000000008ab00000, 0x000000008ac00000|  0%| F|  |TAMS 0x000000008ab00000, 0x000000008ab00000| Untracked 
| 110|0x000000008ac00000, 0x000000008ac00000, 0x000000008ad00000|  0%| F|  |TAMS 0x000000008ac00000, 0x000000008ac00000| Untracked 
| 111|0x000000008ad00000, 0x000000008ad76458, 0x000000008ae00000| 46%| E|  |TAMS 0x000000008ad00000, 0x000000008ad00000| Complete 
| 112|0x000000008ae00000, 0x000000008af00000, 0x000000008af00000|100%| E|CS|TAMS 0x000000008ae00000, 0x000000008ae00000| Complete 
| 113|0x000000008af00000, 0x000000008b000000, 0x000000008b000000|100%| E|CS|TAMS 0x000000008af00000, 0x000000008af00000| Complete 
| 114|0x000000008b000000, 0x000000008b100000, 0x000000008b100000|100%| E|CS|TAMS 0x000000008b000000, 0x000000008b000000| Complete 
| 115|0x000000008b100000, 0x000000008b200000, 0x000000008b200000|100%| E|CS|TAMS 0x000000008b100000, 0x000000008b100000| Complete 
| 116|0x000000008b200000, 0x000000008b300000, 0x000000008b300000|100%| E|CS|TAMS 0x000000008b200000, 0x000000008b200000| Complete 
| 117|0x000000008b300000, 0x000000008b400000, 0x000000008b400000|100%| E|CS|TAMS 0x000000008b300000, 0x000000008b300000| Complete 
| 118|0x000000008b400000, 0x000000008b500000, 0x000000008b500000|100%| E|CS|TAMS 0x000000008b400000, 0x000000008b400000| Complete 
| 119|0x000000008b500000, 0x000000008b600000, 0x000000008b600000|100%| E|CS|TAMS 0x000000008b500000, 0x000000008b500000| Complete 
| 120|0x000000008b600000, 0x000000008b700000, 0x000000008b700000|100%| E|CS|TAMS 0x000000008b600000, 0x000000008b600000| Complete 
| 121|0x000000008b700000, 0x000000008b800000, 0x000000008b800000|100%| E|CS|TAMS 0x000000008b700000, 0x000000008b700000| Complete 
| 122|0x000000008b800000, 0x000000008b900000, 0x000000008b900000|100%| E|  |TAMS 0x000000008b800000, 0x000000008b800000| Complete 
| 123|0x000000008b900000, 0x000000008ba00000, 0x000000008ba00000|100%| E|CS|TAMS 0x000000008b900000, 0x000000008b900000| Complete 
| 124|0x000000008ba00000, 0x000000008bb00000, 0x000000008bb00000|100%| E|CS|TAMS 0x000000008ba00000, 0x000000008ba00000| Complete 
| 125|0x000000008bb00000, 0x000000008bc00000, 0x000000008bc00000|100%| E|CS|TAMS 0x000000008bb00000, 0x000000008bb00000| Complete 

Card table byte_map: [0x00000260d4560000,0x00000260d4950000] _byte_map_base: 0x00000260d4141000

Marking Bits (Prev, Next): (CMBitMap*) 0x00000260bd5f7390, (CMBitMap*) 0x00000260bd5f73d0
 Prev Bits: [0x00000260d4d40000, 0x00000260d6c48000)
 Next Bits: [0x00000260d6c50000, 0x00000260d8b58000)

Polling page: 0x00000260bc870000

Metaspace:

Usage:
  Non-class:      7.43 MB used.
      Class:      1.01 MB used.
       Both:      8.44 MB used.

Virtual space:
  Non-class space:       64.00 MB reserved,       7.50 MB ( 12%) committed,  1 nodes.
      Class space:        1.00 GB reserved,       1.12 MB ( <1%) committed,  1 nodes.
             Both:        1.06 GB reserved,       8.62 MB ( <1%) committed. 

Chunk freelists:
   Non-Class:  6.05 MB
       Class:  14.85 MB
        Both:  20.90 MB

MaxMetaspaceSize: unlimited
CompressedClassSpaceSize: 1.00 GB
Initial GC threshold: 21.00 MB
Current GC threshold: 21.00 MB
CDS: on
MetaspaceReclaimPolicy: balanced
 - commit_granule_bytes: 65536.
 - commit_granule_words: 8192.
 - virtual_space_node_default_size: 8388608.
 - enlarge_chunks_in_place: 1.
 - new_chunks_are_fully_committed: 0.
 - uncommit_free_chunks: 1.
 - use_allocation_guard: 0.
 - handle_deallocations: 1.


Internal statistics:

num_allocs_failed_limit: 0.
num_arena_births: 74.
num_arena_deaths: 0.
num_vsnodes_births: 2.
num_vsnodes_deaths: 0.
num_space_committed: 139.
num_space_uncommitted: 0.
num_chunks_returned_to_freelist: 0.
num_chunks_taken_from_freelist: 369.
num_chunk_merges: 0.
num_chunk_splits: 257.
num_chunks_enlarged: 208.
num_purges: 0.
num_inconsistent_stats: 0.

CodeHeap 'non-profiled nmethods': size=120000Kb used=265Kb max_used=265Kb free=119735Kb
 bounds [0x00000260cc910000, 0x00000260ccb80000, 0x00000260d3e40000]
CodeHeap 'profiled nmethods': size=120000Kb used=1840Kb max_used=1840Kb free=118159Kb
 bounds [0x00000260c4e40000, 0x00000260c50b0000, 0x00000260cc370000]
CodeHeap 'non-nmethods': size=5760Kb used=1140Kb max_used=1157Kb free=4619Kb
 bounds [0x00000260cc370000, 0x00000260cc5e0000, 0x00000260cc910000]
 total_blobs=1478 nmethods=1059 adapters=331
 compilation: enabled
              stopped_count=0, restarted_count=0
 full_count=0

Compilation events (20 events):
Event: 0.508 Thread 0x00000260db578b30 nmethod 952 0x00000260c4fd1a90 code [0x00000260c4fd1c40, 0x00000260c4fd1eb8]
Event: 0.508 Thread 0x00000260db578b30  953       3       com.sun.tools.javac.code.Type$ClassType::<init> (11 bytes)
Event: 0.508 Thread 0x00000260db578b30 nmethod 953 0x00000260c4fd2010 code [0x00000260c4fd21c0, 0x00000260c4fd2308]
Event: 0.508 Thread 0x00000260db578b30  948       3       com.sun.tools.javac.jvm.ClassReader::sigToType (893 bytes)
Event: 0.511 Thread 0x00000260db578b30 nmethod 948 0x00000260c4fd2410 code [0x00000260c4fd29a0, 0x00000260c4fd5c08]
Event: 0.511 Thread 0x00000260db578b30  949       3       com.sun.tools.javac.code.Type::hasTag (14 bytes)
Event: 0.511 Thread 0x00000260db578b30 nmethod 949 0x00000260c4fd6b10 code [0x00000260c4fd6cc0, 0x00000260c4fd6ee8]
Event: 0.511 Thread 0x00000260db578b30  947       1       com.sun.tools.javac.code.Type$JCPrimitiveType::getTag (5 bytes)
Event: 0.511 Thread 0x00000260db578b30 nmethod 947 0x00000260cc94f310 code [0x00000260cc94f4a0, 0x00000260cc94f578]
Event: 0.511 Thread 0x00000260db578b30  950       1       com.sun.tools.javac.code.Type$ClassType::getEnclosingType (5 bytes)
Event: 0.511 Thread 0x00000260db578b30 nmethod 950 0x00000260cc94f610 code [0x00000260cc94f7a0, 0x00000260cc94f878]
Event: 0.511 Thread 0x00000260db578b30  955       3       java.lang.invoke.MethodHandleNatives::findMethodHandleType (7 bytes)
Event: 0.511 Thread 0x00000260db578b30 nmethod 955 0x00000260c4fd6f90 code [0x00000260c4fd7120, 0x00000260c4fd7248]
Event: 0.511 Thread 0x00000260db578b30  954       1       java.util.stream.ReferencePipeline$StatelessOp::opIsStateful (2 bytes)
Event: 0.511 Thread 0x00000260db578b30 nmethod 954 0x00000260cc94f910 code [0x00000260cc94faa0, 0x00000260cc94fb78]
Event: 0.511 Thread 0x00000260db578b30  895       3       jdk.internal.org.objectweb.asm.Label::resolve (219 bytes)
Event: 0.512 Thread 0x00000260db578b30 nmethod 895 0x00000260c4fd7310 code [0x00000260c4fd74e0, 0x00000260c4fd7a18]
Event: 0.512 Thread 0x00000260db578b30  956       3       java.lang.invoke.DirectMethodHandle::preparedLambdaForm (244 bytes)
Event: 0.513 Thread 0x00000260db578b30 nmethod 956 0x00000260c4fd7d10 code [0x00000260c4fd8000, 0x00000260c4fd8f98]
Event: 0.513 Thread 0x00000260db578b30  957       3       java.lang.invoke.TypeConvertingMethodAdapter::convertType (299 bytes)

GC Heap History (0 events):
No events

Deoptimization events (10 events):
Event: 0.199 Thread 0x00000260bd599fa0 DEOPT PACKING pc=0x00000260c4e67767 sp=0x000000f8404fae60
Event: 0.199 Thread 0x00000260bd599fa0 DEOPT UNPACKING pc=0x00000260cc3c2b43 sp=0x000000f8404fa280 mode 0
Event: 0.306 Thread 0x00000260bd599fa0 Uncommon trap: trap_request=0xffffff45 fr.pc=0x00000260cc91ce60 relative=0x0000000000000900
Event: 0.306 Thread 0x00000260bd599fa0 Uncommon trap: reason=unstable_if action=reinterpret pc=0x00000260cc91ce60 method=java.util.HashMap.putVal(ILjava/lang/Object;Ljava/lang/Object;ZZ)Ljava/lang/Object; @ 181 c2
Event: 0.306 Thread 0x00000260bd599fa0 DEOPT PACKING pc=0x00000260cc91ce60 sp=0x000000f8404fe640
Event: 0.306 Thread 0x00000260bd599fa0 DEOPT UNPACKING pc=0x00000260cc3c23a3 sp=0x000000f8404fe5f0 mode 2
Event: 0.436 Thread 0x00000260bd599fa0 Uncommon trap: trap_request=0xffffffde fr.pc=0x00000260cc947c88 relative=0x0000000000000548
Event: 0.436 Thread 0x00000260bd599fa0 Uncommon trap: reason=class_check action=maybe_recompile pc=0x00000260cc947c88 method=java.util.HashMap.getNode(Ljava/lang/Object;)Ljava/util/HashMap$Node; @ 128 c2
Event: 0.436 Thread 0x00000260bd599fa0 DEOPT PACKING pc=0x00000260cc947c88 sp=0x000000f8404fe5c0
Event: 0.436 Thread 0x00000260bd599fa0 DEOPT UNPACKING pc=0x00000260cc3c23a3 sp=0x000000f8404fe538 mode 2

Classes unloaded (0 events):
No events

Classes redefined (0 events):
No events

Internal exceptions (19 events):
Event: 0.157 Thread 0x00000260bd599fa0 Exception <a 'java/lang/NoSuchMethodError'{0x000000008b957c20}: 'void java.lang.invoke.DirectMethodHandle$Holder.invokeSpecial(java.lang.Object, java.lang.Object, java.lang.Object)'> (0x000000008b957c20) 
thrown [s\open\src\hotspot\share\interpreter\linkResolver.cpp, line 759]
Event: 0.172 Thread 0x00000260bd599fa0 Exception <a 'java/lang/NoSuchMethodError'{0x000000008b999fc0}: 'void java.lang.invoke.DirectMethodHandle$Holder.invokeStatic(java.lang.Object, java.lang.Object)'> (0x000000008b999fc0) 
thrown [s\open\src\hotspot\share\interpreter\linkResolver.cpp, line 759]
Event: 0.175 Thread 0x00000260bd599fa0 Exception <a 'java/lang/NoSuchMethodError'{0x000000008b9acae0}: 'int java.lang.invoke.DirectMethodHandle$Holder.invokeVirtual(java.lang.Object, java.lang.Object, java.lang.Object)'> (0x000000008b9acae0) 
thrown [s\open\src\hotspot\share\interpreter\linkResolver.cpp, line 759]
Event: 0.176 Thread 0x00000260bd599fa0 Exception <a 'java/lang/NoSuchMethodError'{0x000000008b9b3068}: 'void java.lang.invoke.DirectMethodHandle$Holder.invokeInterface(java.lang.Object, java.lang.Object, java.lang.Object)'> (0x000000008b9b3068) 
thrown [s\open\src\hotspot\share\interpreter\linkResolver.cpp, line 759]
Event: 0.247 Thread 0x00000260bd599fa0 Exception <a 'java/lang/NoSuchMethodError'{0x000000008b73e4b8}: 'int java.lang.invoke.DirectMethodHandle$Holder.invokeStaticInit(java.lang.Object, java.lang.Object)'> (0x000000008b73e4b8) 
thrown [s\open\src\hotspot\share\interpreter\linkResolver.cpp, line 759]
Event: 0.295 Thread 0x00000260bd599fa0 Exception <a 'java/lang/NoSuchMethodError'{0x000000008b7da9b0}: 'int java.lang.invoke.DirectMethodHandle$Holder.invokeVirtual(java.lang.Object, java.lang.Object)'> (0x000000008b7da9b0) 
thrown [s\open\src\hotspot\share\interpreter\linkResolver.cpp, line 759]
Event: 0.301 Thread 0x00000260bd599fa0 Exception <a 'java/lang/NoSuchMethodError'{0x000000008b601b28}: 'java.lang.Object java.lang.invoke.DirectMethodHandle$Holder.newInvokeSpecial(java.lang.Object, java.lang.Object, java.lang.Object, java.lang.Object, java.lang.Object)'> (0x000000008b601b28) 
thrown [s\open\src\hotspot\share\interpreter\linkResolver.cpp, line 759]
Event: 0.303 Thread 0x00000260bd599fa0 Exception <a 'java/lang/NoSuchMethodError'{0x000000008b60ffc8}: 'java.lang.Object java.lang.invoke.DirectMethodHandle$Holder.newInvokeSpecial(java.lang.Object, java.lang.Object, java.lang.Object, java.lang.Object, java.lang.Object, java.lang.Object)'> (0x000000008b60ffc8) 
thrown [s\open\src\hotspot\share\interpreter\linkResolver.cpp, line 759]
Event: 0.340 Thread 0x00000260bd599fa0 Exception <a 'java/lang/NoSuchMethodError'{0x000000008b689bc8}: 'java.lang.Object java.lang.invoke.DirectMethodHandle$Holder.invokeVirtual(java.lang.Object, java.lang.Object, java.lang.Object)'> (0x000000008b689bc8) 
thrown [s\open\src\hotspot\share\interpreter\linkResolver.cpp, line 759]
Event: 0.342 Thread 0x00000260bd599fa0 Exception <a 'java/lang/NoSuchMethodError'{0x000000008b695740}: 'int java.lang.invoke.DirectMethodHandle$Holder.invokeInterface(java.lang.Object, java.lang.Object)'> (0x000000008b695740) 
thrown [s\open\src\hotspot\share\interpreter\linkResolver.cpp, line 759]
Event: 0.369 Thread 0x00000260bd599fa0 Exception <a 'java/lang/NoSuchMethodError'{0x000000008b6d3a50}: 'java.lang.Object java.lang.invoke.DirectMethodHandle$Holder.invokeStaticInit(java.lang.Object)'> (0x000000008b6d3a50) 
thrown [s\open\src\hotspot\share\interpreter\linkResolver.cpp, line 759]
Event: 0.398 Thread 0x00000260bd599fa0 Exception <a 'java/lang/NoSuchMethodError'{0x000000008b59ad48}: 'java.lang.Object java.lang.invoke.DirectMethodHandle$Holder.invokeVirtual(java.lang.Object, java.lang.Object, java.lang.Object, int, int)'> (0x000000008b59ad48) 
thrown [s\open\src\hotspot\share\interpreter\linkResolver.cpp, line 759]
Event: 0.399 Thread 0x00000260bd599fa0 Exception <a 'java/lang/NoSuchMethodError'{0x000000008b5a1908}: 'java.lang.Object java.lang.invoke.DirectMethodHandle$Holder.invokeVirtual(java.lang.Object, java.lang.Object, int)'> (0x000000008b5a1908) 
thrown [s\open\src\hotspot\share\interpreter\linkResolver.cpp, line 759]
Event: 0.402 Thread 0x00000260bd599fa0 Exception <a 'java/lang/NoSuchMethodError'{0x000000008b5b7ca8}: 'java.lang.Object java.lang.invoke.DirectMethodHandle$Holder.invokeSpecial(java.lang.Object, java.lang.Object, java.lang.Object, int, int)'> (0x000000008b5b7ca8) 
thrown [s\open\src\hotspot\share\interpreter\linkResolver.cpp, line 759]
Event: 0.430 Thread 0x00000260bd599fa0 Exception <a 'sun/nio/fs/WindowsException'{0x000000008b4e1388}> (0x000000008b4e1388) 
thrown [s\open\src\hotspot\share\prims\jni.cpp, line 516]
Event: 0.431 Thread 0x00000260bd599fa0 Exception <a 'sun/nio/fs/WindowsException'{0x000000008b4e1780}> (0x000000008b4e1780) 
thrown [s\open\src\hotspot\share\prims\jni.cpp, line 516]
Event: 0.473 Thread 0x00000260bd599fa0 Exception <a 'java/lang/NoSuchMethodError'{0x000000008b176fb0}: 'java.lang.Object java.lang.invoke.DirectMethodHandle$Holder.invokeStatic(java.lang.Object, java.lang.Object, int, int)'> (0x000000008b176fb0) 
thrown [s\open\src\hotspot\share\interpreter\linkResolver.cpp, line 759]
Event: 0.476 Thread 0x00000260bd599fa0 Exception <a 'java/lang/NoSuchMethodError'{0x000000008b182b60}: 'int java.lang.invoke.DirectMethodHandle$Holder.invokeSpecial(java.lang.Object, java.lang.Object, java.lang.Object)'> (0x000000008b182b60) 
thrown [s\open\src\hotspot\share\interpreter\linkResolver.cpp, line 759]
Event: 0.485 Thread 0x00000260bd599fa0 Exception <a 'java/lang/NoSuchMethodError'{0x000000008b1a9030}: 'java.lang.Object java.lang.invoke.DirectMethodHandle$Holder.invokeInterface(java.lang.Object, java.lang.Object)'> (0x000000008b1a9030) 
thrown [s\open\src\hotspot\share\interpreter\linkResolver.cpp, line 759]

VM Operations (8 events):
Event: 0.071 Executing VM operation: HandshakeAllThreads
Event: 0.071 Executing VM operation: HandshakeAllThreads done
Event: 0.189 Executing VM operation: HandshakeAllThreads
Event: 0.189 Executing VM operation: HandshakeAllThreads done
Event: 0.362 Executing VM operation: HandshakeAllThreads
Event: 0.362 Executing VM operation: HandshakeAllThreads done
Event: 0.374 Executing VM operation: HandshakeAllThreads
Event: 0.374 Executing VM operation: HandshakeAllThreads done

Events (20 events):
Event: 0.443 loading class java/util/stream/Nodes$EmptyNode$OfInt
Event: 0.443 loading class java/util/stream/Node$OfInt
Event: 0.443 loading class java/util/stream/Node$OfPrimitive
Event: 0.443 loading class java/util/stream/Node$OfPrimitive done
Event: 0.443 loading class java/util/stream/Node$OfInt done
Event: 0.443 loading class java/util/stream/Nodes$EmptyNode$OfInt done
Event: 0.443 loading class java/util/stream/Nodes$EmptyNode$OfLong
Event: 0.443 loading class java/util/stream/Node$OfLong
Event: 0.443 loading class java/util/stream/Node$OfLong done
Event: 0.443 loading class java/util/stream/Nodes$EmptyNode$OfLong done
Event: 0.443 loading class java/util/stream/Nodes$EmptyNode$OfDouble
Event: 0.443 loading class java/util/stream/Node$OfDouble
Event: 0.444 loading class java/util/stream/Node$OfDouble done
Event: 0.444 loading class java/util/stream/Nodes$EmptyNode$OfDouble done
Event: 0.444 loading class java/util/stream/Nodes$SpinedNodeBuilder
Event: 0.444 loading class java/util/stream/Node$Builder
Event: 0.444 loading class java/util/stream/Node$Builder done
Event: 0.444 loading class java/util/stream/Nodes$SpinedNodeBuilder done
Event: 0.488 loading class java/lang/invoke/MethodHandle$1
Event: 0.488 loading class java/lang/invoke/MethodHandle$1 done


Dynamic libraries:
0x00007ff63e2f0000 - 0x00007ff63e300000 	C:\Program Files\Java\jdk-17\bin\java.exe
0x00007fff37810000 - 0x00007fff37a27000 	C:\WINDOWS\SYSTEM32\ntdll.dll
0x00007fff36c80000 - 0x00007fff36d44000 	C:\WINDOWS\System32\KERNEL32.DLL
0x00007fff34d50000 - 0x00007fff3510a000 	C:\WINDOWS\System32\KERNELBASE.dll
0x00007fff34b80000 - 0x00007fff34c91000 	C:\WINDOWS\System32\ucrtbase.dll
0x00007ffefecf0000 - 0x00007ffefed0b000 	C:\Program Files\Java\jdk-17\bin\VCRUNTIME140.dll
0x00007ffefed10000 - 0x00007ffefed29000 	C:\Program Files\Java\jdk-17\bin\jli.dll
0x00007fff36e00000 - 0x00007fff36eb2000 	C:\WINDOWS\System32\ADVAPI32.dll
0x00007fff37420000 - 0x00007fff374c7000 	C:\WINDOWS\System32\msvcrt.dll
0x00007fff35a70000 - 0x00007fff35b17000 	C:\WINDOWS\System32\sechost.dll
0x00007fff352b0000 - 0x00007fff352d8000 	C:\WINDOWS\System32\bcrypt.dll
0x00007fff36740000 - 0x00007fff36854000 	C:\WINDOWS\System32\RPCRT4.dll
0x00007fff35cd0000 - 0x00007fff35e7e000 	C:\WINDOWS\System32\USER32.dll
0x00007fff34ca0000 - 0x00007fff34cc6000 	C:\WINDOWS\System32\win32u.dll
0x00007fff36bf0000 - 0x00007fff36c19000 	C:\WINDOWS\System32\GDI32.dll
0x00007fff1c360000 - 0x00007fff1c5f2000 	C:\WINDOWS\WinSxS\amd64_microsoft.windows.common-controls_6595b64144ccf1df_6.0.22621.4541_none_2710d1c57384c085\COMCTL32.dll
0x00007fff35110000 - 0x00007fff3522b000 	C:\WINDOWS\System32\gdi32full.dll
0x00007fff34ae0000 - 0x00007fff34b7a000 	C:\WINDOWS\System32\msvcp_win.dll
0x00007fff21f70000 - 0x00007fff21f7a000 	C:\WINDOWS\SYSTEM32\VERSION.dll
0x00007fff02ca0000 - 0x00007fff02cac000 	C:\Program Files\Java\jdk-17\bin\vcruntime140_1.dll
0x00007ffefea00000 - 0x00007ffefea8e000 	C:\Program Files\Java\jdk-17\bin\msvcp140.dll
0x00007ffefde20000 - 0x00007ffefe9fe000 	C:\Program Files\Java\jdk-17\bin\server\jvm.dll
0x00007fff36c20000 - 0x00007fff36c28000 	C:\WINDOWS\System32\PSAPI.DLL
0x00007fff0c360000 - 0x00007fff0c369000 	C:\WINDOWS\SYSTEM32\WSOCK32.dll
0x00007fff2eea0000 - 0x00007fff2eed4000 	C:\WINDOWS\SYSTEM32\WINMM.dll
0x00007fff37750000 - 0x00007fff377c1000 	C:\WINDOWS\System32\WS2_32.dll
0x00007fff33b20000 - 0x00007fff33b38000 	C:\WINDOWS\SYSTEM32\kernel.appcore.dll
0x00007ffefde10000 - 0x00007ffefde1a000 	C:\Program Files\Java\jdk-17\bin\jimage.dll
0x00007fff2f3a0000 - 0x00007fff2f5d2000 	C:\WINDOWS\SYSTEM32\DBGHELP.DLL
0x00007fff36860000 - 0x00007fff36bef000 	C:\WINDOWS\System32\combase.dll
0x00007fff37500000 - 0x00007fff375d7000 	C:\WINDOWS\System32\OLEAUT32.dll
0x00007ffefddd0000 - 0x00007ffefde02000 	C:\WINDOWS\SYSTEM32\dbgcore.DLL
0x00007fff35230000 - 0x00007fff352ab000 	C:\WINDOWS\System32\bcryptPrimitives.dll
0x00007ffefdd30000 - 0x00007ffefdd55000 	C:\Program Files\Java\jdk-17\bin\java.dll
0x00007ffefd410000 - 0x00007ffefd4e7000 	C:\Program Files\Java\jdk-17\bin\jsvml.dll
0x00007fff35ec0000 - 0x00007fff36738000 	C:\WINDOWS\System32\SHELL32.dll
0x00007fff32a20000 - 0x00007fff33328000 	C:\WINDOWS\SYSTEM32\windows.storage.dll
0x00007fff328e0000 - 0x00007fff32a1f000 	C:\WINDOWS\SYSTEM32\wintypes.dll
0x00007fff35bb0000 - 0x00007fff35caa000 	C:\WINDOWS\System32\SHCORE.dll
0x00007fff375f0000 - 0x00007fff3764e000 	C:\WINDOWS\System32\shlwapi.dll
0x00007fff34a10000 - 0x00007fff34a3b000 	C:\WINDOWS\SYSTEM32\profapi.dll
0x00007ffefcfb0000 - 0x00007ffefcfc9000 	C:\Program Files\Java\jdk-17\bin\net.dll
0x00007fff2ea80000 - 0x00007fff2ebb6000 	C:\WINDOWS\SYSTEM32\WINHTTP.dll
0x00007fff33fa0000 - 0x00007fff34009000 	C:\WINDOWS\system32\mswsock.dll
0x00007ffefcf90000 - 0x00007ffefcfa6000 	C:\Program Files\Java\jdk-17\bin\nio.dll

dbghelp: loaded successfully - version: 4.0.5 - missing functions: none
symbol engine: initialized successfully - sym options: 0x614 - pdb path: .;C:\Program Files\Java\jdk-17\bin;C:\WINDOWS\SYSTEM32;C:\WINDOWS\WinSxS\amd64_microsoft.windows.common-controls_6595b64144ccf1df_6.0.22621.4541_none_2710d1c57384c085;C:\Program Files\Java\jdk-17\bin\server

VM Arguments:
jvm_args: --add-modules=ALL-DEFAULT 
java_command: jdk.compiler/com.sun.tools.javac.launcher.Main IFBLOCKS1.java
java_class_path (initial): .
Launcher Type: SUN_STANDARD

[Global flags]
     intx CICompilerCount                          = 4                                         {product} {ergonomic}
     uint ConcGCThreads                            = 2                                         {product} {ergonomic}
     uint G1ConcRefinementThreads                  = 8                                         {product} {ergonomic}
   size_t G1HeapRegionSize                         = 1048576                                   {product} {ergonomic}
    uintx GCDrainStackTargetSize                   = 64                                        {product} {ergonomic}
   size_t InitialHeapSize                          = 132120576                                 {product} {ergonomic}
   size_t MarkStackSize                            = 4194304                                   {product} {ergonomic}
   size_t MaxHeapSize                              = 2082471936                                {product} {ergonomic}
   size_t MaxNewSize                               = 1248854016                                {product} {ergonomic}
   size_t MinHeapDeltaBytes                        = 1048576                                   {product} {ergonomic}
   size_t MinHeapSize                              = 8388608                                   {product} {ergonomic}
    uintx NonNMethodCodeHeapSize                   = 5839372                                {pd product} {ergonomic}
    uintx NonProfiledCodeHeapSize                  = 122909434                              {pd product} {ergonomic}
    uintx ProfiledCodeHeapSize                     = 122909434                              {pd product} {ergonomic}
    uintx ReservedCodeCacheSize                    = 251658240                              {pd product} {ergonomic}
     bool SegmentedCodeCache                       = true                                      {product} {ergonomic}
   size_t SoftMaxHeapSize                          = 2082471936                             {manageable} {ergonomic}
     bool UseCompressedClassPointers               = true                           {product lp64_product} {ergonomic}
     bool UseCompressedOops                        = true                           {product lp64_product} {ergonomic}
     bool UseG1GC                                  = true                                      {product} {ergonomic}
     bool UseLargePagesIndividualAllocation        = false                                  {pd product} {ergonomic}

Logging:
Log output configuration:
 #0: stdout all=warning uptime,level,tags
 #1: stderr all=off uptime,level,tags

Environment Variables:
JAVA_HOME=C:\Program Files\Java\jdk-17
PATH=C:\Program Files\Java\jdk-17/bin;C:\Program Files\Java\jdk-17/bin;C:\Program Files\Common Files\Oracle\Java\javapath;;C:\WINDOWS\system32;C:\WINDOWS;C:\WINDOWS\System32\Wbem;C:\WINDOWS\System32\WindowsPowerShell\v1.0\;C:\WINDOWS\System32\OpenSSH\;C:\Program Files (x86)\Microsoft SQL Server\110\Tools\Binn\;C:\Program Files\Microsoft SQL Server\110\Tools\Binn\;C:\Program Files\Microsoft SQL Server\110\DTS\Binn\;C:\Program Files\dotnet\;C:\Program Files\Microsoft SQL Server\Client SDK\ODBC\130\Tools\Binn\;C:\Program Files (x86)\Microsoft SQL Server\140\Tools\Binn\;C:\Program Files\Microsoft SQL Server\140\Tools\Binn\;C:\Program Files\Microsoft SQL Server\140\DTS\Binn\;C:\Program Files (x86)\Microsoft SQL Server\160\DTS\Binn\;C:\Program Files\Azure Data Studio\bin;C:\Program Files\Git\cmd;%COSMOSM%;C:\WINDOWS\system32\config\systemprofile\AppData\Local\Microsoft\WindowsApps
USERNAME=DESKTOP-EI4D21P$
OS=Windows_NT
PROCESSOR_IDENTIFIER=Intel64 Family 6 Model 142 Stepping 12, GenuineIntel



---------------  S Y S T E M  ---------------

OS:
 Windows 11 , 64 bit Build 22621 (10.0.22621.4391)
OS uptime: 27 days 9:03 hours

CPU: total 8 (initial active 8) (4 cores per cpu, 2 threads per core) family 6 model 142 stepping 12 microcode 0xde, cx8, cmov, fxsr, ht, mmx, 3dnowpref, sse, sse2, sse3, ssse3, sse4.1, sse4.2, popcnt, lzcnt, tsc, tscinvbit, avx, avx2, aes, erms, clmul, bmi1, bmi2, adx, fma, vzeroupper, clflush, clflushopt

Memory: 4k page, system-wide physical 7942M (295M free)
TotalPageFile size 32518M (AvailPageFile size 109M)
current process WorkingSet (physical memory assigned to process): 70M, peak: 70M
current process commit charge ("private bytes"): 222M, peak: 222M

vm_info: Java HotSpot(TM) 64-Bit Server VM (17.0.8+9-LTS-211) for windows-amd64 JRE (17.0.8+9-LTS-211), built on Jun 14 2023 10:34:31 by "mach5one" with MS VC++ 17.1 (VS2022)

END.
