#
# There is insufficient memory for the Java Runtime Environment to continue.
# Native memory allocation (mmap) failed to map 4194304 bytes for G1 virtual space
# Possible reasons:
#   The system is out of physical RAM or swap space
#   The process is running with CompressedOops enabled, and the Java Heap may be blocking the growth of the native heap
# Possible solutions:
#   Reduce memory load on the system
#   Increase physical memory or swap space
#   Check if swap backing store is full
#   Decrease Java heap size (-Xmx/-Xms)
#   Decrease number of Java threads
#   Decrease Java thread stack sizes (-Xss)
#   Set larger code cache with -XX:ReservedCodeCacheSize=
#   JVM is running with Unscaled Compressed Oops mode in which the Java heap is
#     placed in the first 4GB address space. The Java Heap base address is the
#     maximum limit for the native heap growth. Please use -XX:HeapBaseMinAddress
#     to set the Java Heap base and to place the Java Heap above 4GB virtual address.
# This output file may be truncated or incomplete.
#
#  Out of Memory Error (os_windows.cpp:3550), pid=31872, tid=19556
#
# JRE version: Java(TM) SE Runtime Environment (17.0.8+9) (build 17.0.8+9-LTS-211)
# Java VM: Java HotSpot(TM) 64-Bit Server VM (17.0.8+9-LTS-211, mixed mode, sharing, tiered, compressed oops, compressed class ptrs, g1 gc, windows-amd64)
# No core dump will be written. Minidumps are not enabled by default on client versions of Windows
#

---------------  S U M M A R Y ------------

Command Line: -Dapplication.home=C:\Program Files\Java\jdk-17 --add-modules=ALL-DEFAULT -Xms8m -Djdk.module.main=jdk.compiler jdk.compiler/com.sun.tools.javac.Main IFBLOCKS1.java

Host: Intel(R) Core(TM) i5-10210U CPU @ 1.60GHz, 8 cores, 7G,  Windows 11 , 64 bit Build 22621 (10.0.22621.4391)
Time: Fri Jan 31 19:52:30 2025 India Standard Time elapsed time: 0.931803 seconds (0d 0h 0m 0s)

---------------  T H R E A D  ---------------

Current thread (0x00000142a816f0e0):  VMThread "VM Thread" [stack: 0x00000018f3900000,0x00000018f3a00000] [id=19556]

Stack: [0x00000018f3900000,0x00000018f3a00000]
Native frames: (J=compiled Java code, j=interpreted, Vv=VM code, C=native code)
V  [jvm.dll+0x677d0a]
V  [jvm.dll+0x7d8c54]
V  [jvm.dll+0x7da3fe]
V  [jvm.dll+0x7daa63]
V  [jvm.dll+0x245c5f]
V  [jvm.dll+0x674bb9]
V  [jvm.dll+0x6694f2]
V  [jvm.dll+0x3031d6]
V  [jvm.dll+0x30a756]
V  [jvm.dll+0x359f9e]
V  [jvm.dll+0x35a1cf]
V  [jvm.dll+0x2da3e8]
V  [jvm.dll+0x2d87f5]
V  [jvm.dll+0x2d7dfc]
V  [jvm.dll+0x31b4cb]
V  [jvm.dll+0x7df26b]
V  [jvm.dll+0x7dffa4]
V  [jvm.dll+0x7e04bd]
V  [jvm.dll+0x7e0894]
V  [jvm.dll+0x7e0960]
V  [jvm.dll+0x788bba]
V  [jvm.dll+0x676b35]
C  [ucrtbase.dll+0x29333]
C  [KERNEL32.DLL+0x1259d]
C  [ntdll.dll+0x5af38]

VM_Operation (0x00000018f33fe380): G1CollectForAllocation, mode: safepoint, requested by thread 0x00000142a80ab5e0


---------------  P R O C E S S  ---------------

Threads class SMR info:
_java_thread_list=0x00000143072c1940, length=12, elements={
0x00000142a80ab5e0, 0x00000142a8172cd0, 0x00000142a8173b40, 0x000001430712baa0,
0x000001430712e560, 0x000001430712ef10, 0x000001430712f8c0, 0x000001430713e1c0,
0x000001430713f890, 0x00000143071432d0, 0x000001430727cfd0, 0x00000143072c1140
}

Java Threads: ( => current thread )
  0x00000142a80ab5e0 JavaThread "main" [_thread_blocked, id=26976, stack(0x00000018f3300000,0x00000018f3400000)]
  0x00000142a8172cd0 JavaThread "Reference Handler" daemon [_thread_blocked, id=11964, stack(0x00000018f3a00000,0x00000018f3b00000)]
  0x00000142a8173b40 JavaThread "Finalizer" daemon [_thread_blocked, id=24680, stack(0x00000018f3b00000,0x00000018f3c00000)]
  0x000001430712baa0 JavaThread "Signal Dispatcher" daemon [_thread_blocked, id=24216, stack(0x00000018f3c00000,0x00000018f3d00000)]
  0x000001430712e560 JavaThread "Attach Listener" daemon [_thread_blocked, id=27100, stack(0x00000018f3d00000,0x00000018f3e00000)]
  0x000001430712ef10 JavaThread "Service Thread" daemon [_thread_blocked, id=5148, stack(0x00000018f3e00000,0x00000018f3f00000)]
  0x000001430712f8c0 JavaThread "Monitor Deflation Thread" daemon [_thread_blocked, id=16608, stack(0x00000018f3f00000,0x00000018f4000000)]
  0x000001430713e1c0 JavaThread "C2 CompilerThread0" daemon [_thread_blocked, id=30292, stack(0x00000018f4000000,0x00000018f4100000)]
  0x000001430713f890 JavaThread "C1 CompilerThread0" daemon [_thread_blocked, id=28680, stack(0x00000018f4100000,0x00000018f4200000)]
  0x00000143071432d0 JavaThread "Sweeper thread" daemon [_thread_blocked, id=18992, stack(0x00000018f4200000,0x00000018f4300000)]
  0x000001430727cfd0 JavaThread "Common-Cleaner" daemon [_thread_blocked, id=21256, stack(0x00000018f4300000,0x00000018f4400000)]
  0x00000143072c1140 JavaThread "Notification Thread" daemon [_thread_blocked, id=30252, stack(0x00000018f4400000,0x00000018f4500000)]

Other Threads:
=>0x00000142a816f0e0 VMThread "VM Thread" [stack: 0x00000018f3900000,0x00000018f3a00000] [id=19556]
  0x00000143072c3620 WatcherThread [stack: 0x00000018f4500000,0x00000018f4600000] [id=10056]
  0x00000142a8105f30 GCTaskThread "GC Thread#0" [stack: 0x00000018f3400000,0x00000018f3500000] [id=12824]
  0x000001430750ea90 GCTaskThread "GC Thread#1" [stack: 0x00000018f4600000,0x00000018f4700000] [id=26548]
  0x0000014307537fd0 GCTaskThread "GC Thread#2" [stack: 0x00000018f4700000,0x00000018f4800000] [id=14568]
  0x0000014307538280 GCTaskThread "GC Thread#3" [stack: 0x00000018f4800000,0x00000018f4900000] [id=9376]
  0x000001430761eb60 GCTaskThread "GC Thread#4" [stack: 0x00000018f4900000,0x00000018f4a00000] [id=12844]
  0x0000014307677050 GCTaskThread "GC Thread#5" [stack: 0x00000018f4a00000,0x00000018f4b00000] [id=3544]
  0x00000142a81176c0 ConcurrentGCThread "G1 Main Marker" [stack: 0x00000018f3500000,0x00000018f3600000] [id=22232]
  0x00000142a81190e0 ConcurrentGCThread "G1 Conc#0" [stack: 0x00000018f3600000,0x00000018f3700000] [id=24200]
  0x00000142a8143490 ConcurrentGCThread "G1 Refine#0" [stack: 0x00000018f3700000,0x00000018f3800000] [id=27504]
  0x00000142a8143eb0 ConcurrentGCThread "G1 Service" [stack: 0x00000018f3800000,0x00000018f3900000] [id=32564]

Threads with active compile tasks:
C2 CompilerThread0      984  804       4       jdk.internal.jimage.ImageStringsReader::charsFromByteBufferLength (81 bytes)
C1 CompilerThread0      984  823   !   3       jdk.internal.jrtfs.JrtFileSystem::lookup (23 bytes)

VM state: at safepoint (normal execution)

VM Mutex/Monitor currently owned by a thread:  ([mutex/lock_event])
[0x00000142a80a4f00] Threads_lock - owner thread: 0x00000142a816f0e0
[0x00000142a80a62b0] Heap_lock - owner thread: 0x00000142a80ab5e0

Heap address: 0x0000000083e00000, size: 1986 MB, Compressed Oops mode: 32-bit

CDS archive(s) mapped at: [0x00000142c6000000-0x00000142c6bd0000-0x00000142c6bd0000), size 12386304, SharedBaseAddress: 0x00000142c6000000, ArchiveRelocationMode: 1.
Compressed class space mapped at: 0x00000142c7000000-0x0000014307000000, reserved size: 1073741824
Narrow klass base: 0x00000142c6000000, Narrow klass shift: 0, Narrow klass range: 0x100000000

GC Precious Log:
 CPUs: 8 total, 8 available
 Memory: 7942M
 Large Page Support: Disabled
 NUMA Support: Disabled
 Compressed Oops: Enabled (32-bit)
 Heap Region Size: 1M
 Heap Min Capacity: 8M
 Heap Initial Capacity: 8M
 Heap Max Capacity: 1986M
 Pre-touch: Disabled
 Parallel Workers: 8
 Concurrent Workers: 2
 Concurrent Refinement Workers: 8
 Periodic GC: Disabled

Heap:
 garbage-first heap   total 8192K, used 3282K [0x0000000083e00000, 0x0000000100000000)
  region size 1024K, 1 young (1024K), 1 survivors (1024K)
 Metaspace       used 7833K, committed 8000K, reserved 1114112K
  class space    used 919K, committed 1024K, reserved 1048576K

Heap Regions: E=young(eden), S=young(survivor), O=old, HS=humongous(starts), HC=humongous(continues), CS=collection set, F=free, OA=open archive, CA=closed archive, TAMS=top-at-mark-start (previous, next)
|   0|0x0000000083e00000, 0x0000000083f00000, 0x0000000083f00000|100%| O|  |TAMS 0x0000000083e00000, 0x0000000083e00000| Untracked 
|   1|0x0000000083f00000, 0x0000000084000000, 0x0000000084000000|100%| O|  |TAMS 0x0000000083f00000, 0x0000000083f00000| Untracked 
|   2|0x0000000084000000, 0x0000000084078a00, 0x0000000084100000| 47%| O|  |TAMS 0x0000000084000000, 0x0000000084000000| Untracked 
|   3|0x0000000084100000, 0x0000000084100000, 0x0000000084200000|  0%| F|  |TAMS 0x0000000084100000, 0x0000000084100000| Untracked 
|   4|0x0000000084200000, 0x0000000084200000, 0x0000000084300000|  0%| F|  |TAMS 0x0000000084200000, 0x0000000084200000| Untracked 
|   5|0x0000000084300000, 0x0000000084300000, 0x0000000084400000|  0%| F|  |TAMS 0x0000000084300000, 0x0000000084300000| Untracked 
|   6|0x0000000084400000, 0x00000000844bbe60, 0x0000000084500000| 73%| S|CS|TAMS 0x0000000084400000, 0x0000000084400000| Complete 
|   7|0x0000000084500000, 0x0000000084500000, 0x0000000084600000|  0%| F|  |TAMS 0x0000000084500000, 0x0000000084500000| Untracked 

Card table byte_map: [0x00000142bf070000,0x00000142bf460000] _byte_map_base: 0x00000142bec51000

Marking Bits (Prev, Next): (CMBitMap*) 0x00000142a8107550, (CMBitMap*) 0x00000142a8107590
 Prev Bits: [0x00000142bf850000, 0x00000142c1758000)
 Next Bits: [0x00000142c1760000, 0x00000142c3668000)

Polling page: 0x00000142a7880000

Metaspace:

Usage:
  Non-class:      6.75 MB used.
      Class:    919.14 KB used.
       Both:      7.65 MB used.

Virtual space:
  Non-class space:       64.00 MB reserved,       6.81 MB ( 11%) committed,  1 nodes.
      Class space:        1.00 GB reserved,       1.00 MB ( <1%) committed,  1 nodes.
             Both:        1.06 GB reserved,       7.81 MB ( <1%) committed. 

Chunk freelists:
   Non-Class:  6.64 MB
       Class:  14.95 MB
        Both:  21.59 MB

MaxMetaspaceSize: unlimited
CompressedClassSpaceSize: 1.00 GB
Initial GC threshold: 21.00 MB
Current GC threshold: 21.00 MB
CDS: on
MetaspaceReclaimPolicy: balanced
 - commit_granule_bytes: 65536.
 - commit_granule_words: 8192.
 - virtual_space_node_default_size: 8388608.
 - enlarge_chunks_in_place: 1.
 - new_chunks_are_fully_committed: 0.
 - uncommit_free_chunks: 1.
 - use_allocation_guard: 0.
 - handle_deallocations: 1.


Internal statistics:

num_allocs_failed_limit: 0.
num_arena_births: 62.
num_arena_deaths: 0.
num_vsnodes_births: 2.
num_vsnodes_deaths: 0.
num_space_committed: 125.
num_space_uncommitted: 0.
num_chunks_returned_to_freelist: 0.
num_chunks_taken_from_freelist: 328.
num_chunk_merges: 0.
num_chunk_splits: 234.
num_chunks_enlarged: 179.
num_purges: 0.
num_inconsistent_stats: 0.

CodeHeap 'non-profiled nmethods': size=120000Kb used=232Kb max_used=232Kb free=119767Kb
 bounds [0x00000142b7420000, 0x00000142b7690000, 0x00000142be950000]
CodeHeap 'profiled nmethods': size=120000Kb used=1325Kb max_used=1325Kb free=118674Kb
 bounds [0x00000142af950000, 0x00000142afbc0000, 0x00000142b6e80000]
CodeHeap 'non-nmethods': size=5760Kb used=1122Kb max_used=1146Kb free=4637Kb
 bounds [0x00000142b6e80000, 0x00000142b70f0000, 0x00000142b7420000]
 total_blobs=1212 nmethods=809 adapters=316
 compilation: enabled
              stopped_count=0, restarted_count=0
 full_count=0

Compilation events (20 events):
Event: 0.893 Thread 0x000001430713f890 nmethod 809 0x00000142afa96410 code [0x00000142afa965a0, 0x00000142afa966e8]
Event: 0.894 Thread 0x000001430713f890  811       1       java.lang.invoke.DirectMethodHandle::isCrackable (5 bytes)
Event: 0.895 Thread 0x000001430713f890 nmethod 811 0x00000142b7457f10 code [0x00000142b74580a0, 0x00000142b7458178]
Event: 0.914 Thread 0x000001430713f890  812       3       jdk.internal.jrtfs.JrtPath::normalize (97 bytes)
Event: 0.915 Thread 0x000001430713f890 nmethod 812 0x00000142afa96790 code [0x00000142afa96a00, 0x00000142afa97488]
Event: 0.915 Thread 0x000001430713f890  813       3       java.util.stream.AbstractSpinedBuffer::count (31 bytes)
Event: 0.915 Thread 0x000001430713f890 nmethod 813 0x00000142afa97890 code [0x00000142afa97a40, 0x00000142afa97bf8]
Event: 0.915 Thread 0x000001430713f890  814       3       java.util.stream.Sink$ChainedReference::cancellationRequested (10 bytes)
Event: 0.916 Thread 0x000001430713f890 nmethod 814 0x00000142afa97d10 code [0x00000142afa97ec0, 0x00000142afa98088]
Event: 0.916 Thread 0x000001430713f890  819       3       jdk.internal.jrtfs.JrtPath::isAbsolute (29 bytes)
Event: 0.916 Thread 0x000001430713f890 nmethod 819 0x00000142afa98190 code [0x00000142afa983a0, 0x00000142afa98a38]
Event: 0.916 Thread 0x000001430713f890  817       3       java.lang.String::substring (10 bytes)
Event: 0.916 Thread 0x000001430713f890 nmethod 817 0x00000142afa98c90 code [0x00000142afa98e40, 0x00000142afa99088]
Event: 0.916 Thread 0x000001430713f890  818       3       jdk.internal.jrtfs.JrtPath::getFileName (78 bytes)
Event: 0.917 Thread 0x000001430713e1c0 nmethod 773 0x00000142b7458210 code [0x00000142b7458440, 0x00000142b7459a40]
Event: 0.917 Thread 0x000001430713e1c0  804       4       jdk.internal.jimage.ImageStringsReader::charsFromByteBufferLength (81 bytes)
Event: 0.918 Thread 0x000001430713f890 nmethod 818 0x00000142afa99190 code [0x00000142afa99480, 0x00000142afa9a4a8]
Event: 0.918 Thread 0x000001430713f890  821       3       java.util.stream.SpinedBuffer::accept (94 bytes)
Event: 0.918 Thread 0x000001430713f890 nmethod 821 0x00000142afa9aa10 code [0x00000142afa9ac00, 0x00000142afa9b548]
Event: 0.918 Thread 0x000001430713f890  823   !   3       jdk.internal.jrtfs.JrtFileSystem::lookup (23 bytes)

GC Heap History (11 events):
Event: 0.474 GC heap before
{Heap before GC invocations=0 (full 0):
 garbage-first heap   total 8192K, used 3072K [0x0000000083e00000, 0x0000000100000000)
  region size 1024K, 3 young (3072K), 0 survivors (0K)
 Metaspace       used 2769K, committed 2880K, reserved 1114112K
  class space    used 353K, committed 384K, reserved 1048576K
}
Event: 0.478 GC heap after
{Heap after GC invocations=1 (full 0):
 garbage-first heap   total 8192K, used 1440K [0x0000000083e00000, 0x0000000100000000)
  region size 1024K, 1 young (1024K), 1 survivors (1024K)
 Metaspace       used 2769K, committed 2880K, reserved 1114112K
  class space    used 353K, committed 384K, reserved 1048576K
}
Event: 0.637 GC heap before
{Heap before GC invocations=1 (full 0):
 garbage-first heap   total 8192K, used 2464K [0x0000000083e00000, 0x0000000100000000)
  region size 1024K, 2 young (2048K), 1 survivors (1024K)
 Metaspace       used 5408K, committed 5568K, reserved 1114112K
  class space    used 642K, committed 768K, reserved 1048576K
}
Event: 0.641 GC heap after
{Heap after GC invocations=2 (full 0):
 garbage-first heap   total 8192K, used 2044K [0x0000000083e00000, 0x0000000100000000)
  region size 1024K, 1 young (1024K), 1 survivors (1024K)
 Metaspace       used 5408K, committed 5568K, reserved 1114112K
  class space    used 642K, committed 768K, reserved 1048576K
}
Event: 0.748 GC heap before
{Heap before GC invocations=2 (full 0):
 garbage-first heap   total 8192K, used 3068K [0x0000000083e00000, 0x0000000100000000)
  region size 1024K, 2 young (2048K), 1 survivors (1024K)
 Metaspace       used 7115K, committed 7296K, reserved 1114112K
  class space    used 836K, committed 896K, reserved 1048576K
}
Event: 0.750 GC heap after
{Heap after GC invocations=3 (full 0):
 garbage-first heap   total 8192K, used 2272K [0x0000000083e00000, 0x0000000100000000)
  region size 1024K, 1 young (1024K), 1 survivors (1024K)
 Metaspace       used 7115K, committed 7296K, reserved 1114112K
  class space    used 836K, committed 896K, reserved 1048576K
}
Event: 0.815 GC heap before
{Heap before GC invocations=3 (full 0):
 garbage-first heap   total 8192K, used 3296K [0x0000000083e00000, 0x0000000100000000)
  region size 1024K, 2 young (2048K), 1 survivors (1024K)
 Metaspace       used 7537K, committed 7680K, reserved 1114112K
  class space    used 883K, committed 960K, reserved 1048576K
}
Event: 0.818 GC heap after
{Heap after GC invocations=4 (full 0):
 garbage-first heap   total 8192K, used 2534K [0x0000000083e00000, 0x0000000100000000)
  region size 1024K, 1 young (1024K), 1 survivors (1024K)
 Metaspace       used 7537K, committed 7680K, reserved 1114112K
  class space    used 883K, committed 960K, reserved 1048576K
}
Event: 0.858 GC heap before
{Heap before GC invocations=4 (full 0):
 garbage-first heap   total 8192K, used 3558K [0x0000000083e00000, 0x0000000100000000)
  region size 1024K, 2 young (2048K), 1 survivors (1024K)
 Metaspace       used 7635K, committed 7808K, reserved 1114112K
  class space    used 890K, committed 960K, reserved 1048576K
}
Event: 0.862 GC heap after
{Heap after GC invocations=5 (full 0):
 garbage-first heap   total 8192K, used 2987K [0x0000000083e00000, 0x0000000100000000)
  region size 1024K, 1 young (1024K), 1 survivors (1024K)
 Metaspace       used 7635K, committed 7808K, reserved 1114112K
  class space    used 890K, committed 960K, reserved 1048576K
}
Event: 0.918 GC heap before
{Heap before GC invocations=5 (full 0):
 garbage-first heap   total 8192K, used 4011K [0x0000000083e00000, 0x0000000100000000)
  region size 1024K, 2 young (2048K), 1 survivors (1024K)
 Metaspace       used 7833K, committed 8000K, reserved 1114112K
  class space    used 919K, committed 1024K, reserved 1048576K
}

Deoptimization events (20 events):
Event: 0.249 Thread 0x00000142a80ab5e0 Uncommon trap: trap_request=0xffffffde fr.pc=0x00000142b742bf6c relative=0x000000000000080c
Event: 0.249 Thread 0x00000142a80ab5e0 Uncommon trap: reason=class_check action=maybe_recompile pc=0x00000142b742bf6c method=java.util.HashMap.putVal(ILjava/lang/Object;Ljava/lang/Object;ZZ)Ljava/lang/Object; @ 152 c2
Event: 0.249 Thread 0x00000142a80ab5e0 DEOPT PACKING pc=0x00000142b742bf6c sp=0x00000018f33fd980
Event: 0.249 Thread 0x00000142a80ab5e0 DEOPT UNPACKING pc=0x00000142b6ed23a3 sp=0x00000018f33fd900 mode 2
Event: 0.249 Thread 0x00000142a80ab5e0 Uncommon trap: trap_request=0xffffffde fr.pc=0x00000142b742bf6c relative=0x000000000000080c
Event: 0.249 Thread 0x00000142a80ab5e0 Uncommon trap: reason=class_check action=maybe_recompile pc=0x00000142b742bf6c method=java.util.HashMap.putVal(ILjava/lang/Object;Ljava/lang/Object;ZZ)Ljava/lang/Object; @ 152 c2
Event: 0.249 Thread 0x00000142a80ab5e0 DEOPT PACKING pc=0x00000142b742bf6c sp=0x00000018f33fd980
Event: 0.249 Thread 0x00000142a80ab5e0 DEOPT UNPACKING pc=0x00000142b6ed23a3 sp=0x00000018f33fd900 mode 2
Event: 0.383 Thread 0x00000142a80ab5e0 Uncommon trap: trap_request=0xffffff45 fr.pc=0x00000142b7431760 relative=0x0000000000000900
Event: 0.384 Thread 0x00000142a80ab5e0 Uncommon trap: reason=unstable_if action=reinterpret pc=0x00000142b7431760 method=java.util.HashMap.putVal(ILjava/lang/Object;Ljava/lang/Object;ZZ)Ljava/lang/Object; @ 181 c2
Event: 0.384 Thread 0x00000142a80ab5e0 DEOPT PACKING pc=0x00000142b7431760 sp=0x00000018f33fead0
Event: 0.384 Thread 0x00000142a80ab5e0 DEOPT UNPACKING pc=0x00000142b6ed23a3 sp=0x00000018f33fea80 mode 2
Event: 0.436 Thread 0x00000142a80ab5e0 DEOPT PACKING pc=0x00000142af975a67 sp=0x00000018f33f91c0
Event: 0.437 Thread 0x00000142a80ab5e0 DEOPT UNPACKING pc=0x00000142b6ed2b43 sp=0x00000018f33f85e0 mode 0
Event: 0.481 Thread 0x00000142a80ab5e0 DEOPT PACKING pc=0x00000142af974dd1 sp=0x00000018f33fa5d0
Event: 0.481 Thread 0x00000142a80ab5e0 DEOPT UNPACKING pc=0x00000142b6ed2b43 sp=0x00000018f33f9a48 mode 0
Event: 0.718 Thread 0x00000142a80ab5e0 Uncommon trap: trap_request=0xffffff45 fr.pc=0x00000142b744383c relative=0x00000000000004fc
Event: 0.718 Thread 0x00000142a80ab5e0 Uncommon trap: reason=unstable_if action=reinterpret pc=0x00000142b744383c method=java.lang.StringLatin1.replace([BCC)Ljava/lang/String; @ 19 c2
Event: 0.718 Thread 0x00000142a80ab5e0 DEOPT PACKING pc=0x00000142b744383c sp=0x00000018f33fecc0
Event: 0.718 Thread 0x00000142a80ab5e0 DEOPT UNPACKING pc=0x00000142b6ed23a3 sp=0x00000018f33fec40 mode 2

Classes unloaded (0 events):
No events

Classes redefined (0 events):
No events

Internal exceptions (18 events):
Event: 0.324 Thread 0x00000142a80ab5e0 Exception <a 'java/lang/NoSuchMethodError'{0x00000000844e2df0}: 'void java.lang.invoke.DirectMethodHandle$Holder.invokeSpecial(java.lang.Object, java.lang.Object, java.lang.Object)'> (0x00000000844e2df0) 
thrown [s\open\src\hotspot\share\interpreter\linkResolver.cpp, line 759]
Event: 0.388 Thread 0x00000142a80ab5e0 Exception <a 'java/lang/NoSuchMethodError'{0x000000008432a698}: 'int java.lang.invoke.DirectMethodHandle$Holder.invokeVirtual(java.lang.Object, java.lang.Object, java.lang.Object)'> (0x000000008432a698) 
thrown [s\open\src\hotspot\share\interpreter\linkResolver.cpp, line 759]
Event: 0.389 Thread 0x00000142a80ab5e0 Exception <a 'java/lang/NoSuchMethodError'{0x0000000084330fc0}: 'void java.lang.invoke.DirectMethodHandle$Holder.invokeInterface(java.lang.Object, java.lang.Object, java.lang.Object)'> (0x0000000084330fc0) 
thrown [s\open\src\hotspot\share\interpreter\linkResolver.cpp, line 759]
Event: 0.539 Thread 0x00000142a80ab5e0 Exception <a 'java/lang/NoSuchMethodError'{0x000000008454c248}: 'int java.lang.invoke.DirectMethodHandle$Holder.invokeStaticInit(java.lang.Object, java.lang.Object)'> (0x000000008454c248) 
thrown [s\open\src\hotspot\share\interpreter\linkResolver.cpp, line 759]
Event: 0.635 Thread 0x00000142a80ab5e0 Exception <a 'java/lang/NoSuchMethodError'{0x00000000845ed668}: 'int java.lang.invoke.DirectMethodHandle$Holder.invokeVirtual(java.lang.Object, java.lang.Object)'> (0x00000000845ed668) 
thrown [s\open\src\hotspot\share\interpreter\linkResolver.cpp, line 759]
Event: 0.644 Thread 0x00000142a80ab5e0 Exception <a 'java/lang/NoSuchMethodError'{0x0000000084515a08}: 'java.lang.Object java.lang.invoke.DirectMethodHandle$Holder.newInvokeSpecial(java.lang.Object, java.lang.Object, java.lang.Object, java.lang.Object, java.lang.Object)'> (0x0000000084515a08) 
thrown [s\open\src\hotspot\share\interpreter\linkResolver.cpp, line 759]
Event: 0.647 Thread 0x00000142a80ab5e0 Exception <a 'java/lang/NoSuchMethodError'{0x0000000084524660}: 'java.lang.Object java.lang.invoke.DirectMethodHandle$Holder.newInvokeSpecial(java.lang.Object, java.lang.Object, java.lang.Object, java.lang.Object, java.lang.Object, java.lang.Object)'> (0x0000000084524660) 
thrown [s\open\src\hotspot\share\interpreter\linkResolver.cpp, line 759]
Event: 0.666 Thread 0x00000142a80ab5e0 Exception <a 'java/lang/NoSuchMethodError'{0x000000008456e860}: 'java.lang.Object java.lang.invoke.DirectMethodHandle$Holder.invokeVirtual(java.lang.Object, java.lang.Object, java.lang.Object)'> (0x000000008456e860) 
thrown [s\open\src\hotspot\share\interpreter\linkResolver.cpp, line 759]
Event: 0.669 Thread 0x00000142a80ab5e0 Exception <a 'java/lang/NoSuchMethodError'{0x0000000084579968}: 'int java.lang.invoke.DirectMethodHandle$Holder.invokeInterface(java.lang.Object, java.lang.Object)'> (0x0000000084579968) 
thrown [s\open\src\hotspot\share\interpreter\linkResolver.cpp, line 759]
Event: 0.671 Thread 0x00000142a80ab5e0 Exception <a 'sun/nio/fs/WindowsException'{0x0000000084580110}> (0x0000000084580110) 
thrown [s\open\src\hotspot\share\prims\jni.cpp, line 516]
Event: 0.672 Thread 0x00000142a80ab5e0 Exception <a 'sun/nio/fs/WindowsException'{0x00000000845804a8}> (0x00000000845804a8) 
thrown [s\open\src\hotspot\share\prims\jni.cpp, line 516]
Event: 0.688 Thread 0x00000142a80ab5e0 Exception <a 'java/lang/NoSuchMethodError'{0x000000008459a2a8}: 'java.lang.Object java.lang.invoke.DirectMethodHandle$Holder.invokeStaticInit(java.lang.Object)'> (0x000000008459a2a8) 
thrown [s\open\src\hotspot\share\interpreter\linkResolver.cpp, line 759]
Event: 0.803 Thread 0x00000142a80ab5e0 Exception <a 'java/lang/NoSuchMethodError'{0x00000000845d5218}: 'java.lang.Object java.lang.invoke.DirectMethodHandle$Holder.invokeVirtual(java.lang.Object, java.lang.Object, java.lang.Object, int, int)'> (0x00000000845d5218) 
thrown [s\open\src\hotspot\share\interpreter\linkResolver.cpp, line 759]
Event: 0.805 Thread 0x00000142a80ab5e0 Exception <a 'java/lang/NoSuchMethodError'{0x00000000845dc0d0}: 'java.lang.Object java.lang.invoke.DirectMethodHandle$Holder.invokeVirtual(java.lang.Object, java.lang.Object, int)'> (0x00000000845dc0d0) 
thrown [s\open\src\hotspot\share\interpreter\linkResolver.cpp, line 759]
Event: 0.814 Thread 0x00000142a80ab5e0 Exception <a 'java/lang/NoSuchMethodError'{0x00000000845f6718}: 'java.lang.Object java.lang.invoke.DirectMethodHandle$Holder.invokeSpecial(java.lang.Object, java.lang.Object, java.lang.Object, int, int)'> (0x00000000845f6718) 
thrown [s\open\src\hotspot\share\interpreter\linkResolver.cpp, line 759]
Event: 0.868 Thread 0x00000142a80ab5e0 Exception <a 'java/lang/NoSuchMethodError'{0x000000008451f7e8}: 'void java.lang.invoke.DirectMethodHandle$Holder.invokeStatic(java.lang.Object, java.lang.Object)'> (0x000000008451f7e8) 
thrown [s\open\src\hotspot\share\interpreter\linkResolver.cpp, line 759]
Event: 0.870 Thread 0x00000142a80ab5e0 Exception <a 'sun/nio/fs/WindowsException'{0x0000000084529b28}> (0x0000000084529b28) 
thrown [s\open\src\hotspot\share\prims\jni.cpp, line 516]
Event: 0.870 Thread 0x00000142a80ab5e0 Exception <a 'sun/nio/fs/WindowsException'{0x0000000084529e50}> (0x0000000084529e50) 
thrown [s\open\src\hotspot\share\prims\jni.cpp, line 516]

VM Operations (20 events):
Event: 0.163 Executing VM operation: HandshakeAllThreads done
Event: 0.329 Executing VM operation: HandshakeAllThreads
Event: 0.329 Executing VM operation: HandshakeAllThreads done
Event: 0.418 Executing VM operation: HandshakeAllThreads
Event: 0.418 Executing VM operation: HandshakeAllThreads done
Event: 0.472 Executing VM operation: G1CollectForAllocation
Event: 0.479 Executing VM operation: G1CollectForAllocation done
Event: 0.637 Executing VM operation: G1CollectForAllocation
Event: 0.641 Executing VM operation: G1CollectForAllocation done
Event: 0.675 Executing VM operation: HandshakeAllThreads
Event: 0.675 Executing VM operation: HandshakeAllThreads done
Event: 0.748 Executing VM operation: G1CollectForAllocation
Event: 0.750 Executing VM operation: G1CollectForAllocation done
Event: 0.760 Executing VM operation: HandshakeAllThreads
Event: 0.760 Executing VM operation: HandshakeAllThreads done
Event: 0.815 Executing VM operation: G1CollectForAllocation
Event: 0.818 Executing VM operation: G1CollectForAllocation done
Event: 0.858 Executing VM operation: G1CollectForAllocation
Event: 0.862 Executing VM operation: G1CollectForAllocation done
Event: 0.918 Executing VM operation: G1CollectForAllocation

Events (20 events):
Event: 0.911 loading class java/util/stream/Nodes$EmptyNode done
Event: 0.912 loading class java/util/stream/Nodes$EmptyNode$OfRef done
Event: 0.912 loading class java/util/stream/Nodes$EmptyNode$OfInt
Event: 0.912 loading class java/util/stream/Node$OfInt
Event: 0.912 loading class java/util/stream/Node$OfPrimitive
Event: 0.912 loading class java/util/stream/Node$OfPrimitive done
Event: 0.912 loading class java/util/stream/Node$OfInt done
Event: 0.912 loading class java/util/stream/Nodes$EmptyNode$OfInt done
Event: 0.912 loading class java/util/stream/Nodes$EmptyNode$OfLong
Event: 0.913 loading class java/util/stream/Node$OfLong
Event: 0.913 loading class java/util/stream/Node$OfLong done
Event: 0.913 loading class java/util/stream/Nodes$EmptyNode$OfLong done
Event: 0.913 loading class java/util/stream/Nodes$EmptyNode$OfDouble
Event: 0.913 loading class java/util/stream/Node$OfDouble
Event: 0.913 loading class java/util/stream/Node$OfDouble done
Event: 0.913 loading class java/util/stream/Nodes$EmptyNode$OfDouble done
Event: 0.913 loading class java/util/stream/Nodes$SpinedNodeBuilder
Event: 0.914 loading class java/util/stream/Node$Builder
Event: 0.914 loading class java/util/stream/Node$Builder done
Event: 0.914 loading class java/util/stream/Nodes$SpinedNodeBuilder done


Dynamic libraries:
0x00007ff682e50000 - 0x00007ff682e58000 	C:\Program Files\Java\jdk-17\bin\javac.exe
0x00007ff99bf10000 - 0x00007ff99c127000 	C:\WINDOWS\SYSTEM32\ntdll.dll
0x00007ff99ac40000 - 0x00007ff99ad04000 	C:\WINDOWS\System32\KERNEL32.DLL
0x00007ff9997c0000 - 0x00007ff999b7a000 	C:\WINDOWS\System32\KERNELBASE.dll
0x00007ff999270000 - 0x00007ff999381000 	C:\WINDOWS\System32\ucrtbase.dll
0x00007ff967130000 - 0x00007ff96714b000 	C:\Program Files\Java\jdk-17\bin\VCRUNTIME140.dll
0x00007ff966650000 - 0x00007ff966669000 	C:\Program Files\Java\jdk-17\bin\jli.dll
0x00007ff99ab40000 - 0x00007ff99abf2000 	C:\WINDOWS\System32\ADVAPI32.dll
0x00007ff99bce0000 - 0x00007ff99bd87000 	C:\WINDOWS\System32\msvcrt.dll
0x00007ff99a010000 - 0x00007ff99a0b7000 	C:\WINDOWS\System32\sechost.dll
0x00007ff999710000 - 0x00007ff999738000 	C:\WINDOWS\System32\bcrypt.dll
0x00007ff99b050000 - 0x00007ff99b164000 	C:\WINDOWS\System32\RPCRT4.dll
0x00007ff999c00000 - 0x00007ff999dae000 	C:\WINDOWS\System32\USER32.dll
0x00007ff9995c0000 - 0x00007ff9995e6000 	C:\WINDOWS\System32\win32u.dll
0x00007ff99bd90000 - 0x00007ff99bdb9000 	C:\WINDOWS\System32\GDI32.dll
0x00007ff9764c0000 - 0x00007ff976752000 	C:\WINDOWS\WinSxS\amd64_microsoft.windows.common-controls_6595b64144ccf1df_6.0.22621.4541_none_2710d1c57384c085\COMCTL32.dll
0x00007ff9995f0000 - 0x00007ff99970b000 	C:\WINDOWS\System32\gdi32full.dll
0x00007ff9991d0000 - 0x00007ff99926a000 	C:\WINDOWS\System32\msvcp_win.dll
0x00007ff98cf90000 - 0x00007ff98cf9a000 	C:\WINDOWS\SYSTEM32\VERSION.dll
0x00007ff967120000 - 0x00007ff96712c000 	C:\Program Files\Java\jdk-17\bin\vcruntime140_1.dll
0x00007ff9665a0000 - 0x00007ff96662e000 	C:\Program Files\Java\jdk-17\bin\msvcp140.dll
0x00007ff9659c0000 - 0x00007ff96659e000 	C:\Program Files\Java\jdk-17\bin\server\jvm.dll
0x00007ff99b040000 - 0x00007ff99b048000 	C:\WINDOWS\System32\PSAPI.DLL
0x00007ff97f8f0000 - 0x00007ff97f8f9000 	C:\WINDOWS\SYSTEM32\WSOCK32.dll
0x00007ff99af80000 - 0x00007ff99aff1000 	C:\WINDOWS\System32\WS2_32.dll
0x00007ff992bb0000 - 0x00007ff992be4000 	C:\WINDOWS\SYSTEM32\WINMM.dll
0x00007ff998210000 - 0x00007ff998228000 	C:\WINDOWS\SYSTEM32\kernel.appcore.dll
0x00007ff966640000 - 0x00007ff96664a000 	C:\Program Files\Java\jdk-17\bin\jimage.dll
0x00007ff993a70000 - 0x00007ff993ca2000 	C:\WINDOWS\SYSTEM32\DBGHELP.DLL
0x00007ff99a6a0000 - 0x00007ff99aa31000 	C:\WINDOWS\System32\combase.dll
0x00007ff99a0c0000 - 0x00007ff99a197000 	C:\WINDOWS\System32\OLEAUT32.dll
0x00007ff98d1b0000 - 0x00007ff98d1e2000 	C:\WINDOWS\SYSTEM32\dbgcore.DLL
0x00007ff999740000 - 0x00007ff9997bb000 	C:\WINDOWS\System32\bcryptPrimitives.dll
0x00007ff9655e0000 - 0x00007ff965605000 	C:\Program Files\Java\jdk-17\bin\java.dll
0x00007ff965430000 - 0x00007ff965507000 	C:\Program Files\Java\jdk-17\bin\jsvml.dll
0x00007ff99b170000 - 0x00007ff99b9e9000 	C:\WINDOWS\System32\SHELL32.dll
0x00007ff997110000 - 0x00007ff997a19000 	C:\WINDOWS\SYSTEM32\windows.storage.dll
0x00007ff996fd0000 - 0x00007ff99710f000 	C:\WINDOWS\SYSTEM32\wintypes.dll
0x00007ff99bdc0000 - 0x00007ff99beba000 	C:\WINDOWS\System32\SHCORE.dll
0x00007ff999e40000 - 0x00007ff999e9e000 	C:\WINDOWS\System32\shlwapi.dll
0x00007ff999100000 - 0x00007ff99912b000 	C:\WINDOWS\SYSTEM32\profapi.dll
0x00007ff98bb90000 - 0x00007ff98bba9000 	C:\Program Files\Java\jdk-17\bin\net.dll
0x00007ff992790000 - 0x00007ff9928c6000 	C:\WINDOWS\SYSTEM32\WINHTTP.dll
0x00007ff998690000 - 0x00007ff9986f9000 	C:\WINDOWS\system32\mswsock.dll
0x00007ff9656c0000 - 0x00007ff9656d6000 	C:\Program Files\Java\jdk-17\bin\nio.dll

dbghelp: loaded successfully - version: 4.0.5 - missing functions: none
symbol engine: initialized successfully - sym options: 0x614 - pdb path: .;C:\Program Files\Java\jdk-17\bin;C:\WINDOWS\SYSTEM32;C:\WINDOWS\WinSxS\amd64_microsoft.windows.common-controls_6595b64144ccf1df_6.0.22621.4541_none_2710d1c57384c085;C:\Program Files\Java\jdk-17\bin\server

VM Arguments:
jvm_args: -Dapplication.home=C:\Program Files\Java\jdk-17 --add-modules=ALL-DEFAULT -Xms8m -Djdk.module.main=jdk.compiler 
java_command: jdk.compiler/com.sun.tools.javac.Main IFBLOCKS1.java
java_class_path (initial): <not set>
Launcher Type: SUN_STANDARD

[Global flags]
     intx CICompilerCount                          = 4                                         {product} {ergonomic}
     uint ConcGCThreads                            = 2                                         {product} {ergonomic}
     uint G1ConcRefinementThreads                  = 8                                         {product} {ergonomic}
   size_t G1HeapRegionSize                         = 1048576                                   {product} {ergonomic}
    uintx GCDrainStackTargetSize                   = 64                                        {product} {ergonomic}
   size_t InitialHeapSize                          = 8388608                                   {product} {command line}
   size_t MarkStackSize                            = 4194304                                   {product} {ergonomic}
   size_t MaxHeapSize                              = 2082471936                                {product} {ergonomic}
   size_t MaxNewSize                               = 1248854016                                {product} {ergonomic}
   size_t MinHeapDeltaBytes                        = 1048576                                   {product} {ergonomic}
   size_t MinHeapSize                              = 8388608                                   {product} {command line}
    uintx NonNMethodCodeHeapSize                   = 5839372                                {pd product} {ergonomic}
    uintx NonProfiledCodeHeapSize                  = 122909434                              {pd product} {ergonomic}
    uintx ProfiledCodeHeapSize                     = 122909434                              {pd product} {ergonomic}
    uintx ReservedCodeCacheSize                    = 251658240                              {pd product} {ergonomic}
     bool SegmentedCodeCache                       = true                                      {product} {ergonomic}
   size_t SoftMaxHeapSize                          = 2082471936                             {manageable} {ergonomic}
     bool UseCompressedClassPointers               = true                           {product lp64_product} {ergonomic}
     bool UseCompressedOops                        = true                           {product lp64_product} {ergonomic}
     bool UseG1GC                                  = true                                      {product} {ergonomic}
     bool UseLargePagesIndividualAllocation        = false                                  {pd product} {ergonomic}

Logging:
Log output configuration:
 #0: stdout all=warning uptime,level,tags
 #1: stderr all=off uptime,level,tags

Environment Variables:
JAVA_HOME=C:\Program Files\Java\jdk-17
PATH=C:\Program Files\Java\jdk-17/bin;C:\Program Files\Java\jdk-17/bin;C:\Program Files\Common Files\Oracle\Java\javapath;;C:\WINDOWS\system32;C:\WINDOWS;C:\WINDOWS\System32\Wbem;C:\WINDOWS\System32\WindowsPowerShell\v1.0\;C:\WINDOWS\System32\OpenSSH\;C:\Program Files (x86)\Microsoft SQL Server\110\Tools\Binn\;C:\Program Files\Microsoft SQL Server\110\Tools\Binn\;C:\Program Files\Microsoft SQL Server\110\DTS\Binn\;C:\Program Files\dotnet\;C:\Program Files\Microsoft SQL Server\Client SDK\ODBC\130\Tools\Binn\;C:\Program Files (x86)\Microsoft SQL Server\140\Tools\Binn\;C:\Program Files\Microsoft SQL Server\140\Tools\Binn\;C:\Program Files\Microsoft SQL Server\140\DTS\Binn\;C:\Program Files (x86)\Microsoft SQL Server\160\DTS\Binn\;C:\Program Files\Azure Data Studio\bin;C:\Program Files\Git\cmd;%COSMOSM%;C:\WINDOWS\system32\config\systemprofile\AppData\Local\Microsoft\WindowsApps
USERNAME=DESKTOP-EI4D21P$
OS=Windows_NT
PROCESSOR_IDENTIFIER=Intel64 Family 6 Model 142 Stepping 12, GenuineIntel



---------------  S Y S T E M  ---------------

OS:
 Windows 11 , 64 bit Build 22621 (10.0.22621.4391)
OS uptime: 6 days 6:20 hours

CPU: total 8 (initial active 8) (4 cores per cpu, 2 threads per core) family 6 model 142 stepping 12 microcode 0xde, cx8, cmov, fxsr, ht, mmx, 3dnowpref, sse, sse2, sse3, ssse3, sse4.1, sse4.2, popcnt, lzcnt, tsc, tscinvbit, avx, avx2, aes, erms, clmul, bmi1, bmi2, adx, fma, vzeroupper, clflush, clflushopt

Memory: 4k page, system-wide physical 7942M (179M free)
TotalPageFile size 32518M (AvailPageFile size 0M)
current process WorkingSet (physical memory assigned to process): 61M, peak: 61M
current process commit charge ("private bytes"): 98M, peak: 102M

vm_info: Java HotSpot(TM) 64-Bit Server VM (17.0.8+9-LTS-211) for windows-amd64 JRE (17.0.8+9-LTS-211), built on Jun 14 2023 10:34:31 by "mach5one" with MS VC++ 17.1 (VS2022)

END.
