#
# There is insufficient memory for the Java Runtime Environment to continue.
# Native memory allocation (malloc) failed to allocate 381408 bytes for Chunk::new
# Possible reasons:
#   The system is out of physical RAM or swap space
#   The process is running with CompressedOops enabled, and the Java Heap may be blocking the growth of the native heap
# Possible solutions:
#   Reduce memory load on the system
#   Increase physical memory or swap space
#   Check if swap backing store is full
#   Decrease Java heap size (-Xmx/-Xms)
#   Decrease number of Java threads
#   Decrease Java thread stack sizes (-Xss)
#   Set larger code cache with -XX:ReservedCodeCacheSize=
#   JVM is running with Unscaled Compressed Oops mode in which the Java heap is
#     placed in the first 4GB address space. The Java Heap base address is the
#     maximum limit for the native heap growth. Please use -XX:HeapBaseMinAddress
#     to set the Java Heap base and to place the Java Heap above 4GB virtual address.
# This output file may be truncated or incomplete.
#
#  Out of Memory Error (arena.cpp:189), pid=17316, tid=13476
#
# JRE version: Java(TM) SE Runtime Environment (17.0.8+9) (build 17.0.8+9-LTS-211)
# Java VM: Java HotSpot(TM) 64-Bit Server VM (17.0.8+9-LTS-211, mixed mode, sharing, tiered, compressed oops, compressed class ptrs, g1 gc, windows-amd64)
# No core dump will be written. Minidumps are not enabled by default on client versions of Windows
#

---------------  S U M M A R Y ------------

Command Line: --add-modules=ALL-DEFAULT jdk.compiler/com.sun.tools.javac.launcher.Main IFBLOCKS1.java

Host: Intel(R) Core(TM) i5-10210U CPU @ 1.60GHz, 8 cores, 7G,  Windows 11 , 64 bit Build 22621 (10.0.22621.3672)
Time: Wed Aug  7 17:34:29 2024 India Standard Time elapsed time: 0.332467 seconds (0d 0h 0m 0s)

---------------  T H R E A D  ---------------

Current thread (0x000001f31defc720):  JavaThread "C2 CompilerThread0" daemon [_thread_in_native, id=13476, stack(0x000000544aa00000,0x000000544ab00000)]


Current CompileTask:
C2:    332  736       4       java.util.HashMap::put (13 bytes)

Stack: [0x000000544aa00000,0x000000544ab00000]
Native frames: (J=compiled Java code, j=interpreted, Vv=VM code, C=native code)
V  [jvm.dll+0x677d0a]
V  [jvm.dll+0x7d8c54]
V  [jvm.dll+0x7da3fe]
V  [jvm.dll+0x7daa63]
V  [jvm.dll+0x245c5f]
V  [jvm.dll+0xaaa6b]
V  [jvm.dll+0xab00c]
V  [jvm.dll+0x361e8e]
V  [jvm.dll+0x32c551]
V  [jvm.dll+0x32b9ea]
V  [jvm.dll+0x217fff]
V  [jvm.dll+0x217431]
V  [jvm.dll+0x1a3af0]
V  [jvm.dll+0x2270be]
V  [jvm.dll+0x22535b]
V  [jvm.dll+0x78e7bc]
V  [jvm.dll+0x788bba]
V  [jvm.dll+0x676b35]
C  [ucrtbase.dll+0x29333]
C  [KERNEL32.DLL+0x1257d]
C  [ntdll.dll+0x5af28]


---------------  P R O C E S S  ---------------

Threads class SMR info:
_java_thread_list=0x000001f3635b0a20, length=13, elements={
0x000001f37fe5a1d0, 0x000001f31dedfe70, 0x000001f31dee0ce0, 0x000001f31def8a70,
0x000001f31def9620, 0x000001f31def9fd0, 0x000001f31defa980, 0x000001f31defc720,
0x000001f31df0a710, 0x000001f31df0d110, 0x000001f31decb850, 0x000001f3632082b0,
0x000001f363658650
}

Java Threads: ( => current thread )
  0x000001f37fe5a1d0 JavaThread "main" [_thread_in_vm, id=27780, stack(0x0000005449d00000,0x0000005449e00000)]
  0x000001f31dedfe70 JavaThread "Reference Handler" daemon [_thread_blocked, id=23208, stack(0x000000544a400000,0x000000544a500000)]
  0x000001f31dee0ce0 JavaThread "Finalizer" daemon [_thread_blocked, id=12408, stack(0x000000544a500000,0x000000544a600000)]
  0x000001f31def8a70 JavaThread "Signal Dispatcher" daemon [_thread_blocked, id=18008, stack(0x000000544a600000,0x000000544a700000)]
  0x000001f31def9620 JavaThread "Attach Listener" daemon [_thread_blocked, id=21080, stack(0x000000544a700000,0x000000544a800000)]
  0x000001f31def9fd0 JavaThread "Service Thread" daemon [_thread_blocked, id=26892, stack(0x000000544a800000,0x000000544a900000)]
  0x000001f31defa980 JavaThread "Monitor Deflation Thread" daemon [_thread_blocked, id=12940, stack(0x000000544a900000,0x000000544aa00000)]
=>0x000001f31defc720 JavaThread "C2 CompilerThread0" daemon [_thread_in_native, id=13476, stack(0x000000544aa00000,0x000000544ab00000)]
  0x000001f31df0a710 JavaThread "C1 CompilerThread0" daemon [_thread_in_native, id=9212, stack(0x000000544ab00000,0x000000544ac00000)]
  0x000001f31df0d110 JavaThread "Sweeper thread" daemon [_thread_blocked, id=9768, stack(0x000000544ac00000,0x000000544ad00000)]
  0x000001f31decb850 JavaThread "Common-Cleaner" daemon [_thread_blocked, id=11920, stack(0x000000544ad00000,0x000000544ae00000)]
  0x000001f3632082b0 JavaThread "Notification Thread" daemon [_thread_blocked, id=11980, stack(0x000000544ae00000,0x000000544af00000)]
  0x000001f363658650 JavaThread "C2 CompilerThread1" daemon [_thread_in_native, id=13724, stack(0x000000544b000000,0x000000544b100000)]

Other Threads:
  0x000001f31dedc280 VMThread "VM Thread" [stack: 0x000000544a300000,0x000000544a400000] [id=12060]
  0x000001f37fedb5a0 WatcherThread [stack: 0x000000544af00000,0x000000544b000000] [id=14628]
  0x000001f37feb5f90 GCTaskThread "GC Thread#0" [stack: 0x0000005449e00000,0x0000005449f00000] [id=16320]
  0x000001f37fec7720 ConcurrentGCThread "G1 Main Marker" [stack: 0x0000005449f00000,0x000000544a000000] [id=14332]
  0x000001f37fec88d0 ConcurrentGCThread "G1 Conc#0" [stack: 0x000000544a000000,0x000000544a100000] [id=28320]
  0x000001f37ff2e700 ConcurrentGCThread "G1 Refine#0" [stack: 0x000000544a100000,0x000000544a200000] [id=26368]
  0x000001f31dd94220 ConcurrentGCThread "G1 Service" [stack: 0x000000544a200000,0x000000544a300000] [id=26104]

Threads with active compile tasks:
C2 CompilerThread0      357  736       4       java.util.HashMap::put (13 bytes)
C1 CompilerThread0      357  798       3       jdk.internal.jrtfs.JrtPath::resolve (125 bytes)
C2 CompilerThread1      357  743       4       java.util.HashMap::putVal (300 bytes)

VM state: not at safepoint (normal execution)

VM Mutex/Monitor currently owned by a thread: None

Heap address: 0x0000000083e00000, size: 1986 MB, Compressed Oops mode: 32-bit

CDS archive(s) mapped at: [0x000001f31e000000-0x000001f31ebd0000-0x000001f31ebd0000), size 12386304, SharedBaseAddress: 0x000001f31e000000, ArchiveRelocationMode: 1.
Compressed class space mapped at: 0x000001f31f000000-0x000001f35f000000, reserved size: 1073741824
Narrow klass base: 0x000001f31e000000, Narrow klass shift: 0, Narrow klass range: 0x100000000

GC Precious Log:
 CPUs: 8 total, 8 available
 Memory: 7942M
 Large Page Support: Disabled
 NUMA Support: Disabled
 Compressed Oops: Enabled (32-bit)
 Heap Region Size: 1M
 Heap Min Capacity: 8M
 Heap Initial Capacity: 126M
 Heap Max Capacity: 1986M
 Pre-touch: Disabled
 Parallel Workers: 8
 Concurrent Workers: 2
 Concurrent Refinement Workers: 8
 Periodic GC: Disabled

Heap:
 garbage-first heap   total 129024K, used 9216K [0x0000000083e00000, 0x0000000100000000)
  region size 1024K, 11 young (11264K), 0 survivors (0K)
 Metaspace       used 7953K, committed 8128K, reserved 1114112K
  class space    used 937K, committed 1024K, reserved 1048576K

Heap Regions: E=young(eden), S=young(survivor), O=old, HS=humongous(starts), HC=humongous(continues), CS=collection set, F=free, OA=open archive, CA=closed archive, TAMS=top-at-mark-start (previous, next)
|   0|0x0000000083e00000, 0x0000000083e00000, 0x0000000083f00000|  0%| F|  |TAMS 0x0000000083e00000, 0x0000000083e00000| Untracked 
|   1|0x0000000083f00000, 0x0000000083f00000, 0x0000000084000000|  0%| F|  |TAMS 0x0000000083f00000, 0x0000000083f00000| Untracked 
|   2|0x0000000084000000, 0x0000000084000000, 0x0000000084100000|  0%| F|  |TAMS 0x0000000084000000, 0x0000000084000000| Untracked 
|   3|0x0000000084100000, 0x0000000084100000, 0x0000000084200000|  0%| F|  |TAMS 0x0000000084100000, 0x0000000084100000| Untracked 
|   4|0x0000000084200000, 0x0000000084200000, 0x0000000084300000|  0%| F|  |TAMS 0x0000000084200000, 0x0000000084200000| Untracked 
|   5|0x0000000084300000, 0x0000000084300000, 0x0000000084400000|  0%| F|  |TAMS 0x0000000084300000, 0x0000000084300000| Untracked 
|   6|0x0000000084400000, 0x0000000084400000, 0x0000000084500000|  0%| F|  |TAMS 0x0000000084400000, 0x0000000084400000| Untracked 
|   7|0x0000000084500000, 0x0000000084500000, 0x0000000084600000|  0%| F|  |TAMS 0x0000000084500000, 0x0000000084500000| Untracked 
|   8|0x0000000084600000, 0x0000000084600000, 0x0000000084700000|  0%| F|  |TAMS 0x0000000084600000, 0x0000000084600000| Untracked 
|   9|0x0000000084700000, 0x0000000084700000, 0x0000000084800000|  0%| F|  |TAMS 0x0000000084700000, 0x0000000084700000| Untracked 
|  10|0x0000000084800000, 0x0000000084800000, 0x0000000084900000|  0%| F|  |TAMS 0x0000000084800000, 0x0000000084800000| Untracked 
|  11|0x0000000084900000, 0x0000000084900000, 0x0000000084a00000|  0%| F|  |TAMS 0x0000000084900000, 0x0000000084900000| Untracked 
|  12|0x0000000084a00000, 0x0000000084a00000, 0x0000000084b00000|  0%| F|  |TAMS 0x0000000084a00000, 0x0000000084a00000| Untracked 
|  13|0x0000000084b00000, 0x0000000084b00000, 0x0000000084c00000|  0%| F|  |TAMS 0x0000000084b00000, 0x0000000084b00000| Untracked 
|  14|0x0000000084c00000, 0x0000000084c00000, 0x0000000084d00000|  0%| F|  |TAMS 0x0000000084c00000, 0x0000000084c00000| Untracked 
|  15|0x0000000084d00000, 0x0000000084d00000, 0x0000000084e00000|  0%| F|  |TAMS 0x0000000084d00000, 0x0000000084d00000| Untracked 
|  16|0x0000000084e00000, 0x0000000084e00000, 0x0000000084f00000|  0%| F|  |TAMS 0x0000000084e00000, 0x0000000084e00000| Untracked 
|  17|0x0000000084f00000, 0x0000000084f00000, 0x0000000085000000|  0%| F|  |TAMS 0x0000000084f00000, 0x0000000084f00000| Untracked 
|  18|0x0000000085000000, 0x0000000085000000, 0x0000000085100000|  0%| F|  |TAMS 0x0000000085000000, 0x0000000085000000| Untracked 
|  19|0x0000000085100000, 0x0000000085100000, 0x0000000085200000|  0%| F|  |TAMS 0x0000000085100000, 0x0000000085100000| Untracked 
|  20|0x0000000085200000, 0x0000000085200000, 0x0000000085300000|  0%| F|  |TAMS 0x0000000085200000, 0x0000000085200000| Untracked 
|  21|0x0000000085300000, 0x0000000085300000, 0x0000000085400000|  0%| F|  |TAMS 0x0000000085300000, 0x0000000085300000| Untracked 
|  22|0x0000000085400000, 0x0000000085400000, 0x0000000085500000|  0%| F|  |TAMS 0x0000000085400000, 0x0000000085400000| Untracked 
|  23|0x0000000085500000, 0x0000000085500000, 0x0000000085600000|  0%| F|  |TAMS 0x0000000085500000, 0x0000000085500000| Untracked 
|  24|0x0000000085600000, 0x0000000085600000, 0x0000000085700000|  0%| F|  |TAMS 0x0000000085600000, 0x0000000085600000| Untracked 
|  25|0x0000000085700000, 0x0000000085700000, 0x0000000085800000|  0%| F|  |TAMS 0x0000000085700000, 0x0000000085700000| Untracked 
|  26|0x0000000085800000, 0x0000000085800000, 0x0000000085900000|  0%| F|  |TAMS 0x0000000085800000, 0x0000000085800000| Untracked 
|  27|0x0000000085900000, 0x0000000085900000, 0x0000000085a00000|  0%| F|  |TAMS 0x0000000085900000, 0x0000000085900000| Untracked 
|  28|0x0000000085a00000, 0x0000000085a00000, 0x0000000085b00000|  0%| F|  |TAMS 0x0000000085a00000, 0x0000000085a00000| Untracked 
|  29|0x0000000085b00000, 0x0000000085b00000, 0x0000000085c00000|  0%| F|  |TAMS 0x0000000085b00000, 0x0000000085b00000| Untracked 
|  30|0x0000000085c00000, 0x0000000085c00000, 0x0000000085d00000|  0%| F|  |TAMS 0x0000000085c00000, 0x0000000085c00000| Untracked 
|  31|0x0000000085d00000, 0x0000000085d00000, 0x0000000085e00000|  0%| F|  |TAMS 0x0000000085d00000, 0x0000000085d00000| Untracked 
|  32|0x0000000085e00000, 0x0000000085e00000, 0x0000000085f00000|  0%| F|  |TAMS 0x0000000085e00000, 0x0000000085e00000| Untracked 
|  33|0x0000000085f00000, 0x0000000085f00000, 0x0000000086000000|  0%| F|  |TAMS 0x0000000085f00000, 0x0000000085f00000| Untracked 
|  34|0x0000000086000000, 0x0000000086000000, 0x0000000086100000|  0%| F|  |TAMS 0x0000000086000000, 0x0000000086000000| Untracked 
|  35|0x0000000086100000, 0x0000000086100000, 0x0000000086200000|  0%| F|  |TAMS 0x0000000086100000, 0x0000000086100000| Untracked 
|  36|0x0000000086200000, 0x0000000086200000, 0x0000000086300000|  0%| F|  |TAMS 0x0000000086200000, 0x0000000086200000| Untracked 
|  37|0x0000000086300000, 0x0000000086300000, 0x0000000086400000|  0%| F|  |TAMS 0x0000000086300000, 0x0000000086300000| Untracked 
|  38|0x0000000086400000, 0x0000000086400000, 0x0000000086500000|  0%| F|  |TAMS 0x0000000086400000, 0x0000000086400000| Untracked 
|  39|0x0000000086500000, 0x0000000086500000, 0x0000000086600000|  0%| F|  |TAMS 0x0000000086500000, 0x0000000086500000| Untracked 
|  40|0x0000000086600000, 0x0000000086600000, 0x0000000086700000|  0%| F|  |TAMS 0x0000000086600000, 0x0000000086600000| Untracked 
|  41|0x0000000086700000, 0x0000000086700000, 0x0000000086800000|  0%| F|  |TAMS 0x0000000086700000, 0x0000000086700000| Untracked 
|  42|0x0000000086800000, 0x0000000086800000, 0x0000000086900000|  0%| F|  |TAMS 0x0000000086800000, 0x0000000086800000| Untracked 
|  43|0x0000000086900000, 0x0000000086900000, 0x0000000086a00000|  0%| F|  |TAMS 0x0000000086900000, 0x0000000086900000| Untracked 
|  44|0x0000000086a00000, 0x0000000086a00000, 0x0000000086b00000|  0%| F|  |TAMS 0x0000000086a00000, 0x0000000086a00000| Untracked 
|  45|0x0000000086b00000, 0x0000000086b00000, 0x0000000086c00000|  0%| F|  |TAMS 0x0000000086b00000, 0x0000000086b00000| Untracked 
|  46|0x0000000086c00000, 0x0000000086c00000, 0x0000000086d00000|  0%| F|  |TAMS 0x0000000086c00000, 0x0000000086c00000| Untracked 
|  47|0x0000000086d00000, 0x0000000086d00000, 0x0000000086e00000|  0%| F|  |TAMS 0x0000000086d00000, 0x0000000086d00000| Untracked 
|  48|0x0000000086e00000, 0x0000000086e00000, 0x0000000086f00000|  0%| F|  |TAMS 0x0000000086e00000, 0x0000000086e00000| Untracked 
|  49|0x0000000086f00000, 0x0000000086f00000, 0x0000000087000000|  0%| F|  |TAMS 0x0000000086f00000, 0x0000000086f00000| Untracked 
|  50|0x0000000087000000, 0x0000000087000000, 0x0000000087100000|  0%| F|  |TAMS 0x0000000087000000, 0x0000000087000000| Untracked 
|  51|0x0000000087100000, 0x0000000087100000, 0x0000000087200000|  0%| F|  |TAMS 0x0000000087100000, 0x0000000087100000| Untracked 
|  52|0x0000000087200000, 0x0000000087200000, 0x0000000087300000|  0%| F|  |TAMS 0x0000000087200000, 0x0000000087200000| Untracked 
|  53|0x0000000087300000, 0x0000000087300000, 0x0000000087400000|  0%| F|  |TAMS 0x0000000087300000, 0x0000000087300000| Untracked 
|  54|0x0000000087400000, 0x0000000087400000, 0x0000000087500000|  0%| F|  |TAMS 0x0000000087400000, 0x0000000087400000| Untracked 
|  55|0x0000000087500000, 0x0000000087500000, 0x0000000087600000|  0%| F|  |TAMS 0x0000000087500000, 0x0000000087500000| Untracked 
|  56|0x0000000087600000, 0x0000000087600000, 0x0000000087700000|  0%| F|  |TAMS 0x0000000087600000, 0x0000000087600000| Untracked 
|  57|0x0000000087700000, 0x0000000087700000, 0x0000000087800000|  0%| F|  |TAMS 0x0000000087700000, 0x0000000087700000| Untracked 
|  58|0x0000000087800000, 0x0000000087800000, 0x0000000087900000|  0%| F|  |TAMS 0x0000000087800000, 0x0000000087800000| Untracked 
|  59|0x0000000087900000, 0x0000000087900000, 0x0000000087a00000|  0%| F|  |TAMS 0x0000000087900000, 0x0000000087900000| Untracked 
|  60|0x0000000087a00000, 0x0000000087a00000, 0x0000000087b00000|  0%| F|  |TAMS 0x0000000087a00000, 0x0000000087a00000| Untracked 
|  61|0x0000000087b00000, 0x0000000087b00000, 0x0000000087c00000|  0%| F|  |TAMS 0x0000000087b00000, 0x0000000087b00000| Untracked 
|  62|0x0000000087c00000, 0x0000000087c00000, 0x0000000087d00000|  0%| F|  |TAMS 0x0000000087c00000, 0x0000000087c00000| Untracked 
|  63|0x0000000087d00000, 0x0000000087d00000, 0x0000000087e00000|  0%| F|  |TAMS 0x0000000087d00000, 0x0000000087d00000| Untracked 
|  64|0x0000000087e00000, 0x0000000087e00000, 0x0000000087f00000|  0%| F|  |TAMS 0x0000000087e00000, 0x0000000087e00000| Untracked 
|  65|0x0000000087f00000, 0x0000000087f00000, 0x0000000088000000|  0%| F|  |TAMS 0x0000000087f00000, 0x0000000087f00000| Untracked 
|  66|0x0000000088000000, 0x0000000088000000, 0x0000000088100000|  0%| F|  |TAMS 0x0000000088000000, 0x0000000088000000| Untracked 
|  67|0x0000000088100000, 0x0000000088100000, 0x0000000088200000|  0%| F|  |TAMS 0x0000000088100000, 0x0000000088100000| Untracked 
|  68|0x0000000088200000, 0x0000000088200000, 0x0000000088300000|  0%| F|  |TAMS 0x0000000088200000, 0x0000000088200000| Untracked 
|  69|0x0000000088300000, 0x0000000088300000, 0x0000000088400000|  0%| F|  |TAMS 0x0000000088300000, 0x0000000088300000| Untracked 
|  70|0x0000000088400000, 0x0000000088400000, 0x0000000088500000|  0%| F|  |TAMS 0x0000000088400000, 0x0000000088400000| Untracked 
|  71|0x0000000088500000, 0x0000000088500000, 0x0000000088600000|  0%| F|  |TAMS 0x0000000088500000, 0x0000000088500000| Untracked 
|  72|0x0000000088600000, 0x0000000088600000, 0x0000000088700000|  0%| F|  |TAMS 0x0000000088600000, 0x0000000088600000| Untracked 
|  73|0x0000000088700000, 0x0000000088700000, 0x0000000088800000|  0%| F|  |TAMS 0x0000000088700000, 0x0000000088700000| Untracked 
|  74|0x0000000088800000, 0x0000000088800000, 0x0000000088900000|  0%| F|  |TAMS 0x0000000088800000, 0x0000000088800000| Untracked 
|  75|0x0000000088900000, 0x0000000088900000, 0x0000000088a00000|  0%| F|  |TAMS 0x0000000088900000, 0x0000000088900000| Untracked 
|  76|0x0000000088a00000, 0x0000000088a00000, 0x0000000088b00000|  0%| F|  |TAMS 0x0000000088a00000, 0x0000000088a00000| Untracked 
|  77|0x0000000088b00000, 0x0000000088b00000, 0x0000000088c00000|  0%| F|  |TAMS 0x0000000088b00000, 0x0000000088b00000| Untracked 
|  78|0x0000000088c00000, 0x0000000088c00000, 0x0000000088d00000|  0%| F|  |TAMS 0x0000000088c00000, 0x0000000088c00000| Untracked 
|  79|0x0000000088d00000, 0x0000000088d00000, 0x0000000088e00000|  0%| F|  |TAMS 0x0000000088d00000, 0x0000000088d00000| Untracked 
|  80|0x0000000088e00000, 0x0000000088e00000, 0x0000000088f00000|  0%| F|  |TAMS 0x0000000088e00000, 0x0000000088e00000| Untracked 
|  81|0x0000000088f00000, 0x0000000088f00000, 0x0000000089000000|  0%| F|  |TAMS 0x0000000088f00000, 0x0000000088f00000| Untracked 
|  82|0x0000000089000000, 0x0000000089000000, 0x0000000089100000|  0%| F|  |TAMS 0x0000000089000000, 0x0000000089000000| Untracked 
|  83|0x0000000089100000, 0x0000000089100000, 0x0000000089200000|  0%| F|  |TAMS 0x0000000089100000, 0x0000000089100000| Untracked 
|  84|0x0000000089200000, 0x0000000089200000, 0x0000000089300000|  0%| F|  |TAMS 0x0000000089200000, 0x0000000089200000| Untracked 
|  85|0x0000000089300000, 0x0000000089300000, 0x0000000089400000|  0%| F|  |TAMS 0x0000000089300000, 0x0000000089300000| Untracked 
|  86|0x0000000089400000, 0x0000000089400000, 0x0000000089500000|  0%| F|  |TAMS 0x0000000089400000, 0x0000000089400000| Untracked 
|  87|0x0000000089500000, 0x0000000089500000, 0x0000000089600000|  0%| F|  |TAMS 0x0000000089500000, 0x0000000089500000| Untracked 
|  88|0x0000000089600000, 0x0000000089600000, 0x0000000089700000|  0%| F|  |TAMS 0x0000000089600000, 0x0000000089600000| Untracked 
|  89|0x0000000089700000, 0x0000000089700000, 0x0000000089800000|  0%| F|  |TAMS 0x0000000089700000, 0x0000000089700000| Untracked 
|  90|0x0000000089800000, 0x0000000089800000, 0x0000000089900000|  0%| F|  |TAMS 0x0000000089800000, 0x0000000089800000| Untracked 
|  91|0x0000000089900000, 0x0000000089900000, 0x0000000089a00000|  0%| F|  |TAMS 0x0000000089900000, 0x0000000089900000| Untracked 
|  92|0x0000000089a00000, 0x0000000089a00000, 0x0000000089b00000|  0%| F|  |TAMS 0x0000000089a00000, 0x0000000089a00000| Untracked 
|  93|0x0000000089b00000, 0x0000000089b00000, 0x0000000089c00000|  0%| F|  |TAMS 0x0000000089b00000, 0x0000000089b00000| Untracked 
|  94|0x0000000089c00000, 0x0000000089c00000, 0x0000000089d00000|  0%| F|  |TAMS 0x0000000089c00000, 0x0000000089c00000| Untracked 
|  95|0x0000000089d00000, 0x0000000089d00000, 0x0000000089e00000|  0%| F|  |TAMS 0x0000000089d00000, 0x0000000089d00000| Untracked 
|  96|0x0000000089e00000, 0x0000000089e00000, 0x0000000089f00000|  0%| F|  |TAMS 0x0000000089e00000, 0x0000000089e00000| Untracked 
|  97|0x0000000089f00000, 0x0000000089f00000, 0x000000008a000000|  0%| F|  |TAMS 0x0000000089f00000, 0x0000000089f00000| Untracked 
|  98|0x000000008a000000, 0x000000008a000000, 0x000000008a100000|  0%| F|  |TAMS 0x000000008a000000, 0x000000008a000000| Untracked 
|  99|0x000000008a100000, 0x000000008a100000, 0x000000008a200000|  0%| F|  |TAMS 0x000000008a100000, 0x000000008a100000| Untracked 
| 100|0x000000008a200000, 0x000000008a200000, 0x000000008a300000|  0%| F|  |TAMS 0x000000008a200000, 0x000000008a200000| Untracked 
| 101|0x000000008a300000, 0x000000008a300000, 0x000000008a400000|  0%| F|  |TAMS 0x000000008a300000, 0x000000008a300000| Untracked 
| 102|0x000000008a400000, 0x000000008a400000, 0x000000008a500000|  0%| F|  |TAMS 0x000000008a400000, 0x000000008a400000| Untracked 
| 103|0x000000008a500000, 0x000000008a500000, 0x000000008a600000|  0%| F|  |TAMS 0x000000008a500000, 0x000000008a500000| Untracked 
| 104|0x000000008a600000, 0x000000008a600000, 0x000000008a700000|  0%| F|  |TAMS 0x000000008a600000, 0x000000008a600000| Untracked 
| 105|0x000000008a700000, 0x000000008a700000, 0x000000008a800000|  0%| F|  |TAMS 0x000000008a700000, 0x000000008a700000| Untracked 
| 106|0x000000008a800000, 0x000000008a800000, 0x000000008a900000|  0%| F|  |TAMS 0x000000008a800000, 0x000000008a800000| Untracked 
| 107|0x000000008a900000, 0x000000008a900000, 0x000000008aa00000|  0%| F|  |TAMS 0x000000008a900000, 0x000000008a900000| Untracked 
| 108|0x000000008aa00000, 0x000000008aa00000, 0x000000008ab00000|  0%| F|  |TAMS 0x000000008aa00000, 0x000000008aa00000| Untracked 
| 109|0x000000008ab00000, 0x000000008ab00000, 0x000000008ac00000|  0%| F|  |TAMS 0x000000008ab00000, 0x000000008ab00000| Untracked 
| 110|0x000000008ac00000, 0x000000008ac00000, 0x000000008ad00000|  0%| F|  |TAMS 0x000000008ac00000, 0x000000008ac00000| Untracked 
| 111|0x000000008ad00000, 0x000000008ad00000, 0x000000008ae00000|  0%| F|  |TAMS 0x000000008ad00000, 0x000000008ad00000| Untracked 
| 112|0x000000008ae00000, 0x000000008ae00000, 0x000000008af00000|  0%| F|  |TAMS 0x000000008ae00000, 0x000000008ae00000| Untracked 
| 113|0x000000008af00000, 0x000000008af00000, 0x000000008b000000|  0%| F|  |TAMS 0x000000008af00000, 0x000000008af00000| Untracked 
| 114|0x000000008b000000, 0x000000008b000000, 0x000000008b100000|  0%| F|  |TAMS 0x000000008b000000, 0x000000008b000000| Untracked 
| 115|0x000000008b100000, 0x000000008b1764b8, 0x000000008b200000| 46%| E|  |TAMS 0x000000008b100000, 0x000000008b100000| Complete 
| 116|0x000000008b200000, 0x000000008b300000, 0x000000008b300000|100%| E|CS|TAMS 0x000000008b200000, 0x000000008b200000| Complete 
| 117|0x000000008b300000, 0x000000008b400000, 0x000000008b400000|100%| E|CS|TAMS 0x000000008b300000, 0x000000008b300000| Complete 
| 118|0x000000008b400000, 0x000000008b500000, 0x000000008b500000|100%| E|CS|TAMS 0x000000008b400000, 0x000000008b400000| Complete 
| 119|0x000000008b500000, 0x000000008b600000, 0x000000008b600000|100%| E|CS|TAMS 0x000000008b500000, 0x000000008b500000| Complete 
| 120|0x000000008b600000, 0x000000008b700000, 0x000000008b700000|100%| E|CS|TAMS 0x000000008b600000, 0x000000008b600000| Complete 
| 121|0x000000008b700000, 0x000000008b800000, 0x000000008b800000|100%| E|CS|TAMS 0x000000008b700000, 0x000000008b700000| Complete 
| 122|0x000000008b800000, 0x000000008b900000, 0x000000008b900000|100%| E|  |TAMS 0x000000008b800000, 0x000000008b800000| Complete 
| 123|0x000000008b900000, 0x000000008ba00000, 0x000000008ba00000|100%| E|CS|TAMS 0x000000008b900000, 0x000000008b900000| Complete 
| 124|0x000000008ba00000, 0x000000008bb00000, 0x000000008bb00000|100%| E|CS|TAMS 0x000000008ba00000, 0x000000008ba00000| Complete 
| 125|0x000000008bb00000, 0x000000008bc00000, 0x000000008bc00000|100%| E|CS|TAMS 0x000000008bb00000, 0x000000008bb00000| Complete 

Card table byte_map: [0x000001f316ef0000,0x000001f3172e0000] _byte_map_base: 0x000001f316ad1000

Marking Bits (Prev, Next): (CMBitMap*) 0x000001f37feb75b0, (CMBitMap*) 0x000001f37feb75f0
 Prev Bits: [0x000001f3176d0000, 0x000001f3195d8000)
 Next Bits: [0x000001f3195e0000, 0x000001f31b4e8000)

Polling page: 0x000001f37f630000

Metaspace:

Usage:
  Non-class:      6.86 MB used.
      Class:    937.59 KB used.
       Both:      7.78 MB used.

Virtual space:
  Non-class space:       64.00 MB reserved,       6.94 MB ( 11%) committed,  1 nodes.
      Class space:        1.00 GB reserved,       1.00 MB ( <1%) committed,  1 nodes.
             Both:        1.06 GB reserved,       7.94 MB ( <1%) committed. 

Chunk freelists:
   Non-Class:  6.53 MB
       Class:  14.94 MB
        Both:  21.47 MB

MaxMetaspaceSize: unlimited
CompressedClassSpaceSize: 1.00 GB
Initial GC threshold: 21.00 MB
Current GC threshold: 21.00 MB
CDS: on
MetaspaceReclaimPolicy: balanced
 - commit_granule_bytes: 65536.
 - commit_granule_words: 8192.
 - virtual_space_node_default_size: 8388608.
 - enlarge_chunks_in_place: 1.
 - new_chunks_are_fully_committed: 0.
 - uncommit_free_chunks: 1.
 - use_allocation_guard: 0.
 - handle_deallocations: 1.


Internal statistics:

num_allocs_failed_limit: 0.
num_arena_births: 62.
num_arena_deaths: 0.
num_vsnodes_births: 2.
num_vsnodes_deaths: 0.
num_space_committed: 127.
num_space_uncommitted: 0.
num_chunks_returned_to_freelist: 0.
num_chunks_taken_from_freelist: 326.
num_chunk_merges: 0.
num_chunk_splits: 232.
num_chunks_enlarged: 187.
num_purges: 0.
num_inconsistent_stats: 0.

CodeHeap 'non-profiled nmethods': size=120000Kb used=231Kb max_used=231Kb free=119768Kb
 bounds [0x000001f30f2a0000, 0x000001f30f510000, 0x000001f3167d0000]
CodeHeap 'profiled nmethods': size=120000Kb used=1260Kb max_used=1260Kb free=118739Kb
 bounds [0x000001f3077d0000, 0x000001f307a40000, 0x000001f30ed00000]
CodeHeap 'non-nmethods': size=5760Kb used=1132Kb max_used=1157Kb free=4627Kb
 bounds [0x000001f30ed00000, 0x000001f30ef70000, 0x000001f30f2a0000]
 total_blobs=1205 nmethods=789 adapters=329
 compilation: enabled
              stopped_count=0, restarted_count=0
 full_count=0

Compilation events (20 events):
Event: 0.324 Thread 0x000001f31df0a710  756   !   3       java.lang.invoke.MemberName::clone (14 bytes)
Event: 0.324 Thread 0x000001f31df0a710 nmethod 756 0x000001f3078f9f10 code [0x000001f3078fa0e0, 0x000001f3078fa458]
Event: 0.324 Thread 0x000001f31df0a710  755       3       java.lang.invoke.MethodHandleNatives::canBeCalledVirtual (50 bytes)
Event: 0.324 Thread 0x000001f31df0a710 nmethod 755 0x000001f3078fa610 code [0x000001f3078fa800, 0x000001f3078facc8]
Event: 0.325 Thread 0x000001f31df0a710  757       1       java.lang.invoke.MethodHandleNatives::isPullModeBSM (2 bytes)
Event: 0.325 Thread 0x000001f31df0a710 nmethod 757 0x000001f30f2d8790 code [0x000001f30f2d8920, 0x000001f30f2d89d8]
Event: 0.325 Thread 0x000001f31df0a710  758       1       java.lang.invoke.MethodHandleImpl::isCompileConstant (2 bytes)
Event: 0.325 Thread 0x000001f31df0a710 nmethod 758 0x000001f30f2d8a90 code [0x000001f30f2d8c20, 0x000001f30f2d8cd8]
Event: 0.325 Thread 0x000001f31df0a710  759       3       java.lang.invoke.ConstantCallSite::getTarget (20 bytes)
Event: 0.325 Thread 0x000001f31df0a710 nmethod 759 0x000001f3078fae90 code [0x000001f3078fb040, 0x000001f3078fb268]
Event: 0.326 Thread 0x000001f31df0a710  760       3       jdk.internal.misc.CDS::isDumpingArchive (4 bytes)
Event: 0.326 Thread 0x000001f31df0a710 nmethod 760 0x000001f3078fb390 code [0x000001f3078fb520, 0x000001f3078fb618]
Event: 0.326 Thread 0x000001f31df0a710  761       3       jdk.internal.org.objectweb.asm.Attribute::putAttributes (78 bytes)
Event: 0.326 Thread 0x000001f31df0a710 nmethod 761 0x000001f3078fb690 code [0x000001f3078fb8e0, 0x000001f3078fbe18]
Event: 0.328 Thread 0x000001f31df0a710  763       1       java.lang.invoke.DirectMethodHandle::isCrackable (5 bytes)
Event: 0.328 Thread 0x000001f31df0a710 nmethod 763 0x000001f30f2d9090 code [0x000001f30f2d9220, 0x000001f30f2d92f8]
Event: 0.328 Thread 0x000001f31df0a710  764       3       java.lang.StringBuilder::append (8 bytes)
Event: 0.328 Thread 0x000001f31df0a710 nmethod 764 0x000001f3078fc110 code [0x000001f3078fc2a0, 0x000001f3078fc3e8]
Event: 0.328 Thread 0x000001f31df0a710  765       3       java.lang.AbstractStringBuilder::append (55 bytes)
Event: 0.329 Thread 0x000001f31df0a710 nmethod 765 0x000001f3078fc490 code [0x000001f3078fc660, 0x000001f3078fc998]

GC Heap History (0 events):
No events

Deoptimization events (12 events):
Event: 0.142 Thread 0x000001f37fe5a1d0 DEOPT PACKING pc=0x000001f3077f76e7 sp=0x0000005449df8c90
Event: 0.142 Thread 0x000001f37fe5a1d0 DEOPT UNPACKING pc=0x000001f30ed52b43 sp=0x0000005449df80b0 mode 0
Event: 0.157 Thread 0x000001f37fe5a1d0 DEOPT PACKING pc=0x000001f3077f5a51 sp=0x0000005449dfa0d0
Event: 0.157 Thread 0x000001f37fe5a1d0 DEOPT UNPACKING pc=0x000001f30ed52b43 sp=0x0000005449df9548 mode 0
Event: 0.233 Thread 0x000001f37fe5a1d0 Uncommon trap: trap_request=0xffffff45 fr.pc=0x000001f30f2aca60 relative=0x0000000000000900
Event: 0.233 Thread 0x000001f37fe5a1d0 Uncommon trap: reason=unstable_if action=reinterpret pc=0x000001f30f2aca60 method=java.util.HashMap.putVal(ILjava/lang/Object;Ljava/lang/Object;ZZ)Ljava/lang/Object; @ 181 c2
Event: 0.233 Thread 0x000001f37fe5a1d0 DEOPT PACKING pc=0x000001f30f2aca60 sp=0x0000005449dfdf70
Event: 0.233 Thread 0x000001f37fe5a1d0 DEOPT UNPACKING pc=0x000001f30ed523a3 sp=0x0000005449dfdf20 mode 2
Event: 0.329 Thread 0x000001f37fe5a1d0 Uncommon trap: trap_request=0xffffffde fr.pc=0x000001f30f2d8308 relative=0x0000000000000548
Event: 0.329 Thread 0x000001f37fe5a1d0 Uncommon trap: reason=class_check action=maybe_recompile pc=0x000001f30f2d8308 method=java.util.HashMap.getNode(Ljava/lang/Object;)Ljava/util/HashMap$Node; @ 128 c2
Event: 0.329 Thread 0x000001f37fe5a1d0 DEOPT PACKING pc=0x000001f30f2d8308 sp=0x0000005449dfdef0
Event: 0.329 Thread 0x000001f37fe5a1d0 DEOPT UNPACKING pc=0x000001f30ed523a3 sp=0x0000005449dfde68 mode 2

Classes unloaded (0 events):
No events

Classes redefined (0 events):
No events

Internal exceptions (16 events):
Event: 0.110 Thread 0x000001f37fe5a1d0 Exception <a 'java/lang/NoSuchMethodError'{0x000000008b957b80}: 'void java.lang.invoke.DirectMethodHandle$Holder.invokeSpecial(java.lang.Object, java.lang.Object, java.lang.Object)'> (0x000000008b957b80) 
thrown [s\open\src\hotspot\share\interpreter\linkResolver.cpp, line 759]
Event: 0.122 Thread 0x000001f37fe5a1d0 Exception <a 'java/lang/NoSuchMethodError'{0x000000008b999f08}: 'void java.lang.invoke.DirectMethodHandle$Holder.invokeStatic(java.lang.Object, java.lang.Object)'> (0x000000008b999f08) 
thrown [s\open\src\hotspot\share\interpreter\linkResolver.cpp, line 759]
Event: 0.124 Thread 0x000001f37fe5a1d0 Exception <a 'java/lang/NoSuchMethodError'{0x000000008b9aca28}: 'int java.lang.invoke.DirectMethodHandle$Holder.invokeVirtual(java.lang.Object, java.lang.Object, java.lang.Object)'> (0x000000008b9aca28) 
thrown [s\open\src\hotspot\share\interpreter\linkResolver.cpp, line 759]
Event: 0.125 Thread 0x000001f37fe5a1d0 Exception <a 'java/lang/NoSuchMethodError'{0x000000008b9b2fb0}: 'void java.lang.invoke.DirectMethodHandle$Holder.invokeInterface(java.lang.Object, java.lang.Object, java.lang.Object)'> (0x000000008b9b2fb0) 
thrown [s\open\src\hotspot\share\interpreter\linkResolver.cpp, line 759]
Event: 0.177 Thread 0x000001f37fe5a1d0 Exception <a 'java/lang/NoSuchMethodError'{0x000000008b73e380}: 'int java.lang.invoke.DirectMethodHandle$Holder.invokeStaticInit(java.lang.Object, java.lang.Object)'> (0x000000008b73e380) 
thrown [s\open\src\hotspot\share\interpreter\linkResolver.cpp, line 759]
Event: 0.225 Thread 0x000001f37fe5a1d0 Exception <a 'java/lang/NoSuchMethodError'{0x000000008b7da860}: 'int java.lang.invoke.DirectMethodHandle$Holder.invokeVirtual(java.lang.Object, java.lang.Object)'> (0x000000008b7da860) 
thrown [s\open\src\hotspot\share\interpreter\linkResolver.cpp, line 759]
Event: 0.229 Thread 0x000001f37fe5a1d0 Exception <a 'java/lang/NoSuchMethodError'{0x000000008b601c80}: 'java.lang.Object java.lang.invoke.DirectMethodHandle$Holder.newInvokeSpecial(java.lang.Object, java.lang.Object, java.lang.Object, java.lang.Object, java.lang.Object)'> (0x000000008b601c80) 
thrown [s\open\src\hotspot\share\interpreter\linkResolver.cpp, line 759]
Event: 0.231 Thread 0x000001f37fe5a1d0 Exception <a 'java/lang/NoSuchMethodError'{0x000000008b610120}: 'java.lang.Object java.lang.invoke.DirectMethodHandle$Holder.newInvokeSpecial(java.lang.Object, java.lang.Object, java.lang.Object, java.lang.Object, java.lang.Object, java.lang.Object)'> (0x000000008b610120) 
thrown [s\open\src\hotspot\share\interpreter\linkResolver.cpp, line 759]
Event: 0.255 Thread 0x000001f37fe5a1d0 Exception <a 'java/lang/NoSuchMethodError'{0x000000008b689d98}: 'java.lang.Object java.lang.invoke.DirectMethodHandle$Holder.invokeVirtual(java.lang.Object, java.lang.Object, java.lang.Object)'> (0x000000008b689d98) 
thrown [s\open\src\hotspot\share\interpreter\linkResolver.cpp, line 759]
Event: 0.257 Thread 0x000001f37fe5a1d0 Exception <a 'java/lang/NoSuchMethodError'{0x000000008b695910}: 'int java.lang.invoke.DirectMethodHandle$Holder.invokeInterface(java.lang.Object, java.lang.Object)'> (0x000000008b695910) 
thrown [s\open\src\hotspot\share\interpreter\linkResolver.cpp, line 759]
Event: 0.279 Thread 0x000001f37fe5a1d0 Exception <a 'java/lang/NoSuchMethodError'{0x000000008b6d3bb8}: 'java.lang.Object java.lang.invoke.DirectMethodHandle$Holder.invokeStaticInit(java.lang.Object)'> (0x000000008b6d3bb8) 
thrown [s\open\src\hotspot\share\interpreter\linkResolver.cpp, line 759]
Event: 0.299 Thread 0x000001f37fe5a1d0 Exception <a 'java/lang/NoSuchMethodError'{0x000000008b59aee8}: 'java.lang.Object java.lang.invoke.DirectMethodHandle$Holder.invokeVirtual(java.lang.Object, java.lang.Object, java.lang.Object, int, int)'> (0x000000008b59aee8) 
thrown [s\open\src\hotspot\share\interpreter\linkResolver.cpp, line 759]
Event: 0.300 Thread 0x000001f37fe5a1d0 Exception <a 'java/lang/NoSuchMethodError'{0x000000008b5a1aa8}: 'java.lang.Object java.lang.invoke.DirectMethodHandle$Holder.invokeVirtual(java.lang.Object, java.lang.Object, int)'> (0x000000008b5a1aa8) 
thrown [s\open\src\hotspot\share\interpreter\linkResolver.cpp, line 759]
Event: 0.303 Thread 0x000001f37fe5a1d0 Exception <a 'java/lang/NoSuchMethodError'{0x000000008b5b7e48}: 'java.lang.Object java.lang.invoke.DirectMethodHandle$Holder.invokeSpecial(java.lang.Object, java.lang.Object, java.lang.Object, int, int)'> (0x000000008b5b7e48) 
thrown [s\open\src\hotspot\share\interpreter\linkResolver.cpp, line 759]
Event: 0.324 Thread 0x000001f37fe5a1d0 Exception <a 'sun/nio/fs/WindowsException'{0x000000008b4e1550}> (0x000000008b4e1550) 
thrown [s\open\src\hotspot\share\prims\jni.cpp, line 516]
Event: 0.324 Thread 0x000001f37fe5a1d0 Exception <a 'sun/nio/fs/WindowsException'{0x000000008b4e1948}> (0x000000008b4e1948) 
thrown [s\open\src\hotspot\share\prims\jni.cpp, line 516]

VM Operations (8 events):
Event: 0.046 Executing VM operation: HandshakeAllThreads
Event: 0.046 Executing VM operation: HandshakeAllThreads done
Event: 0.134 Executing VM operation: HandshakeAllThreads
Event: 0.134 Executing VM operation: HandshakeAllThreads done
Event: 0.275 Executing VM operation: HandshakeAllThreads
Event: 0.275 Executing VM operation: HandshakeAllThreads done
Event: 0.281 Executing VM operation: HandshakeAllThreads
Event: 0.281 Executing VM operation: HandshakeAllThreads done

Events (20 events):
Event: 0.302 loading class java/util/stream/MatchOps$MatchKind done
Event: 0.302 loading class java/util/stream/MatchOps
Event: 0.302 loading class java/util/stream/MatchOps done
Event: 0.302 loading class java/util/stream/MatchOps$MatchOp
Event: 0.302 loading class java/util/stream/MatchOps$MatchOp done
Event: 0.302 loading class java/util/stream/MatchOps$BooleanTerminalSink
Event: 0.302 loading class java/util/stream/MatchOps$BooleanTerminalSink done
Event: 0.302 loading class java/util/stream/MatchOps$1MatchSink
Event: 0.302 loading class java/util/stream/MatchOps$1MatchSink done
Event: 0.309 Thread 0x000001f363658650 Thread added: 0x000001f363658650
Event: 0.322 loading class java/util/RegularEnumSet$EnumSetIterator
Event: 0.322 loading class java/util/RegularEnumSet$EnumSetIterator done
Event: 0.324 loading class sun/nio/fs/WindowsException
Event: 0.324 loading class sun/nio/fs/WindowsException done
Event: 0.324 loading class sun/nio/fs/WindowsDirectoryStream
Event: 0.324 loading class sun/nio/fs/WindowsDirectoryStream done
Event: 0.324 loading class java/nio/file/NoSuchFileException
Event: 0.324 loading class java/nio/file/FileSystemException
Event: 0.324 loading class java/nio/file/FileSystemException done
Event: 0.324 loading class java/nio/file/NoSuchFileException done


Dynamic libraries:
0x00007ff62eaa0000 - 0x00007ff62eab0000 	C:\Program Files\Java\jdk-17\bin\java.exe
0x00007ffaa3290000 - 0x00007ffaa34a7000 	C:\WINDOWS\SYSTEM32\ntdll.dll
0x00007ffaa1f60000 - 0x00007ffaa2024000 	C:\WINDOWS\System32\KERNEL32.DLL
0x00007ffaa0850000 - 0x00007ffaa0bfd000 	C:\WINDOWS\System32\KERNELBASE.dll
0x00007ffaa0eb0000 - 0x00007ffaa0fc1000 	C:\WINDOWS\System32\ucrtbase.dll
0x00007ffa6cb60000 - 0x00007ffa6cb79000 	C:\Program Files\Java\jdk-17\bin\jli.dll
0x00007ffaa2fe0000 - 0x00007ffaa3092000 	C:\WINDOWS\System32\ADVAPI32.dll
0x00007ffa6c490000 - 0x00007ffa6c4ab000 	C:\Program Files\Java\jdk-17\bin\VCRUNTIME140.dll
0x00007ffaa1eb0000 - 0x00007ffaa1f57000 	C:\WINDOWS\System32\msvcrt.dll
0x00007ffaa2770000 - 0x00007ffaa2819000 	C:\WINDOWS\System32\sechost.dll
0x00007ffaa05c0000 - 0x00007ffaa05e8000 	C:\WINDOWS\System32\bcrypt.dll
0x00007ffaa3120000 - 0x00007ffaa3234000 	C:\WINDOWS\System32\RPCRT4.dll
0x00007ffaa2820000 - 0x00007ffaa29ce000 	C:\WINDOWS\System32\USER32.dll
0x00007ffaa0820000 - 0x00007ffaa0846000 	C:\WINDOWS\System32\win32u.dll
0x00007ffaa30f0000 - 0x00007ffaa3119000 	C:\WINDOWS\System32\GDI32.dll
0x00007ffa73020000 - 0x00007ffa732b3000 	C:\WINDOWS\WinSxS\amd64_microsoft.windows.common-controls_6595b64144ccf1df_6.0.22621.3672_none_2713b9d173822955\COMCTL32.dll
0x00007ffaa0c00000 - 0x00007ffaa0d19000 	C:\WINDOWS\System32\gdi32full.dll
0x00007ffaa0da0000 - 0x00007ffaa0e3a000 	C:\WINDOWS\System32\msvcp_win.dll
0x00007ffa94410000 - 0x00007ffa9441a000 	C:\WINDOWS\SYSTEM32\VERSION.dll
0x00007ffa6c480000 - 0x00007ffa6c48c000 	C:\Program Files\Java\jdk-17\bin\vcruntime140_1.dll
0x00007ffa6c3f0000 - 0x00007ffa6c47e000 	C:\Program Files\Java\jdk-17\bin\msvcp140.dll
0x00007ffa6b810000 - 0x00007ffa6c3ee000 	C:\Program Files\Java\jdk-17\bin\server\jvm.dll
0x00007ffaa3240000 - 0x00007ffaa3248000 	C:\WINDOWS\System32\PSAPI.DLL
0x00007ffa98bd0000 - 0x00007ffa98c04000 	C:\WINDOWS\SYSTEM32\WINMM.dll
0x00007ffa74dd0000 - 0x00007ffa74dd9000 	C:\WINDOWS\SYSTEM32\WSOCK32.dll
0x00007ffaa26f0000 - 0x00007ffaa2761000 	C:\WINDOWS\System32\WS2_32.dll
0x00007ffa9f5f0000 - 0x00007ffa9f608000 	C:\WINDOWS\SYSTEM32\kernel.appcore.dll
0x00007ffa6aee0000 - 0x00007ffa6aeea000 	C:\Program Files\Java\jdk-17\bin\jimage.dll
0x00007ffa9ae80000 - 0x00007ffa9b0b2000 	C:\WINDOWS\SYSTEM32\DBGHELP.DLL
0x00007ffaa29d0000 - 0x00007ffaa2d58000 	C:\WINDOWS\System32\combase.dll
0x00007ffaa13e0000 - 0x00007ffaa14b7000 	C:\WINDOWS\System32\OLEAUT32.dll
0x00007ffa944d0000 - 0x00007ffa94502000 	C:\WINDOWS\SYSTEM32\dbgcore.DLL
0x00007ffaa0d20000 - 0x00007ffaa0d9b000 	C:\WINDOWS\System32\bcryptPrimitives.dll
0x00007ffa6ae80000 - 0x00007ffa6aea5000 	C:\Program Files\Java\jdk-17\bin\java.dll
0x00007ffa6ab30000 - 0x00007ffa6ac07000 	C:\Program Files\Java\jdk-17\bin\jsvml.dll
0x00007ffaa14c0000 - 0x00007ffaa1d1f000 	C:\WINDOWS\System32\SHELL32.dll
0x00007ffa9e510000 - 0x00007ffa9ee0c000 	C:\WINDOWS\SYSTEM32\windows.storage.dll
0x00007ffa9e3d0000 - 0x00007ffa9e50f000 	C:\WINDOWS\SYSTEM32\wintypes.dll
0x00007ffaa0fd0000 - 0x00007ffaa10c4000 	C:\WINDOWS\System32\SHCORE.dll
0x00007ffaa10d0000 - 0x00007ffaa112e000 	C:\WINDOWS\System32\shlwapi.dll
0x00007ffaa04f0000 - 0x00007ffaa0511000 	C:\WINDOWS\SYSTEM32\profapi.dll
0x00007ffa6a430000 - 0x00007ffa6a449000 	C:\Program Files\Java\jdk-17\bin\net.dll
0x00007ffa99b80000 - 0x00007ffa99cb6000 	C:\WINDOWS\SYSTEM32\WINHTTP.dll
0x00007ffa9fa60000 - 0x00007ffa9fac9000 	C:\WINDOWS\system32\mswsock.dll
0x00007ffa6a400000 - 0x00007ffa6a416000 	C:\Program Files\Java\jdk-17\bin\nio.dll

dbghelp: loaded successfully - version: 4.0.5 - missing functions: none
symbol engine: initialized successfully - sym options: 0x614 - pdb path: .;C:\Program Files\Java\jdk-17\bin;C:\WINDOWS\SYSTEM32;C:\WINDOWS\WinSxS\amd64_microsoft.windows.common-controls_6595b64144ccf1df_6.0.22621.3672_none_2713b9d173822955;C:\Program Files\Java\jdk-17\bin\server

VM Arguments:
jvm_args: --add-modules=ALL-DEFAULT 
java_command: jdk.compiler/com.sun.tools.javac.launcher.Main IFBLOCKS1.java
java_class_path (initial): .
Launcher Type: SUN_STANDARD

[Global flags]
     intx CICompilerCount                          = 4                                         {product} {ergonomic}
     uint ConcGCThreads                            = 2                                         {product} {ergonomic}
     uint G1ConcRefinementThreads                  = 8                                         {product} {ergonomic}
   size_t G1HeapRegionSize                         = 1048576                                   {product} {ergonomic}
    uintx GCDrainStackTargetSize                   = 64                                        {product} {ergonomic}
   size_t InitialHeapSize                          = 132120576                                 {product} {ergonomic}
   size_t MarkStackSize                            = 4194304                                   {product} {ergonomic}
   size_t MaxHeapSize                              = 2082471936                                {product} {ergonomic}
   size_t MaxNewSize                               = 1248854016                                {product} {ergonomic}
   size_t MinHeapDeltaBytes                        = 1048576                                   {product} {ergonomic}
   size_t MinHeapSize                              = 8388608                                   {product} {ergonomic}
    uintx NonNMethodCodeHeapSize                   = 5839372                                {pd product} {ergonomic}
    uintx NonProfiledCodeHeapSize                  = 122909434                              {pd product} {ergonomic}
    uintx ProfiledCodeHeapSize                     = 122909434                              {pd product} {ergonomic}
    uintx ReservedCodeCacheSize                    = 251658240                              {pd product} {ergonomic}
     bool SegmentedCodeCache                       = true                                      {product} {ergonomic}
   size_t SoftMaxHeapSize                          = 2082471936                             {manageable} {ergonomic}
     bool UseCompressedClassPointers               = true                           {product lp64_product} {ergonomic}
     bool UseCompressedOops                        = true                           {product lp64_product} {ergonomic}
     bool UseG1GC                                  = true                                      {product} {ergonomic}
     bool UseLargePagesIndividualAllocation        = false                                  {pd product} {ergonomic}

Logging:
Log output configuration:
 #0: stdout all=warning uptime,level,tags
 #1: stderr all=off uptime,level,tags

Environment Variables:
PATH=C:\Program Files\Common Files\Oracle\Java\javapath;;C:\WINDOWS\system32;C:\WINDOWS;C:\WINDOWS\System32\Wbem;C:\WINDOWS\System32\WindowsPowerShell\v1.0\;C:\WINDOWS\System32\OpenSSH\;C:\Program Files (x86)\Microsoft SQL Server\110\Tools\Binn\;C:\Program Files\Microsoft SQL Server\110\Tools\Binn\;C:\Program Files\Microsoft SQL Server\110\DTS\Binn\;C:\Program Files\dotnet\;C:\Program Files\Microsoft SQL Server\Client SDK\ODBC\130\Tools\Binn\;C:\Program Files (x86)\Microsoft SQL Server\140\Tools\Binn\;C:\Program Files\Microsoft SQL Server\140\Tools\Binn\;C:\Program Files\Microsoft SQL Server\140\DTS\Binn\;C:\Program Files (x86)\Microsoft SQL Server\160\DTS\Binn\;C:\Program Files\Azure Data Studio\bin;C:\Program Files\Git\cmd;%COSMOSM%;C:\WINDOWS\system32\config\systemprofile\AppData\Local\Microsoft\WindowsApps
USERNAME=DESKTOP-EI4D21P$
OS=Windows_NT
PROCESSOR_IDENTIFIER=Intel64 Family 6 Model 142 Stepping 12, GenuineIntel



---------------  S Y S T E M  ---------------

OS:
 Windows 11 , 64 bit Build 22621 (10.0.22621.3672)
OS uptime: 4 days 5:29 hours

CPU: total 8 (initial active 8) (4 cores per cpu, 2 threads per core) family 6 model 142 stepping 12 microcode 0xde, cx8, cmov, fxsr, ht, mmx, 3dnowpref, sse, sse2, sse3, ssse3, sse4.1, sse4.2, popcnt, lzcnt, tsc, tscinvbit, avx, avx2, aes, erms, clmul, bmi1, bmi2, adx, fma, vzeroupper, clflush, clflushopt

Memory: 4k page, system-wide physical 7942M (404M free)
TotalPageFile size 32518M (AvailPageFile size 4M)
current process WorkingSet (physical memory assigned to process): 67M, peak: 67M
current process commit charge ("private bytes"): 223M, peak: 223M

vm_info: Java HotSpot(TM) 64-Bit Server VM (17.0.8+9-LTS-211) for windows-amd64 JRE (17.0.8+9-LTS-211), built on Jun 14 2023 10:34:31 by "mach5one" with MS VC++ 17.1 (VS2022)

END.
