#
# There is insufficient memory for the Java Runtime Environment to continue.
# Native memory allocation (mmap) failed to map 2064384 bytes for G1 virtual space
# Possible reasons:
#   The system is out of physical RAM or swap space
#   The process is running with CompressedOops enabled, and the Java Heap may be blocking the growth of the native heap
# Possible solutions:
#   Reduce memory load on the system
#   Increase physical memory or swap space
#   Check if swap backing store is full
#   Decrease Java heap size (-Xmx/-Xms)
#   Decrease number of Java threads
#   Decrease Java thread stack sizes (-Xss)
#   Set larger code cache with -XX:ReservedCodeCacheSize=
#   JVM is running with Unscaled Compressed Oops mode in which the Java heap is
#     placed in the first 4GB address space. The Java Heap base address is the
#     maximum limit for the native heap growth. Please use -XX:HeapBaseMinAddress
#     to set the Java Heap base and to place the Java Heap above 4GB virtual address.
# This output file may be truncated or incomplete.
#
#  Out of Memory Error (os_windows.cpp:3550), pid=38992, tid=31612
#
# JRE version:  (17.0.8+9) (build )
# Java VM: Java HotSpot(TM) 64-Bit Server VM (17.0.8+9-LTS-211, mixed mode, sharing, tiered, compressed oops, compressed class ptrs, g1 gc, windows-amd64)
# No core dump will be written. Minidumps are not enabled by default on client versions of Windows
#

---------------  S U M M A R Y ------------

Command Line: --add-modules=ALL-DEFAULT jdk.compiler/com.sun.tools.javac.launcher.Main IFBLOCKS1.java

Host: Intel(R) Core(TM) i5-10210U CPU @ 1.60GHz, 8 cores, 7G,  Windows 11 , 64 bit Build 22621 (10.0.22621.4391)
Time: Thu Jan 23 18:05:43 2025 India Standard Time elapsed time: 0.013316 seconds (0d 0h 0m 0s)

---------------  T H R E A D  ---------------

Current thread (0x0000021d96d6a080):  JavaThread "Unknown thread" [_thread_in_vm, id=31612, stack(0x0000006f63100000,0x0000006f63200000)]

Stack: [0x0000006f63100000,0x0000006f63200000]
Native frames: (J=compiled Java code, j=interpreted, Vv=VM code, C=native code)
V  [jvm.dll+0x677d0a]
V  [jvm.dll+0x7d8c54]
V  [jvm.dll+0x7da3fe]
V  [jvm.dll+0x7daa63]
V  [jvm.dll+0x245c5f]
V  [jvm.dll+0x674bb9]
V  [jvm.dll+0x6694f2]
V  [jvm.dll+0x3031d6]
V  [jvm.dll+0x30a756]
V  [jvm.dll+0x359fc8]
V  [jvm.dll+0x35a1cf]
V  [jvm.dll+0x2da3e8]
V  [jvm.dll+0x2db354]
V  [jvm.dll+0x7aa711]
V  [jvm.dll+0x367b51]
V  [jvm.dll+0x789979]
V  [jvm.dll+0x3eb05f]
V  [jvm.dll+0x3ecae1]
C  [jli.dll+0x5297]
C  [ucrtbase.dll+0x29333]
C  [KERNEL32.DLL+0x1259d]
C  [ntdll.dll+0x5af38]


---------------  P R O C E S S  ---------------

Threads class SMR info:
_java_thread_list=0x00007ffefe8d59d8, length=0, elements={
}

Java Threads: ( => current thread )

Other Threads:
  0x0000021d96dc5ee0 GCTaskThread "GC Thread#0" [stack: 0x0000006f63200000,0x0000006f63300000] [id=10336]
  0x0000021d96dd6e70 ConcurrentGCThread "G1 Main Marker" [stack: 0x0000006f63300000,0x0000006f63400000] [id=22996]
  0x0000021d96dd8020 ConcurrentGCThread "G1 Conc#0" [stack: 0x0000006f63400000,0x0000006f63500000] [id=24320]

[error occurred during error reporting (printing all threads), id 0xc0000005, EXCEPTION_ACCESS_VIOLATION (0xc0000005) at pc=0x00007ffefe10b047]

VM state: not at safepoint (not fully initialized)

VM Mutex/Monitor currently owned by a thread:  ([mutex/lock_event])
[0x0000021d96d66730] Heap_lock - owner thread: 0x0000021d96d6a080

Heap address: 0x0000000083e00000, size: 1986 MB, Compressed Oops mode: 32-bit

CDS archive(s) mapped at: [0x0000000000000000-0x0000000000000000-0x0000000000000000), size 0, SharedBaseAddress: 0x0000000800000000, ArchiveRelocationMode: 1.
Narrow klass base: 0x0000000000000000, Narrow klass shift: 0, Narrow klass range: 0x0

GC Precious Log:
<Empty>

Heap:
 garbage-first heap   total 0K, used 0K [0x0000000083e00000, 0x0000000100000000)
  region size 1024K, 0 young (0K), 0 survivors (0K)

[error occurred during error reporting (printing heap information), id 0xc0000005, EXCEPTION_ACCESS_VIOLATION (0xc0000005) at pc=0x00007ffefe4f1499]

GC Heap History (0 events):
No events

Deoptimization events (0 events):
No events

Classes unloaded (0 events):
No events

Classes redefined (0 events):
No events

Internal exceptions (0 events):
No events

VM Operations (0 events):
No events

Events (1 events):
Event: 0.006 Loaded shared library C:\Program Files\Java\jdk-17\bin\java.dll


Dynamic libraries:
0x00007ff63e2f0000 - 0x00007ff63e300000 	C:\Program Files\Java\jdk-17\bin\java.exe
0x00007fff37810000 - 0x00007fff37a27000 	C:\WINDOWS\SYSTEM32\ntdll.dll
0x00007fff36c80000 - 0x00007fff36d44000 	C:\WINDOWS\System32\KERNEL32.DLL
0x00007fff34d50000 - 0x00007fff3510a000 	C:\WINDOWS\System32\KERNELBASE.dll
0x00007fff34b80000 - 0x00007fff34c91000 	C:\WINDOWS\System32\ucrtbase.dll
0x00007ffefed10000 - 0x00007ffefed29000 	C:\Program Files\Java\jdk-17\bin\jli.dll
0x00007ffefecf0000 - 0x00007ffefed0b000 	C:\Program Files\Java\jdk-17\bin\VCRUNTIME140.dll
0x00007fff36e00000 - 0x00007fff36eb2000 	C:\WINDOWS\System32\ADVAPI32.dll
0x00007fff37420000 - 0x00007fff374c7000 	C:\WINDOWS\System32\msvcrt.dll
0x00007fff35a70000 - 0x00007fff35b17000 	C:\WINDOWS\System32\sechost.dll
0x00007fff352b0000 - 0x00007fff352d8000 	C:\WINDOWS\System32\bcrypt.dll
0x00007fff36740000 - 0x00007fff36854000 	C:\WINDOWS\System32\RPCRT4.dll
0x00007fff35cd0000 - 0x00007fff35e7e000 	C:\WINDOWS\System32\USER32.dll
0x00007fff34ca0000 - 0x00007fff34cc6000 	C:\WINDOWS\System32\win32u.dll
0x00007fff1c360000 - 0x00007fff1c5f2000 	C:\WINDOWS\WinSxS\amd64_microsoft.windows.common-controls_6595b64144ccf1df_6.0.22621.4541_none_2710d1c57384c085\COMCTL32.dll
0x00007fff36bf0000 - 0x00007fff36c19000 	C:\WINDOWS\System32\GDI32.dll
0x00007fff35110000 - 0x00007fff3522b000 	C:\WINDOWS\System32\gdi32full.dll
0x00007fff34ae0000 - 0x00007fff34b7a000 	C:\WINDOWS\System32\msvcp_win.dll
0x00007fff21f70000 - 0x00007fff21f7a000 	C:\WINDOWS\SYSTEM32\VERSION.dll
0x00007fff02ca0000 - 0x00007fff02cac000 	C:\Program Files\Java\jdk-17\bin\vcruntime140_1.dll
0x00007ffefea00000 - 0x00007ffefea8e000 	C:\Program Files\Java\jdk-17\bin\msvcp140.dll
0x00007ffefde20000 - 0x00007ffefe9fe000 	C:\Program Files\Java\jdk-17\bin\server\jvm.dll
0x00007fff36c20000 - 0x00007fff36c28000 	C:\WINDOWS\System32\PSAPI.DLL
0x00007fff0c360000 - 0x00007fff0c369000 	C:\WINDOWS\SYSTEM32\WSOCK32.dll
0x00007fff2eea0000 - 0x00007fff2eed4000 	C:\WINDOWS\SYSTEM32\WINMM.dll
0x00007fff37750000 - 0x00007fff377c1000 	C:\WINDOWS\System32\WS2_32.dll
0x00007fff33b20000 - 0x00007fff33b38000 	C:\WINDOWS\SYSTEM32\kernel.appcore.dll
0x00007ffefde10000 - 0x00007ffefde1a000 	C:\Program Files\Java\jdk-17\bin\jimage.dll
0x00007fff2f3a0000 - 0x00007fff2f5d2000 	C:\WINDOWS\SYSTEM32\DBGHELP.DLL
0x00007fff36860000 - 0x00007fff36bef000 	C:\WINDOWS\System32\combase.dll
0x00007fff37500000 - 0x00007fff375d7000 	C:\WINDOWS\System32\OLEAUT32.dll
0x00007ffefddd0000 - 0x00007ffefde02000 	C:\WINDOWS\SYSTEM32\dbgcore.DLL
0x00007fff35230000 - 0x00007fff352ab000 	C:\WINDOWS\System32\bcryptPrimitives.dll
0x00007ffefdd30000 - 0x00007ffefdd55000 	C:\Program Files\Java\jdk-17\bin\java.dll

dbghelp: loaded successfully - version: 4.0.5 - missing functions: none
symbol engine: initialized successfully - sym options: 0x614 - pdb path: .;C:\Program Files\Java\jdk-17\bin;C:\WINDOWS\SYSTEM32;C:\WINDOWS\WinSxS\amd64_microsoft.windows.common-controls_6595b64144ccf1df_6.0.22621.4541_none_2710d1c57384c085;C:\Program Files\Java\jdk-17\bin\server

VM Arguments:
jvm_args: --add-modules=ALL-DEFAULT 
java_command: jdk.compiler/com.sun.tools.javac.launcher.Main IFBLOCKS1.java
java_class_path (initial): .
Launcher Type: SUN_STANDARD

[Global flags]
     intx CICompilerCount                          = 4                                         {product} {ergonomic}
     uint ConcGCThreads                            = 2                                         {product} {ergonomic}
     uint G1ConcRefinementThreads                  = 8                                         {product} {ergonomic}
   size_t G1HeapRegionSize                         = 1048576                                   {product} {ergonomic}
    uintx GCDrainStackTargetSize                   = 64                                        {product} {ergonomic}
   size_t InitialHeapSize                          = 132120576                                 {product} {ergonomic}
   size_t MarkStackSize                            = 4194304                                   {product} {ergonomic}
   size_t MaxHeapSize                              = 2082471936                                {product} {ergonomic}
   size_t MinHeapDeltaBytes                        = 1048576                                   {product} {ergonomic}
   size_t MinHeapSize                              = 8388608                                   {product} {ergonomic}
    uintx NonNMethodCodeHeapSize                   = 5839372                                {pd product} {ergonomic}
    uintx NonProfiledCodeHeapSize                  = 122909434                              {pd product} {ergonomic}
    uintx ProfiledCodeHeapSize                     = 122909434                              {pd product} {ergonomic}
    uintx ReservedCodeCacheSize                    = 251658240                              {pd product} {ergonomic}
     bool SegmentedCodeCache                       = true                                      {product} {ergonomic}
   size_t SoftMaxHeapSize                          = 2082471936                             {manageable} {ergonomic}
     bool UseCompressedClassPointers               = true                           {product lp64_product} {ergonomic}
     bool UseCompressedOops                        = true                           {product lp64_product} {ergonomic}
     bool UseG1GC                                  = true                                      {product} {ergonomic}
     bool UseLargePagesIndividualAllocation        = false                                  {pd product} {ergonomic}

Logging:
Log output configuration:
 #0: stdout all=warning uptime,level,tags
 #1: stderr all=off uptime,level,tags

Environment Variables:
JAVA_HOME=C:\Program Files\Java\jdk-17
PATH=C:\Program Files\Java\jdk-17/bin;C:\Program Files\Java\jdk-17/bin;C:\Program Files\Common Files\Oracle\Java\javapath;;C:\WINDOWS\system32;C:\WINDOWS;C:\WINDOWS\System32\Wbem;C:\WINDOWS\System32\WindowsPowerShell\v1.0\;C:\WINDOWS\System32\OpenSSH\;C:\Program Files (x86)\Microsoft SQL Server\110\Tools\Binn\;C:\Program Files\Microsoft SQL Server\110\Tools\Binn\;C:\Program Files\Microsoft SQL Server\110\DTS\Binn\;C:\Program Files\dotnet\;C:\Program Files\Microsoft SQL Server\Client SDK\ODBC\130\Tools\Binn\;C:\Program Files (x86)\Microsoft SQL Server\140\Tools\Binn\;C:\Program Files\Microsoft SQL Server\140\Tools\Binn\;C:\Program Files\Microsoft SQL Server\140\DTS\Binn\;C:\Program Files (x86)\Microsoft SQL Server\160\DTS\Binn\;C:\Program Files\Azure Data Studio\bin;C:\Program Files\Git\cmd;%COSMOSM%;C:\WINDOWS\system32\config\systemprofile\AppData\Local\Microsoft\WindowsApps
USERNAME=DESKTOP-EI4D21P$
OS=Windows_NT
PROCESSOR_IDENTIFIER=Intel64 Family 6 Model 142 Stepping 12, GenuineIntel



---------------  S Y S T E M  ---------------

OS:
 Windows 11 , 64 bit Build 22621 (10.0.22621.4391)
OS uptime: 27 days 9:04 hours

CPU: total 8 (initial active 8) (4 cores per cpu, 2 threads per core) family 6 model 142 stepping 12 microcode 0xde, cx8, cmov, fxsr, ht, mmx, 3dnowpref, sse, sse2, sse3, ssse3, sse4.1, sse4.2, popcnt, lzcnt, tsc, tscinvbit, avx, avx2, aes, erms, clmul, bmi1, bmi2, adx, fma, vzeroupper, clflush, clflushopt

Memory: 4k page, system-wide physical 7942M (393M free)
TotalPageFile size 32518M (AvailPageFile size 3M)
current process WorkingSet (physical memory assigned to process): 11M, peak: 11M
current process commit charge ("private bytes"): 188M, peak: 190M

vm_info: Java HotSpot(TM) 64-Bit Server VM (17.0.8+9-LTS-211) for windows-amd64 JRE (17.0.8+9-LTS-211), built on Jun 14 2023 10:34:31 by "mach5one" with MS VC++ 17.1 (VS2022)

END.
