#
# There is insufficient memory for the Java Runtime Environment to continue.
# Native memory allocation (mmap) failed to map 65536 bytes for Failed to commit metaspace.
# Possible reasons:
#   The system is out of physical RAM or swap space
#   The process is running with CompressedOops enabled, and the Java Heap may be blocking the growth of the native heap
# Possible solutions:
#   Reduce memory load on the system
#   Increase physical memory or swap space
#   Check if swap backing store is full
#   Decrease Java heap size (-Xmx/-Xms)
#   Decrease number of Java threads
#   Decrease Java thread stack sizes (-Xss)
#   Set larger code cache with -XX:ReservedCodeCacheSize=
#   JVM is running with Unscaled Compressed Oops mode in which the Java heap is
#     placed in the first 4GB address space. The Java Heap base address is the
#     maximum limit for the native heap growth. Please use -XX:HeapBaseMinAddress
#     to set the Java Heap base and to place the Java Heap above 4GB virtual address.
# This output file may be truncated or incomplete.
#
#  Out of Memory Error (virtualSpaceNode.cpp:110), pid=20184, tid=14384
#
# JRE version: Java(TM) SE Runtime Environment (17.0.8+9) (build 17.0.8+9-LTS-211)
# Java VM: Java HotSpot(TM) 64-Bit Server VM (17.0.8+9-LTS-211, mixed mode, tiered, compressed oops, compressed class ptrs, g1 gc, windows-amd64)
# No core dump will be written. Minidumps are not enabled by default on client versions of Windows
#

---------------  S U M M A R Y ------------

Command Line: --add-modules=ALL-DEFAULT jdk.compiler/com.sun.tools.javac.launcher.Main IFBLOCKS1.java

Host: Intel(R) Core(TM) i5-10210U CPU @ 1.60GHz, 8 cores, 7G,  Windows 11 , 64 bit Build 22621 (10.0.22621.3672)
Time: Wed Aug  7 17:29:31 2024 India Standard Time elapsed time: 0.378075 seconds (0d 0h 0m 0s)

---------------  T H R E A D  ---------------

Current thread (0x000001eea7ee98f0):  JavaThread "main" [_thread_in_vm, id=14384, stack(0x0000005edf400000,0x0000005edf500000)]

Stack: [0x0000005edf400000,0x0000005edf500000]
Native frames: (J=compiled Java code, j=interpreted, Vv=VM code, C=native code)
V  [jvm.dll+0x677d0a]
V  [jvm.dll+0x7d8c54]
V  [jvm.dll+0x7da3fe]
V  [jvm.dll+0x7daa63]
V  [jvm.dll+0x245c5f]
V  [jvm.dll+0x7d4d5b]
V  [jvm.dll+0x61dcf6]
V  [jvm.dll+0x1c0127]
V  [jvm.dll+0x620650]
V  [jvm.dll+0x61e6b6]
V  [jvm.dll+0x369eb2]
V  [jvm.dll+0x1e1aab]
V  [jvm.dll+0x53dde5]
V  [jvm.dll+0x753768]
V  [jvm.dll+0x753854]
V  [jvm.dll+0x40ba4f]
V  [jvm.dll+0x411a69]
C  [java.dll+0x1971]

Java frames: (J=compiled Java code, j=interpreted, Vv=VM code)
j  java.lang.ClassLoader.defineClass2(Ljava/lang/ClassLoader;Ljava/lang/String;Ljava/nio/ByteBuffer;IILjava/security/ProtectionDomain;Ljava/lang/String;)Ljava/lang/Class;+0 java.base@17.0.8
j  java.lang.ClassLoader.defineClass(Ljava/lang/String;Ljava/nio/ByteBuffer;Ljava/security/ProtectionDomain;)Ljava/lang/Class;+93 java.base@17.0.8
j  java.security.SecureClassLoader.defineClass(Ljava/lang/String;Ljava/nio/ByteBuffer;Ljava/security/CodeSource;)Ljava/lang/Class;+8 java.base@17.0.8
J 437 c1 jdk.internal.loader.BuiltinClassLoader.defineClass(Ljava/lang/String;Ljdk/internal/loader/BuiltinClassLoader$LoadedModule;)Ljava/lang/Class; java.base@17.0.8 (162 bytes) @ 0x000001eeaf82583c [0x000001eeaf8242e0+0x000000000000155c]
J 417 c1 jdk.internal.loader.BuiltinClassLoader.loadClassOrNull(Ljava/lang/String;Z)Ljava/lang/Class; java.base@17.0.8 (143 bytes) @ 0x000001eeaf81781c [0x000001eeaf817240+0x00000000000005dc]
J 314 c1 jdk.internal.loader.ClassLoaders$AppClassLoader.loadClass(Ljava/lang/String;Z)Ljava/lang/Class; java.base@17.0.8 (40 bytes) @ 0x000001eeaf7e9cf4 [0x000001eeaf7e96e0+0x0000000000000614]
J 308 c1 java.lang.ClassLoader.loadClass(Ljava/lang/String;)Ljava/lang/Class; java.base@17.0.8 (7 bytes) @ 0x000001eeaf7e78bc [0x000001eeaf7e77c0+0x00000000000000fc]
v  ~StubRoutines::call_stub
j  com.sun.tools.javac.util.Names.createTable(Lcom/sun/tools/javac/util/Options;)Lcom/sun/tools/javac/util/Name$Table;+18 jdk.compiler@17.0.8
j  com.sun.tools.javac.util.Names.<init>(Lcom/sun/tools/javac/util/Context;)V+12 jdk.compiler@17.0.8
j  com.sun.tools.javac.util.Names.instance(Lcom/sun/tools/javac/util/Context;)Lcom/sun/tools/javac/util/Names;+20 jdk.compiler@17.0.8
j  com.sun.tools.javac.main.JavaCompiler.<init>(Lcom/sun/tools/javac/util/Context;)V+106 jdk.compiler@17.0.8
j  com.sun.tools.javac.main.JavaCompiler.instance(Lcom/sun/tools/javac/util/Context;)Lcom/sun/tools/javac/main/JavaCompiler;+20 jdk.compiler@17.0.8
j  com.sun.tools.javac.processing.JavacProcessingEnvironment.<init>(Lcom/sun/tools/javac/util/Context;)V+125 jdk.compiler@17.0.8
j  com.sun.tools.javac.processing.JavacProcessingEnvironment.instance(Lcom/sun/tools/javac/util/Context;)Lcom/sun/tools/javac/processing/JavacProcessingEnvironment;+19 jdk.compiler@17.0.8
j  com.sun.tools.javac.api.BasicJavacTask.initPlugins(Ljava/util/Set;)V+148 jdk.compiler@17.0.8
j  com.sun.tools.javac.api.JavacTaskImpl.prepareCompiler(Z)V+103 jdk.compiler@17.0.8
j  com.sun.tools.javac.api.JavacTaskImpl.lambda$doCall$0()Lcom/sun/tools/javac/main/Main$Result;+2 jdk.compiler@17.0.8
j  com.sun.tools.javac.api.JavacTaskImpl$$Lambda$36+0x00000001000ad000.call()Ljava/lang/Object;+4 jdk.compiler@17.0.8
j  com.sun.tools.javac.api.JavacTaskImpl.invocationHelper(Ljava/util/concurrent/Callable;)Lcom/sun/tools/javac/util/Pair;+20 jdk.compiler@17.0.8
j  com.sun.tools.javac.api.JavacTaskImpl.doCall()Lcom/sun/tools/javac/main/Main$Result;+7 jdk.compiler@17.0.8
j  com.sun.tools.javac.api.JavacTaskImpl.call()Ljava/lang/Boolean;+1 jdk.compiler@17.0.8
j  com.sun.tools.javac.launcher.Main.compile(Ljava/nio/file/Path;Ljava/util/List;Lcom/sun/tools/javac/launcher/Main$Context;)Ljava/lang/String;+95 jdk.compiler@17.0.8
j  com.sun.tools.javac.launcher.Main.run([Ljava/lang/String;[Ljava/lang/String;)V+30 jdk.compiler@17.0.8
j  com.sun.tools.javac.launcher.Main.main([Ljava/lang/String;)V+14 jdk.compiler@17.0.8
v  ~StubRoutines::call_stub

---------------  P R O C E S S  ---------------

Threads class SMR info:
_java_thread_list=0x000001eeca237c60, length=12, elements={
0x000001eea7ee98f0, 0x000001eeca013260, 0x000001eec5f3d8d0, 0x000001eec5f269e0,
0x000001eeca04f600, 0x000001eeca04ffb0, 0x000001eeca050960, 0x000001eec5f4c6a0,
0x000001eeca030970, 0x000001eeca032f80, 0x000001eeca17fc70, 0x000001eeca264220
}

Java Threads: ( => current thread )
=>0x000001eea7ee98f0 JavaThread "main" [_thread_in_vm, id=14384, stack(0x0000005edf400000,0x0000005edf500000)]
  0x000001eeca013260 JavaThread "Reference Handler" daemon [_thread_blocked, id=14372, stack(0x0000005edfb00000,0x0000005edfc00000)]
  0x000001eec5f3d8d0 JavaThread "Finalizer" daemon [_thread_blocked, id=24936, stack(0x0000005edfc00000,0x0000005edfd00000)]
  0x000001eec5f269e0 JavaThread "Signal Dispatcher" daemon [_thread_blocked, id=1836, stack(0x0000005edfd00000,0x0000005edfe00000)]
  0x000001eeca04f600 JavaThread "Attach Listener" daemon [_thread_blocked, id=17260, stack(0x0000005edfe00000,0x0000005edff00000)]
  0x000001eeca04ffb0 JavaThread "Service Thread" daemon [_thread_blocked, id=9884, stack(0x0000005edff00000,0x0000005ee0000000)]
  0x000001eeca050960 JavaThread "Monitor Deflation Thread" daemon [_thread_blocked, id=15932, stack(0x0000005ee0000000,0x0000005ee0100000)]
  0x000001eec5f4c6a0 JavaThread "C2 CompilerThread0" daemon [_thread_blocked, id=24564, stack(0x0000005ee0100000,0x0000005ee0200000)]
  0x000001eeca030970 JavaThread "C1 CompilerThread0" daemon [_thread_blocked, id=21280, stack(0x0000005ee0200000,0x0000005ee0300000)]
  0x000001eeca032f80 JavaThread "Sweeper thread" daemon [_thread_blocked, id=4472, stack(0x0000005ee0300000,0x0000005ee0400000)]
  0x000001eeca17fc70 JavaThread "Common-Cleaner" daemon [_thread_blocked, id=28196, stack(0x0000005ee0400000,0x0000005ee0500000)]
  0x000001eeca264220 JavaThread "Notification Thread" daemon [_thread_blocked, id=11872, stack(0x0000005ee0500000,0x0000005ee0600000)]

Other Threads:
  0x000001eec5ec7e50 VMThread "VM Thread" [stack: 0x0000005edfa00000,0x0000005edfb00000] [id=14868]
  0x000001eea7f5e2d0 WatcherThread [stack: 0x0000005ee0600000,0x0000005ee0700000] [id=12928]
  0x000001eea7f456b0 GCTaskThread "GC Thread#0" [stack: 0x0000005edf500000,0x0000005edf600000] [id=160]
  0x000001eea7f56e40 ConcurrentGCThread "G1 Main Marker" [stack: 0x0000005edf600000,0x0000005edf700000] [id=18936]
  0x000001eea7f57ff0 ConcurrentGCThread "G1 Conc#0" [stack: 0x0000005edf700000,0x0000005edf800000] [id=15716]
  0x000001eea7fbdeb0 ConcurrentGCThread "G1 Refine#0" [stack: 0x0000005edf800000,0x0000005edf900000] [id=15352]
  0x000001eea7fbe8d0 ConcurrentGCThread "G1 Service" [stack: 0x0000005edf900000,0x0000005edfa00000] [id=26668]

Threads with active compile tasks:

VM state: not at safepoint (normal execution)

VM Mutex/Monitor currently owned by a thread:  ([mutex/lock_event])
[0x000001eea7ee4c10] Metaspace_lock - owner thread: 0x000001eea7ee98f0

Heap address: 0x0000000083e00000, size: 1986 MB, Compressed Oops mode: 32-bit

CDS archive(s) not mapped
Compressed class space mapped at: 0x0000000100000000-0x0000000140000000, reserved size: 1073741824
Narrow klass base: 0x0000000000000000, Narrow klass shift: 3, Narrow klass range: 0x140000000

GC Precious Log:
 CPUs: 8 total, 8 available
 Memory: 7942M
 Large Page Support: Disabled
 NUMA Support: Disabled
 Compressed Oops: Enabled (32-bit)
 Heap Region Size: 1M
 Heap Min Capacity: 8M
 Heap Initial Capacity: 126M
 Heap Max Capacity: 1986M
 Pre-touch: Disabled
 Parallel Workers: 8
 Concurrent Workers: 2
 Concurrent Refinement Workers: 8
 Periodic GC: Disabled

Heap:
 garbage-first heap   total 129024K, used 3072K [0x0000000083e00000, 0x0000000100000000)
  region size 1024K, 4 young (4096K), 0 survivors (0K)
 Metaspace       used 9125K, committed 9280K, reserved 1114112K
  class space    used 926K, committed 960K, reserved 1048576K

Heap Regions: E=young(eden), S=young(survivor), O=old, HS=humongous(starts), HC=humongous(continues), CS=collection set, F=free, OA=open archive, CA=closed archive, TAMS=top-at-mark-start (previous, next)
|   0|0x0000000083e00000, 0x0000000083e00000, 0x0000000083f00000|  0%| F|  |TAMS 0x0000000083e00000, 0x0000000083e00000| Untracked 
|   1|0x0000000083f00000, 0x0000000083f00000, 0x0000000084000000|  0%| F|  |TAMS 0x0000000083f00000, 0x0000000083f00000| Untracked 
|   2|0x0000000084000000, 0x0000000084000000, 0x0000000084100000|  0%| F|  |TAMS 0x0000000084000000, 0x0000000084000000| Untracked 
|   3|0x0000000084100000, 0x0000000084100000, 0x0000000084200000|  0%| F|  |TAMS 0x0000000084100000, 0x0000000084100000| Untracked 
|   4|0x0000000084200000, 0x0000000084200000, 0x0000000084300000|  0%| F|  |TAMS 0x0000000084200000, 0x0000000084200000| Untracked 
|   5|0x0000000084300000, 0x0000000084300000, 0x0000000084400000|  0%| F|  |TAMS 0x0000000084300000, 0x0000000084300000| Untracked 
|   6|0x0000000084400000, 0x0000000084400000, 0x0000000084500000|  0%| F|  |TAMS 0x0000000084400000, 0x0000000084400000| Untracked 
|   7|0x0000000084500000, 0x0000000084500000, 0x0000000084600000|  0%| F|  |TAMS 0x0000000084500000, 0x0000000084500000| Untracked 
|   8|0x0000000084600000, 0x0000000084600000, 0x0000000084700000|  0%| F|  |TAMS 0x0000000084600000, 0x0000000084600000| Untracked 
|   9|0x0000000084700000, 0x0000000084700000, 0x0000000084800000|  0%| F|  |TAMS 0x0000000084700000, 0x0000000084700000| Untracked 
|  10|0x0000000084800000, 0x0000000084800000, 0x0000000084900000|  0%| F|  |TAMS 0x0000000084800000, 0x0000000084800000| Untracked 
|  11|0x0000000084900000, 0x0000000084900000, 0x0000000084a00000|  0%| F|  |TAMS 0x0000000084900000, 0x0000000084900000| Untracked 
|  12|0x0000000084a00000, 0x0000000084a00000, 0x0000000084b00000|  0%| F|  |TAMS 0x0000000084a00000, 0x0000000084a00000| Untracked 
|  13|0x0000000084b00000, 0x0000000084b00000, 0x0000000084c00000|  0%| F|  |TAMS 0x0000000084b00000, 0x0000000084b00000| Untracked 
|  14|0x0000000084c00000, 0x0000000084c00000, 0x0000000084d00000|  0%| F|  |TAMS 0x0000000084c00000, 0x0000000084c00000| Untracked 
|  15|0x0000000084d00000, 0x0000000084d00000, 0x0000000084e00000|  0%| F|  |TAMS 0x0000000084d00000, 0x0000000084d00000| Untracked 
|  16|0x0000000084e00000, 0x0000000084e00000, 0x0000000084f00000|  0%| F|  |TAMS 0x0000000084e00000, 0x0000000084e00000| Untracked 
|  17|0x0000000084f00000, 0x0000000084f00000, 0x0000000085000000|  0%| F|  |TAMS 0x0000000084f00000, 0x0000000084f00000| Untracked 
|  18|0x0000000085000000, 0x0000000085000000, 0x0000000085100000|  0%| F|  |TAMS 0x0000000085000000, 0x0000000085000000| Untracked 
|  19|0x0000000085100000, 0x0000000085100000, 0x0000000085200000|  0%| F|  |TAMS 0x0000000085100000, 0x0000000085100000| Untracked 
|  20|0x0000000085200000, 0x0000000085200000, 0x0000000085300000|  0%| F|  |TAMS 0x0000000085200000, 0x0000000085200000| Untracked 
|  21|0x0000000085300000, 0x0000000085300000, 0x0000000085400000|  0%| F|  |TAMS 0x0000000085300000, 0x0000000085300000| Untracked 
|  22|0x0000000085400000, 0x0000000085400000, 0x0000000085500000|  0%| F|  |TAMS 0x0000000085400000, 0x0000000085400000| Untracked 
|  23|0x0000000085500000, 0x0000000085500000, 0x0000000085600000|  0%| F|  |TAMS 0x0000000085500000, 0x0000000085500000| Untracked 
|  24|0x0000000085600000, 0x0000000085600000, 0x0000000085700000|  0%| F|  |TAMS 0x0000000085600000, 0x0000000085600000| Untracked 
|  25|0x0000000085700000, 0x0000000085700000, 0x0000000085800000|  0%| F|  |TAMS 0x0000000085700000, 0x0000000085700000| Untracked 
|  26|0x0000000085800000, 0x0000000085800000, 0x0000000085900000|  0%| F|  |TAMS 0x0000000085800000, 0x0000000085800000| Untracked 
|  27|0x0000000085900000, 0x0000000085900000, 0x0000000085a00000|  0%| F|  |TAMS 0x0000000085900000, 0x0000000085900000| Untracked 
|  28|0x0000000085a00000, 0x0000000085a00000, 0x0000000085b00000|  0%| F|  |TAMS 0x0000000085a00000, 0x0000000085a00000| Untracked 
|  29|0x0000000085b00000, 0x0000000085b00000, 0x0000000085c00000|  0%| F|  |TAMS 0x0000000085b00000, 0x0000000085b00000| Untracked 
|  30|0x0000000085c00000, 0x0000000085c00000, 0x0000000085d00000|  0%| F|  |TAMS 0x0000000085c00000, 0x0000000085c00000| Untracked 
|  31|0x0000000085d00000, 0x0000000085d00000, 0x0000000085e00000|  0%| F|  |TAMS 0x0000000085d00000, 0x0000000085d00000| Untracked 
|  32|0x0000000085e00000, 0x0000000085e00000, 0x0000000085f00000|  0%| F|  |TAMS 0x0000000085e00000, 0x0000000085e00000| Untracked 
|  33|0x0000000085f00000, 0x0000000085f00000, 0x0000000086000000|  0%| F|  |TAMS 0x0000000085f00000, 0x0000000085f00000| Untracked 
|  34|0x0000000086000000, 0x0000000086000000, 0x0000000086100000|  0%| F|  |TAMS 0x0000000086000000, 0x0000000086000000| Untracked 
|  35|0x0000000086100000, 0x0000000086100000, 0x0000000086200000|  0%| F|  |TAMS 0x0000000086100000, 0x0000000086100000| Untracked 
|  36|0x0000000086200000, 0x0000000086200000, 0x0000000086300000|  0%| F|  |TAMS 0x0000000086200000, 0x0000000086200000| Untracked 
|  37|0x0000000086300000, 0x0000000086300000, 0x0000000086400000|  0%| F|  |TAMS 0x0000000086300000, 0x0000000086300000| Untracked 
|  38|0x0000000086400000, 0x0000000086400000, 0x0000000086500000|  0%| F|  |TAMS 0x0000000086400000, 0x0000000086400000| Untracked 
|  39|0x0000000086500000, 0x0000000086500000, 0x0000000086600000|  0%| F|  |TAMS 0x0000000086500000, 0x0000000086500000| Untracked 
|  40|0x0000000086600000, 0x0000000086600000, 0x0000000086700000|  0%| F|  |TAMS 0x0000000086600000, 0x0000000086600000| Untracked 
|  41|0x0000000086700000, 0x0000000086700000, 0x0000000086800000|  0%| F|  |TAMS 0x0000000086700000, 0x0000000086700000| Untracked 
|  42|0x0000000086800000, 0x0000000086800000, 0x0000000086900000|  0%| F|  |TAMS 0x0000000086800000, 0x0000000086800000| Untracked 
|  43|0x0000000086900000, 0x0000000086900000, 0x0000000086a00000|  0%| F|  |TAMS 0x0000000086900000, 0x0000000086900000| Untracked 
|  44|0x0000000086a00000, 0x0000000086a00000, 0x0000000086b00000|  0%| F|  |TAMS 0x0000000086a00000, 0x0000000086a00000| Untracked 
|  45|0x0000000086b00000, 0x0000000086b00000, 0x0000000086c00000|  0%| F|  |TAMS 0x0000000086b00000, 0x0000000086b00000| Untracked 
|  46|0x0000000086c00000, 0x0000000086c00000, 0x0000000086d00000|  0%| F|  |TAMS 0x0000000086c00000, 0x0000000086c00000| Untracked 
|  47|0x0000000086d00000, 0x0000000086d00000, 0x0000000086e00000|  0%| F|  |TAMS 0x0000000086d00000, 0x0000000086d00000| Untracked 
|  48|0x0000000086e00000, 0x0000000086e00000, 0x0000000086f00000|  0%| F|  |TAMS 0x0000000086e00000, 0x0000000086e00000| Untracked 
|  49|0x0000000086f00000, 0x0000000086f00000, 0x0000000087000000|  0%| F|  |TAMS 0x0000000086f00000, 0x0000000086f00000| Untracked 
|  50|0x0000000087000000, 0x0000000087000000, 0x0000000087100000|  0%| F|  |TAMS 0x0000000087000000, 0x0000000087000000| Untracked 
|  51|0x0000000087100000, 0x0000000087100000, 0x0000000087200000|  0%| F|  |TAMS 0x0000000087100000, 0x0000000087100000| Untracked 
|  52|0x0000000087200000, 0x0000000087200000, 0x0000000087300000|  0%| F|  |TAMS 0x0000000087200000, 0x0000000087200000| Untracked 
|  53|0x0000000087300000, 0x0000000087300000, 0x0000000087400000|  0%| F|  |TAMS 0x0000000087300000, 0x0000000087300000| Untracked 
|  54|0x0000000087400000, 0x0000000087400000, 0x0000000087500000|  0%| F|  |TAMS 0x0000000087400000, 0x0000000087400000| Untracked 
|  55|0x0000000087500000, 0x0000000087500000, 0x0000000087600000|  0%| F|  |TAMS 0x0000000087500000, 0x0000000087500000| Untracked 
|  56|0x0000000087600000, 0x0000000087600000, 0x0000000087700000|  0%| F|  |TAMS 0x0000000087600000, 0x0000000087600000| Untracked 
|  57|0x0000000087700000, 0x0000000087700000, 0x0000000087800000|  0%| F|  |TAMS 0x0000000087700000, 0x0000000087700000| Untracked 
|  58|0x0000000087800000, 0x0000000087800000, 0x0000000087900000|  0%| F|  |TAMS 0x0000000087800000, 0x0000000087800000| Untracked 
|  59|0x0000000087900000, 0x0000000087900000, 0x0000000087a00000|  0%| F|  |TAMS 0x0000000087900000, 0x0000000087900000| Untracked 
|  60|0x0000000087a00000, 0x0000000087a00000, 0x0000000087b00000|  0%| F|  |TAMS 0x0000000087a00000, 0x0000000087a00000| Untracked 
|  61|0x0000000087b00000, 0x0000000087b00000, 0x0000000087c00000|  0%| F|  |TAMS 0x0000000087b00000, 0x0000000087b00000| Untracked 
|  62|0x0000000087c00000, 0x0000000087c00000, 0x0000000087d00000|  0%| F|  |TAMS 0x0000000087c00000, 0x0000000087c00000| Untracked 
|  63|0x0000000087d00000, 0x0000000087d00000, 0x0000000087e00000|  0%| F|  |TAMS 0x0000000087d00000, 0x0000000087d00000| Untracked 
|  64|0x0000000087e00000, 0x0000000087e00000, 0x0000000087f00000|  0%| F|  |TAMS 0x0000000087e00000, 0x0000000087e00000| Untracked 
|  65|0x0000000087f00000, 0x0000000087f00000, 0x0000000088000000|  0%| F|  |TAMS 0x0000000087f00000, 0x0000000087f00000| Untracked 
|  66|0x0000000088000000, 0x0000000088000000, 0x0000000088100000|  0%| F|  |TAMS 0x0000000088000000, 0x0000000088000000| Untracked 
|  67|0x0000000088100000, 0x0000000088100000, 0x0000000088200000|  0%| F|  |TAMS 0x0000000088100000, 0x0000000088100000| Untracked 
|  68|0x0000000088200000, 0x0000000088200000, 0x0000000088300000|  0%| F|  |TAMS 0x0000000088200000, 0x0000000088200000| Untracked 
|  69|0x0000000088300000, 0x0000000088300000, 0x0000000088400000|  0%| F|  |TAMS 0x0000000088300000, 0x0000000088300000| Untracked 
|  70|0x0000000088400000, 0x0000000088400000, 0x0000000088500000|  0%| F|  |TAMS 0x0000000088400000, 0x0000000088400000| Untracked 
|  71|0x0000000088500000, 0x0000000088500000, 0x0000000088600000|  0%| F|  |TAMS 0x0000000088500000, 0x0000000088500000| Untracked 
|  72|0x0000000088600000, 0x0000000088600000, 0x0000000088700000|  0%| F|  |TAMS 0x0000000088600000, 0x0000000088600000| Untracked 
|  73|0x0000000088700000, 0x0000000088700000, 0x0000000088800000|  0%| F|  |TAMS 0x0000000088700000, 0x0000000088700000| Untracked 
|  74|0x0000000088800000, 0x0000000088800000, 0x0000000088900000|  0%| F|  |TAMS 0x0000000088800000, 0x0000000088800000| Untracked 
|  75|0x0000000088900000, 0x0000000088900000, 0x0000000088a00000|  0%| F|  |TAMS 0x0000000088900000, 0x0000000088900000| Untracked 
|  76|0x0000000088a00000, 0x0000000088a00000, 0x0000000088b00000|  0%| F|  |TAMS 0x0000000088a00000, 0x0000000088a00000| Untracked 
|  77|0x0000000088b00000, 0x0000000088b00000, 0x0000000088c00000|  0%| F|  |TAMS 0x0000000088b00000, 0x0000000088b00000| Untracked 
|  78|0x0000000088c00000, 0x0000000088c00000, 0x0000000088d00000|  0%| F|  |TAMS 0x0000000088c00000, 0x0000000088c00000| Untracked 
|  79|0x0000000088d00000, 0x0000000088d00000, 0x0000000088e00000|  0%| F|  |TAMS 0x0000000088d00000, 0x0000000088d00000| Untracked 
|  80|0x0000000088e00000, 0x0000000088e00000, 0x0000000088f00000|  0%| F|  |TAMS 0x0000000088e00000, 0x0000000088e00000| Untracked 
|  81|0x0000000088f00000, 0x0000000088f00000, 0x0000000089000000|  0%| F|  |TAMS 0x0000000088f00000, 0x0000000088f00000| Untracked 
|  82|0x0000000089000000, 0x0000000089000000, 0x0000000089100000|  0%| F|  |TAMS 0x0000000089000000, 0x0000000089000000| Untracked 
|  83|0x0000000089100000, 0x0000000089100000, 0x0000000089200000|  0%| F|  |TAMS 0x0000000089100000, 0x0000000089100000| Untracked 
|  84|0x0000000089200000, 0x0000000089200000, 0x0000000089300000|  0%| F|  |TAMS 0x0000000089200000, 0x0000000089200000| Untracked 
|  85|0x0000000089300000, 0x0000000089300000, 0x0000000089400000|  0%| F|  |TAMS 0x0000000089300000, 0x0000000089300000| Untracked 
|  86|0x0000000089400000, 0x0000000089400000, 0x0000000089500000|  0%| F|  |TAMS 0x0000000089400000, 0x0000000089400000| Untracked 
|  87|0x0000000089500000, 0x0000000089500000, 0x0000000089600000|  0%| F|  |TAMS 0x0000000089500000, 0x0000000089500000| Untracked 
|  88|0x0000000089600000, 0x0000000089600000, 0x0000000089700000|  0%| F|  |TAMS 0x0000000089600000, 0x0000000089600000| Untracked 
|  89|0x0000000089700000, 0x0000000089700000, 0x0000000089800000|  0%| F|  |TAMS 0x0000000089700000, 0x0000000089700000| Untracked 
|  90|0x0000000089800000, 0x0000000089800000, 0x0000000089900000|  0%| F|  |TAMS 0x0000000089800000, 0x0000000089800000| Untracked 
|  91|0x0000000089900000, 0x0000000089900000, 0x0000000089a00000|  0%| F|  |TAMS 0x0000000089900000, 0x0000000089900000| Untracked 
|  92|0x0000000089a00000, 0x0000000089a00000, 0x0000000089b00000|  0%| F|  |TAMS 0x0000000089a00000, 0x0000000089a00000| Untracked 
|  93|0x0000000089b00000, 0x0000000089b00000, 0x0000000089c00000|  0%| F|  |TAMS 0x0000000089b00000, 0x0000000089b00000| Untracked 
|  94|0x0000000089c00000, 0x0000000089c00000, 0x0000000089d00000|  0%| F|  |TAMS 0x0000000089c00000, 0x0000000089c00000| Untracked 
|  95|0x0000000089d00000, 0x0000000089d00000, 0x0000000089e00000|  0%| F|  |TAMS 0x0000000089d00000, 0x0000000089d00000| Untracked 
|  96|0x0000000089e00000, 0x0000000089e00000, 0x0000000089f00000|  0%| F|  |TAMS 0x0000000089e00000, 0x0000000089e00000| Untracked 
|  97|0x0000000089f00000, 0x0000000089f00000, 0x000000008a000000|  0%| F|  |TAMS 0x0000000089f00000, 0x0000000089f00000| Untracked 
|  98|0x000000008a000000, 0x000000008a000000, 0x000000008a100000|  0%| F|  |TAMS 0x000000008a000000, 0x000000008a000000| Untracked 
|  99|0x000000008a100000, 0x000000008a100000, 0x000000008a200000|  0%| F|  |TAMS 0x000000008a100000, 0x000000008a100000| Untracked 
| 100|0x000000008a200000, 0x000000008a200000, 0x000000008a300000|  0%| F|  |TAMS 0x000000008a200000, 0x000000008a200000| Untracked 
| 101|0x000000008a300000, 0x000000008a300000, 0x000000008a400000|  0%| F|  |TAMS 0x000000008a300000, 0x000000008a300000| Untracked 
| 102|0x000000008a400000, 0x000000008a400000, 0x000000008a500000|  0%| F|  |TAMS 0x000000008a400000, 0x000000008a400000| Untracked 
| 103|0x000000008a500000, 0x000000008a500000, 0x000000008a600000|  0%| F|  |TAMS 0x000000008a500000, 0x000000008a500000| Untracked 
| 104|0x000000008a600000, 0x000000008a600000, 0x000000008a700000|  0%| F|  |TAMS 0x000000008a600000, 0x000000008a600000| Untracked 
| 105|0x000000008a700000, 0x000000008a700000, 0x000000008a800000|  0%| F|  |TAMS 0x000000008a700000, 0x000000008a700000| Untracked 
| 106|0x000000008a800000, 0x000000008a800000, 0x000000008a900000|  0%| F|  |TAMS 0x000000008a800000, 0x000000008a800000| Untracked 
| 107|0x000000008a900000, 0x000000008a900000, 0x000000008aa00000|  0%| F|  |TAMS 0x000000008a900000, 0x000000008a900000| Untracked 
| 108|0x000000008aa00000, 0x000000008aa00000, 0x000000008ab00000|  0%| F|  |TAMS 0x000000008aa00000, 0x000000008aa00000| Untracked 
| 109|0x000000008ab00000, 0x000000008ab00000, 0x000000008ac00000|  0%| F|  |TAMS 0x000000008ab00000, 0x000000008ab00000| Untracked 
| 110|0x000000008ac00000, 0x000000008ac00000, 0x000000008ad00000|  0%| F|  |TAMS 0x000000008ac00000, 0x000000008ac00000| Untracked 
| 111|0x000000008ad00000, 0x000000008ad00000, 0x000000008ae00000|  0%| F|  |TAMS 0x000000008ad00000, 0x000000008ad00000| Untracked 
| 112|0x000000008ae00000, 0x000000008ae00000, 0x000000008af00000|  0%| F|  |TAMS 0x000000008ae00000, 0x000000008ae00000| Untracked 
| 113|0x000000008af00000, 0x000000008af00000, 0x000000008b000000|  0%| F|  |TAMS 0x000000008af00000, 0x000000008af00000| Untracked 
| 114|0x000000008b000000, 0x000000008b000000, 0x000000008b100000|  0%| F|  |TAMS 0x000000008b000000, 0x000000008b000000| Untracked 
| 115|0x000000008b100000, 0x000000008b100000, 0x000000008b200000|  0%| F|  |TAMS 0x000000008b100000, 0x000000008b100000| Untracked 
| 116|0x000000008b200000, 0x000000008b200000, 0x000000008b300000|  0%| F|  |TAMS 0x000000008b200000, 0x000000008b200000| Untracked 
| 117|0x000000008b300000, 0x000000008b300000, 0x000000008b400000|  0%| F|  |TAMS 0x000000008b300000, 0x000000008b300000| Untracked 
| 118|0x000000008b400000, 0x000000008b400000, 0x000000008b500000|  0%| F|  |TAMS 0x000000008b400000, 0x000000008b400000| Untracked 
| 119|0x000000008b500000, 0x000000008b500000, 0x000000008b600000|  0%| F|  |TAMS 0x000000008b500000, 0x000000008b500000| Untracked 
| 120|0x000000008b600000, 0x000000008b600000, 0x000000008b700000|  0%| F|  |TAMS 0x000000008b600000, 0x000000008b600000| Untracked 
| 121|0x000000008b700000, 0x000000008b700000, 0x000000008b800000|  0%| F|  |TAMS 0x000000008b700000, 0x000000008b700000| Untracked 
| 122|0x000000008b800000, 0x000000008b876468, 0x000000008b900000| 46%| E|  |TAMS 0x000000008b800000, 0x000000008b800000| Complete 
| 123|0x000000008b900000, 0x000000008ba00000, 0x000000008ba00000|100%| E|CS|TAMS 0x000000008b900000, 0x000000008b900000| Complete 
| 124|0x000000008ba00000, 0x000000008bb00000, 0x000000008bb00000|100%| E|CS|TAMS 0x000000008ba00000, 0x000000008ba00000| Complete 
| 125|0x000000008bb00000, 0x000000008bc00000, 0x000000008bc00000|100%| E|CS|TAMS 0x000000008bb00000, 0x000000008bb00000| Complete 

Card table byte_map: [0x000001eebeeb0000,0x000001eebf2a0000] _byte_map_base: 0x000001eebea91000

Marking Bits (Prev, Next): (CMBitMap*) 0x000001eea7f46cd0, (CMBitMap*) 0x000001eea7f46d10
 Prev Bits: [0x000001eebf690000, 0x000001eec1598000)
 Next Bits: [0x000001eec15a0000, 0x000001eec34a8000)

Polling page: 0x000001eea7300000

Metaspace:

Usage:
  Non-class:      8.01 MB used.
      Class:    926.10 KB used.
       Both:      8.91 MB used.

Virtual space:
  Non-class space:       64.00 MB reserved,       8.12 MB ( 13%) committed,  1 nodes.
      Class space:        1.00 GB reserved,     960.00 KB ( <1%) committed,  1 nodes.
             Both:        1.06 GB reserved,       9.06 MB ( <1%) committed. 

Chunk freelists:
   Non-Class:  7.61 MB
       Class:  14.92 MB
        Both:  22.53 MB

MaxMetaspaceSize: unlimited
CompressedClassSpaceSize: 1.00 GB
Initial GC threshold: 21.00 MB
Current GC threshold: 21.00 MB
CDS: off
MetaspaceReclaimPolicy: balanced
 - commit_granule_bytes: 65536.
 - commit_granule_words: 8192.
 - virtual_space_node_default_size: 8388608.
 - enlarge_chunks_in_place: 1.
 - new_chunks_are_fully_committed: 0.
 - uncommit_free_chunks: 1.
 - use_allocation_guard: 0.
 - handle_deallocations: 1.


Internal statistics:

num_allocs_failed_limit: 0.
num_arena_births: 36.
num_arena_deaths: 0.
num_vsnodes_births: 2.
num_vsnodes_deaths: 0.
num_space_committed: 145.
num_space_uncommitted: 0.
num_chunks_returned_to_freelist: 0.
num_chunks_taken_from_freelist: 143.
num_chunk_merges: 0.
num_chunk_splits: 93.
num_chunks_enlarged: 68.
num_purges: 0.
num_inconsistent_stats: 0.

CodeHeap 'non-profiled nmethods': size=120000Kb used=143Kb max_used=143Kb free=119856Kb
 bounds [0x000001eeb7260000, 0x000001eeb74d0000, 0x000001eebe790000]
CodeHeap 'profiled nmethods': size=120000Kb used=613Kb max_used=613Kb free=119386Kb
 bounds [0x000001eeaf790000, 0x000001eeafa00000, 0x000001eeb6cc0000]
CodeHeap 'non-nmethods': size=5760Kb used=1117Kb max_used=1133Kb free=4642Kb
 bounds [0x000001eeb6cc0000, 0x000001eeb6f30000, 0x000001eeb7260000]
 total_blobs=841 nmethods=443 adapters=311
 compilation: enabled
              stopped_count=0, restarted_count=0
 full_count=0

Compilation events (20 events):
Event: 0.358 Thread 0x000001eeca030970 nmethod 436 0x000001eeaf820710 code [0x000001eeaf8209c0, 0x000001eeaf821518]
Event: 0.358 Thread 0x000001eeca030970  432       3       java.nio.ByteBuffer::<init> (14 bytes)
Event: 0.359 Thread 0x000001eeca030970 nmethod 432 0x000001eeaf821910 code [0x000001eeaf821ac0, 0x000001eeaf821c08]
Event: 0.359 Thread 0x000001eeca030970  433       3       java.nio.MappedByteBuffer::position (6 bytes)
Event: 0.359 Thread 0x000001eeca030970 nmethod 433 0x000001eeaf821d10 code [0x000001eeaf821ec0, 0x000001eeaf8220c8]
Event: 0.359 Thread 0x000001eeca030970  434       3       java.nio.DirectByteBufferR::slice (5 bytes)
Event: 0.359 Thread 0x000001eeca030970 nmethod 434 0x000001eeaf822210 code [0x000001eeaf8223c0, 0x000001eeaf822508]
Event: 0.359 Thread 0x000001eeca030970  435       3       sun.net.util.URLUtil::urlNoFragString (114 bytes)
Event: 0.360 Thread 0x000001eeca030970 nmethod 435 0x000001eeaf822590 code [0x000001eeaf8228c0, 0x000001eeaf823908]
Event: 0.363 Thread 0x000001eeca030970  437   !   3       jdk.internal.loader.BuiltinClassLoader::defineClass (162 bytes)
Event: 0.366 Thread 0x000001eeca030970 nmethod 437 0x000001eeaf823e90 code [0x000001eeaf8242e0, 0x000001eeaf8261f8]
Event: 0.368 Thread 0x000001eeca030970  438       3       java.security.CodeSource::matchCerts (254 bytes)
Event: 0.369 Thread 0x000001eeca030970 nmethod 438 0x000001eeaf827190 code [0x000001eeaf827400, 0x000001eeaf827f98]
Event: 0.370 Thread 0x000001eeca030970  439   !   3       java.lang.invoke.MemberName$Factory::resolve (159 bytes)
Event: 0.370 Thread 0x000001eec5f4c6a0  443       4       java.lang.AbstractStringBuilder::ensureCapacityInternal (39 bytes)
Event: 0.371 Thread 0x000001eeca030970 nmethod 439 0x000001eeaf828390 code [0x000001eeaf8285c0, 0x000001eeaf828ca8]
Event: 0.371 Thread 0x000001eeca030970  442       3       sun.invoke.util.Wrapper::forBasicType (16 bytes)
Event: 0.371 Thread 0x000001eeca030970 nmethod 442 0x000001eeaf828f90 code [0x000001eeaf829140, 0x000001eeaf8292e8]
Event: 0.371 Thread 0x000001eeca030970  441       3       java.lang.invoke.MethodType::parameterSlotCount (8 bytes)
Event: 0.371 Thread 0x000001eeca030970 nmethod 441 0x000001eeaf829390 code [0x000001eeaf829520, 0x000001eeaf829658]

GC Heap History (0 events):
No events

Deoptimization events (2 events):
Event: 0.352 Thread 0x000001eea7ee98f0 DEOPT PACKING pc=0x000001eeaf7bf367 sp=0x0000005edf4faad0
Event: 0.352 Thread 0x000001eea7ee98f0 DEOPT UNPACKING pc=0x000001eeb6d12b43 sp=0x0000005edf4f9ef0 mode 0

Classes unloaded (0 events):
No events

Classes redefined (0 events):
No events

Internal exceptions (4 events):
Event: 0.276 Thread 0x000001eea7ee98f0 Exception <a 'java/lang/NoSuchMethodError'{0x000000008b96abc8}: 'void java.lang.invoke.DirectMethodHandle$Holder.invokeSpecial(java.lang.Object, java.lang.Object, java.lang.Object)'> (0x000000008b96abc8) 
thrown [s\open\src\hotspot\share\interpreter\linkResolver.cpp, line 759]
Event: 0.311 Thread 0x000001eea7ee98f0 Exception <a 'java/lang/NoSuchMethodError'{0x000000008b9ad060}: 'void java.lang.invoke.DirectMethodHandle$Holder.invokeStatic(java.lang.Object, java.lang.Object)'> (0x000000008b9ad060) 
thrown [s\open\src\hotspot\share\interpreter\linkResolver.cpp, line 759]
Event: 0.317 Thread 0x000001eea7ee98f0 Exception <a 'java/lang/NoSuchMethodError'{0x000000008b9bfb80}: 'int java.lang.invoke.DirectMethodHandle$Holder.invokeVirtual(java.lang.Object, java.lang.Object, java.lang.Object)'> (0x000000008b9bfb80) 
thrown [s\open\src\hotspot\share\interpreter\linkResolver.cpp, line 759]
Event: 0.318 Thread 0x000001eea7ee98f0 Exception <a 'java/lang/NoSuchMethodError'{0x000000008b9c60a0}: 'void java.lang.invoke.DirectMethodHandle$Holder.invokeInterface(java.lang.Object, java.lang.Object, java.lang.Object)'> (0x000000008b9c60a0) 
thrown [s\open\src\hotspot\share\interpreter\linkResolver.cpp, line 759]

VM Operations (4 events):
Event: 0.147 Executing VM operation: HandshakeAllThreads
Event: 0.147 Executing VM operation: HandshakeAllThreads done
Event: 0.337 Executing VM operation: HandshakeAllThreads
Event: 0.337 Executing VM operation: HandshakeAllThreads done

Events (20 events):
Event: 0.326 loading class java/lang/Long$LongCache
Event: 0.326 loading class java/lang/Long$LongCache done
Event: 0.326 loading class java/lang/invoke/MethodHandles$1
Event: 0.326 loading class java/lang/invoke/MethodHandles$1 done
Event: 0.326 loading class java/lang/invoke/BoundMethodHandle$Species_LJ
Event: 0.327 loading class java/lang/invoke/BoundMethodHandle$Species_LJ done
Event: 0.328 loading class java/lang/invoke/BoundMethodHandle$Species_LLLL
Event: 0.328 loading class java/lang/invoke/BoundMethodHandle$Species_LLLL done
Event: 0.336 loading class java/io/StringWriter
Event: 0.336 loading class java/io/StringWriter done
Event: 0.336 loading class java/util/regex/Pattern$GroupTail
Event: 0.336 loading class java/util/regex/Pattern$GroupTail done
Event: 0.337 loading class java/util/regex/Pattern$Curly
Event: 0.338 loading class java/util/regex/Pattern$Curly done
Event: 0.338 loading class java/util/regex/Pattern$Ques
Event: 0.338 loading class java/util/regex/Pattern$Ques done
Event: 0.338 loading class java/util/regex/Pattern$GroupCurly
Event: 0.338 loading class java/util/regex/Pattern$GroupCurly done
Event: 0.338 loading class java/util/regex/Pattern$StartS
Event: 0.338 loading class java/util/regex/Pattern$StartS done


Dynamic libraries:
0x00007ff62eaa0000 - 0x00007ff62eab0000 	C:\Program Files\Java\jdk-17\bin\java.exe
0x00007ffaa3290000 - 0x00007ffaa34a7000 	C:\WINDOWS\SYSTEM32\ntdll.dll
0x00007ffaa1f60000 - 0x00007ffaa2024000 	C:\WINDOWS\System32\KERNEL32.DLL
0x00007ffaa0850000 - 0x00007ffaa0bfd000 	C:\WINDOWS\System32\KERNELBASE.dll
0x00007ffaa0eb0000 - 0x00007ffaa0fc1000 	C:\WINDOWS\System32\ucrtbase.dll
0x00007ffa6c490000 - 0x00007ffa6c4ab000 	C:\Program Files\Java\jdk-17\bin\VCRUNTIME140.dll
0x00007ffa6cb60000 - 0x00007ffa6cb79000 	C:\Program Files\Java\jdk-17\bin\jli.dll
0x00007ffaa2fe0000 - 0x00007ffaa3092000 	C:\WINDOWS\System32\ADVAPI32.dll
0x00007ffaa1eb0000 - 0x00007ffaa1f57000 	C:\WINDOWS\System32\msvcrt.dll
0x00007ffaa2770000 - 0x00007ffaa2819000 	C:\WINDOWS\System32\sechost.dll
0x00007ffaa05c0000 - 0x00007ffaa05e8000 	C:\WINDOWS\System32\bcrypt.dll
0x00007ffaa3120000 - 0x00007ffaa3234000 	C:\WINDOWS\System32\RPCRT4.dll
0x00007ffaa2820000 - 0x00007ffaa29ce000 	C:\WINDOWS\System32\USER32.dll
0x00007ffaa0820000 - 0x00007ffaa0846000 	C:\WINDOWS\System32\win32u.dll
0x00007ffaa30f0000 - 0x00007ffaa3119000 	C:\WINDOWS\System32\GDI32.dll
0x00007ffa73020000 - 0x00007ffa732b3000 	C:\WINDOWS\WinSxS\amd64_microsoft.windows.common-controls_6595b64144ccf1df_6.0.22621.3672_none_2713b9d173822955\COMCTL32.dll
0x00007ffaa0c00000 - 0x00007ffaa0d19000 	C:\WINDOWS\System32\gdi32full.dll
0x00007ffaa0da0000 - 0x00007ffaa0e3a000 	C:\WINDOWS\System32\msvcp_win.dll
0x00007ffa94410000 - 0x00007ffa9441a000 	C:\WINDOWS\SYSTEM32\VERSION.dll
0x00007ffa6c480000 - 0x00007ffa6c48c000 	C:\Program Files\Java\jdk-17\bin\vcruntime140_1.dll
0x00007ffa6c3f0000 - 0x00007ffa6c47e000 	C:\Program Files\Java\jdk-17\bin\msvcp140.dll
0x00007ffa6b810000 - 0x00007ffa6c3ee000 	C:\Program Files\Java\jdk-17\bin\server\jvm.dll
0x00007ffaa3240000 - 0x00007ffaa3248000 	C:\WINDOWS\System32\PSAPI.DLL
0x00007ffa74dd0000 - 0x00007ffa74dd9000 	C:\WINDOWS\SYSTEM32\WSOCK32.dll
0x00007ffaa26f0000 - 0x00007ffaa2761000 	C:\WINDOWS\System32\WS2_32.dll
0x00007ffa98bd0000 - 0x00007ffa98c04000 	C:\WINDOWS\SYSTEM32\WINMM.dll
0x00007ffa9f5f0000 - 0x00007ffa9f608000 	C:\WINDOWS\SYSTEM32\kernel.appcore.dll
0x00007ffa6aee0000 - 0x00007ffa6aeea000 	C:\Program Files\Java\jdk-17\bin\jimage.dll
0x00007ffa9ae80000 - 0x00007ffa9b0b2000 	C:\WINDOWS\SYSTEM32\DBGHELP.DLL
0x00007ffaa29d0000 - 0x00007ffaa2d58000 	C:\WINDOWS\System32\combase.dll
0x00007ffaa13e0000 - 0x00007ffaa14b7000 	C:\WINDOWS\System32\OLEAUT32.dll
0x00007ffa944d0000 - 0x00007ffa94502000 	C:\WINDOWS\SYSTEM32\dbgcore.DLL
0x00007ffaa0d20000 - 0x00007ffaa0d9b000 	C:\WINDOWS\System32\bcryptPrimitives.dll
0x00007ffa6ae80000 - 0x00007ffa6aea5000 	C:\Program Files\Java\jdk-17\bin\java.dll
0x00007ffa6ab30000 - 0x00007ffa6ac07000 	C:\Program Files\Java\jdk-17\bin\jsvml.dll
0x00007ffaa14c0000 - 0x00007ffaa1d1f000 	C:\WINDOWS\System32\SHELL32.dll
0x00007ffa9e510000 - 0x00007ffa9ee0c000 	C:\WINDOWS\SYSTEM32\windows.storage.dll
0x00007ffa9e3d0000 - 0x00007ffa9e50f000 	C:\WINDOWS\SYSTEM32\wintypes.dll
0x00007ffaa0fd0000 - 0x00007ffaa10c4000 	C:\WINDOWS\System32\SHCORE.dll
0x00007ffaa10d0000 - 0x00007ffaa112e000 	C:\WINDOWS\System32\shlwapi.dll
0x00007ffaa04f0000 - 0x00007ffaa0511000 	C:\WINDOWS\SYSTEM32\profapi.dll
0x00007ffa6a430000 - 0x00007ffa6a449000 	C:\Program Files\Java\jdk-17\bin\net.dll
0x00007ffa99b80000 - 0x00007ffa99cb6000 	C:\WINDOWS\SYSTEM32\WINHTTP.dll
0x00007ffa9fa60000 - 0x00007ffa9fac9000 	C:\WINDOWS\system32\mswsock.dll
0x00007ffa6a400000 - 0x00007ffa6a416000 	C:\Program Files\Java\jdk-17\bin\nio.dll

dbghelp: loaded successfully - version: 4.0.5 - missing functions: none
symbol engine: initialized successfully - sym options: 0x614 - pdb path: .;C:\Program Files\Java\jdk-17\bin;C:\WINDOWS\SYSTEM32;C:\WINDOWS\WinSxS\amd64_microsoft.windows.common-controls_6595b64144ccf1df_6.0.22621.3672_none_2713b9d173822955;C:\Program Files\Java\jdk-17\bin\server

VM Arguments:
jvm_args: --add-modules=ALL-DEFAULT 
java_command: jdk.compiler/com.sun.tools.javac.launcher.Main IFBLOCKS1.java
java_class_path (initial): .
Launcher Type: SUN_STANDARD

[Global flags]
     intx CICompilerCount                          = 4                                         {product} {ergonomic}
     uint ConcGCThreads                            = 2                                         {product} {ergonomic}
     uint G1ConcRefinementThreads                  = 8                                         {product} {ergonomic}
   size_t G1HeapRegionSize                         = 1048576                                   {product} {ergonomic}
    uintx GCDrainStackTargetSize                   = 64                                        {product} {ergonomic}
   size_t InitialHeapSize                          = 132120576                                 {product} {ergonomic}
   size_t MarkStackSize                            = 4194304                                   {product} {ergonomic}
   size_t MaxHeapSize                              = 2082471936                                {product} {ergonomic}
   size_t MaxNewSize                               = 1248854016                                {product} {ergonomic}
   size_t MinHeapDeltaBytes                        = 1048576                                   {product} {ergonomic}
   size_t MinHeapSize                              = 8388608                                   {product} {ergonomic}
    uintx NonNMethodCodeHeapSize                   = 5839372                                {pd product} {ergonomic}
    uintx NonProfiledCodeHeapSize                  = 122909434                              {pd product} {ergonomic}
    uintx ProfiledCodeHeapSize                     = 122909434                              {pd product} {ergonomic}
    uintx ReservedCodeCacheSize                    = 251658240                              {pd product} {ergonomic}
     bool SegmentedCodeCache                       = true                                      {product} {ergonomic}
   size_t SoftMaxHeapSize                          = 2082471936                             {manageable} {ergonomic}
     bool UseCompressedClassPointers               = true                           {product lp64_product} {ergonomic}
     bool UseCompressedOops                        = true                           {product lp64_product} {ergonomic}
     bool UseG1GC                                  = true                                      {product} {ergonomic}
     bool UseLargePagesIndividualAllocation        = false                                  {pd product} {ergonomic}

Logging:
Log output configuration:
 #0: stdout all=warning uptime,level,tags
 #1: stderr all=off uptime,level,tags

Environment Variables:
PATH=C:\Program Files\Common Files\Oracle\Java\javapath;;C:\WINDOWS\system32;C:\WINDOWS;C:\WINDOWS\System32\Wbem;C:\WINDOWS\System32\WindowsPowerShell\v1.0\;C:\WINDOWS\System32\OpenSSH\;C:\Program Files (x86)\Microsoft SQL Server\110\Tools\Binn\;C:\Program Files\Microsoft SQL Server\110\Tools\Binn\;C:\Program Files\Microsoft SQL Server\110\DTS\Binn\;C:\Program Files\dotnet\;C:\Program Files\Microsoft SQL Server\Client SDK\ODBC\130\Tools\Binn\;C:\Program Files (x86)\Microsoft SQL Server\140\Tools\Binn\;C:\Program Files\Microsoft SQL Server\140\Tools\Binn\;C:\Program Files\Microsoft SQL Server\140\DTS\Binn\;C:\Program Files (x86)\Microsoft SQL Server\160\DTS\Binn\;C:\Program Files\Azure Data Studio\bin;C:\Program Files\Git\cmd;%COSMOSM%;C:\WINDOWS\system32\config\systemprofile\AppData\Local\Microsoft\WindowsApps
USERNAME=DESKTOP-EI4D21P$
OS=Windows_NT
PROCESSOR_IDENTIFIER=Intel64 Family 6 Model 142 Stepping 12, GenuineIntel



---------------  S Y S T E M  ---------------

OS:
 Windows 11 , 64 bit Build 22621 (10.0.22621.3672)
OS uptime: 4 days 5:24 hours

CPU: total 8 (initial active 8) (4 cores per cpu, 2 threads per core) family 6 model 142 stepping 12 microcode 0xde, cx8, cmov, fxsr, ht, mmx, 3dnowpref, sse, sse2, sse3, ssse3, sse4.1, sse4.2, popcnt, lzcnt, tsc, tscinvbit, avx, avx2, aes, erms, clmul, bmi1, bmi2, adx, fma, vzeroupper, clflush, clflushopt

Memory: 4k page, system-wide physical 7942M (371M free)
TotalPageFile size 32518M (AvailPageFile size 0M)
current process WorkingSet (physical memory assigned to process): 41M, peak: 41M
current process commit charge ("private bytes"): 209M, peak: 209M

vm_info: Java HotSpot(TM) 64-Bit Server VM (17.0.8+9-LTS-211) for windows-amd64 JRE (17.0.8+9-LTS-211), built on Jun 14 2023 10:34:31 by "mach5one" with MS VC++ 17.1 (VS2022)

END.
