#
# There is insufficient memory for the Java Runtime Environment to continue.
# Native memory allocation (malloc) failed to allocate 263776 bytes for Chunk::new
# Possible reasons:
#   The system is out of physical RAM or swap space
#   The process is running with CompressedOops enabled, and the Java Heap may be blocking the growth of the native heap
# Possible solutions:
#   Reduce memory load on the system
#   Increase physical memory or swap space
#   Check if swap backing store is full
#   Decrease Java heap size (-Xmx/-Xms)
#   Decrease number of Java threads
#   Decrease Java thread stack sizes (-Xss)
#   Set larger code cache with -XX:ReservedCodeCacheSize=
#   JVM is running with Unscaled Compressed Oops mode in which the Java heap is
#     placed in the first 4GB address space. The Java Heap base address is the
#     maximum limit for the native heap growth. Please use -XX:HeapBaseMinAddress
#     to set the Java Heap base and to place the Java Heap above 4GB virtual address.
# This output file may be truncated or incomplete.
#
#  Out of Memory Error (arena.cpp:189), pid=38680, tid=36180
#
# JRE version: Java(TM) SE Runtime Environment (17.0.8+9) (build 17.0.8+9-LTS-211)
# Java VM: Java HotSpot(TM) 64-Bit Server VM (17.0.8+9-LTS-211, mixed mode, sharing, tiered, compressed oops, compressed class ptrs, g1 gc, windows-amd64)
# No core dump will be written. Minidumps are not enabled by default on client versions of Windows
#

---------------  S U M M A R Y ------------

Command Line: --add-modules=ALL-DEFAULT jdk.compiler/com.sun.tools.javac.launcher.Main IFBLOCKS1.java

Host: Intel(R) Core(TM) i5-10210U CPU @ 1.60GHz, 8 cores, 7G,  Windows 11 , 64 bit Build 22621 (10.0.22621.3672)
Time: Tue Jul 30 18:27:28 2024 India Standard Time elapsed time: 0.834346 seconds (0d 0h 0m 0s)

---------------  T H R E A D  ---------------

Current thread (0x0000027baa0dcaf0):  JavaThread "C2 CompilerThread0" daemon [_thread_in_native, id=36180, stack(0x000000ea80f00000,0x000000ea81000000)]


Current CompileTask:
C2:    834  815       4       java.util.HashMap::putVal (300 bytes)

Stack: [0x000000ea80f00000,0x000000ea81000000]
Native frames: (J=compiled Java code, j=interpreted, Vv=VM code, C=native code)
V  [jvm.dll+0x677d0a]
V  [jvm.dll+0x7d8c54]
V  [jvm.dll+0x7da3fe]
V  [jvm.dll+0x7daa63]
V  [jvm.dll+0x245c5f]
V  [jvm.dll+0xaaa6b]
V  [jvm.dll+0xab00c]
V  [jvm.dll+0x2ab5cf]
V  [jvm.dll+0x580435]
V  [jvm.dll+0x220b22]
V  [jvm.dll+0x219b0f]
V  [jvm.dll+0x217329]
V  [jvm.dll+0x1a3af0]
V  [jvm.dll+0x2270be]
V  [jvm.dll+0x22535b]
V  [jvm.dll+0x78e7bc]
V  [jvm.dll+0x788bba]
V  [jvm.dll+0x676b35]
C  [ucrtbase.dll+0x29333]
C  [KERNEL32.DLL+0x1257d]
C  [ntdll.dll+0x5af28]


---------------  P R O C E S S  ---------------

Threads class SMR info:
_java_thread_list=0x0000027baa3139d0, length=12, elements={
0x0000027b8c109090, 0x0000027baa0c0d80, 0x0000027baa0c1bf0, 0x0000027baa0d5940,
0x0000027baa0d64f0, 0x0000027baa0d6ea0, 0x0000027baa0d8860, 0x0000027baa0dcaf0,
0x0000027baa0e75b0, 0x0000027baa0f3fb0, 0x0000027baa0ac6b0, 0x0000027baa372bc0
}

Java Threads: ( => current thread )
  0x0000027b8c109090 JavaThread "main" [_thread_in_Java, id=39344, stack(0x000000ea80200000,0x000000ea80300000)]
  0x0000027baa0c0d80 JavaThread "Reference Handler" daemon [_thread_blocked, id=24476, stack(0x000000ea80900000,0x000000ea80a00000)]
  0x0000027baa0c1bf0 JavaThread "Finalizer" daemon [_thread_blocked, id=36836, stack(0x000000ea80a00000,0x000000ea80b00000)]
  0x0000027baa0d5940 JavaThread "Signal Dispatcher" daemon [_thread_blocked, id=21464, stack(0x000000ea80b00000,0x000000ea80c00000)]
  0x0000027baa0d64f0 JavaThread "Attach Listener" daemon [_thread_blocked, id=9388, stack(0x000000ea80c00000,0x000000ea80d00000)]
  0x0000027baa0d6ea0 JavaThread "Service Thread" daemon [_thread_blocked, id=31780, stack(0x000000ea80d00000,0x000000ea80e00000)]
  0x0000027baa0d8860 JavaThread "Monitor Deflation Thread" daemon [_thread_blocked, id=31452, stack(0x000000ea80e00000,0x000000ea80f00000)]
=>0x0000027baa0dcaf0 JavaThread "C2 CompilerThread0" daemon [_thread_in_native, id=36180, stack(0x000000ea80f00000,0x000000ea81000000)]
  0x0000027baa0e75b0 JavaThread "C1 CompilerThread0" daemon [_thread_in_vm, id=10280, stack(0x000000ea81000000,0x000000ea81100000)]
  0x0000027baa0f3fb0 JavaThread "Sweeper thread" daemon [_thread_blocked, id=37564, stack(0x000000ea81100000,0x000000ea81200000)]
  0x0000027baa0ac6b0 JavaThread "Common-Cleaner" daemon [_thread_blocked, id=25452, stack(0x000000ea81200000,0x000000ea81300000)]
  0x0000027baa372bc0 JavaThread "Notification Thread" daemon [_thread_blocked, id=24324, stack(0x000000ea81300000,0x000000ea81400000)]

Other Threads:
  0x0000027baa0bb180 VMThread "VM Thread" [stack: 0x000000ea80800000,0x000000ea80900000] [id=1832]
  0x0000027b8c189df0 WatcherThread [stack: 0x000000ea81400000,0x000000ea81500000] [id=21384]
  0x0000027b8c162e40 GCTaskThread "GC Thread#0" [stack: 0x000000ea80300000,0x000000ea80400000] [id=13028]
  0x0000027b8c1745d0 ConcurrentGCThread "G1 Main Marker" [stack: 0x000000ea80400000,0x000000ea80500000] [id=17156]
  0x0000027b8c175780 ConcurrentGCThread "G1 Conc#0" [stack: 0x000000ea80500000,0x000000ea80600000] [id=33996]
  0x0000027b8c1dd5c0 ConcurrentGCThread "G1 Refine#0" [stack: 0x000000ea80600000,0x000000ea80700000] [id=22192]
  0x0000027b8c1ddfe0 ConcurrentGCThread "G1 Service" [stack: 0x000000ea80700000,0x000000ea80800000] [id=37620]

Threads with active compile tasks:
C2 CompilerThread0      876  815       4       java.util.HashMap::putVal (300 bytes)

VM state: not at safepoint (normal execution)

VM Mutex/Monitor currently owned by a thread: None

Heap address: 0x0000000083e00000, size: 1986 MB, Compressed Oops mode: 32-bit

CDS archive(s) mapped at: [0x0000027bab000000-0x0000027babbd0000-0x0000027babbd0000), size 12386304, SharedBaseAddress: 0x0000027bab000000, ArchiveRelocationMode: 1.
Compressed class space mapped at: 0x0000027bac000000-0x0000027bec000000, reserved size: 1073741824
Narrow klass base: 0x0000027bab000000, Narrow klass shift: 0, Narrow klass range: 0x100000000

GC Precious Log:
 CPUs: 8 total, 8 available
 Memory: 7942M
 Large Page Support: Disabled
 NUMA Support: Disabled
 Compressed Oops: Enabled (32-bit)
 Heap Region Size: 1M
 Heap Min Capacity: 8M
 Heap Initial Capacity: 126M
 Heap Max Capacity: 1986M
 Pre-touch: Disabled
 Parallel Workers: 8
 Concurrent Workers: 2
 Concurrent Refinement Workers: 8
 Periodic GC: Disabled

Heap:
 garbage-first heap   total 129024K, used 7168K [0x0000000083e00000, 0x0000000100000000)
  region size 1024K, 9 young (9216K), 0 survivors (0K)
 Metaspace       used 7954K, committed 8128K, reserved 1114112K
  class space    used 936K, committed 1024K, reserved 1048576K

Heap Regions: E=young(eden), S=young(survivor), O=old, HS=humongous(starts), HC=humongous(continues), CS=collection set, F=free, OA=open archive, CA=closed archive, TAMS=top-at-mark-start (previous, next)
|   0|0x0000000083e00000, 0x0000000083e00000, 0x0000000083f00000|  0%| F|  |TAMS 0x0000000083e00000, 0x0000000083e00000| Untracked 
|   1|0x0000000083f00000, 0x0000000083f00000, 0x0000000084000000|  0%| F|  |TAMS 0x0000000083f00000, 0x0000000083f00000| Untracked 
|   2|0x0000000084000000, 0x0000000084000000, 0x0000000084100000|  0%| F|  |TAMS 0x0000000084000000, 0x0000000084000000| Untracked 
|   3|0x0000000084100000, 0x0000000084100000, 0x0000000084200000|  0%| F|  |TAMS 0x0000000084100000, 0x0000000084100000| Untracked 
|   4|0x0000000084200000, 0x0000000084200000, 0x0000000084300000|  0%| F|  |TAMS 0x0000000084200000, 0x0000000084200000| Untracked 
|   5|0x0000000084300000, 0x0000000084300000, 0x0000000084400000|  0%| F|  |TAMS 0x0000000084300000, 0x0000000084300000| Untracked 
|   6|0x0000000084400000, 0x0000000084400000, 0x0000000084500000|  0%| F|  |TAMS 0x0000000084400000, 0x0000000084400000| Untracked 
|   7|0x0000000084500000, 0x0000000084500000, 0x0000000084600000|  0%| F|  |TAMS 0x0000000084500000, 0x0000000084500000| Untracked 
|   8|0x0000000084600000, 0x0000000084600000, 0x0000000084700000|  0%| F|  |TAMS 0x0000000084600000, 0x0000000084600000| Untracked 
|   9|0x0000000084700000, 0x0000000084700000, 0x0000000084800000|  0%| F|  |TAMS 0x0000000084700000, 0x0000000084700000| Untracked 
|  10|0x0000000084800000, 0x0000000084800000, 0x0000000084900000|  0%| F|  |TAMS 0x0000000084800000, 0x0000000084800000| Untracked 
|  11|0x0000000084900000, 0x0000000084900000, 0x0000000084a00000|  0%| F|  |TAMS 0x0000000084900000, 0x0000000084900000| Untracked 
|  12|0x0000000084a00000, 0x0000000084a00000, 0x0000000084b00000|  0%| F|  |TAMS 0x0000000084a00000, 0x0000000084a00000| Untracked 
|  13|0x0000000084b00000, 0x0000000084b00000, 0x0000000084c00000|  0%| F|  |TAMS 0x0000000084b00000, 0x0000000084b00000| Untracked 
|  14|0x0000000084c00000, 0x0000000084c00000, 0x0000000084d00000|  0%| F|  |TAMS 0x0000000084c00000, 0x0000000084c00000| Untracked 
|  15|0x0000000084d00000, 0x0000000084d00000, 0x0000000084e00000|  0%| F|  |TAMS 0x0000000084d00000, 0x0000000084d00000| Untracked 
|  16|0x0000000084e00000, 0x0000000084e00000, 0x0000000084f00000|  0%| F|  |TAMS 0x0000000084e00000, 0x0000000084e00000| Untracked 
|  17|0x0000000084f00000, 0x0000000084f00000, 0x0000000085000000|  0%| F|  |TAMS 0x0000000084f00000, 0x0000000084f00000| Untracked 
|  18|0x0000000085000000, 0x0000000085000000, 0x0000000085100000|  0%| F|  |TAMS 0x0000000085000000, 0x0000000085000000| Untracked 
|  19|0x0000000085100000, 0x0000000085100000, 0x0000000085200000|  0%| F|  |TAMS 0x0000000085100000, 0x0000000085100000| Untracked 
|  20|0x0000000085200000, 0x0000000085200000, 0x0000000085300000|  0%| F|  |TAMS 0x0000000085200000, 0x0000000085200000| Untracked 
|  21|0x0000000085300000, 0x0000000085300000, 0x0000000085400000|  0%| F|  |TAMS 0x0000000085300000, 0x0000000085300000| Untracked 
|  22|0x0000000085400000, 0x0000000085400000, 0x0000000085500000|  0%| F|  |TAMS 0x0000000085400000, 0x0000000085400000| Untracked 
|  23|0x0000000085500000, 0x0000000085500000, 0x0000000085600000|  0%| F|  |TAMS 0x0000000085500000, 0x0000000085500000| Untracked 
|  24|0x0000000085600000, 0x0000000085600000, 0x0000000085700000|  0%| F|  |TAMS 0x0000000085600000, 0x0000000085600000| Untracked 
|  25|0x0000000085700000, 0x0000000085700000, 0x0000000085800000|  0%| F|  |TAMS 0x0000000085700000, 0x0000000085700000| Untracked 
|  26|0x0000000085800000, 0x0000000085800000, 0x0000000085900000|  0%| F|  |TAMS 0x0000000085800000, 0x0000000085800000| Untracked 
|  27|0x0000000085900000, 0x0000000085900000, 0x0000000085a00000|  0%| F|  |TAMS 0x0000000085900000, 0x0000000085900000| Untracked 
|  28|0x0000000085a00000, 0x0000000085a00000, 0x0000000085b00000|  0%| F|  |TAMS 0x0000000085a00000, 0x0000000085a00000| Untracked 
|  29|0x0000000085b00000, 0x0000000085b00000, 0x0000000085c00000|  0%| F|  |TAMS 0x0000000085b00000, 0x0000000085b00000| Untracked 
|  30|0x0000000085c00000, 0x0000000085c00000, 0x0000000085d00000|  0%| F|  |TAMS 0x0000000085c00000, 0x0000000085c00000| Untracked 
|  31|0x0000000085d00000, 0x0000000085d00000, 0x0000000085e00000|  0%| F|  |TAMS 0x0000000085d00000, 0x0000000085d00000| Untracked 
|  32|0x0000000085e00000, 0x0000000085e00000, 0x0000000085f00000|  0%| F|  |TAMS 0x0000000085e00000, 0x0000000085e00000| Untracked 
|  33|0x0000000085f00000, 0x0000000085f00000, 0x0000000086000000|  0%| F|  |TAMS 0x0000000085f00000, 0x0000000085f00000| Untracked 
|  34|0x0000000086000000, 0x0000000086000000, 0x0000000086100000|  0%| F|  |TAMS 0x0000000086000000, 0x0000000086000000| Untracked 
|  35|0x0000000086100000, 0x0000000086100000, 0x0000000086200000|  0%| F|  |TAMS 0x0000000086100000, 0x0000000086100000| Untracked 
|  36|0x0000000086200000, 0x0000000086200000, 0x0000000086300000|  0%| F|  |TAMS 0x0000000086200000, 0x0000000086200000| Untracked 
|  37|0x0000000086300000, 0x0000000086300000, 0x0000000086400000|  0%| F|  |TAMS 0x0000000086300000, 0x0000000086300000| Untracked 
|  38|0x0000000086400000, 0x0000000086400000, 0x0000000086500000|  0%| F|  |TAMS 0x0000000086400000, 0x0000000086400000| Untracked 
|  39|0x0000000086500000, 0x0000000086500000, 0x0000000086600000|  0%| F|  |TAMS 0x0000000086500000, 0x0000000086500000| Untracked 
|  40|0x0000000086600000, 0x0000000086600000, 0x0000000086700000|  0%| F|  |TAMS 0x0000000086600000, 0x0000000086600000| Untracked 
|  41|0x0000000086700000, 0x0000000086700000, 0x0000000086800000|  0%| F|  |TAMS 0x0000000086700000, 0x0000000086700000| Untracked 
|  42|0x0000000086800000, 0x0000000086800000, 0x0000000086900000|  0%| F|  |TAMS 0x0000000086800000, 0x0000000086800000| Untracked 
|  43|0x0000000086900000, 0x0000000086900000, 0x0000000086a00000|  0%| F|  |TAMS 0x0000000086900000, 0x0000000086900000| Untracked 
|  44|0x0000000086a00000, 0x0000000086a00000, 0x0000000086b00000|  0%| F|  |TAMS 0x0000000086a00000, 0x0000000086a00000| Untracked 
|  45|0x0000000086b00000, 0x0000000086b00000, 0x0000000086c00000|  0%| F|  |TAMS 0x0000000086b00000, 0x0000000086b00000| Untracked 
|  46|0x0000000086c00000, 0x0000000086c00000, 0x0000000086d00000|  0%| F|  |TAMS 0x0000000086c00000, 0x0000000086c00000| Untracked 
|  47|0x0000000086d00000, 0x0000000086d00000, 0x0000000086e00000|  0%| F|  |TAMS 0x0000000086d00000, 0x0000000086d00000| Untracked 
|  48|0x0000000086e00000, 0x0000000086e00000, 0x0000000086f00000|  0%| F|  |TAMS 0x0000000086e00000, 0x0000000086e00000| Untracked 
|  49|0x0000000086f00000, 0x0000000086f00000, 0x0000000087000000|  0%| F|  |TAMS 0x0000000086f00000, 0x0000000086f00000| Untracked 
|  50|0x0000000087000000, 0x0000000087000000, 0x0000000087100000|  0%| F|  |TAMS 0x0000000087000000, 0x0000000087000000| Untracked 
|  51|0x0000000087100000, 0x0000000087100000, 0x0000000087200000|  0%| F|  |TAMS 0x0000000087100000, 0x0000000087100000| Untracked 
|  52|0x0000000087200000, 0x0000000087200000, 0x0000000087300000|  0%| F|  |TAMS 0x0000000087200000, 0x0000000087200000| Untracked 
|  53|0x0000000087300000, 0x0000000087300000, 0x0000000087400000|  0%| F|  |TAMS 0x0000000087300000, 0x0000000087300000| Untracked 
|  54|0x0000000087400000, 0x0000000087400000, 0x0000000087500000|  0%| F|  |TAMS 0x0000000087400000, 0x0000000087400000| Untracked 
|  55|0x0000000087500000, 0x0000000087500000, 0x0000000087600000|  0%| F|  |TAMS 0x0000000087500000, 0x0000000087500000| Untracked 
|  56|0x0000000087600000, 0x0000000087600000, 0x0000000087700000|  0%| F|  |TAMS 0x0000000087600000, 0x0000000087600000| Untracked 
|  57|0x0000000087700000, 0x0000000087700000, 0x0000000087800000|  0%| F|  |TAMS 0x0000000087700000, 0x0000000087700000| Untracked 
|  58|0x0000000087800000, 0x0000000087800000, 0x0000000087900000|  0%| F|  |TAMS 0x0000000087800000, 0x0000000087800000| Untracked 
|  59|0x0000000087900000, 0x0000000087900000, 0x0000000087a00000|  0%| F|  |TAMS 0x0000000087900000, 0x0000000087900000| Untracked 
|  60|0x0000000087a00000, 0x0000000087a00000, 0x0000000087b00000|  0%| F|  |TAMS 0x0000000087a00000, 0x0000000087a00000| Untracked 
|  61|0x0000000087b00000, 0x0000000087b00000, 0x0000000087c00000|  0%| F|  |TAMS 0x0000000087b00000, 0x0000000087b00000| Untracked 
|  62|0x0000000087c00000, 0x0000000087c00000, 0x0000000087d00000|  0%| F|  |TAMS 0x0000000087c00000, 0x0000000087c00000| Untracked 
|  63|0x0000000087d00000, 0x0000000087d00000, 0x0000000087e00000|  0%| F|  |TAMS 0x0000000087d00000, 0x0000000087d00000| Untracked 
|  64|0x0000000087e00000, 0x0000000087e00000, 0x0000000087f00000|  0%| F|  |TAMS 0x0000000087e00000, 0x0000000087e00000| Untracked 
|  65|0x0000000087f00000, 0x0000000087f00000, 0x0000000088000000|  0%| F|  |TAMS 0x0000000087f00000, 0x0000000087f00000| Untracked 
|  66|0x0000000088000000, 0x0000000088000000, 0x0000000088100000|  0%| F|  |TAMS 0x0000000088000000, 0x0000000088000000| Untracked 
|  67|0x0000000088100000, 0x0000000088100000, 0x0000000088200000|  0%| F|  |TAMS 0x0000000088100000, 0x0000000088100000| Untracked 
|  68|0x0000000088200000, 0x0000000088200000, 0x0000000088300000|  0%| F|  |TAMS 0x0000000088200000, 0x0000000088200000| Untracked 
|  69|0x0000000088300000, 0x0000000088300000, 0x0000000088400000|  0%| F|  |TAMS 0x0000000088300000, 0x0000000088300000| Untracked 
|  70|0x0000000088400000, 0x0000000088400000, 0x0000000088500000|  0%| F|  |TAMS 0x0000000088400000, 0x0000000088400000| Untracked 
|  71|0x0000000088500000, 0x0000000088500000, 0x0000000088600000|  0%| F|  |TAMS 0x0000000088500000, 0x0000000088500000| Untracked 
|  72|0x0000000088600000, 0x0000000088600000, 0x0000000088700000|  0%| F|  |TAMS 0x0000000088600000, 0x0000000088600000| Untracked 
|  73|0x0000000088700000, 0x0000000088700000, 0x0000000088800000|  0%| F|  |TAMS 0x0000000088700000, 0x0000000088700000| Untracked 
|  74|0x0000000088800000, 0x0000000088800000, 0x0000000088900000|  0%| F|  |TAMS 0x0000000088800000, 0x0000000088800000| Untracked 
|  75|0x0000000088900000, 0x0000000088900000, 0x0000000088a00000|  0%| F|  |TAMS 0x0000000088900000, 0x0000000088900000| Untracked 
|  76|0x0000000088a00000, 0x0000000088a00000, 0x0000000088b00000|  0%| F|  |TAMS 0x0000000088a00000, 0x0000000088a00000| Untracked 
|  77|0x0000000088b00000, 0x0000000088b00000, 0x0000000088c00000|  0%| F|  |TAMS 0x0000000088b00000, 0x0000000088b00000| Untracked 
|  78|0x0000000088c00000, 0x0000000088c00000, 0x0000000088d00000|  0%| F|  |TAMS 0x0000000088c00000, 0x0000000088c00000| Untracked 
|  79|0x0000000088d00000, 0x0000000088d00000, 0x0000000088e00000|  0%| F|  |TAMS 0x0000000088d00000, 0x0000000088d00000| Untracked 
|  80|0x0000000088e00000, 0x0000000088e00000, 0x0000000088f00000|  0%| F|  |TAMS 0x0000000088e00000, 0x0000000088e00000| Untracked 
|  81|0x0000000088f00000, 0x0000000088f00000, 0x0000000089000000|  0%| F|  |TAMS 0x0000000088f00000, 0x0000000088f00000| Untracked 
|  82|0x0000000089000000, 0x0000000089000000, 0x0000000089100000|  0%| F|  |TAMS 0x0000000089000000, 0x0000000089000000| Untracked 
|  83|0x0000000089100000, 0x0000000089100000, 0x0000000089200000|  0%| F|  |TAMS 0x0000000089100000, 0x0000000089100000| Untracked 
|  84|0x0000000089200000, 0x0000000089200000, 0x0000000089300000|  0%| F|  |TAMS 0x0000000089200000, 0x0000000089200000| Untracked 
|  85|0x0000000089300000, 0x0000000089300000, 0x0000000089400000|  0%| F|  |TAMS 0x0000000089300000, 0x0000000089300000| Untracked 
|  86|0x0000000089400000, 0x0000000089400000, 0x0000000089500000|  0%| F|  |TAMS 0x0000000089400000, 0x0000000089400000| Untracked 
|  87|0x0000000089500000, 0x0000000089500000, 0x0000000089600000|  0%| F|  |TAMS 0x0000000089500000, 0x0000000089500000| Untracked 
|  88|0x0000000089600000, 0x0000000089600000, 0x0000000089700000|  0%| F|  |TAMS 0x0000000089600000, 0x0000000089600000| Untracked 
|  89|0x0000000089700000, 0x0000000089700000, 0x0000000089800000|  0%| F|  |TAMS 0x0000000089700000, 0x0000000089700000| Untracked 
|  90|0x0000000089800000, 0x0000000089800000, 0x0000000089900000|  0%| F|  |TAMS 0x0000000089800000, 0x0000000089800000| Untracked 
|  91|0x0000000089900000, 0x0000000089900000, 0x0000000089a00000|  0%| F|  |TAMS 0x0000000089900000, 0x0000000089900000| Untracked 
|  92|0x0000000089a00000, 0x0000000089a00000, 0x0000000089b00000|  0%| F|  |TAMS 0x0000000089a00000, 0x0000000089a00000| Untracked 
|  93|0x0000000089b00000, 0x0000000089b00000, 0x0000000089c00000|  0%| F|  |TAMS 0x0000000089b00000, 0x0000000089b00000| Untracked 
|  94|0x0000000089c00000, 0x0000000089c00000, 0x0000000089d00000|  0%| F|  |TAMS 0x0000000089c00000, 0x0000000089c00000| Untracked 
|  95|0x0000000089d00000, 0x0000000089d00000, 0x0000000089e00000|  0%| F|  |TAMS 0x0000000089d00000, 0x0000000089d00000| Untracked 
|  96|0x0000000089e00000, 0x0000000089e00000, 0x0000000089f00000|  0%| F|  |TAMS 0x0000000089e00000, 0x0000000089e00000| Untracked 
|  97|0x0000000089f00000, 0x0000000089f00000, 0x000000008a000000|  0%| F|  |TAMS 0x0000000089f00000, 0x0000000089f00000| Untracked 
|  98|0x000000008a000000, 0x000000008a000000, 0x000000008a100000|  0%| F|  |TAMS 0x000000008a000000, 0x000000008a000000| Untracked 
|  99|0x000000008a100000, 0x000000008a100000, 0x000000008a200000|  0%| F|  |TAMS 0x000000008a100000, 0x000000008a100000| Untracked 
| 100|0x000000008a200000, 0x000000008a200000, 0x000000008a300000|  0%| F|  |TAMS 0x000000008a200000, 0x000000008a200000| Untracked 
| 101|0x000000008a300000, 0x000000008a300000, 0x000000008a400000|  0%| F|  |TAMS 0x000000008a300000, 0x000000008a300000| Untracked 
| 102|0x000000008a400000, 0x000000008a400000, 0x000000008a500000|  0%| F|  |TAMS 0x000000008a400000, 0x000000008a400000| Untracked 
| 103|0x000000008a500000, 0x000000008a500000, 0x000000008a600000|  0%| F|  |TAMS 0x000000008a500000, 0x000000008a500000| Untracked 
| 104|0x000000008a600000, 0x000000008a600000, 0x000000008a700000|  0%| F|  |TAMS 0x000000008a600000, 0x000000008a600000| Untracked 
| 105|0x000000008a700000, 0x000000008a700000, 0x000000008a800000|  0%| F|  |TAMS 0x000000008a700000, 0x000000008a700000| Untracked 
| 106|0x000000008a800000, 0x000000008a800000, 0x000000008a900000|  0%| F|  |TAMS 0x000000008a800000, 0x000000008a800000| Untracked 
| 107|0x000000008a900000, 0x000000008a900000, 0x000000008aa00000|  0%| F|  |TAMS 0x000000008a900000, 0x000000008a900000| Untracked 
| 108|0x000000008aa00000, 0x000000008aa00000, 0x000000008ab00000|  0%| F|  |TAMS 0x000000008aa00000, 0x000000008aa00000| Untracked 
| 109|0x000000008ab00000, 0x000000008ab00000, 0x000000008ac00000|  0%| F|  |TAMS 0x000000008ab00000, 0x000000008ab00000| Untracked 
| 110|0x000000008ac00000, 0x000000008ac00000, 0x000000008ad00000|  0%| F|  |TAMS 0x000000008ac00000, 0x000000008ac00000| Untracked 
| 111|0x000000008ad00000, 0x000000008ad00000, 0x000000008ae00000|  0%| F|  |TAMS 0x000000008ad00000, 0x000000008ad00000| Untracked 
| 112|0x000000008ae00000, 0x000000008ae00000, 0x000000008af00000|  0%| F|  |TAMS 0x000000008ae00000, 0x000000008ae00000| Untracked 
| 113|0x000000008af00000, 0x000000008af00000, 0x000000008b000000|  0%| F|  |TAMS 0x000000008af00000, 0x000000008af00000| Untracked 
| 114|0x000000008b000000, 0x000000008b000000, 0x000000008b100000|  0%| F|  |TAMS 0x000000008b000000, 0x000000008b000000| Untracked 
| 115|0x000000008b100000, 0x000000008b100000, 0x000000008b200000|  0%| F|  |TAMS 0x000000008b100000, 0x000000008b100000| Untracked 
| 116|0x000000008b200000, 0x000000008b276480, 0x000000008b300000| 46%| E|  |TAMS 0x000000008b200000, 0x000000008b200000| Complete 
| 117|0x000000008b300000, 0x000000008b400000, 0x000000008b400000|100%| E|CS|TAMS 0x000000008b300000, 0x000000008b300000| Complete 
| 118|0x000000008b400000, 0x000000008b500000, 0x000000008b500000|100%| E|CS|TAMS 0x000000008b400000, 0x000000008b400000| Complete 
| 119|0x000000008b500000, 0x000000008b600000, 0x000000008b600000|100%| E|CS|TAMS 0x000000008b500000, 0x000000008b500000| Complete 
| 120|0x000000008b600000, 0x000000008b700000, 0x000000008b700000|100%| E|CS|TAMS 0x000000008b600000, 0x000000008b600000| Complete 
| 121|0x000000008b700000, 0x000000008b800000, 0x000000008b800000|100%| E|CS|TAMS 0x000000008b700000, 0x000000008b700000| Complete 
| 122|0x000000008b800000, 0x000000008b900000, 0x000000008b900000|100%| E|  |TAMS 0x000000008b800000, 0x000000008b800000| Complete 
| 123|0x000000008b900000, 0x000000008ba00000, 0x000000008ba00000|100%| E|CS|TAMS 0x000000008b900000, 0x000000008b900000| Complete 
| 124|0x000000008ba00000, 0x000000008bb00000, 0x000000008bb00000|100%| E|CS|TAMS 0x000000008ba00000, 0x000000008ba00000| Complete 
| 125|0x000000008bb00000, 0x000000008bc00000, 0x000000008bc00000|100%| E|CS|TAMS 0x000000008bb00000, 0x000000008bb00000| Complete 

Card table byte_map: [0x0000027ba30d0000,0x0000027ba34c0000] _byte_map_base: 0x0000027ba2cb1000

Marking Bits (Prev, Next): (CMBitMap*) 0x0000027b8c164460, (CMBitMap*) 0x0000027b8c1644a0
 Prev Bits: [0x0000027ba38b0000, 0x0000027ba57b8000)
 Next Bits: [0x0000027ba57c0000, 0x0000027ba76c8000)

Polling page: 0x0000027b8b4e0000

Metaspace:

Usage:
  Non-class:      6.85 MB used.
      Class:    936.70 KB used.
       Both:      7.77 MB used.

Virtual space:
  Non-class space:       64.00 MB reserved,       6.94 MB ( 11%) committed,  1 nodes.
      Class space:        1.00 GB reserved,       1.00 MB ( <1%) committed,  1 nodes.
             Both:        1.06 GB reserved,       7.94 MB ( <1%) committed. 

Chunk freelists:
   Non-Class:  6.53 MB
       Class:  14.94 MB
        Both:  21.47 MB

MaxMetaspaceSize: unlimited
CompressedClassSpaceSize: 1.00 GB
Initial GC threshold: 21.00 MB
Current GC threshold: 21.00 MB
CDS: on
MetaspaceReclaimPolicy: balanced
 - commit_granule_bytes: 65536.
 - commit_granule_words: 8192.
 - virtual_space_node_default_size: 8388608.
 - enlarge_chunks_in_place: 1.
 - new_chunks_are_fully_committed: 0.
 - uncommit_free_chunks: 1.
 - use_allocation_guard: 0.
 - handle_deallocations: 1.


Internal statistics:

num_allocs_failed_limit: 0.
num_arena_births: 62.
num_arena_deaths: 0.
num_vsnodes_births: 2.
num_vsnodes_deaths: 0.
num_space_committed: 127.
num_space_uncommitted: 0.
num_chunks_returned_to_freelist: 0.
num_chunks_taken_from_freelist: 325.
num_chunk_merges: 0.
num_chunk_splits: 234.
num_chunks_enlarged: 192.
num_purges: 0.
num_inconsistent_stats: 0.

CodeHeap 'non-profiled nmethods': size=120000Kb used=241Kb max_used=241Kb free=119758Kb
 bounds [0x0000027b9b480000, 0x0000027b9b6f0000, 0x0000027ba29b0000]
CodeHeap 'profiled nmethods': size=120000Kb used=1395Kb max_used=1395Kb free=118604Kb
 bounds [0x0000027b939b0000, 0x0000027b93c20000, 0x0000027b9aee0000]
CodeHeap 'non-nmethods': size=5760Kb used=1132Kb max_used=1156Kb free=4627Kb
 bounds [0x0000027b9aee0000, 0x0000027b9b150000, 0x0000027b9b480000]
 total_blobs=1278 nmethods=862 adapters=329
 compilation: enabled
              stopped_count=0, restarted_count=0
 full_count=0

Compilation events (20 events):
Event: 0.809 Thread 0x0000027baa0e75b0 nmethod 832 0x0000027b93af3990 code [0x0000027b93af3b40, 0x0000027b93af3cc8]
Event: 0.815 Thread 0x0000027baa0dcaf0 nmethod 788 0x0000027b9b4b9a90 code [0x0000027b9b4b9cc0, 0x0000027b9b4bb1a0]
Event: 0.815 Thread 0x0000027baa0dcaf0  815       4       java.util.HashMap::putVal (300 bytes)
Event: 0.818 Thread 0x0000027baa0e75b0  833       3       java.util.stream.AbstractSpinedBuffer::count (31 bytes)
Event: 0.818 Thread 0x0000027baa0e75b0 nmethod 833 0x0000027b93af3d90 code [0x0000027b93af3f40, 0x0000027b93af40f8]
Event: 0.818 Thread 0x0000027baa0e75b0  834       3       jdk.internal.jrtfs.JrtPath::normalize (97 bytes)
Event: 0.819 Thread 0x0000027baa0e75b0 nmethod 834 0x0000027b93af4210 code [0x0000027b93af4480, 0x0000027b93af4f08]
Event: 0.820 Thread 0x0000027baa0e75b0  835       3       java.util.stream.Sink$ChainedReference::cancellationRequested (10 bytes)
Event: 0.820 Thread 0x0000027baa0e75b0 nmethod 835 0x0000027b93af5310 code [0x0000027b93af54c0, 0x0000027b93af5688]
Event: 0.820 Thread 0x0000027baa0e75b0  836       1       java.util.stream.Sink::cancellationRequested (2 bytes)
Event: 0.820 Thread 0x0000027baa0e75b0 nmethod 836 0x0000027b9b4bb910 code [0x0000027b9b4bbaa0, 0x0000027b9b4bbb78]
Event: 0.821 Thread 0x0000027baa0e75b0  837       1       jdk.internal.jimage.ImageReader$Node::getNameString (5 bytes)
Event: 0.821 Thread 0x0000027baa0e75b0 nmethod 837 0x0000027b9b4bbc10 code [0x0000027b9b4bbda0, 0x0000027b9b4bbe78]
Event: 0.821 Thread 0x0000027baa0e75b0  838       3       java.lang.String::substring (10 bytes)
Event: 0.821 Thread 0x0000027baa0e75b0 nmethod 838 0x0000027b93af5790 code [0x0000027b93af5940, 0x0000027b93af5b88]
Event: 0.822 Thread 0x0000027baa0e75b0  839       3       java.util.stream.ReferencePipeline$3$1::accept (23 bytes)
Event: 0.822 Thread 0x0000027baa0e75b0 nmethod 839 0x0000027b93af5c90 code [0x0000027b93af5e40, 0x0000027b93af60f8]
Event: 0.825 Thread 0x0000027baa0e75b0  840       3       jdk.internal.jrtfs.JrtPath::isAbsolute (29 bytes)
Event: 0.826 Thread 0x0000027baa0e75b0 nmethod 840 0x0000027b93af6210 code [0x0000027b93af6420, 0x0000027b93af6ab8]
Event: 0.827 Thread 0x0000027baa0e75b0  841       3       java.util.stream.SpinedBuffer::accept (94 bytes)

GC Heap History (0 events):
No events

Deoptimization events (20 events):
Event: 0.167 Thread 0x0000027b8c109090 Uncommon trap: trap_request=0xffffffde fr.pc=0x0000027b9b48c574 relative=0x0000000000000814
Event: 0.167 Thread 0x0000027b8c109090 Uncommon trap: reason=class_check action=maybe_recompile pc=0x0000027b9b48c574 method=java.util.HashMap.putVal(ILjava/lang/Object;Ljava/lang/Object;ZZ)Ljava/lang/Object; @ 152 c2
Event: 0.167 Thread 0x0000027b8c109090 DEOPT PACKING pc=0x0000027b9b48c574 sp=0x000000ea802fdef0
Event: 0.167 Thread 0x0000027b8c109090 DEOPT UNPACKING pc=0x0000027b9af323a3 sp=0x000000ea802fde70 mode 2
Event: 0.167 Thread 0x0000027b8c109090 Uncommon trap: trap_request=0xffffffde fr.pc=0x0000027b9b48c574 relative=0x0000000000000814
Event: 0.167 Thread 0x0000027b8c109090 Uncommon trap: reason=class_check action=maybe_recompile pc=0x0000027b9b48c574 method=java.util.HashMap.putVal(ILjava/lang/Object;Ljava/lang/Object;ZZ)Ljava/lang/Object; @ 152 c2
Event: 0.167 Thread 0x0000027b8c109090 DEOPT PACKING pc=0x0000027b9b48c574 sp=0x000000ea802fdef0
Event: 0.167 Thread 0x0000027b8c109090 DEOPT UNPACKING pc=0x0000027b9af323a3 sp=0x000000ea802fde70 mode 2
Event: 0.329 Thread 0x0000027b8c109090 DEOPT PACKING pc=0x0000027b939d8667 sp=0x000000ea802fa9a0
Event: 0.329 Thread 0x0000027b8c109090 DEOPT UNPACKING pc=0x0000027b9af32b43 sp=0x000000ea802f9dc0 mode 0
Event: 0.365 Thread 0x0000027b8c109090 DEOPT PACKING pc=0x0000027b939d6951 sp=0x000000ea802fa5d0
Event: 0.365 Thread 0x0000027b8c109090 DEOPT UNPACKING pc=0x0000027b9af32b43 sp=0x000000ea802f9a48 mode 0
Event: 0.586 Thread 0x0000027b8c109090 Uncommon trap: trap_request=0xffffff45 fr.pc=0x0000027b9b492060 relative=0x0000000000000900
Event: 0.586 Thread 0x0000027b8c109090 Uncommon trap: reason=unstable_if action=reinterpret pc=0x0000027b9b492060 method=java.util.HashMap.putVal(ILjava/lang/Object;Ljava/lang/Object;ZZ)Ljava/lang/Object; @ 181 c2
Event: 0.586 Thread 0x0000027b8c109090 DEOPT PACKING pc=0x0000027b9b492060 sp=0x000000ea802fe470
Event: 0.586 Thread 0x0000027b8c109090 DEOPT UNPACKING pc=0x0000027b9af323a3 sp=0x000000ea802fe420 mode 2
Event: 0.788 Thread 0x0000027b8c109090 Uncommon trap: trap_request=0xffffffde fr.pc=0x0000027b9b4b8408 relative=0x0000000000000548
Event: 0.788 Thread 0x0000027b8c109090 Uncommon trap: reason=class_check action=maybe_recompile pc=0x0000027b9b4b8408 method=java.util.HashMap.getNode(Ljava/lang/Object;)Ljava/util/HashMap$Node; @ 128 c2
Event: 0.788 Thread 0x0000027b8c109090 DEOPT PACKING pc=0x0000027b9b4b8408 sp=0x000000ea802fe3f0
Event: 0.788 Thread 0x0000027b8c109090 DEOPT UNPACKING pc=0x0000027b9af323a3 sp=0x000000ea802fe368 mode 2

Classes unloaded (0 events):
No events

Classes redefined (0 events):
No events

Internal exceptions (16 events):
Event: 0.249 Thread 0x0000027b8c109090 Exception <a 'java/lang/NoSuchMethodError'{0x000000008b957818}: 'void java.lang.invoke.DirectMethodHandle$Holder.invokeSpecial(java.lang.Object, java.lang.Object, java.lang.Object)'> (0x000000008b957818) 
thrown [s\open\src\hotspot\share\interpreter\linkResolver.cpp, line 759]
Event: 0.279 Thread 0x0000027b8c109090 Exception <a 'java/lang/NoSuchMethodError'{0x000000008b999bd8}: 'void java.lang.invoke.DirectMethodHandle$Holder.invokeStatic(java.lang.Object, java.lang.Object)'> (0x000000008b999bd8) 
thrown [s\open\src\hotspot\share\interpreter\linkResolver.cpp, line 759]
Event: 0.284 Thread 0x0000027b8c109090 Exception <a 'java/lang/NoSuchMethodError'{0x000000008b9ac6f8}: 'int java.lang.invoke.DirectMethodHandle$Holder.invokeVirtual(java.lang.Object, java.lang.Object, java.lang.Object)'> (0x000000008b9ac6f8) 
thrown [s\open\src\hotspot\share\interpreter\linkResolver.cpp, line 759]
Event: 0.286 Thread 0x0000027b8c109090 Exception <a 'java/lang/NoSuchMethodError'{0x000000008b9b2c80}: 'void java.lang.invoke.DirectMethodHandle$Holder.invokeInterface(java.lang.Object, java.lang.Object, java.lang.Object)'> (0x000000008b9b2c80) 
thrown [s\open\src\hotspot\share\interpreter\linkResolver.cpp, line 759]
Event: 0.418 Thread 0x0000027b8c109090 Exception <a 'java/lang/NoSuchMethodError'{0x000000008b73e040}: 'int java.lang.invoke.DirectMethodHandle$Holder.invokeStaticInit(java.lang.Object, java.lang.Object)'> (0x000000008b73e040) 
thrown [s\open\src\hotspot\share\interpreter\linkResolver.cpp, line 759]
Event: 0.556 Thread 0x0000027b8c109090 Exception <a 'java/lang/NoSuchMethodError'{0x000000008b7da538}: 'int java.lang.invoke.DirectMethodHandle$Holder.invokeVirtual(java.lang.Object, java.lang.Object)'> (0x000000008b7da538) 
thrown [s\open\src\hotspot\share\interpreter\linkResolver.cpp, line 759]
Event: 0.577 Thread 0x0000027b8c109090 Exception <a 'java/lang/NoSuchMethodError'{0x000000008b6015e0}: 'java.lang.Object java.lang.invoke.DirectMethodHandle$Holder.newInvokeSpecial(java.lang.Object, java.lang.Object, java.lang.Object, java.lang.Object, java.lang.Object)'> (0x000000008b6015e0) 
thrown [s\open\src\hotspot\share\interpreter\linkResolver.cpp, line 759]
Event: 0.582 Thread 0x0000027b8c109090 Exception <a 'java/lang/NoSuchMethodError'{0x000000008b60fa80}: 'java.lang.Object java.lang.invoke.DirectMethodHandle$Holder.newInvokeSpecial(java.lang.Object, java.lang.Object, java.lang.Object, java.lang.Object, java.lang.Object, java.lang.Object)'> (0x000000008b60fa80) 
thrown [s\open\src\hotspot\share\interpreter\linkResolver.cpp, line 759]
Event: 0.630 Thread 0x0000027b8c109090 Exception <a 'java/lang/NoSuchMethodError'{0x000000008b6896f8}: 'java.lang.Object java.lang.invoke.DirectMethodHandle$Holder.invokeVirtual(java.lang.Object, java.lang.Object, java.lang.Object)'> (0x000000008b6896f8) 
thrown [s\open\src\hotspot\share\interpreter\linkResolver.cpp, line 759]
Event: 0.632 Thread 0x0000027b8c109090 Exception <a 'java/lang/NoSuchMethodError'{0x000000008b695270}: 'int java.lang.invoke.DirectMethodHandle$Holder.invokeInterface(java.lang.Object, java.lang.Object)'> (0x000000008b695270) 
thrown [s\open\src\hotspot\share\interpreter\linkResolver.cpp, line 759]
Event: 0.665 Thread 0x0000027b8c109090 Exception <a 'java/lang/NoSuchMethodError'{0x000000008b6d3518}: 'java.lang.Object java.lang.invoke.DirectMethodHandle$Holder.invokeStaticInit(java.lang.Object)'> (0x000000008b6d3518) 
thrown [s\open\src\hotspot\share\interpreter\linkResolver.cpp, line 759]
Event: 0.704 Thread 0x0000027b8c109090 Exception <a 'java/lang/NoSuchMethodError'{0x000000008b59aaf8}: 'java.lang.Object java.lang.invoke.DirectMethodHandle$Holder.invokeVirtual(java.lang.Object, java.lang.Object, java.lang.Object, int, int)'> (0x000000008b59aaf8) 
thrown [s\open\src\hotspot\share\interpreter\linkResolver.cpp, line 759]
Event: 0.706 Thread 0x0000027b8c109090 Exception <a 'java/lang/NoSuchMethodError'{0x000000008b5a16b8}: 'java.lang.Object java.lang.invoke.DirectMethodHandle$Holder.invokeVirtual(java.lang.Object, java.lang.Object, int)'> (0x000000008b5a16b8) 
thrown [s\open\src\hotspot\share\interpreter\linkResolver.cpp, line 759]
Event: 0.712 Thread 0x0000027b8c109090 Exception <a 'java/lang/NoSuchMethodError'{0x000000008b5b7a58}: 'java.lang.Object java.lang.invoke.DirectMethodHandle$Holder.invokeSpecial(java.lang.Object, java.lang.Object, java.lang.Object, int, int)'> (0x000000008b5b7a58) 
thrown [s\open\src\hotspot\share\interpreter\linkResolver.cpp, line 759]
Event: 0.767 Thread 0x0000027b8c109090 Exception <a 'sun/nio/fs/WindowsException'{0x000000008b4e1120}> (0x000000008b4e1120) 
thrown [s\open\src\hotspot\share\prims\jni.cpp, line 516]
Event: 0.768 Thread 0x0000027b8c109090 Exception <a 'sun/nio/fs/WindowsException'{0x000000008b4e1518}> (0x000000008b4e1518) 
thrown [s\open\src\hotspot\share\prims\jni.cpp, line 516]

VM Operations (8 events):
Event: 0.092 Executing VM operation: HandshakeAllThreads
Event: 0.092 Executing VM operation: HandshakeAllThreads done
Event: 0.312 Executing VM operation: HandshakeAllThreads
Event: 0.312 Executing VM operation: HandshakeAllThreads done
Event: 0.659 Executing VM operation: HandshakeAllThreads
Event: 0.659 Executing VM operation: HandshakeAllThreads done
Event: 0.668 Executing VM operation: HandshakeAllThreads
Event: 0.668 Executing VM operation: HandshakeAllThreads done

Events (20 events):
Event: 0.810 loading class java/util/stream/Nodes$EmptyNode done
Event: 0.810 loading class java/util/stream/Nodes$EmptyNode$OfRef done
Event: 0.810 loading class java/util/stream/Nodes$EmptyNode$OfInt
Event: 0.810 loading class java/util/stream/Node$OfInt
Event: 0.810 loading class java/util/stream/Node$OfPrimitive
Event: 0.810 loading class java/util/stream/Node$OfPrimitive done
Event: 0.811 loading class java/util/stream/Node$OfInt done
Event: 0.811 loading class java/util/stream/Nodes$EmptyNode$OfInt done
Event: 0.811 loading class java/util/stream/Nodes$EmptyNode$OfLong
Event: 0.811 loading class java/util/stream/Node$OfLong
Event: 0.811 loading class java/util/stream/Node$OfLong done
Event: 0.811 loading class java/util/stream/Nodes$EmptyNode$OfLong done
Event: 0.811 loading class java/util/stream/Nodes$EmptyNode$OfDouble
Event: 0.811 loading class java/util/stream/Node$OfDouble
Event: 0.811 loading class java/util/stream/Node$OfDouble done
Event: 0.811 loading class java/util/stream/Nodes$EmptyNode$OfDouble done
Event: 0.812 loading class java/util/stream/Nodes$SpinedNodeBuilder
Event: 0.812 loading class java/util/stream/Node$Builder
Event: 0.812 loading class java/util/stream/Node$Builder done
Event: 0.815 loading class java/util/stream/Nodes$SpinedNodeBuilder done


Dynamic libraries:
0x00007ff7e3110000 - 0x00007ff7e3120000 	C:\Program Files\Java\jdk-17\bin\java.exe
0x00007ffbb1cf0000 - 0x00007ffbb1f07000 	C:\WINDOWS\SYSTEM32\ntdll.dll
0x00007ffbafbd0000 - 0x00007ffbafc94000 	C:\WINDOWS\System32\KERNEL32.DLL
0x00007ffbaf3f0000 - 0x00007ffbaf79d000 	C:\WINDOWS\System32\KERNELBASE.dll
0x00007ffbaf050000 - 0x00007ffbaf161000 	C:\WINDOWS\System32\ucrtbase.dll
0x00007ffb7c070000 - 0x00007ffb7c08b000 	C:\Program Files\Java\jdk-17\bin\VCRUNTIME140.dll
0x00007ffb7c2a0000 - 0x00007ffb7c2b9000 	C:\Program Files\Java\jdk-17\bin\jli.dll
0x00007ffbafb10000 - 0x00007ffbafbc2000 	C:\WINDOWS\System32\ADVAPI32.dll
0x00007ffbb0940000 - 0x00007ffbb09e7000 	C:\WINDOWS\System32\msvcrt.dll
0x00007ffbb1870000 - 0x00007ffbb1919000 	C:\WINDOWS\System32\sechost.dll
0x00007ffbaf020000 - 0x00007ffbaf048000 	C:\WINDOWS\System32\bcrypt.dll
0x00007ffbb09f0000 - 0x00007ffbb0b04000 	C:\WINDOWS\System32\RPCRT4.dll
0x00007ffbb16c0000 - 0x00007ffbb186e000 	C:\WINDOWS\System32\USER32.dll
0x00007ffbaf2a0000 - 0x00007ffbaf2c6000 	C:\WINDOWS\System32\win32u.dll
0x00007ffbb0910000 - 0x00007ffbb0939000 	C:\WINDOWS\System32\GDI32.dll
0x00007ffbaf7a0000 - 0x00007ffbaf8b9000 	C:\WINDOWS\System32\gdi32full.dll
0x00007ffbaf2d0000 - 0x00007ffbaf36a000 	C:\WINDOWS\System32\msvcp_win.dll
0x00007ffb86cf0000 - 0x00007ffb86f83000 	C:\WINDOWS\WinSxS\amd64_microsoft.windows.common-controls_6595b64144ccf1df_6.0.22621.3672_none_2713b9d173822955\COMCTL32.dll
0x00007ffba2ff0000 - 0x00007ffba2ffa000 	C:\WINDOWS\SYSTEM32\VERSION.dll
0x00007ffb7c200000 - 0x00007ffb7c20c000 	C:\Program Files\Java\jdk-17\bin\vcruntime140_1.dll
0x00007ffb7be20000 - 0x00007ffb7beae000 	C:\Program Files\Java\jdk-17\bin\msvcp140.dll
0x00007ffb7b240000 - 0x00007ffb7be1e000 	C:\Program Files\Java\jdk-17\bin\server\jvm.dll
0x00007ffbb1620000 - 0x00007ffbb1628000 	C:\WINDOWS\System32\PSAPI.DLL
0x00007ffba7960000 - 0x00007ffba7994000 	C:\WINDOWS\SYSTEM32\WINMM.dll
0x00007ffb87a80000 - 0x00007ffb87a89000 	C:\WINDOWS\SYSTEM32\WSOCK32.dll
0x00007ffbb1640000 - 0x00007ffbb16b1000 	C:\WINDOWS\System32\WS2_32.dll
0x00007ffbae050000 - 0x00007ffbae068000 	C:\WINDOWS\SYSTEM32\kernel.appcore.dll
0x00007ffb7b230000 - 0x00007ffb7b23a000 	C:\Program Files\Java\jdk-17\bin\jimage.dll
0x00007ffba9420000 - 0x00007ffba9652000 	C:\WINDOWS\SYSTEM32\DBGHELP.DLL
0x00007ffbb1920000 - 0x00007ffbb1ca8000 	C:\WINDOWS\System32\combase.dll
0x00007ffbb0060000 - 0x00007ffbb0137000 	C:\WINDOWS\System32\OLEAUT32.dll
0x00007ffba30e0000 - 0x00007ffba3112000 	C:\WINDOWS\SYSTEM32\dbgcore.DLL
0x00007ffbaf370000 - 0x00007ffbaf3eb000 	C:\WINDOWS\System32\bcryptPrimitives.dll
0x00007ffb7b1f0000 - 0x00007ffb7b215000 	C:\Program Files\Java\jdk-17\bin\java.dll
0x00007ffb7b0d0000 - 0x00007ffb7b1a7000 	C:\Program Files\Java\jdk-17\bin\jsvml.dll
0x00007ffbb0c10000 - 0x00007ffbb146f000 	C:\WINDOWS\System32\SHELL32.dll
0x00007ffbacf70000 - 0x00007ffbad86c000 	C:\WINDOWS\SYSTEM32\windows.storage.dll
0x00007ffbace30000 - 0x00007ffbacf6f000 	C:\WINDOWS\SYSTEM32\wintypes.dll
0x00007ffbb0b10000 - 0x00007ffbb0c04000 	C:\WINDOWS\System32\SHCORE.dll
0x00007ffbb0420000 - 0x00007ffbb047e000 	C:\WINDOWS\System32\shlwapi.dll
0x00007ffbaef50000 - 0x00007ffbaef71000 	C:\WINDOWS\SYSTEM32\profapi.dll
0x00007ffb7b0b0000 - 0x00007ffb7b0c9000 	C:\Program Files\Java\jdk-17\bin\net.dll
0x00007ffba85e0000 - 0x00007ffba8716000 	C:\WINDOWS\SYSTEM32\WINHTTP.dll
0x00007ffbae4c0000 - 0x00007ffbae529000 	C:\WINDOWS\system32\mswsock.dll
0x00007ffb7b070000 - 0x00007ffb7b086000 	C:\Program Files\Java\jdk-17\bin\nio.dll

dbghelp: loaded successfully - version: 4.0.5 - missing functions: none
symbol engine: initialized successfully - sym options: 0x614 - pdb path: .;C:\Program Files\Java\jdk-17\bin;C:\WINDOWS\SYSTEM32;C:\WINDOWS\WinSxS\amd64_microsoft.windows.common-controls_6595b64144ccf1df_6.0.22621.3672_none_2713b9d173822955;C:\Program Files\Java\jdk-17\bin\server

VM Arguments:
jvm_args: --add-modules=ALL-DEFAULT 
java_command: jdk.compiler/com.sun.tools.javac.launcher.Main IFBLOCKS1.java
java_class_path (initial): .
Launcher Type: SUN_STANDARD

[Global flags]
     intx CICompilerCount                          = 4                                         {product} {ergonomic}
     uint ConcGCThreads                            = 2                                         {product} {ergonomic}
     uint G1ConcRefinementThreads                  = 8                                         {product} {ergonomic}
   size_t G1HeapRegionSize                         = 1048576                                   {product} {ergonomic}
    uintx GCDrainStackTargetSize                   = 64                                        {product} {ergonomic}
   size_t InitialHeapSize                          = 132120576                                 {product} {ergonomic}
   size_t MarkStackSize                            = 4194304                                   {product} {ergonomic}
   size_t MaxHeapSize                              = 2082471936                                {product} {ergonomic}
   size_t MaxNewSize                               = 1248854016                                {product} {ergonomic}
   size_t MinHeapDeltaBytes                        = 1048576                                   {product} {ergonomic}
   size_t MinHeapSize                              = 8388608                                   {product} {ergonomic}
    uintx NonNMethodCodeHeapSize                   = 5839372                                {pd product} {ergonomic}
    uintx NonProfiledCodeHeapSize                  = 122909434                              {pd product} {ergonomic}
    uintx ProfiledCodeHeapSize                     = 122909434                              {pd product} {ergonomic}
    uintx ReservedCodeCacheSize                    = 251658240                              {pd product} {ergonomic}
     bool SegmentedCodeCache                       = true                                      {product} {ergonomic}
   size_t SoftMaxHeapSize                          = 2082471936                             {manageable} {ergonomic}
     bool UseCompressedClassPointers               = true                           {product lp64_product} {ergonomic}
     bool UseCompressedOops                        = true                           {product lp64_product} {ergonomic}
     bool UseG1GC                                  = true                                      {product} {ergonomic}
     bool UseLargePagesIndividualAllocation        = false                                  {pd product} {ergonomic}

Logging:
Log output configuration:
 #0: stdout all=warning uptime,level,tags
 #1: stderr all=off uptime,level,tags

Environment Variables:
PATH=C:\Program Files\Common Files\Oracle\Java\javapath;;C:\WINDOWS\system32;C:\WINDOWS;C:\WINDOWS\System32\Wbem;C:\WINDOWS\System32\WindowsPowerShell\v1.0\;C:\WINDOWS\System32\OpenSSH\;C:\Program Files (x86)\Microsoft SQL Server\110\Tools\Binn\;C:\Program Files\Microsoft SQL Server\110\Tools\Binn\;C:\Program Files\Microsoft SQL Server\110\DTS\Binn\;C:\Program Files\dotnet\;C:\Program Files\Microsoft SQL Server\Client SDK\ODBC\130\Tools\Binn\;C:\Program Files (x86)\Microsoft SQL Server\140\Tools\Binn\;C:\Program Files\Microsoft SQL Server\140\Tools\Binn\;C:\Program Files\Microsoft SQL Server\140\DTS\Binn\;C:\Program Files (x86)\Microsoft SQL Server\160\DTS\Binn\;C:\Program Files\Azure Data Studio\bin;C:\Program Files\Git\cmd;%COSMOSM%;C:\WINDOWS\system32\config\systemprofile\AppData\Local\Microsoft\WindowsApps
USERNAME=DESKTOP-EI4D21P$
OS=Windows_NT
PROCESSOR_IDENTIFIER=Intel64 Family 6 Model 142 Stepping 12, GenuineIntel



---------------  S Y S T E M  ---------------

OS:
 Windows 11 , 64 bit Build 22621 (10.0.22621.3672)
OS uptime: 13 days 21:11 hours

CPU: total 8 (initial active 8) (4 cores per cpu, 2 threads per core) family 6 model 142 stepping 12 microcode 0xde, cx8, cmov, fxsr, ht, mmx, 3dnowpref, sse, sse2, sse3, ssse3, sse4.1, sse4.2, popcnt, lzcnt, tsc, tscinvbit, avx, avx2, aes, erms, clmul, bmi1, bmi2, adx, fma, vzeroupper, clflush, clflushopt

Memory: 4k page, system-wide physical 7942M (335M free)
TotalPageFile size 32518M (AvailPageFile size 23M)
current process WorkingSet (physical memory assigned to process): 64M, peak: 64M
current process commit charge ("private bytes"): 220M, peak: 221M

vm_info: Java HotSpot(TM) 64-Bit Server VM (17.0.8+9-LTS-211) for windows-amd64 JRE (17.0.8+9-LTS-211), built on Jun 14 2023 10:34:31 by "mach5one" with MS VC++ 17.1 (VS2022)

END.
