#
# There is insufficient memory for the Java Runtime Environment to continue.
# Native memory allocation (mmap) failed to map 3145728 bytes for G1 virtual space
# Possible reasons:
#   The system is out of physical RAM or swap space
#   The process is running with CompressedOops enabled, and the Java Heap may be blocking the growth of the native heap
# Possible solutions:
#   Reduce memory load on the system
#   Increase physical memory or swap space
#   Check if swap backing store is full
#   Decrease Java heap size (-Xmx/-Xms)
#   Decrease number of Java threads
#   Decrease Java thread stack sizes (-Xss)
#   Set larger code cache with -XX:ReservedCodeCacheSize=
#   JVM is running with Unscaled Compressed Oops mode in which the Java heap is
#     placed in the first 4GB address space. The Java Heap base address is the
#     maximum limit for the native heap growth. Please use -XX:HeapBaseMinAddress
#     to set the Java Heap base and to place the Java Heap above 4GB virtual address.
# This output file may be truncated or incomplete.
#
#  Out of Memory Error (os_windows.cpp:3550), pid=9604, tid=26992
#
# JRE version: Java(TM) SE Runtime Environment (17.0.8+9) (build 17.0.8+9-LTS-211)
# Java VM: Java HotSpot(TM) 64-Bit Server VM (17.0.8+9-LTS-211, mixed mode, sharing, tiered, compressed oops, compressed class ptrs, g1 gc, windows-amd64)
# No core dump will be written. Minidumps are not enabled by default on client versions of Windows
#

---------------  S U M M A R Y ------------

Command Line: -Dapplication.home=C:\Program Files\Java\jdk-17 --add-modules=ALL-DEFAULT -Xms8m -Djdk.module.main=jdk.compiler jdk.compiler/com.sun.tools.javac.Main IFBLOCKS1.java

Host: Intel(R) Core(TM) i5-10210U CPU @ 1.60GHz, 8 cores, 7G,  Windows 11 , 64 bit Build 22621 (10.0.22621.4391)
Time: Fri Jan 31 19:38:29 2025 India Standard Time elapsed time: 0.358984 seconds (0d 0h 0m 0s)

---------------  T H R E A D  ---------------

Current thread (0x0000019fca19c9c0):  VMThread "VM Thread" [stack: 0x000000904dd00000,0x000000904de00000] [id=26992]

Stack: [0x000000904dd00000,0x000000904de00000]
Native frames: (J=compiled Java code, j=interpreted, Vv=VM code, C=native code)
V  [jvm.dll+0x677d0a]
V  [jvm.dll+0x7d8c54]
V  [jvm.dll+0x7da3fe]
V  [jvm.dll+0x7daa63]
V  [jvm.dll+0x245c5f]
V  [jvm.dll+0x674bb9]
V  [jvm.dll+0x6694f2]
V  [jvm.dll+0x3031d6]
V  [jvm.dll+0x30a756]
V  [jvm.dll+0x359f9e]
V  [jvm.dll+0x35a1cf]
V  [jvm.dll+0x2da3e8]
V  [jvm.dll+0x2d87f5]
V  [jvm.dll+0x2d7dfc]
V  [jvm.dll+0x31b4cb]
V  [jvm.dll+0x7df26b]
V  [jvm.dll+0x7dffa4]
V  [jvm.dll+0x7e04bd]
V  [jvm.dll+0x7e0894]
V  [jvm.dll+0x7e0960]
V  [jvm.dll+0x788bba]
V  [jvm.dll+0x676b35]
C  [ucrtbase.dll+0x29333]
C  [KERNEL32.DLL+0x1259d]
C  [ntdll.dll+0x5af38]

VM_Operation (0x000000904d7feb00): G1CollectForAllocation, mode: safepoint, requested by thread 0x0000019fca0dbb10


---------------  P R O C E S S  ---------------

Threads class SMR info:
_java_thread_list=0x0000019fe8749f00, length=14, elements={
0x0000019fca0dbb10, 0x0000019fca1a0d50, 0x0000019fca1a2360, 0x0000019fe8086a40,
0x0000019fe8089900, 0x0000019fe808a2b0, 0x0000019fe808b400, 0x0000019fe808e0e0,
0x0000019fe8093f30, 0x0000019fe809b4d0, 0x0000019fe815e470, 0x0000019fe8332070,
0x0000019fe80920d0, 0x0000019fe80925e0
}

Java Threads: ( => current thread )
  0x0000019fca0dbb10 JavaThread "main" [_thread_blocked, id=7296, stack(0x000000904d700000,0x000000904d800000)]
  0x0000019fca1a0d50 JavaThread "Reference Handler" daemon [_thread_blocked, id=13128, stack(0x000000904de00000,0x000000904df00000)]
  0x0000019fca1a2360 JavaThread "Finalizer" daemon [_thread_blocked, id=32412, stack(0x000000904df00000,0x000000904e000000)]
  0x0000019fe8086a40 JavaThread "Signal Dispatcher" daemon [_thread_blocked, id=24928, stack(0x000000904e000000,0x000000904e100000)]
  0x0000019fe8089900 JavaThread "Attach Listener" daemon [_thread_blocked, id=32180, stack(0x000000904e100000,0x000000904e200000)]
  0x0000019fe808a2b0 JavaThread "Service Thread" daemon [_thread_blocked, id=13248, stack(0x000000904e200000,0x000000904e300000)]
  0x0000019fe808b400 JavaThread "Monitor Deflation Thread" daemon [_thread_blocked, id=29348, stack(0x000000904e300000,0x000000904e400000)]
  0x0000019fe808e0e0 JavaThread "C2 CompilerThread0" daemon [_thread_blocked, id=28900, stack(0x000000904e400000,0x000000904e500000)]
  0x0000019fe8093f30 JavaThread "C1 CompilerThread0" daemon [_thread_blocked, id=26752, stack(0x000000904e500000,0x000000904e600000)]
  0x0000019fe809b4d0 JavaThread "Sweeper thread" daemon [_thread_blocked, id=23692, stack(0x000000904e600000,0x000000904e700000)]
  0x0000019fe815e470 JavaThread "Common-Cleaner" daemon [_thread_blocked, id=20044, stack(0x000000904e700000,0x000000904e800000)]
  0x0000019fe8332070 JavaThread "Notification Thread" daemon [_thread_blocked, id=8624, stack(0x000000904e800000,0x000000904e900000)]
  0x0000019fe80920d0 JavaThread "C2 CompilerThread1" daemon [_thread_blocked, id=19308, stack(0x000000904ef00000,0x000000904f000000)]
  0x0000019fe80925e0 JavaThread "C2 CompilerThread2" daemon [_thread_blocked, id=14556, stack(0x000000904f000000,0x000000904f100000)]

Other Threads:
=>0x0000019fca19c9c0 VMThread "VM Thread" [stack: 0x000000904dd00000,0x000000904de00000] [id=26992]
  0x0000019fca14e300 WatcherThread [stack: 0x000000904e900000,0x000000904ea00000] [id=356]
  0x0000019fca134450 GCTaskThread "GC Thread#0" [stack: 0x000000904d800000,0x000000904d900000] [id=1628]
  0x0000019fe85afd30 GCTaskThread "GC Thread#1" [stack: 0x000000904ea00000,0x000000904eb00000] [id=27036]
  0x0000019fe85cd6f0 GCTaskThread "GC Thread#2" [stack: 0x000000904eb00000,0x000000904ec00000] [id=25808]
  0x0000019fe85cd9a0 GCTaskThread "GC Thread#3" [stack: 0x000000904ec00000,0x000000904ed00000] [id=25736]
  0x0000019fe86bb630 GCTaskThread "GC Thread#4" [stack: 0x000000904ed00000,0x000000904ee00000] [id=26640]
  0x0000019fe874c690 GCTaskThread "GC Thread#5" [stack: 0x000000904ee00000,0x000000904ef00000] [id=23192]
  0x0000019fca145be0 ConcurrentGCThread "G1 Main Marker" [stack: 0x000000904d900000,0x000000904da00000] [id=2860]
  0x0000019fca147da0 ConcurrentGCThread "G1 Conc#0" [stack: 0x000000904da00000,0x000000904db00000] [id=15256]
  0x0000019fca173e10 ConcurrentGCThread "G1 Refine#0" [stack: 0x000000904db00000,0x000000904dc00000] [id=5720]
  0x0000019fca174830 ConcurrentGCThread "G1 Service" [stack: 0x000000904dc00000,0x000000904dd00000] [id=28336]

Threads with active compile tasks:
C2 CompilerThread0      386  760       4       java.util.HashMap::putVal (300 bytes)
C1 CompilerThread0      386  764       3       java.util.LinkedHashMap$LinkedHashIterator::nextNode (54 bytes)
C2 CompilerThread1      386  753       4       java.util.HashMap::put (13 bytes)
C2 CompilerThread2      386  752       4       java.util.HashMap::getNode (150 bytes)

VM state: at safepoint (normal execution)

VM Mutex/Monitor currently owned by a thread:  ([mutex/lock_event])
[0x0000019fca0d5ee0] Threads_lock - owner thread: 0x0000019fca19c9c0
[0x0000019fca0d6090] Heap_lock - owner thread: 0x0000019fca0dbb10

Heap address: 0x0000000083e00000, size: 1986 MB, Compressed Oops mode: 32-bit

CDS archive(s) mapped at: [0x0000019f80000000-0x0000019f80bd0000-0x0000019f80bd0000), size 12386304, SharedBaseAddress: 0x0000019f80000000, ArchiveRelocationMode: 1.
Compressed class space mapped at: 0x0000019f81000000-0x0000019fc1000000, reserved size: 1073741824
Narrow klass base: 0x0000019f80000000, Narrow klass shift: 0, Narrow klass range: 0x100000000

GC Precious Log:
 CPUs: 8 total, 8 available
 Memory: 7942M
 Large Page Support: Disabled
 NUMA Support: Disabled
 Compressed Oops: Enabled (32-bit)
 Heap Region Size: 1M
 Heap Min Capacity: 8M
 Heap Initial Capacity: 8M
 Heap Max Capacity: 1986M
 Pre-touch: Disabled
 Parallel Workers: 8
 Concurrent Workers: 2
 Concurrent Refinement Workers: 8
 Periodic GC: Disabled

Heap:
 garbage-first heap   total 8192K, used 2973K [0x0000000083e00000, 0x0000000100000000)
  region size 1024K, 1 young (1024K), 1 survivors (1024K)
 Metaspace       used 7622K, committed 7744K, reserved 1114112K
  class space    used 890K, committed 960K, reserved 1048576K

Heap Regions: E=young(eden), S=young(survivor), O=old, HS=humongous(starts), HC=humongous(continues), CS=collection set, F=free, OA=open archive, CA=closed archive, TAMS=top-at-mark-start (previous, next)
|   0|0x0000000083e00000, 0x0000000083f00000, 0x0000000083f00000|100%| O|  |TAMS 0x0000000083e00000, 0x0000000083e00000| Untracked 
|   1|0x0000000083f00000, 0x0000000084000000, 0x0000000084000000|100%| O|  |TAMS 0x0000000083f00000, 0x0000000083f00000| Untracked 
|   2|0x0000000084000000, 0x0000000084034a00, 0x0000000084100000| 20%| O|  |TAMS 0x0000000084000000, 0x0000000084000000| Untracked 
|   3|0x0000000084100000, 0x0000000084100000, 0x0000000084200000|  0%| F|  |TAMS 0x0000000084100000, 0x0000000084100000| Untracked 
|   4|0x0000000084200000, 0x0000000084200000, 0x0000000084300000|  0%| F|  |TAMS 0x0000000084200000, 0x0000000084200000| Untracked 
|   5|0x0000000084300000, 0x00000000843b2db8, 0x0000000084400000| 69%| S|CS|TAMS 0x0000000084300000, 0x0000000084300000| Complete 
|   6|0x0000000084400000, 0x0000000084400000, 0x0000000084500000|  0%| F|  |TAMS 0x0000000084400000, 0x0000000084400000| Untracked 
|   7|0x0000000084500000, 0x0000000084500000, 0x0000000084600000|  0%| F|  |TAMS 0x0000000084500000, 0x0000000084500000| Untracked 

Card table byte_map: [0x0000019fe10a0000,0x0000019fe1490000] _byte_map_base: 0x0000019fe0c81000

Marking Bits (Prev, Next): (CMBitMap*) 0x0000019fca135a70, (CMBitMap*) 0x0000019fca135ab0
 Prev Bits: [0x0000019fe1880000, 0x0000019fe3788000)
 Next Bits: [0x0000019fe3790000, 0x0000019fe5698000)

Polling page: 0x0000019fc98b0000

Metaspace:

Usage:
  Non-class:      6.57 MB used.
      Class:    890.23 KB used.
       Both:      7.44 MB used.

Virtual space:
  Non-class space:       64.00 MB reserved,       6.62 MB ( 10%) committed,  1 nodes.
      Class space:        1.00 GB reserved,     960.00 KB ( <1%) committed,  1 nodes.
             Both:        1.06 GB reserved,       7.56 MB ( <1%) committed. 

Chunk freelists:
   Non-Class:  6.70 MB
       Class:  14.97 MB
        Both:  21.67 MB

MaxMetaspaceSize: unlimited
CompressedClassSpaceSize: 1.00 GB
Initial GC threshold: 21.00 MB
Current GC threshold: 21.00 MB
CDS: on
MetaspaceReclaimPolicy: balanced
 - commit_granule_bytes: 65536.
 - commit_granule_words: 8192.
 - virtual_space_node_default_size: 8388608.
 - enlarge_chunks_in_place: 1.
 - new_chunks_are_fully_committed: 0.
 - uncommit_free_chunks: 1.
 - use_allocation_guard: 0.
 - handle_deallocations: 1.


Internal statistics:

num_allocs_failed_limit: 0.
num_arena_births: 58.
num_arena_deaths: 0.
num_vsnodes_births: 2.
num_vsnodes_deaths: 0.
num_space_committed: 121.
num_space_uncommitted: 0.
num_chunks_returned_to_freelist: 0.
num_chunks_taken_from_freelist: 316.
num_chunk_merges: 0.
num_chunk_splits: 227.
num_chunks_enlarged: 174.
num_purges: 0.
num_inconsistent_stats: 0.

CodeHeap 'non-profiled nmethods': size=120000Kb used=221Kb max_used=221Kb free=119778Kb
 bounds [0x0000019fd9450000, 0x0000019fd96c0000, 0x0000019fe0980000]
CodeHeap 'profiled nmethods': size=120000Kb used=1203Kb max_used=1203Kb free=118796Kb
 bounds [0x0000019fd1980000, 0x0000019fd1bf0000, 0x0000019fd8eb0000]
CodeHeap 'non-nmethods': size=5760Kb used=1122Kb max_used=1137Kb free=4637Kb
 bounds [0x0000019fd8eb0000, 0x0000019fd9120000, 0x0000019fd9450000]
 total_blobs=1161 nmethods=758 adapters=316
 compilation: enabled
              stopped_count=0, restarted_count=0
 full_count=0

Compilation events (20 events):
Event: 0.348 Thread 0x0000019fe8093f30 nmethod 748 0x0000019fd1aaa490 code [0x0000019fd1aaa660, 0x0000019fd1aaaa48]
Event: 0.348 Thread 0x0000019fe8093f30  749       3       java.util.LinkedHashMap$Entry::<init> (10 bytes)
Event: 0.348 Thread 0x0000019fe8093f30 nmethod 749 0x0000019fd1aaac10 code [0x0000019fd1aaadc0, 0x0000019fd1aab098]
Event: 0.348 Thread 0x0000019fe8093f30  744       3       jdk.internal.org.objectweb.asm.Label::<init> (5 bytes)
Event: 0.348 Thread 0x0000019fe8093f30 nmethod 744 0x0000019fd1aab190 code [0x0000019fd1aab320, 0x0000019fd1aab478]
Event: 0.349 Thread 0x0000019fe8093f30  757       3       java.util.LinkedHashMap$LinkedHashIterator::hasNext (13 bytes)
Event: 0.349 Thread 0x0000019fe8093f30 nmethod 757 0x0000019fd1aab510 code [0x0000019fd1aab6a0, 0x0000019fd1aab818]
Event: 0.349 Thread 0x0000019fe808e0e0 nmethod 747 0x0000019fd9486e90 code [0x0000019fd9487000, 0x0000019fd9487338]
Event: 0.349 Thread 0x0000019fe8093f30  758       3       java.util.RegularEnumSet::contains (57 bytes)
Event: 0.349 Thread 0x0000019fe808e0e0  756       4       java.lang.Object::equals (11 bytes)
Event: 0.349 Thread 0x0000019fe8093f30 nmethod 758 0x0000019fd1aab890 code [0x0000019fd1aaba60, 0x0000019fd1aabe88]
Event: 0.349 Thread 0x0000019fe8093f30  759       3       com.sun.tools.javac.code.Symbol::complete (30 bytes)
Event: 0.349 Thread 0x0000019fe808e0e0 nmethod 756 0x0000019fd9487390 code [0x0000019fd9487500, 0x0000019fd9487598]
Event: 0.349 Thread 0x0000019fe808e0e0  760       4       java.util.HashMap::putVal (300 bytes)
Event: 0.349 Thread 0x0000019fe8093f30 nmethod 759 0x0000019fd1aabf90 code [0x0000019fd1aac140, 0x0000019fd1aac3c8]
Event: 0.349 Thread 0x0000019fe8093f30  761       3       com.sun.tools.javac.util.List$3::<init> (18 bytes)
Event: 0.349 Thread 0x0000019fe8093f30 nmethod 761 0x0000019fd1aac490 code [0x0000019fd1aac640, 0x0000019fd1aac858]
Event: 0.349 Thread 0x0000019fe8093f30  762       3       com.sun.tools.javac.util.List::iterator (20 bytes)
Event: 0.349 Thread 0x0000019fe8093f30 nmethod 762 0x0000019fd1aac910 code [0x0000019fd1aacae0, 0x0000019fd1aace98]
Event: 0.350 Thread 0x0000019fe8093f30  764       3       java.util.LinkedHashMap$LinkedHashIterator::nextNode (54 bytes)

GC Heap History (9 events):
Event: 0.162 GC heap before
{Heap before GC invocations=0 (full 0):
 garbage-first heap   total 8192K, used 3072K [0x0000000083e00000, 0x0000000100000000)
  region size 1024K, 3 young (3072K), 0 survivors (0K)
 Metaspace       used 2762K, committed 2880K, reserved 1114112K
  class space    used 353K, committed 384K, reserved 1048576K
}
Event: 0.164 GC heap after
{Heap after GC invocations=1 (full 0):
 garbage-first heap   total 8192K, used 1440K [0x0000000083e00000, 0x0000000100000000)
  region size 1024K, 1 young (1024K), 1 survivors (1024K)
 Metaspace       used 2762K, committed 2880K, reserved 1114112K
  class space    used 353K, committed 384K, reserved 1048576K
}
Event: 0.241 GC heap before
{Heap before GC invocations=1 (full 0):
 garbage-first heap   total 8192K, used 2464K [0x0000000083e00000, 0x0000000100000000)
  region size 1024K, 2 young (2048K), 1 survivors (1024K)
 Metaspace       used 5408K, committed 5568K, reserved 1114112K
  class space    used 642K, committed 768K, reserved 1048576K
}
Event: 0.244 GC heap after
{Heap after GC invocations=2 (full 0):
 garbage-first heap   total 8192K, used 2010K [0x0000000083e00000, 0x0000000100000000)
  region size 1024K, 1 young (1024K), 1 survivors (1024K)
 Metaspace       used 5408K, committed 5568K, reserved 1114112K
  class space    used 642K, committed 768K, reserved 1048576K
}
Event: 0.298 GC heap before
{Heap before GC invocations=2 (full 0):
 garbage-first heap   total 8192K, used 3034K [0x0000000083e00000, 0x0000000100000000)
  region size 1024K, 2 young (2048K), 1 survivors (1024K)
 Metaspace       used 7121K, committed 7296K, reserved 1114112K
  class space    used 836K, committed 896K, reserved 1048576K
}
Event: 0.300 GC heap after
{Heap after GC invocations=3 (full 0):
 garbage-first heap   total 8192K, used 2238K [0x0000000083e00000, 0x0000000100000000)
  region size 1024K, 1 young (1024K), 1 survivors (1024K)
 Metaspace       used 7121K, committed 7296K, reserved 1114112K
  class space    used 836K, committed 896K, reserved 1048576K
}
Event: 0.328 GC heap before
{Heap before GC invocations=3 (full 0):
 garbage-first heap   total 8192K, used 3262K [0x0000000083e00000, 0x0000000100000000)
  region size 1024K, 2 young (2048K), 1 survivors (1024K)
 Metaspace       used 7533K, committed 7680K, reserved 1114112K
  class space    used 883K, committed 960K, reserved 1048576K
}
Event: 0.329 GC heap after
{Heap after GC invocations=4 (full 0):
 garbage-first heap   total 8192K, used 2533K [0x0000000083e00000, 0x0000000100000000)
  region size 1024K, 1 young (1024K), 1 survivors (1024K)
 Metaspace       used 7533K, committed 7680K, reserved 1114112K
  class space    used 883K, committed 960K, reserved 1048576K
}
Event: 0.350 GC heap before
{Heap before GC invocations=4 (full 0):
 garbage-first heap   total 8192K, used 3557K [0x0000000083e00000, 0x0000000100000000)
  region size 1024K, 2 young (2048K), 1 survivors (1024K)
 Metaspace       used 7622K, committed 7744K, reserved 1114112K
  class space    used 890K, committed 960K, reserved 1048576K
}

Deoptimization events (12 events):
Event: 0.126 Thread 0x0000019fca0dbb10 Uncommon trap: trap_request=0xffffff45 fr.pc=0x0000019fd945cd48 relative=0x00000000000008e8
Event: 0.126 Thread 0x0000019fca0dbb10 Uncommon trap: reason=unstable_if action=reinterpret pc=0x0000019fd945cd48 method=java.util.HashMap.putVal(ILjava/lang/Object;Ljava/lang/Object;ZZ)Ljava/lang/Object; @ 181 c2
Event: 0.126 Thread 0x0000019fca0dbb10 DEOPT PACKING pc=0x0000019fd945cd48 sp=0x000000904d7fee10
Event: 0.126 Thread 0x0000019fca0dbb10 DEOPT UNPACKING pc=0x0000019fd8f023a3 sp=0x000000904d7fedb0 mode 2
Event: 0.146 Thread 0x0000019fca0dbb10 DEOPT PACKING pc=0x0000019fd19a7ce7 sp=0x000000904d7f9310
Event: 0.146 Thread 0x0000019fca0dbb10 DEOPT UNPACKING pc=0x0000019fd8f02b43 sp=0x000000904d7f8730 mode 0
Event: 0.166 Thread 0x0000019fca0dbb10 DEOPT PACKING pc=0x0000019fd19a65d1 sp=0x000000904d7facb0
Event: 0.166 Thread 0x0000019fca0dbb10 DEOPT UNPACKING pc=0x0000019fd8f02b43 sp=0x000000904d7fa128 mode 0
Event: 0.284 Thread 0x0000019fca0dbb10 Uncommon trap: trap_request=0xffffff45 fr.pc=0x0000019fd947253c relative=0x00000000000004fc
Event: 0.284 Thread 0x0000019fca0dbb10 Uncommon trap: reason=unstable_if action=reinterpret pc=0x0000019fd947253c method=java.lang.StringLatin1.replace([BCC)Ljava/lang/String; @ 19 c2
Event: 0.284 Thread 0x0000019fca0dbb10 DEOPT PACKING pc=0x0000019fd947253c sp=0x000000904d7feff0
Event: 0.284 Thread 0x0000019fca0dbb10 DEOPT UNPACKING pc=0x0000019fd8f023a3 sp=0x000000904d7fef70 mode 2

Classes unloaded (0 events):
No events

Classes redefined (0 events):
No events

Internal exceptions (15 events):
Event: 0.106 Thread 0x0000019fca0dbb10 Exception <a 'java/lang/NoSuchMethodError'{0x00000000844e2d60}: 'void java.lang.invoke.DirectMethodHandle$Holder.invokeSpecial(java.lang.Object, java.lang.Object, java.lang.Object)'> (0x00000000844e2d60) 
thrown [s\open\src\hotspot\share\interpreter\linkResolver.cpp, line 759]
Event: 0.127 Thread 0x0000019fca0dbb10 Exception <a 'java/lang/NoSuchMethodError'{0x000000008432a698}: 'int java.lang.invoke.DirectMethodHandle$Holder.invokeVirtual(java.lang.Object, java.lang.Object, java.lang.Object)'> (0x000000008432a698) 
thrown [s\open\src\hotspot\share\interpreter\linkResolver.cpp, line 759]
Event: 0.128 Thread 0x0000019fca0dbb10 Exception <a 'java/lang/NoSuchMethodError'{0x0000000084330fc0}: 'void java.lang.invoke.DirectMethodHandle$Holder.invokeInterface(java.lang.Object, java.lang.Object, java.lang.Object)'> (0x0000000084330fc0) 
thrown [s\open\src\hotspot\share\interpreter\linkResolver.cpp, line 759]
Event: 0.191 Thread 0x0000019fca0dbb10 Exception <a 'java/lang/NoSuchMethodError'{0x000000008454c158}: 'int java.lang.invoke.DirectMethodHandle$Holder.invokeStaticInit(java.lang.Object, java.lang.Object)'> (0x000000008454c158) 
thrown [s\open\src\hotspot\share\interpreter\linkResolver.cpp, line 759]
Event: 0.239 Thread 0x0000019fca0dbb10 Exception <a 'java/lang/NoSuchMethodError'{0x00000000845ed4b0}: 'int java.lang.invoke.DirectMethodHandle$Holder.invokeVirtual(java.lang.Object, java.lang.Object)'> (0x00000000845ed4b0) 
thrown [s\open\src\hotspot\share\interpreter\linkResolver.cpp, line 759]
Event: 0.246 Thread 0x0000019fca0dbb10 Exception <a 'java/lang/NoSuchMethodError'{0x0000000084515a60}: 'java.lang.Object java.lang.invoke.DirectMethodHandle$Holder.newInvokeSpecial(java.lang.Object, java.lang.Object, java.lang.Object, java.lang.Object, java.lang.Object)'> (0x0000000084515a60) 
thrown [s\open\src\hotspot\share\interpreter\linkResolver.cpp, line 759]
Event: 0.248 Thread 0x0000019fca0dbb10 Exception <a 'java/lang/NoSuchMethodError'{0x0000000084524658}: 'java.lang.Object java.lang.invoke.DirectMethodHandle$Holder.newInvokeSpecial(java.lang.Object, java.lang.Object, java.lang.Object, java.lang.Object, java.lang.Object, java.lang.Object)'> (0x0000000084524658) 
thrown [s\open\src\hotspot\share\interpreter\linkResolver.cpp, line 759]
Event: 0.259 Thread 0x0000019fca0dbb10 Exception <a 'java/lang/NoSuchMethodError'{0x000000008456e900}: 'java.lang.Object java.lang.invoke.DirectMethodHandle$Holder.invokeVirtual(java.lang.Object, java.lang.Object, java.lang.Object)'> (0x000000008456e900) 
thrown [s\open\src\hotspot\share\interpreter\linkResolver.cpp, line 759]
Event: 0.261 Thread 0x0000019fca0dbb10 Exception <a 'java/lang/NoSuchMethodError'{0x0000000084579a08}: 'int java.lang.invoke.DirectMethodHandle$Holder.invokeInterface(java.lang.Object, java.lang.Object)'> (0x0000000084579a08) 
thrown [s\open\src\hotspot\share\interpreter\linkResolver.cpp, line 759]
Event: 0.262 Thread 0x0000019fca0dbb10 Exception <a 'sun/nio/fs/WindowsException'{0x00000000845801b0}> (0x00000000845801b0) 
thrown [s\open\src\hotspot\share\prims\jni.cpp, line 516]
Event: 0.262 Thread 0x0000019fca0dbb10 Exception <a 'sun/nio/fs/WindowsException'{0x0000000084580548}> (0x0000000084580548) 
thrown [s\open\src\hotspot\share\prims\jni.cpp, line 516]
Event: 0.268 Thread 0x0000019fca0dbb10 Exception <a 'java/lang/NoSuchMethodError'{0x000000008459a348}: 'java.lang.Object java.lang.invoke.DirectMethodHandle$Holder.invokeStaticInit(java.lang.Object)'> (0x000000008459a348) 
thrown [s\open\src\hotspot\share\interpreter\linkResolver.cpp, line 759]
Event: 0.324 Thread 0x0000019fca0dbb10 Exception <a 'java/lang/NoSuchMethodError'{0x00000000845d5190}: 'java.lang.Object java.lang.invoke.DirectMethodHandle$Holder.invokeVirtual(java.lang.Object, java.lang.Object, java.lang.Object, int, int)'> (0x00000000845d5190) 
thrown [s\open\src\hotspot\share\interpreter\linkResolver.cpp, line 759]
Event: 0.324 Thread 0x0000019fca0dbb10 Exception <a 'java/lang/NoSuchMethodError'{0x00000000845dc048}: 'java.lang.Object java.lang.invoke.DirectMethodHandle$Holder.invokeVirtual(java.lang.Object, java.lang.Object, int)'> (0x00000000845dc048) 
thrown [s\open\src\hotspot\share\interpreter\linkResolver.cpp, line 759]
Event: 0.327 Thread 0x0000019fca0dbb10 Exception <a 'java/lang/NoSuchMethodError'{0x00000000845f6690}: 'java.lang.Object java.lang.invoke.DirectMethodHandle$Holder.invokeSpecial(java.lang.Object, java.lang.Object, java.lang.Object, int, int)'> (0x00000000845f6690) 
thrown [s\open\src\hotspot\share\interpreter\linkResolver.cpp, line 759]

VM Operations (19 events):
Event: 0.049 Executing VM operation: HandshakeAllThreads
Event: 0.049 Executing VM operation: HandshakeAllThreads done
Event: 0.108 Executing VM operation: HandshakeAllThreads
Event: 0.108 Executing VM operation: HandshakeAllThreads done
Event: 0.138 Executing VM operation: HandshakeAllThreads
Event: 0.138 Executing VM operation: HandshakeAllThreads done
Event: 0.162 Executing VM operation: G1CollectForAllocation
Event: 0.164 Executing VM operation: G1CollectForAllocation done
Event: 0.241 Executing VM operation: G1CollectForAllocation
Event: 0.244 Executing VM operation: G1CollectForAllocation done
Event: 0.264 Executing VM operation: HandshakeAllThreads
Event: 0.264 Executing VM operation: HandshakeAllThreads done
Event: 0.298 Executing VM operation: G1CollectForAllocation
Event: 0.300 Executing VM operation: G1CollectForAllocation done
Event: 0.305 Executing VM operation: HandshakeAllThreads
Event: 0.305 Executing VM operation: HandshakeAllThreads done
Event: 0.328 Executing VM operation: G1CollectForAllocation
Event: 0.329 Executing VM operation: G1CollectForAllocation done
Event: 0.350 Executing VM operation: G1CollectForAllocation

Events (20 events):
Event: 0.313 loading class java/util/LinkedHashMap$LinkedValues
Event: 0.313 loading class java/util/LinkedHashMap$LinkedValues done
Event: 0.313 loading class java/util/LinkedHashMap$LinkedValueIterator
Event: 0.313 loading class java/util/LinkedHashMap$LinkedValueIterator done
Event: 0.313 loading class java/util/regex/Pattern$Bound
Event: 0.313 loading class java/util/regex/Pattern$Bound done
Event: 0.323 loading class java/util/BitSet
Event: 0.323 loading class java/util/BitSet done
Event: 0.326 loading class java/util/stream/MatchOps$MatchKind
Event: 0.326 loading class java/util/stream/MatchOps$MatchKind done
Event: 0.326 loading class java/util/stream/MatchOps
Event: 0.326 loading class java/util/stream/MatchOps done
Event: 0.326 loading class java/util/stream/MatchOps$MatchOp
Event: 0.326 loading class java/util/stream/MatchOps$MatchOp done
Event: 0.326 loading class java/util/stream/MatchOps$BooleanTerminalSink
Event: 0.326 loading class java/util/stream/MatchOps$BooleanTerminalSink done
Event: 0.326 loading class java/util/stream/MatchOps$1MatchSink
Event: 0.326 loading class java/util/stream/MatchOps$1MatchSink done
Event: 0.338 Thread 0x0000019fe80920d0 Thread added: 0x0000019fe80920d0
Event: 0.338 Thread 0x0000019fe80925e0 Thread added: 0x0000019fe80925e0


Dynamic libraries:
0x00007ff6aaf00000 - 0x00007ff6aaf08000 	C:\Program Files\Java\jdk-17\bin\javac.exe
0x00007ff99bf10000 - 0x00007ff99c127000 	C:\WINDOWS\SYSTEM32\ntdll.dll
0x00007ff99ac40000 - 0x00007ff99ad04000 	C:\WINDOWS\System32\KERNEL32.DLL
0x00007ff9997c0000 - 0x00007ff999b7a000 	C:\WINDOWS\System32\KERNELBASE.dll
0x00007ff999270000 - 0x00007ff999381000 	C:\WINDOWS\System32\ucrtbase.dll
0x00007ff967130000 - 0x00007ff96714b000 	C:\Program Files\Java\jdk-17\bin\VCRUNTIME140.dll
0x00007ff966650000 - 0x00007ff966669000 	C:\Program Files\Java\jdk-17\bin\jli.dll
0x00007ff99ab40000 - 0x00007ff99abf2000 	C:\WINDOWS\System32\ADVAPI32.dll
0x00007ff99bce0000 - 0x00007ff99bd87000 	C:\WINDOWS\System32\msvcrt.dll
0x00007ff99a010000 - 0x00007ff99a0b7000 	C:\WINDOWS\System32\sechost.dll
0x00007ff999710000 - 0x00007ff999738000 	C:\WINDOWS\System32\bcrypt.dll
0x00007ff99b050000 - 0x00007ff99b164000 	C:\WINDOWS\System32\RPCRT4.dll
0x00007ff999c00000 - 0x00007ff999dae000 	C:\WINDOWS\System32\USER32.dll
0x00007ff9995c0000 - 0x00007ff9995e6000 	C:\WINDOWS\System32\win32u.dll
0x00007ff99bd90000 - 0x00007ff99bdb9000 	C:\WINDOWS\System32\GDI32.dll
0x00007ff9764c0000 - 0x00007ff976752000 	C:\WINDOWS\WinSxS\amd64_microsoft.windows.common-controls_6595b64144ccf1df_6.0.22621.4541_none_2710d1c57384c085\COMCTL32.dll
0x00007ff9995f0000 - 0x00007ff99970b000 	C:\WINDOWS\System32\gdi32full.dll
0x00007ff9991d0000 - 0x00007ff99926a000 	C:\WINDOWS\System32\msvcp_win.dll
0x00007ff98cf90000 - 0x00007ff98cf9a000 	C:\WINDOWS\SYSTEM32\VERSION.dll
0x00007ff967120000 - 0x00007ff96712c000 	C:\Program Files\Java\jdk-17\bin\vcruntime140_1.dll
0x00007ff9665a0000 - 0x00007ff96662e000 	C:\Program Files\Java\jdk-17\bin\msvcp140.dll
0x00007ff9659c0000 - 0x00007ff96659e000 	C:\Program Files\Java\jdk-17\bin\server\jvm.dll
0x00007ff99b040000 - 0x00007ff99b048000 	C:\WINDOWS\System32\PSAPI.DLL
0x00007ff97f8f0000 - 0x00007ff97f8f9000 	C:\WINDOWS\SYSTEM32\WSOCK32.dll
0x00007ff992bb0000 - 0x00007ff992be4000 	C:\WINDOWS\SYSTEM32\WINMM.dll
0x00007ff99af80000 - 0x00007ff99aff1000 	C:\WINDOWS\System32\WS2_32.dll
0x00007ff998210000 - 0x00007ff998228000 	C:\WINDOWS\SYSTEM32\kernel.appcore.dll
0x00007ff966640000 - 0x00007ff96664a000 	C:\Program Files\Java\jdk-17\bin\jimage.dll
0x00007ff993a70000 - 0x00007ff993ca2000 	C:\WINDOWS\SYSTEM32\DBGHELP.DLL
0x00007ff99a6a0000 - 0x00007ff99aa31000 	C:\WINDOWS\System32\combase.dll
0x00007ff99a0c0000 - 0x00007ff99a197000 	C:\WINDOWS\System32\OLEAUT32.dll
0x00007ff98d1b0000 - 0x00007ff98d1e2000 	C:\WINDOWS\SYSTEM32\dbgcore.DLL
0x00007ff999740000 - 0x00007ff9997bb000 	C:\WINDOWS\System32\bcryptPrimitives.dll
0x00007ff9655e0000 - 0x00007ff965605000 	C:\Program Files\Java\jdk-17\bin\java.dll
0x00007ff965430000 - 0x00007ff965507000 	C:\Program Files\Java\jdk-17\bin\jsvml.dll
0x00007ff99b170000 - 0x00007ff99b9e9000 	C:\WINDOWS\System32\SHELL32.dll
0x00007ff997110000 - 0x00007ff997a19000 	C:\WINDOWS\SYSTEM32\windows.storage.dll
0x00007ff996fd0000 - 0x00007ff99710f000 	C:\WINDOWS\SYSTEM32\wintypes.dll
0x00007ff99bdc0000 - 0x00007ff99beba000 	C:\WINDOWS\System32\SHCORE.dll
0x00007ff999e40000 - 0x00007ff999e9e000 	C:\WINDOWS\System32\shlwapi.dll
0x00007ff999100000 - 0x00007ff99912b000 	C:\WINDOWS\SYSTEM32\profapi.dll
0x00007ff98bb90000 - 0x00007ff98bba9000 	C:\Program Files\Java\jdk-17\bin\net.dll
0x00007ff992790000 - 0x00007ff9928c6000 	C:\WINDOWS\SYSTEM32\WINHTTP.dll
0x00007ff998690000 - 0x00007ff9986f9000 	C:\WINDOWS\system32\mswsock.dll
0x00007ff9656c0000 - 0x00007ff9656d6000 	C:\Program Files\Java\jdk-17\bin\nio.dll

dbghelp: loaded successfully - version: 4.0.5 - missing functions: none
symbol engine: initialized successfully - sym options: 0x614 - pdb path: .;C:\Program Files\Java\jdk-17\bin;C:\WINDOWS\SYSTEM32;C:\WINDOWS\WinSxS\amd64_microsoft.windows.common-controls_6595b64144ccf1df_6.0.22621.4541_none_2710d1c57384c085;C:\Program Files\Java\jdk-17\bin\server

VM Arguments:
jvm_args: -Dapplication.home=C:\Program Files\Java\jdk-17 --add-modules=ALL-DEFAULT -Xms8m -Djdk.module.main=jdk.compiler 
java_command: jdk.compiler/com.sun.tools.javac.Main IFBLOCKS1.java
java_class_path (initial): <not set>
Launcher Type: SUN_STANDARD

[Global flags]
     intx CICompilerCount                          = 4                                         {product} {ergonomic}
     uint ConcGCThreads                            = 2                                         {product} {ergonomic}
     uint G1ConcRefinementThreads                  = 8                                         {product} {ergonomic}
   size_t G1HeapRegionSize                         = 1048576                                   {product} {ergonomic}
    uintx GCDrainStackTargetSize                   = 64                                        {product} {ergonomic}
   size_t InitialHeapSize                          = 8388608                                   {product} {command line}
   size_t MarkStackSize                            = 4194304                                   {product} {ergonomic}
   size_t MaxHeapSize                              = 2082471936                                {product} {ergonomic}
   size_t MaxNewSize                               = 1248854016                                {product} {ergonomic}
   size_t MinHeapDeltaBytes                        = 1048576                                   {product} {ergonomic}
   size_t MinHeapSize                              = 8388608                                   {product} {command line}
    uintx NonNMethodCodeHeapSize                   = 5839372                                {pd product} {ergonomic}
    uintx NonProfiledCodeHeapSize                  = 122909434                              {pd product} {ergonomic}
    uintx ProfiledCodeHeapSize                     = 122909434                              {pd product} {ergonomic}
    uintx ReservedCodeCacheSize                    = 251658240                              {pd product} {ergonomic}
     bool SegmentedCodeCache                       = true                                      {product} {ergonomic}
   size_t SoftMaxHeapSize                          = 2082471936                             {manageable} {ergonomic}
     bool UseCompressedClassPointers               = true                           {product lp64_product} {ergonomic}
     bool UseCompressedOops                        = true                           {product lp64_product} {ergonomic}
     bool UseG1GC                                  = true                                      {product} {ergonomic}
     bool UseLargePagesIndividualAllocation        = false                                  {pd product} {ergonomic}

Logging:
Log output configuration:
 #0: stdout all=warning uptime,level,tags
 #1: stderr all=off uptime,level,tags

Environment Variables:
JAVA_HOME=C:\Program Files\Java\jdk-17
PATH=C:\Program Files\Java\jdk-17/bin;C:\Program Files\Java\jdk-17/bin;C:\Program Files\Common Files\Oracle\Java\javapath;;C:\WINDOWS\system32;C:\WINDOWS;C:\WINDOWS\System32\Wbem;C:\WINDOWS\System32\WindowsPowerShell\v1.0\;C:\WINDOWS\System32\OpenSSH\;C:\Program Files (x86)\Microsoft SQL Server\110\Tools\Binn\;C:\Program Files\Microsoft SQL Server\110\Tools\Binn\;C:\Program Files\Microsoft SQL Server\110\DTS\Binn\;C:\Program Files\dotnet\;C:\Program Files\Microsoft SQL Server\Client SDK\ODBC\130\Tools\Binn\;C:\Program Files (x86)\Microsoft SQL Server\140\Tools\Binn\;C:\Program Files\Microsoft SQL Server\140\Tools\Binn\;C:\Program Files\Microsoft SQL Server\140\DTS\Binn\;C:\Program Files (x86)\Microsoft SQL Server\160\DTS\Binn\;C:\Program Files\Azure Data Studio\bin;C:\Program Files\Git\cmd;%COSMOSM%;C:\WINDOWS\system32\config\systemprofile\AppData\Local\Microsoft\WindowsApps
USERNAME=DESKTOP-EI4D21P$
OS=Windows_NT
PROCESSOR_IDENTIFIER=Intel64 Family 6 Model 142 Stepping 12, GenuineIntel



---------------  S Y S T E M  ---------------

OS:
 Windows 11 , 64 bit Build 22621 (10.0.22621.4391)
OS uptime: 6 days 6:06 hours

CPU: total 8 (initial active 8) (4 cores per cpu, 2 threads per core) family 6 model 142 stepping 12 microcode 0xde, cx8, cmov, fxsr, ht, mmx, 3dnowpref, sse, sse2, sse3, ssse3, sse4.1, sse4.2, popcnt, lzcnt, tsc, tscinvbit, avx, avx2, aes, erms, clmul, bmi1, bmi2, adx, fma, vzeroupper, clflush, clflushopt

Memory: 4k page, system-wide physical 7942M (847M free)
TotalPageFile size 32518M (AvailPageFile size 6M)
current process WorkingSet (physical memory assigned to process): 59M, peak: 59M
current process commit charge ("private bytes"): 97M, peak: 100M

vm_info: Java HotSpot(TM) 64-Bit Server VM (17.0.8+9-LTS-211) for windows-amd64 JRE (17.0.8+9-LTS-211), built on Jun 14 2023 10:34:31 by "mach5one" with MS VC++ 17.1 (VS2022)

END.
