#
# There is insufficient memory for the Java Runtime Environment to continue.
# Native memory allocation (malloc) failed to allocate 32744 bytes for ChunkPool::allocate
# Possible reasons:
#   The system is out of physical RAM or swap space
#   The process is running with CompressedOops enabled, and the Java Heap may be blocking the growth of the native heap
# Possible solutions:
#   Reduce memory load on the system
#   Increase physical memory or swap space
#   Check if swap backing store is full
#   Decrease Java heap size (-Xmx/-Xms)
#   Decrease number of Java threads
#   Decrease Java thread stack sizes (-Xss)
#   Set larger code cache with -XX:ReservedCodeCacheSize=
#   JVM is running with Unscaled Compressed Oops mode in which the Java heap is
#     placed in the first 4GB address space. The Java Heap base address is the
#     maximum limit for the native heap growth. Please use -XX:HeapBaseMinAddress
#     to set the Java Heap base and to place the Java Heap above 4GB virtual address.
# This output file may be truncated or incomplete.
#
#  Out of Memory Error (arena.cpp:78), pid=1480, tid=11460
#
# JRE version: Java(TM) SE Runtime Environment (17.0.8+9) (build 17.0.8+9-LTS-211)
# Java VM: Java HotSpot(TM) 64-Bit Server VM (17.0.8+9-LTS-211, mixed mode, tiered, compressed oops, compressed class ptrs, g1 gc, windows-amd64)
# No core dump will be written. Minidumps are not enabled by default on client versions of Windows
#

---------------  S U M M A R Y ------------

Command Line: --add-modules=ALL-DEFAULT jdk.compiler/com.sun.tools.javac.launcher.Main IFBLOCKS1.java

Host: Intel(R) Core(TM) i5-10210U CPU @ 1.60GHz, 8 cores, 7G,  Windows 11 , 64 bit Build 22621 (10.0.22621.3527)
Time: Fri May 31 20:22:39 2024 India Standard Time elapsed time: 0.352198 seconds (0d 0h 0m 0s)

---------------  T H R E A D  ---------------

Current thread (0x000002388416a2f0):  JavaThread "C1 CompilerThread0" daemon [_thread_in_native, id=11460, stack(0x00000096e9a00000,0x00000096e9b00000)]


Current CompileTask:
C1:    352  403       3       jdk.internal.org.objectweb.asm.Frame::execute (2305 bytes)

Stack: [0x00000096e9a00000,0x00000096e9b00000]
Native frames: (J=compiled Java code, j=interpreted, Vv=VM code, C=native code)
V  [jvm.dll+0x677d0a]
V  [jvm.dll+0x7d8c54]
V  [jvm.dll+0x7da3fe]
V  [jvm.dll+0x7daa63]
V  [jvm.dll+0x245c5f]
V  [jvm.dll+0xaacc0]
V  [jvm.dll+0xab00c]
V  [jvm.dll+0x175704]
V  [jvm.dll+0x1759dd]
V  [jvm.dll+0x175a5e]
V  [jvm.dll+0x178272]
V  [jvm.dll+0x179dd1]
V  [jvm.dll+0x134d83]
V  [jvm.dll+0x13468f]
V  [jvm.dll+0x1348c8]
V  [jvm.dll+0x133d61]
V  [jvm.dll+0x135a0d]
V  [jvm.dll+0x2270be]
V  [jvm.dll+0x22535b]
V  [jvm.dll+0x78e7bc]
V  [jvm.dll+0x788bba]
V  [jvm.dll+0x676b35]
C  [ucrtbase.dll+0x29333]
C  [KERNEL32.DLL+0x1257d]
C  [ntdll.dll+0x5aa48]


---------------  P R O C E S S  ---------------

Threads class SMR info:
_java_thread_list=0x000002388436bf50, length=12, elements={
0x00000238c6809630, 0x00000238e485d260, 0x00000238e480e8e0, 0x000002388416eb20,
0x0000023884162860, 0x0000023884165220, 0x0000023884167be0, 0x0000023884168ed0,
0x000002388416a2f0, 0x0000023884175750, 0x00000238842a39a0, 0x00000238843ea0f0
}

Java Threads: ( => current thread )
  0x00000238c6809630 JavaThread "main" [_thread_in_vm, id=14244, stack(0x00000096e8c00000,0x00000096e8d00000)]
  0x00000238e485d260 JavaThread "Reference Handler" daemon [_thread_blocked, id=11660, stack(0x00000096e9300000,0x00000096e9400000)]
  0x00000238e480e8e0 JavaThread "Finalizer" daemon [_thread_blocked, id=7076, stack(0x00000096e9400000,0x00000096e9500000)]
  0x000002388416eb20 JavaThread "Signal Dispatcher" daemon [_thread_blocked, id=36304, stack(0x00000096e9500000,0x00000096e9600000)]
  0x0000023884162860 JavaThread "Attach Listener" daemon [_thread_blocked, id=30420, stack(0x00000096e9600000,0x00000096e9700000)]
  0x0000023884165220 JavaThread "Service Thread" daemon [_thread_blocked, id=19208, stack(0x00000096e9700000,0x00000096e9800000)]
  0x0000023884167be0 JavaThread "Monitor Deflation Thread" daemon [_thread_blocked, id=39612, stack(0x00000096e9800000,0x00000096e9900000)]
  0x0000023884168ed0 JavaThread "C2 CompilerThread0" daemon [_thread_in_native, id=39452, stack(0x00000096e9900000,0x00000096e9a00000)]
=>0x000002388416a2f0 JavaThread "C1 CompilerThread0" daemon [_thread_in_native, id=11460, stack(0x00000096e9a00000,0x00000096e9b00000)]
  0x0000023884175750 JavaThread "Sweeper thread" daemon [_thread_blocked, id=35280, stack(0x00000096e9b00000,0x00000096e9c00000)]
  0x00000238842a39a0 JavaThread "Common-Cleaner" daemon [_thread_blocked, id=37308, stack(0x00000096e9c00000,0x00000096e9d00000)]
  0x00000238843ea0f0 JavaThread "Notification Thread" daemon [_thread_blocked, id=39832, stack(0x00000096e9d00000,0x00000096e9e00000)]

Other Threads:
  0x00000238e47d4420 VMThread "VM Thread" [stack: 0x00000096e9200000,0x00000096e9300000] [id=21636]
  0x00000238c6881310 WatcherThread [stack: 0x00000096e9e00000,0x00000096e9f00000] [id=12420]
  0x00000238c68653a0 GCTaskThread "GC Thread#0" [stack: 0x00000096e8d00000,0x00000096e8e00000] [id=15448]
  0x00000238c6875b20 ConcurrentGCThread "G1 Main Marker" [stack: 0x00000096e8e00000,0x00000096e8f00000] [id=13068]
  0x00000238c6877ce0 ConcurrentGCThread "G1 Conc#0" [stack: 0x00000096e8f00000,0x00000096e9000000] [id=15844]
  0x00000238c68de430 ConcurrentGCThread "G1 Refine#0" [stack: 0x00000096e9000000,0x00000096e9100000] [id=32524]
  0x00000238e46860d0 ConcurrentGCThread "G1 Service" [stack: 0x00000096e9100000,0x00000096e9200000] [id=10416]

Threads with active compile tasks:
C2 CompilerThread0      391  418       4       java.lang.StringBuilder::append (8 bytes)
C1 CompilerThread0      391  403       3       jdk.internal.org.objectweb.asm.Frame::execute (2305 bytes)

VM state: not at safepoint (normal execution)

VM Mutex/Monitor currently owned by a thread:  ([mutex/lock_event])
[0x00000238c67f8820] Metaspace_lock - owner thread: 0x00000238c6809630

Heap address: 0x0000000083e00000, size: 1986 MB, Compressed Oops mode: 32-bit

CDS archive(s) not mapped
Compressed class space mapped at: 0x0000000100000000-0x0000000140000000, reserved size: 1073741824
Narrow klass base: 0x0000000000000000, Narrow klass shift: 3, Narrow klass range: 0x140000000

GC Precious Log:
 CPUs: 8 total, 8 available
 Memory: 7942M
 Large Page Support: Disabled
 NUMA Support: Disabled
 Compressed Oops: Enabled (32-bit)
 Heap Region Size: 1M
 Heap Min Capacity: 8M
 Heap Initial Capacity: 126M
 Heap Max Capacity: 1986M
 Pre-touch: Disabled
 Parallel Workers: 8
 Concurrent Workers: 2
 Concurrent Refinement Workers: 8
 Periodic GC: Disabled

Heap:
 garbage-first heap   total 129024K, used 3072K [0x0000000083e00000, 0x0000000100000000)
  region size 1024K, 4 young (4096K), 0 survivors (0K)
 Metaspace       used 9371K, committed 9472K, reserved 1114112K
  class space    used 960K, committed 1024K, reserved 1048576K

Heap Regions: E=young(eden), S=young(survivor), O=old, HS=humongous(starts), HC=humongous(continues), CS=collection set, F=free, OA=open archive, CA=closed archive, TAMS=top-at-mark-start (previous, next)
|   0|0x0000000083e00000, 0x0000000083e00000, 0x0000000083f00000|  0%| F|  |TAMS 0x0000000083e00000, 0x0000000083e00000| Untracked 
|   1|0x0000000083f00000, 0x0000000083f00000, 0x0000000084000000|  0%| F|  |TAMS 0x0000000083f00000, 0x0000000083f00000| Untracked 
|   2|0x0000000084000000, 0x0000000084000000, 0x0000000084100000|  0%| F|  |TAMS 0x0000000084000000, 0x0000000084000000| Untracked 
|   3|0x0000000084100000, 0x0000000084100000, 0x0000000084200000|  0%| F|  |TAMS 0x0000000084100000, 0x0000000084100000| Untracked 
|   4|0x0000000084200000, 0x0000000084200000, 0x0000000084300000|  0%| F|  |TAMS 0x0000000084200000, 0x0000000084200000| Untracked 
|   5|0x0000000084300000, 0x0000000084300000, 0x0000000084400000|  0%| F|  |TAMS 0x0000000084300000, 0x0000000084300000| Untracked 
|   6|0x0000000084400000, 0x0000000084400000, 0x0000000084500000|  0%| F|  |TAMS 0x0000000084400000, 0x0000000084400000| Untracked 
|   7|0x0000000084500000, 0x0000000084500000, 0x0000000084600000|  0%| F|  |TAMS 0x0000000084500000, 0x0000000084500000| Untracked 
|   8|0x0000000084600000, 0x0000000084600000, 0x0000000084700000|  0%| F|  |TAMS 0x0000000084600000, 0x0000000084600000| Untracked 
|   9|0x0000000084700000, 0x0000000084700000, 0x0000000084800000|  0%| F|  |TAMS 0x0000000084700000, 0x0000000084700000| Untracked 
|  10|0x0000000084800000, 0x0000000084800000, 0x0000000084900000|  0%| F|  |TAMS 0x0000000084800000, 0x0000000084800000| Untracked 
|  11|0x0000000084900000, 0x0000000084900000, 0x0000000084a00000|  0%| F|  |TAMS 0x0000000084900000, 0x0000000084900000| Untracked 
|  12|0x0000000084a00000, 0x0000000084a00000, 0x0000000084b00000|  0%| F|  |TAMS 0x0000000084a00000, 0x0000000084a00000| Untracked 
|  13|0x0000000084b00000, 0x0000000084b00000, 0x0000000084c00000|  0%| F|  |TAMS 0x0000000084b00000, 0x0000000084b00000| Untracked 
|  14|0x0000000084c00000, 0x0000000084c00000, 0x0000000084d00000|  0%| F|  |TAMS 0x0000000084c00000, 0x0000000084c00000| Untracked 
|  15|0x0000000084d00000, 0x0000000084d00000, 0x0000000084e00000|  0%| F|  |TAMS 0x0000000084d00000, 0x0000000084d00000| Untracked 
|  16|0x0000000084e00000, 0x0000000084e00000, 0x0000000084f00000|  0%| F|  |TAMS 0x0000000084e00000, 0x0000000084e00000| Untracked 
|  17|0x0000000084f00000, 0x0000000084f00000, 0x0000000085000000|  0%| F|  |TAMS 0x0000000084f00000, 0x0000000084f00000| Untracked 
|  18|0x0000000085000000, 0x0000000085000000, 0x0000000085100000|  0%| F|  |TAMS 0x0000000085000000, 0x0000000085000000| Untracked 
|  19|0x0000000085100000, 0x0000000085100000, 0x0000000085200000|  0%| F|  |TAMS 0x0000000085100000, 0x0000000085100000| Untracked 
|  20|0x0000000085200000, 0x0000000085200000, 0x0000000085300000|  0%| F|  |TAMS 0x0000000085200000, 0x0000000085200000| Untracked 
|  21|0x0000000085300000, 0x0000000085300000, 0x0000000085400000|  0%| F|  |TAMS 0x0000000085300000, 0x0000000085300000| Untracked 
|  22|0x0000000085400000, 0x0000000085400000, 0x0000000085500000|  0%| F|  |TAMS 0x0000000085400000, 0x0000000085400000| Untracked 
|  23|0x0000000085500000, 0x0000000085500000, 0x0000000085600000|  0%| F|  |TAMS 0x0000000085500000, 0x0000000085500000| Untracked 
|  24|0x0000000085600000, 0x0000000085600000, 0x0000000085700000|  0%| F|  |TAMS 0x0000000085600000, 0x0000000085600000| Untracked 
|  25|0x0000000085700000, 0x0000000085700000, 0x0000000085800000|  0%| F|  |TAMS 0x0000000085700000, 0x0000000085700000| Untracked 
|  26|0x0000000085800000, 0x0000000085800000, 0x0000000085900000|  0%| F|  |TAMS 0x0000000085800000, 0x0000000085800000| Untracked 
|  27|0x0000000085900000, 0x0000000085900000, 0x0000000085a00000|  0%| F|  |TAMS 0x0000000085900000, 0x0000000085900000| Untracked 
|  28|0x0000000085a00000, 0x0000000085a00000, 0x0000000085b00000|  0%| F|  |TAMS 0x0000000085a00000, 0x0000000085a00000| Untracked 
|  29|0x0000000085b00000, 0x0000000085b00000, 0x0000000085c00000|  0%| F|  |TAMS 0x0000000085b00000, 0x0000000085b00000| Untracked 
|  30|0x0000000085c00000, 0x0000000085c00000, 0x0000000085d00000|  0%| F|  |TAMS 0x0000000085c00000, 0x0000000085c00000| Untracked 
|  31|0x0000000085d00000, 0x0000000085d00000, 0x0000000085e00000|  0%| F|  |TAMS 0x0000000085d00000, 0x0000000085d00000| Untracked 
|  32|0x0000000085e00000, 0x0000000085e00000, 0x0000000085f00000|  0%| F|  |TAMS 0x0000000085e00000, 0x0000000085e00000| Untracked 
|  33|0x0000000085f00000, 0x0000000085f00000, 0x0000000086000000|  0%| F|  |TAMS 0x0000000085f00000, 0x0000000085f00000| Untracked 
|  34|0x0000000086000000, 0x0000000086000000, 0x0000000086100000|  0%| F|  |TAMS 0x0000000086000000, 0x0000000086000000| Untracked 
|  35|0x0000000086100000, 0x0000000086100000, 0x0000000086200000|  0%| F|  |TAMS 0x0000000086100000, 0x0000000086100000| Untracked 
|  36|0x0000000086200000, 0x0000000086200000, 0x0000000086300000|  0%| F|  |TAMS 0x0000000086200000, 0x0000000086200000| Untracked 
|  37|0x0000000086300000, 0x0000000086300000, 0x0000000086400000|  0%| F|  |TAMS 0x0000000086300000, 0x0000000086300000| Untracked 
|  38|0x0000000086400000, 0x0000000086400000, 0x0000000086500000|  0%| F|  |TAMS 0x0000000086400000, 0x0000000086400000| Untracked 
|  39|0x0000000086500000, 0x0000000086500000, 0x0000000086600000|  0%| F|  |TAMS 0x0000000086500000, 0x0000000086500000| Untracked 
|  40|0x0000000086600000, 0x0000000086600000, 0x0000000086700000|  0%| F|  |TAMS 0x0000000086600000, 0x0000000086600000| Untracked 
|  41|0x0000000086700000, 0x0000000086700000, 0x0000000086800000|  0%| F|  |TAMS 0x0000000086700000, 0x0000000086700000| Untracked 
|  42|0x0000000086800000, 0x0000000086800000, 0x0000000086900000|  0%| F|  |TAMS 0x0000000086800000, 0x0000000086800000| Untracked 
|  43|0x0000000086900000, 0x0000000086900000, 0x0000000086a00000|  0%| F|  |TAMS 0x0000000086900000, 0x0000000086900000| Untracked 
|  44|0x0000000086a00000, 0x0000000086a00000, 0x0000000086b00000|  0%| F|  |TAMS 0x0000000086a00000, 0x0000000086a00000| Untracked 
|  45|0x0000000086b00000, 0x0000000086b00000, 0x0000000086c00000|  0%| F|  |TAMS 0x0000000086b00000, 0x0000000086b00000| Untracked 
|  46|0x0000000086c00000, 0x0000000086c00000, 0x0000000086d00000|  0%| F|  |TAMS 0x0000000086c00000, 0x0000000086c00000| Untracked 
|  47|0x0000000086d00000, 0x0000000086d00000, 0x0000000086e00000|  0%| F|  |TAMS 0x0000000086d00000, 0x0000000086d00000| Untracked 
|  48|0x0000000086e00000, 0x0000000086e00000, 0x0000000086f00000|  0%| F|  |TAMS 0x0000000086e00000, 0x0000000086e00000| Untracked 
|  49|0x0000000086f00000, 0x0000000086f00000, 0x0000000087000000|  0%| F|  |TAMS 0x0000000086f00000, 0x0000000086f00000| Untracked 
|  50|0x0000000087000000, 0x0000000087000000, 0x0000000087100000|  0%| F|  |TAMS 0x0000000087000000, 0x0000000087000000| Untracked 
|  51|0x0000000087100000, 0x0000000087100000, 0x0000000087200000|  0%| F|  |TAMS 0x0000000087100000, 0x0000000087100000| Untracked 
|  52|0x0000000087200000, 0x0000000087200000, 0x0000000087300000|  0%| F|  |TAMS 0x0000000087200000, 0x0000000087200000| Untracked 
|  53|0x0000000087300000, 0x0000000087300000, 0x0000000087400000|  0%| F|  |TAMS 0x0000000087300000, 0x0000000087300000| Untracked 
|  54|0x0000000087400000, 0x0000000087400000, 0x0000000087500000|  0%| F|  |TAMS 0x0000000087400000, 0x0000000087400000| Untracked 
|  55|0x0000000087500000, 0x0000000087500000, 0x0000000087600000|  0%| F|  |TAMS 0x0000000087500000, 0x0000000087500000| Untracked 
|  56|0x0000000087600000, 0x0000000087600000, 0x0000000087700000|  0%| F|  |TAMS 0x0000000087600000, 0x0000000087600000| Untracked 
|  57|0x0000000087700000, 0x0000000087700000, 0x0000000087800000|  0%| F|  |TAMS 0x0000000087700000, 0x0000000087700000| Untracked 
|  58|0x0000000087800000, 0x0000000087800000, 0x0000000087900000|  0%| F|  |TAMS 0x0000000087800000, 0x0000000087800000| Untracked 
|  59|0x0000000087900000, 0x0000000087900000, 0x0000000087a00000|  0%| F|  |TAMS 0x0000000087900000, 0x0000000087900000| Untracked 
|  60|0x0000000087a00000, 0x0000000087a00000, 0x0000000087b00000|  0%| F|  |TAMS 0x0000000087a00000, 0x0000000087a00000| Untracked 
|  61|0x0000000087b00000, 0x0000000087b00000, 0x0000000087c00000|  0%| F|  |TAMS 0x0000000087b00000, 0x0000000087b00000| Untracked 
|  62|0x0000000087c00000, 0x0000000087c00000, 0x0000000087d00000|  0%| F|  |TAMS 0x0000000087c00000, 0x0000000087c00000| Untracked 
|  63|0x0000000087d00000, 0x0000000087d00000, 0x0000000087e00000|  0%| F|  |TAMS 0x0000000087d00000, 0x0000000087d00000| Untracked 
|  64|0x0000000087e00000, 0x0000000087e00000, 0x0000000087f00000|  0%| F|  |TAMS 0x0000000087e00000, 0x0000000087e00000| Untracked 
|  65|0x0000000087f00000, 0x0000000087f00000, 0x0000000088000000|  0%| F|  |TAMS 0x0000000087f00000, 0x0000000087f00000| Untracked 
|  66|0x0000000088000000, 0x0000000088000000, 0x0000000088100000|  0%| F|  |TAMS 0x0000000088000000, 0x0000000088000000| Untracked 
|  67|0x0000000088100000, 0x0000000088100000, 0x0000000088200000|  0%| F|  |TAMS 0x0000000088100000, 0x0000000088100000| Untracked 
|  68|0x0000000088200000, 0x0000000088200000, 0x0000000088300000|  0%| F|  |TAMS 0x0000000088200000, 0x0000000088200000| Untracked 
|  69|0x0000000088300000, 0x0000000088300000, 0x0000000088400000|  0%| F|  |TAMS 0x0000000088300000, 0x0000000088300000| Untracked 
|  70|0x0000000088400000, 0x0000000088400000, 0x0000000088500000|  0%| F|  |TAMS 0x0000000088400000, 0x0000000088400000| Untracked 
|  71|0x0000000088500000, 0x0000000088500000, 0x0000000088600000|  0%| F|  |TAMS 0x0000000088500000, 0x0000000088500000| Untracked 
|  72|0x0000000088600000, 0x0000000088600000, 0x0000000088700000|  0%| F|  |TAMS 0x0000000088600000, 0x0000000088600000| Untracked 
|  73|0x0000000088700000, 0x0000000088700000, 0x0000000088800000|  0%| F|  |TAMS 0x0000000088700000, 0x0000000088700000| Untracked 
|  74|0x0000000088800000, 0x0000000088800000, 0x0000000088900000|  0%| F|  |TAMS 0x0000000088800000, 0x0000000088800000| Untracked 
|  75|0x0000000088900000, 0x0000000088900000, 0x0000000088a00000|  0%| F|  |TAMS 0x0000000088900000, 0x0000000088900000| Untracked 
|  76|0x0000000088a00000, 0x0000000088a00000, 0x0000000088b00000|  0%| F|  |TAMS 0x0000000088a00000, 0x0000000088a00000| Untracked 
|  77|0x0000000088b00000, 0x0000000088b00000, 0x0000000088c00000|  0%| F|  |TAMS 0x0000000088b00000, 0x0000000088b00000| Untracked 
|  78|0x0000000088c00000, 0x0000000088c00000, 0x0000000088d00000|  0%| F|  |TAMS 0x0000000088c00000, 0x0000000088c00000| Untracked 
|  79|0x0000000088d00000, 0x0000000088d00000, 0x0000000088e00000|  0%| F|  |TAMS 0x0000000088d00000, 0x0000000088d00000| Untracked 
|  80|0x0000000088e00000, 0x0000000088e00000, 0x0000000088f00000|  0%| F|  |TAMS 0x0000000088e00000, 0x0000000088e00000| Untracked 
|  81|0x0000000088f00000, 0x0000000088f00000, 0x0000000089000000|  0%| F|  |TAMS 0x0000000088f00000, 0x0000000088f00000| Untracked 
|  82|0x0000000089000000, 0x0000000089000000, 0x0000000089100000|  0%| F|  |TAMS 0x0000000089000000, 0x0000000089000000| Untracked 
|  83|0x0000000089100000, 0x0000000089100000, 0x0000000089200000|  0%| F|  |TAMS 0x0000000089100000, 0x0000000089100000| Untracked 
|  84|0x0000000089200000, 0x0000000089200000, 0x0000000089300000|  0%| F|  |TAMS 0x0000000089200000, 0x0000000089200000| Untracked 
|  85|0x0000000089300000, 0x0000000089300000, 0x0000000089400000|  0%| F|  |TAMS 0x0000000089300000, 0x0000000089300000| Untracked 
|  86|0x0000000089400000, 0x0000000089400000, 0x0000000089500000|  0%| F|  |TAMS 0x0000000089400000, 0x0000000089400000| Untracked 
|  87|0x0000000089500000, 0x0000000089500000, 0x0000000089600000|  0%| F|  |TAMS 0x0000000089500000, 0x0000000089500000| Untracked 
|  88|0x0000000089600000, 0x0000000089600000, 0x0000000089700000|  0%| F|  |TAMS 0x0000000089600000, 0x0000000089600000| Untracked 
|  89|0x0000000089700000, 0x0000000089700000, 0x0000000089800000|  0%| F|  |TAMS 0x0000000089700000, 0x0000000089700000| Untracked 
|  90|0x0000000089800000, 0x0000000089800000, 0x0000000089900000|  0%| F|  |TAMS 0x0000000089800000, 0x0000000089800000| Untracked 
|  91|0x0000000089900000, 0x0000000089900000, 0x0000000089a00000|  0%| F|  |TAMS 0x0000000089900000, 0x0000000089900000| Untracked 
|  92|0x0000000089a00000, 0x0000000089a00000, 0x0000000089b00000|  0%| F|  |TAMS 0x0000000089a00000, 0x0000000089a00000| Untracked 
|  93|0x0000000089b00000, 0x0000000089b00000, 0x0000000089c00000|  0%| F|  |TAMS 0x0000000089b00000, 0x0000000089b00000| Untracked 
|  94|0x0000000089c00000, 0x0000000089c00000, 0x0000000089d00000|  0%| F|  |TAMS 0x0000000089c00000, 0x0000000089c00000| Untracked 
|  95|0x0000000089d00000, 0x0000000089d00000, 0x0000000089e00000|  0%| F|  |TAMS 0x0000000089d00000, 0x0000000089d00000| Untracked 
|  96|0x0000000089e00000, 0x0000000089e00000, 0x0000000089f00000|  0%| F|  |TAMS 0x0000000089e00000, 0x0000000089e00000| Untracked 
|  97|0x0000000089f00000, 0x0000000089f00000, 0x000000008a000000|  0%| F|  |TAMS 0x0000000089f00000, 0x0000000089f00000| Untracked 
|  98|0x000000008a000000, 0x000000008a000000, 0x000000008a100000|  0%| F|  |TAMS 0x000000008a000000, 0x000000008a000000| Untracked 
|  99|0x000000008a100000, 0x000000008a100000, 0x000000008a200000|  0%| F|  |TAMS 0x000000008a100000, 0x000000008a100000| Untracked 
| 100|0x000000008a200000, 0x000000008a200000, 0x000000008a300000|  0%| F|  |TAMS 0x000000008a200000, 0x000000008a200000| Untracked 
| 101|0x000000008a300000, 0x000000008a300000, 0x000000008a400000|  0%| F|  |TAMS 0x000000008a300000, 0x000000008a300000| Untracked 
| 102|0x000000008a400000, 0x000000008a400000, 0x000000008a500000|  0%| F|  |TAMS 0x000000008a400000, 0x000000008a400000| Untracked 
| 103|0x000000008a500000, 0x000000008a500000, 0x000000008a600000|  0%| F|  |TAMS 0x000000008a500000, 0x000000008a500000| Untracked 
| 104|0x000000008a600000, 0x000000008a600000, 0x000000008a700000|  0%| F|  |TAMS 0x000000008a600000, 0x000000008a600000| Untracked 
| 105|0x000000008a700000, 0x000000008a700000, 0x000000008a800000|  0%| F|  |TAMS 0x000000008a700000, 0x000000008a700000| Untracked 
| 106|0x000000008a800000, 0x000000008a800000, 0x000000008a900000|  0%| F|  |TAMS 0x000000008a800000, 0x000000008a800000| Untracked 
| 107|0x000000008a900000, 0x000000008a900000, 0x000000008aa00000|  0%| F|  |TAMS 0x000000008a900000, 0x000000008a900000| Untracked 
| 108|0x000000008aa00000, 0x000000008aa00000, 0x000000008ab00000|  0%| F|  |TAMS 0x000000008aa00000, 0x000000008aa00000| Untracked 
| 109|0x000000008ab00000, 0x000000008ab00000, 0x000000008ac00000|  0%| F|  |TAMS 0x000000008ab00000, 0x000000008ab00000| Untracked 
| 110|0x000000008ac00000, 0x000000008ac00000, 0x000000008ad00000|  0%| F|  |TAMS 0x000000008ac00000, 0x000000008ac00000| Untracked 
| 111|0x000000008ad00000, 0x000000008ad00000, 0x000000008ae00000|  0%| F|  |TAMS 0x000000008ad00000, 0x000000008ad00000| Untracked 
| 112|0x000000008ae00000, 0x000000008ae00000, 0x000000008af00000|  0%| F|  |TAMS 0x000000008ae00000, 0x000000008ae00000| Untracked 
| 113|0x000000008af00000, 0x000000008af00000, 0x000000008b000000|  0%| F|  |TAMS 0x000000008af00000, 0x000000008af00000| Untracked 
| 114|0x000000008b000000, 0x000000008b000000, 0x000000008b100000|  0%| F|  |TAMS 0x000000008b000000, 0x000000008b000000| Untracked 
| 115|0x000000008b100000, 0x000000008b100000, 0x000000008b200000|  0%| F|  |TAMS 0x000000008b100000, 0x000000008b100000| Untracked 
| 116|0x000000008b200000, 0x000000008b200000, 0x000000008b300000|  0%| F|  |TAMS 0x000000008b200000, 0x000000008b200000| Untracked 
| 117|0x000000008b300000, 0x000000008b300000, 0x000000008b400000|  0%| F|  |TAMS 0x000000008b300000, 0x000000008b300000| Untracked 
| 118|0x000000008b400000, 0x000000008b400000, 0x000000008b500000|  0%| F|  |TAMS 0x000000008b400000, 0x000000008b400000| Untracked 
| 119|0x000000008b500000, 0x000000008b500000, 0x000000008b600000|  0%| F|  |TAMS 0x000000008b500000, 0x000000008b500000| Untracked 
| 120|0x000000008b600000, 0x000000008b600000, 0x000000008b700000|  0%| F|  |TAMS 0x000000008b600000, 0x000000008b600000| Untracked 
| 121|0x000000008b700000, 0x000000008b700000, 0x000000008b800000|  0%| F|  |TAMS 0x000000008b700000, 0x000000008b700000| Untracked 
| 122|0x000000008b800000, 0x000000008b900000, 0x000000008b900000|100%| E|  |TAMS 0x000000008b800000, 0x000000008b800000| Complete 
| 123|0x000000008b900000, 0x000000008ba00000, 0x000000008ba00000|100%| E|CS|TAMS 0x000000008b900000, 0x000000008b900000| Complete 
| 124|0x000000008ba00000, 0x000000008bb00000, 0x000000008bb00000|100%| E|CS|TAMS 0x000000008ba00000, 0x000000008ba00000| Complete 
| 125|0x000000008bb00000, 0x000000008bc00000, 0x000000008bc00000|100%| E|CS|TAMS 0x000000008bb00000, 0x000000008bb00000| Complete 

Card table byte_map: [0x00000238dd7d0000,0x00000238ddbc0000] _byte_map_base: 0x00000238dd3b1000

Marking Bits (Prev, Next): (CMBitMap*) 0x00000238c68659b0, (CMBitMap*) 0x00000238c68659f0
 Prev Bits: [0x00000238ddfb0000, 0x00000238dfeb8000)
 Next Bits: [0x00000238dfec0000, 0x00000238e1dc8000)

Polling page: 0x00000238c5930000

Metaspace:

Usage:
  Non-class:      8.21 MB used.
      Class:    960.97 KB used.
       Both:      9.15 MB used.

Virtual space:
  Non-class space:       64.00 MB reserved,       8.25 MB ( 13%) committed,  1 nodes.
      Class space:        1.00 GB reserved,       1.00 MB ( <1%) committed,  1 nodes.
             Both:        1.06 GB reserved,       9.25 MB ( <1%) committed. 

Chunk freelists:
   Non-Class:  7.36 MB
       Class:  14.89 MB
        Both:  22.25 MB

MaxMetaspaceSize: unlimited
CompressedClassSpaceSize: 1.00 GB
Initial GC threshold: 21.00 MB
Current GC threshold: 21.00 MB
CDS: off
MetaspaceReclaimPolicy: balanced
 - commit_granule_bytes: 65536.
 - commit_granule_words: 8192.
 - virtual_space_node_default_size: 8388608.
 - enlarge_chunks_in_place: 1.
 - new_chunks_are_fully_committed: 0.
 - uncommit_free_chunks: 1.
 - use_allocation_guard: 0.
 - handle_deallocations: 1.


Internal statistics:

num_allocs_failed_limit: 0.
num_arena_births: 36.
num_arena_deaths: 0.
num_vsnodes_births: 2.
num_vsnodes_deaths: 0.
num_space_committed: 148.
num_space_uncommitted: 0.
num_chunks_returned_to_freelist: 0.
num_chunks_taken_from_freelist: 154.
num_chunk_merges: 0.
num_chunk_splits: 102.
num_chunks_enlarged: 74.
num_purges: 0.
num_inconsistent_stats: 0.

CodeHeap 'non-profiled nmethods': size=120000Kb used=139Kb max_used=139Kb free=119860Kb
 bounds [0x00000238d5b80000, 0x00000238d5df0000, 0x00000238dd0b0000]
CodeHeap 'profiled nmethods': size=120000Kb used=466Kb max_used=466Kb free=119533Kb
 bounds [0x00000238ce0b0000, 0x00000238ce320000, 0x00000238d55e0000]
CodeHeap 'non-nmethods': size=5760Kb used=1117Kb max_used=1133Kb free=4642Kb
 bounds [0x00000238d55e0000, 0x00000238d5850000, 0x00000238d5b80000]
 total_blobs=807 nmethods=409 adapters=311
 compilation: enabled
              stopped_count=0, restarted_count=0
 full_count=0

Compilation events (20 events):
Event: 0.340 Thread 0x000002388416a2f0  385       3       sun.invoke.util.Wrapper::findPrimitiveType (25 bytes)
Event: 0.341 Thread 0x000002388416a2f0 nmethod 385 0x00000238ce11eb10 code [0x00000238ce11ed80, 0x00000238ce11f8a8]
Event: 0.341 Thread 0x000002388416a2f0  382   !   3       java.lang.invoke.MemberName::clone (14 bytes)
Event: 0.342 Thread 0x000002388416a2f0 nmethod 382 0x00000238ce11fd10 code [0x00000238ce11fee0, 0x00000238ce120258]
Event: 0.342 Thread 0x000002388416a2f0  392       3       java.lang.invoke.MemberName::flagsMods (73 bytes)
Event: 0.342 Thread 0x000002388416a2f0 nmethod 392 0x00000238ce120410 code [0x00000238ce1205a0, 0x00000238ce1206d8]
Event: 0.342 Thread 0x000002388416a2f0  393       3       java.lang.invoke.LambdaForm::forceInterpretation (14 bytes)
Event: 0.342 Thread 0x000002388416a2f0 nmethod 393 0x00000238ce120790 code [0x00000238ce120920, 0x00000238ce120a98]
Event: 0.342 Thread 0x000002388416a2f0  397       3       jdk.internal.org.objectweb.asm.Type::getArgumentsAndReturnSizes (140 bytes)
Event: 0.343 Thread 0x0000023884168ed0 nmethod 376 0x00000238d5b9ef10 code [0x00000238d5b9f0c0, 0x00000238d5b9f458]
Event: 0.343 Thread 0x0000023884168ed0  394       4       java.lang.StringLatin1::charAt (28 bytes)
Event: 0.343 Thread 0x0000023884168ed0 nmethod 394 0x00000238d5b9fa90 code [0x00000238d5b9fc00, 0x00000238d5b9fc98]
Event: 0.343 Thread 0x0000023884168ed0  402       4       jdk.internal.org.objectweb.asm.SymbolTable::get (13 bytes)
Event: 0.344 Thread 0x000002388416a2f0 nmethod 397 0x00000238ce120b10 code [0x00000238ce120f00, 0x00000238ce122d18]
Event: 0.344 Thread 0x000002388416a2f0  398       3       java.util.Arrays::copyOf (40 bytes)
Event: 0.344 Thread 0x0000023884168ed0 nmethod 402 0x00000238d5ba0690 code [0x00000238d5ba0800, 0x00000238d5ba08d8]
Event: 0.344 Thread 0x000002388416a2f0 nmethod 398 0x00000238ce123810 code [0x00000238ce123a00, 0x00000238ce1240a8]
Event: 0.344 Thread 0x000002388416a2f0  396       3       jdk.internal.org.objectweb.asm.Frame::push (109 bytes)
Event: 0.345 Thread 0x000002388416a2f0 nmethod 396 0x00000238ce124290 code [0x00000238ce124460, 0x00000238ce1249c8]
Event: 0.345 Thread 0x000002388416a2f0  403       3       jdk.internal.org.objectweb.asm.Frame::execute (2305 bytes)

GC Heap History (0 events):
No events

Deoptimization events (0 events):
No events

Classes unloaded (0 events):
No events

Classes redefined (0 events):
No events

Internal exceptions (4 events):
Event: 0.304 Thread 0x00000238c6809630 Exception <a 'java/lang/NoSuchMethodError'{0x000000008b96ae90}: 'void java.lang.invoke.DirectMethodHandle$Holder.invokeSpecial(java.lang.Object, java.lang.Object, java.lang.Object)'> (0x000000008b96ae90) 
thrown [s\open\src\hotspot\share\interpreter\linkResolver.cpp, line 759]
Event: 0.327 Thread 0x00000238c6809630 Exception <a 'java/lang/NoSuchMethodError'{0x000000008b9ad268}: 'void java.lang.invoke.DirectMethodHandle$Holder.invokeStatic(java.lang.Object, java.lang.Object)'> (0x000000008b9ad268) 
thrown [s\open\src\hotspot\share\interpreter\linkResolver.cpp, line 759]
Event: 0.330 Thread 0x00000238c6809630 Exception <a 'java/lang/NoSuchMethodError'{0x000000008b9bfd88}: 'int java.lang.invoke.DirectMethodHandle$Holder.invokeVirtual(java.lang.Object, java.lang.Object, java.lang.Object)'> (0x000000008b9bfd88) 
thrown [s\open\src\hotspot\share\interpreter\linkResolver.cpp, line 759]
Event: 0.331 Thread 0x00000238c6809630 Exception <a 'java/lang/NoSuchMethodError'{0x000000008b9c62a8}: 'void java.lang.invoke.DirectMethodHandle$Holder.invokeInterface(java.lang.Object, java.lang.Object, java.lang.Object)'> (0x000000008b9c62a8) 
thrown [s\open\src\hotspot\share\interpreter\linkResolver.cpp, line 759]

VM Operations (2 events):
Event: 0.146 Executing VM operation: HandshakeAllThreads
Event: 0.146 Executing VM operation: HandshakeAllThreads done

Events (20 events):
Event: 0.332 loading class java/util/stream/ForEachOps
Event: 0.332 loading class java/util/stream/ForEachOps done
Event: 0.332 loading class java/util/stream/ForEachOps$ForEachOp$OfRef
Event: 0.332 loading class java/util/stream/ForEachOps$ForEachOp
Event: 0.333 loading class java/util/stream/ForEachOps$ForEachOp done
Event: 0.333 loading class java/util/stream/ForEachOps$ForEachOp$OfRef done
Event: 0.334 loading class java/lang/Runtime$Version
Event: 0.334 loading class java/lang/Runtime$Version done
Event: 0.336 loading class java/lang/invoke/BoundMethodHandle$Species_LL
Event: 0.336 loading class java/lang/invoke/BoundMethodHandle$Species_LL done
Event: 0.337 loading class java/lang/invoke/BoundMethodHandle$Species_LLL
Event: 0.337 loading class java/lang/invoke/BoundMethodHandle$Species_LLL done
Event: 0.339 loading class java/lang/Long$LongCache
Event: 0.339 loading class java/lang/Long$LongCache done
Event: 0.339 loading class java/lang/invoke/MethodHandles$1
Event: 0.339 loading class java/lang/invoke/MethodHandles$1 done
Event: 0.340 loading class java/lang/invoke/BoundMethodHandle$Species_LJ
Event: 0.340 loading class java/lang/invoke/BoundMethodHandle$Species_LJ done
Event: 0.343 loading class java/lang/invoke/BoundMethodHandle$Species_LLLL
Event: 0.343 loading class java/lang/invoke/BoundMethodHandle$Species_LLLL done


Dynamic libraries:
0x00007ff6b8110000 - 0x00007ff6b8120000 	C:\Program Files\Java\jdk-17\bin\java.exe
0x00007ffbe6910000 - 0x00007ffbe6b27000 	C:\WINDOWS\SYSTEM32\ntdll.dll
0x00007ffbe5d80000 - 0x00007ffbe5e44000 	C:\WINDOWS\System32\KERNEL32.DLL
0x00007ffbe3e10000 - 0x00007ffbe41b7000 	C:\WINDOWS\System32\KERNELBASE.dll
0x00007ffbe44f0000 - 0x00007ffbe4601000 	C:\WINDOWS\System32\ucrtbase.dll
0x00007ffbadd20000 - 0x00007ffbadd39000 	C:\Program Files\Java\jdk-17\bin\jli.dll
0x00007ffbadd00000 - 0x00007ffbadd1b000 	C:\Program Files\Java\jdk-17\bin\VCRUNTIME140.dll
0x00007ffbe46f0000 - 0x00007ffbe47a2000 	C:\WINDOWS\System32\ADVAPI32.dll
0x00007ffbe4640000 - 0x00007ffbe46e7000 	C:\WINDOWS\System32\msvcrt.dll
0x00007ffbe4db0000 - 0x00007ffbe4e58000 	C:\WINDOWS\System32\sechost.dll
0x00007ffbe44c0000 - 0x00007ffbe44e8000 	C:\WINDOWS\System32\bcrypt.dll
0x00007ffbe4a00000 - 0x00007ffbe4b15000 	C:\WINDOWS\System32\RPCRT4.dll
0x00007ffbe4c00000 - 0x00007ffbe4dae000 	C:\WINDOWS\System32\USER32.dll
0x00007ffbe4610000 - 0x00007ffbe4636000 	C:\WINDOWS\System32\win32u.dll
0x00007ffbe5070000 - 0x00007ffbe5099000 	C:\WINDOWS\System32\GDI32.dll
0x00007ffbe3c30000 - 0x00007ffbe3d49000 	C:\WINDOWS\System32\gdi32full.dll
0x00007ffbe4230000 - 0x00007ffbe42ca000 	C:\WINDOWS\System32\msvcp_win.dll
0x00007ffbcc6b0000 - 0x00007ffbcc943000 	C:\WINDOWS\WinSxS\amd64_microsoft.windows.common-controls_6595b64144ccf1df_6.0.22621.3527_none_270e469b73872a76\COMCTL32.dll
0x00007ffbd10a0000 - 0x00007ffbd10aa000 	C:\WINDOWS\SYSTEM32\VERSION.dll
0x00007ffbadc60000 - 0x00007ffbadc6c000 	C:\Program Files\Java\jdk-17\bin\vcruntime140_1.dll
0x00007ffbadbd0000 - 0x00007ffbadc5e000 	C:\Program Files\Java\jdk-17\bin\msvcp140.dll
0x00007ffbacff0000 - 0x00007ffbadbce000 	C:\Program Files\Java\jdk-17\bin\server\jvm.dll
0x00007ffbe4f80000 - 0x00007ffbe4f88000 	C:\WINDOWS\System32\PSAPI.DLL
0x00007ffbde000000 - 0x00007ffbde034000 	C:\WINDOWS\SYSTEM32\WINMM.dll
0x00007ffbb5bd0000 - 0x00007ffbb5bd9000 	C:\WINDOWS\SYSTEM32\WSOCK32.dll
0x00007ffbe5d00000 - 0x00007ffbe5d71000 	C:\WINDOWS\System32\WS2_32.dll
0x00007ffbe2c50000 - 0x00007ffbe2c68000 	C:\WINDOWS\SYSTEM32\kernel.appcore.dll
0x00007ffbacf30000 - 0x00007ffbacf3a000 	C:\Program Files\Java\jdk-17\bin\jimage.dll
0x00007ffbde500000 - 0x00007ffbde732000 	C:\WINDOWS\SYSTEM32\DBGHELP.DLL
0x00007ffbe5110000 - 0x00007ffbe5498000 	C:\WINDOWS\System32\combase.dll
0x00007ffbe4b20000 - 0x00007ffbe4bf7000 	C:\WINDOWS\System32\OLEAUT32.dll
0x00007ffbacc00000 - 0x00007ffbacc32000 	C:\WINDOWS\SYSTEM32\dbgcore.DLL
0x00007ffbe4440000 - 0x00007ffbe44b9000 	C:\WINDOWS\System32\bcryptPrimitives.dll
0x00007ffbac680000 - 0x00007ffbac6a5000 	C:\Program Files\Java\jdk-17\bin\java.dll
0x00007ffbab8e0000 - 0x00007ffbab9b7000 	C:\Program Files\Java\jdk-17\bin\jsvml.dll
0x00007ffbe54a0000 - 0x00007ffbe5cfc000 	C:\WINDOWS\System32\SHELL32.dll
0x00007ffbe1b70000 - 0x00007ffbe2466000 	C:\WINDOWS\SYSTEM32\windows.storage.dll
0x00007ffbe1a30000 - 0x00007ffbe1b6e000 	C:\WINDOWS\SYSTEM32\wintypes.dll
0x00007ffbe4e80000 - 0x00007ffbe4f75000 	C:\WINDOWS\System32\SHCORE.dll
0x00007ffbe6870000 - 0x00007ffbe68ce000 	C:\WINDOWS\System32\shlwapi.dll
0x00007ffbe3b60000 - 0x00007ffbe3b81000 	C:\WINDOWS\SYSTEM32\profapi.dll
0x00007ffbab370000 - 0x00007ffbab389000 	C:\Program Files\Java\jdk-17\bin\net.dll
0x00007ffbddbe0000 - 0x00007ffbddd16000 	C:\WINDOWS\SYSTEM32\WINHTTP.dll
0x00007ffbe30c0000 - 0x00007ffbe3129000 	C:\WINDOWS\system32\mswsock.dll
0x00007ffbab350000 - 0x00007ffbab366000 	C:\Program Files\Java\jdk-17\bin\nio.dll

dbghelp: loaded successfully - version: 4.0.5 - missing functions: none
symbol engine: initialized successfully - sym options: 0x614 - pdb path: .;C:\Program Files\Java\jdk-17\bin;C:\WINDOWS\SYSTEM32;C:\WINDOWS\WinSxS\amd64_microsoft.windows.common-controls_6595b64144ccf1df_6.0.22621.3527_none_270e469b73872a76;C:\Program Files\Java\jdk-17\bin\server

VM Arguments:
jvm_args: --add-modules=ALL-DEFAULT 
java_command: jdk.compiler/com.sun.tools.javac.launcher.Main IFBLOCKS1.java
java_class_path (initial): .
Launcher Type: SUN_STANDARD

[Global flags]
     intx CICompilerCount                          = 4                                         {product} {ergonomic}
     uint ConcGCThreads                            = 2                                         {product} {ergonomic}
     uint G1ConcRefinementThreads                  = 8                                         {product} {ergonomic}
   size_t G1HeapRegionSize                         = 1048576                                   {product} {ergonomic}
    uintx GCDrainStackTargetSize                   = 64                                        {product} {ergonomic}
   size_t InitialHeapSize                          = 132120576                                 {product} {ergonomic}
   size_t MarkStackSize                            = 4194304                                   {product} {ergonomic}
   size_t MaxHeapSize                              = 2082471936                                {product} {ergonomic}
   size_t MaxNewSize                               = 1248854016                                {product} {ergonomic}
   size_t MinHeapDeltaBytes                        = 1048576                                   {product} {ergonomic}
   size_t MinHeapSize                              = 8388608                                   {product} {ergonomic}
    uintx NonNMethodCodeHeapSize                   = 5839372                                {pd product} {ergonomic}
    uintx NonProfiledCodeHeapSize                  = 122909434                              {pd product} {ergonomic}
    uintx ProfiledCodeHeapSize                     = 122909434                              {pd product} {ergonomic}
    uintx ReservedCodeCacheSize                    = 251658240                              {pd product} {ergonomic}
     bool SegmentedCodeCache                       = true                                      {product} {ergonomic}
   size_t SoftMaxHeapSize                          = 2082471936                             {manageable} {ergonomic}
     bool UseCompressedClassPointers               = true                           {product lp64_product} {ergonomic}
     bool UseCompressedOops                        = true                           {product lp64_product} {ergonomic}
     bool UseG1GC                                  = true                                      {product} {ergonomic}
     bool UseLargePagesIndividualAllocation        = false                                  {pd product} {ergonomic}

Logging:
Log output configuration:
 #0: stdout all=warning uptime,level,tags
 #1: stderr all=off uptime,level,tags

Environment Variables:
PATH=C:\Program Files\Common Files\Oracle\Java\javapath;;C:\WINDOWS\system32;C:\WINDOWS;C:\WINDOWS\System32\Wbem;C:\WINDOWS\System32\WindowsPowerShell\v1.0\;C:\WINDOWS\System32\OpenSSH\;C:\Program Files (x86)\Microsoft SQL Server\110\Tools\Binn\;C:\Program Files\Microsoft SQL Server\110\Tools\Binn\;C:\Program Files\Microsoft SQL Server\110\DTS\Binn\;C:\Program Files\dotnet\;C:\Program Files\Microsoft SQL Server\Client SDK\ODBC\130\Tools\Binn\;C:\Program Files (x86)\Microsoft SQL Server\140\Tools\Binn\;C:\Program Files\Microsoft SQL Server\140\Tools\Binn\;C:\Program Files\Microsoft SQL Server\140\DTS\Binn\;C:\Program Files (x86)\Microsoft SQL Server\160\DTS\Binn\;C:\Program Files\Azure Data Studio\bin;C:\Program Files\Git\cmd;%COSMOSM%;C:\WINDOWS\system32\config\systemprofile\AppData\Local\Microsoft\WindowsApps
USERNAME=DESKTOP-EI4D21P$
OS=Windows_NT
PROCESSOR_IDENTIFIER=Intel64 Family 6 Model 142 Stepping 12, GenuineIntel



---------------  S Y S T E M  ---------------

OS:
 Windows 11 , 64 bit Build 22621 (10.0.22621.3527)
OS uptime: 5 days 1:25 hours

CPU: total 8 (initial active 8) (4 cores per cpu, 2 threads per core) family 6 model 142 stepping 12 microcode 0xde, cx8, cmov, fxsr, ht, mmx, 3dnowpref, sse, sse2, sse3, ssse3, sse4.1, sse4.2, popcnt, lzcnt, tsc, tscinvbit, avx, avx2, aes, erms, clmul, bmi1, bmi2, adx, fma, vzeroupper, clflush, clflushopt

Memory: 4k page, system-wide physical 7942M (241M free)
TotalPageFile size 32518M (AvailPageFile size 0M)
current process WorkingSet (physical memory assigned to process): 42M, peak: 42M
current process commit charge ("private bytes"): 209M, peak: 210M

vm_info: Java HotSpot(TM) 64-Bit Server VM (17.0.8+9-LTS-211) for windows-amd64 JRE (17.0.8+9-LTS-211), built on Jun 14 2023 10:34:31 by "mach5one" with MS VC++ 17.1 (VS2022)

END.
