#
# There is insufficient memory for the Java Runtime Environment to continue.
# Native memory allocation (mmap) failed to map 2097152 bytes for G1 virtual space
# Possible reasons:
#   The system is out of physical RAM or swap space
#   The process is running with CompressedOops enabled, and the Java Heap may be blocking the growth of the native heap
# Possible solutions:
#   Reduce memory load on the system
#   Increase physical memory or swap space
#   Check if swap backing store is full
#   Decrease Java heap size (-Xmx/-Xms)
#   Decrease number of Java threads
#   Decrease Java thread stack sizes (-Xss)
#   Set larger code cache with -XX:ReservedCodeCacheSize=
#   JVM is running with Unscaled Compressed Oops mode in which the Java heap is
#     placed in the first 4GB address space. The Java Heap base address is the
#     maximum limit for the native heap growth. Please use -XX:HeapBaseMinAddress
#     to set the Java Heap base and to place the Java Heap above 4GB virtual address.
# This output file may be truncated or incomplete.
#
#  Out of Memory Error (os_windows.cpp:3550), pid=30900, tid=18444
#
# JRE version: Java(TM) SE Runtime Environment (17.0.8+9) (build 17.0.8+9-LTS-211)
# Java VM: Java HotSpot(TM) 64-Bit Server VM (17.0.8+9-LTS-211, mixed mode, sharing, tiered, compressed oops, compressed class ptrs, g1 gc, windows-amd64)
# No core dump will be written. Minidumps are not enabled by default on client versions of Windows
#

---------------  S U M M A R Y ------------

Command Line: -Dapplication.home=C:\Program Files\Java\jdk-17 --add-modules=ALL-DEFAULT -Xms8m -Djdk.module.main=jdk.compiler jdk.compiler/com.sun.tools.javac.Main IFBLOCKS1.java

Host: Intel(R) Core(TM) i5-10210U CPU @ 1.60GHz, 8 cores, 7G,  Windows 11 , 64 bit Build 22621 (10.0.22621.3672)
Time: Tue Jul 16 18:38:08 2024 India Standard Time elapsed time: 1.497511 seconds (0d 0h 0m 1s)

---------------  T H R E A D  ---------------

Current thread (0x000001d4b1c4ef50):  VMThread "VM Thread" [stack: 0x0000005855900000,0x0000005855a00000] [id=18444]

Stack: [0x0000005855900000,0x0000005855a00000]
Native frames: (J=compiled Java code, j=interpreted, Vv=VM code, C=native code)
V  [jvm.dll+0x677d0a]
V  [jvm.dll+0x7d8c54]
V  [jvm.dll+0x7da3fe]
V  [jvm.dll+0x7daa63]
V  [jvm.dll+0x245c5f]
V  [jvm.dll+0x674bb9]
V  [jvm.dll+0x6694f2]
V  [jvm.dll+0x3031d6]
V  [jvm.dll+0x30a756]
V  [jvm.dll+0x359f9e]
V  [jvm.dll+0x35a1cf]
V  [jvm.dll+0x2da3e8]
V  [jvm.dll+0x2d87f5]
V  [jvm.dll+0x2d7dfc]
V  [jvm.dll+0x31b4cb]
V  [jvm.dll+0x7df26b]
V  [jvm.dll+0x7dffa4]
V  [jvm.dll+0x7e04bd]
V  [jvm.dll+0x7e0894]
V  [jvm.dll+0x7e0960]
V  [jvm.dll+0x788bba]
V  [jvm.dll+0x676b35]
C  [ucrtbase.dll+0x29333]
C  [KERNEL32.DLL+0x1257d]
C  [ntdll.dll+0x5af28]

VM_Operation (0x00000058553fe5d0): G1CollectForAllocation, mode: safepoint, requested by thread 0x000001d4b1b8bd10


---------------  P R O C E S S  ---------------

Threads class SMR info:
_java_thread_list=0x000001d5154f3a30, length=13, elements={
0x000001d4b1b8bd10, 0x000001d4b1c52b40, 0x000001d4b1c559c0, 0x000001d4cfb27f20,
0x000001d4cfb28ad0, 0x000001d4cfb2b490, 0x000001d4cfb2be40, 0x000001d4cfb2cfe0,
0x000001d4cfb3bfb0, 0x000001d4cfb70dc0, 0x000001d515055c50, 0x000001d5150f2030,
0x000001d5154f41c0
}

Java Threads: ( => current thread )
  0x000001d4b1b8bd10 JavaThread "main" [_thread_blocked, id=25120, stack(0x0000005855300000,0x0000005855400000)]
  0x000001d4b1c52b40 JavaThread "Reference Handler" daemon [_thread_blocked, id=11256, stack(0x0000005855a00000,0x0000005855b00000)]
  0x000001d4b1c559c0 JavaThread "Finalizer" daemon [_thread_blocked, id=30748, stack(0x0000005855b00000,0x0000005855c00000)]
  0x000001d4cfb27f20 JavaThread "Signal Dispatcher" daemon [_thread_blocked, id=23092, stack(0x0000005855c00000,0x0000005855d00000)]
  0x000001d4cfb28ad0 JavaThread "Attach Listener" daemon [_thread_blocked, id=6312, stack(0x0000005855d00000,0x0000005855e00000)]
  0x000001d4cfb2b490 JavaThread "Service Thread" daemon [_thread_blocked, id=23332, stack(0x0000005855e00000,0x0000005855f00000)]
  0x000001d4cfb2be40 JavaThread "Monitor Deflation Thread" daemon [_thread_blocked, id=5284, stack(0x0000005855f00000,0x0000005856000000)]
  0x000001d4cfb2cfe0 JavaThread "C2 CompilerThread0" daemon [_thread_blocked, id=16732, stack(0x0000005856000000,0x0000005856100000)]
  0x000001d4cfb3bfb0 JavaThread "C1 CompilerThread0" daemon [_thread_blocked, id=30960, stack(0x0000005856100000,0x0000005856200000)]
  0x000001d4cfb70dc0 JavaThread "Sweeper thread" daemon [_thread_blocked, id=29968, stack(0x0000005856200000,0x0000005856300000)]
  0x000001d515055c50 JavaThread "Common-Cleaner" daemon [_thread_blocked, id=13736, stack(0x0000005856300000,0x0000005856400000)]
  0x000001d5150f2030 JavaThread "Notification Thread" daemon [_thread_blocked, id=28864, stack(0x0000005856400000,0x0000005856500000)]
  0x000001d5154f41c0 JavaThread "C2 CompilerThread1" daemon [_thread_blocked, id=22144, stack(0x0000005856b00000,0x0000005856c00000)]

Other Threads:
=>0x000001d4b1c4ef50 VMThread "VM Thread" [stack: 0x0000005855900000,0x0000005855a00000] [id=18444]
  0x000001d4b1bfed00 WatcherThread [stack: 0x0000005856500000,0x0000005856600000] [id=23968]
  0x000001d4b1be5930 GCTaskThread "GC Thread#0" [stack: 0x0000005855400000,0x0000005855500000] [id=11032]
  0x000001d515346c20 GCTaskThread "GC Thread#1" [stack: 0x0000005856600000,0x0000005856700000] [id=32016]
  0x000001d5153511b0 GCTaskThread "GC Thread#2" [stack: 0x0000005856700000,0x0000005856800000] [id=16548]
  0x000001d515351460 GCTaskThread "GC Thread#3" [stack: 0x0000005856800000,0x0000005856900000] [id=24032]
  0x000001d515432fa0 GCTaskThread "GC Thread#4" [stack: 0x0000005856900000,0x0000005856a00000] [id=28188]
  0x000001d5154d2a50 GCTaskThread "GC Thread#5" [stack: 0x0000005856a00000,0x0000005856b00000] [id=10308]
  0x000001d4b1bf70c0 ConcurrentGCThread "G1 Main Marker" [stack: 0x0000005855500000,0x0000005855600000] [id=26352]
  0x000001d4b1bf8270 ConcurrentGCThread "G1 Conc#0" [stack: 0x0000005855600000,0x0000005855700000] [id=22148]
  0x000001d4b1c242e0 ConcurrentGCThread "G1 Refine#0" [stack: 0x0000005855700000,0x0000005855800000] [id=32368]
  0x000001d4b1c24d00 ConcurrentGCThread "G1 Service" [stack: 0x0000005855800000,0x0000005855900000] [id=32328]

Threads with active compile tasks:
C2 CompilerThread0     1555  795       4       java.util.HashMap::putVal (300 bytes)
C2 CompilerThread1     1555  791       4       java.util.HashMap::put (13 bytes)

VM state: at safepoint (normal execution)

VM Mutex/Monitor currently owned by a thread:  ([mutex/lock_event])
[0x000001d4b1b86490] Threads_lock - owner thread: 0x000001d4b1c4ef50
[0x000001d4b1b87720] Heap_lock - owner thread: 0x000001d4b1b8bd10

Heap address: 0x0000000083e00000, size: 1986 MB, Compressed Oops mode: 32-bit

CDS archive(s) mapped at: [0x000001d4d0000000-0x000001d4d0bd0000-0x000001d4d0bd0000), size 12386304, SharedBaseAddress: 0x000001d4d0000000, ArchiveRelocationMode: 1.
Compressed class space mapped at: 0x000001d4d1000000-0x000001d511000000, reserved size: 1073741824
Narrow klass base: 0x000001d4d0000000, Narrow klass shift: 0, Narrow klass range: 0x100000000

GC Precious Log:
 CPUs: 8 total, 8 available
 Memory: 7942M
 Large Page Support: Disabled
 NUMA Support: Disabled
 Compressed Oops: Enabled (32-bit)
 Heap Region Size: 1M
 Heap Min Capacity: 8M
 Heap Initial Capacity: 8M
 Heap Max Capacity: 1986M
 Pre-touch: Disabled
 Parallel Workers: 8
 Concurrent Workers: 2
 Concurrent Refinement Workers: 8
 Periodic GC: Disabled

Heap:
 garbage-first heap   total 8192K, used 2997K [0x0000000083e00000, 0x0000000100000000)
  region size 1024K, 1 young (1024K), 1 survivors (1024K)
 Metaspace       used 7637K, committed 7808K, reserved 1114112K
  class space    used 890K, committed 960K, reserved 1048576K

Heap Regions: E=young(eden), S=young(survivor), O=old, HS=humongous(starts), HC=humongous(continues), CS=collection set, F=free, OA=open archive, CA=closed archive, TAMS=top-at-mark-start (previous, next)
|   0|0x0000000083e00000, 0x0000000083f00000, 0x0000000083f00000|100%| O|  |TAMS 0x0000000083e00000, 0x0000000083e00000| Untracked 
|   1|0x0000000083f00000, 0x0000000084000000, 0x0000000084000000|100%| O|  |TAMS 0x0000000083f00000, 0x0000000083f00000| Untracked 
|   2|0x0000000084000000, 0x0000000084034a00, 0x0000000084100000| 20%| O|  |TAMS 0x0000000084000000, 0x0000000084000000| Untracked 
|   3|0x0000000084100000, 0x0000000084100000, 0x0000000084200000|  0%| F|  |TAMS 0x0000000084100000, 0x0000000084100000| Untracked 
|   4|0x0000000084200000, 0x0000000084200000, 0x0000000084300000|  0%| F|  |TAMS 0x0000000084200000, 0x0000000084200000| Untracked 
|   5|0x0000000084300000, 0x00000000843b8bf0, 0x0000000084400000| 72%| S|CS|TAMS 0x0000000084300000, 0x0000000084300000| Complete 
|   6|0x0000000084400000, 0x0000000084400000, 0x0000000084500000|  0%| F|  |TAMS 0x0000000084400000, 0x0000000084400000| Untracked 
|   7|0x0000000084500000, 0x0000000084500000, 0x0000000084600000|  0%| F|  |TAMS 0x0000000084500000, 0x0000000084500000| Untracked 

Card table byte_map: [0x000001d4c8b50000,0x000001d4c8f40000] _byte_map_base: 0x000001d4c8731000

Marking Bits (Prev, Next): (CMBitMap*) 0x000001d4b1be5f40, (CMBitMap*) 0x000001d4b1be5f80
 Prev Bits: [0x000001d4c9330000, 0x000001d4cb238000)
 Next Bits: [0x000001d4cb240000, 0x000001d4cd148000)

Polling page: 0x000001d4b0ed0000

Metaspace:

Usage:
  Non-class:      6.59 MB used.
      Class:    890.12 KB used.
       Both:      7.46 MB used.

Virtual space:
  Non-class space:       64.00 MB reserved,       6.69 MB ( 10%) committed,  1 nodes.
      Class space:        1.00 GB reserved,     960.00 KB ( <1%) committed,  1 nodes.
             Both:        1.06 GB reserved,       7.62 MB ( <1%) committed. 

Chunk freelists:
   Non-Class:  6.70 MB
       Class:  14.97 MB
        Both:  21.67 MB

MaxMetaspaceSize: unlimited
CompressedClassSpaceSize: 1.00 GB
Initial GC threshold: 21.00 MB
Current GC threshold: 21.00 MB
CDS: on
MetaspaceReclaimPolicy: balanced
 - commit_granule_bytes: 65536.
 - commit_granule_words: 8192.
 - virtual_space_node_default_size: 8388608.
 - enlarge_chunks_in_place: 1.
 - new_chunks_are_fully_committed: 0.
 - uncommit_free_chunks: 1.
 - use_allocation_guard: 0.
 - handle_deallocations: 1.


Internal statistics:

num_allocs_failed_limit: 0.
num_arena_births: 58.
num_arena_deaths: 0.
num_vsnodes_births: 2.
num_vsnodes_deaths: 0.
num_space_committed: 122.
num_space_uncommitted: 0.
num_chunks_returned_to_freelist: 0.
num_chunks_taken_from_freelist: 316.
num_chunk_merges: 0.
num_chunk_splits: 227.
num_chunks_enlarged: 174.
num_purges: 0.
num_inconsistent_stats: 0.

CodeHeap 'non-profiled nmethods': size=120000Kb used=231Kb max_used=231Kb free=119768Kb
 bounds [0x000001d4c0f00000, 0x000001d4c1170000, 0x000001d4c8430000]
CodeHeap 'profiled nmethods': size=120000Kb used=1253Kb max_used=1253Kb free=118746Kb
 bounds [0x000001d4b9430000, 0x000001d4b96a0000, 0x000001d4c0960000]
CodeHeap 'non-nmethods': size=5760Kb used=1121Kb max_used=1146Kb free=4639Kb
 bounds [0x000001d4c0960000, 0x000001d4c0bd0000, 0x000001d4c0f00000]
 total_blobs=1197 nmethods=794 adapters=316
 compilation: enabled
              stopped_count=0, restarted_count=0
 full_count=0

Compilation events (20 events):
Event: 1.446 Thread 0x000001d4cfb2cfe0  788       4       java.util.HashMap::getNode (150 bytes)
Event: 1.446 Thread 0x000001d4cfb3bfb0 nmethod 787 0x000001d4b9567390 code [0x000001d4b9567540, 0x000001d4b9567818]
Event: 1.446 Thread 0x000001d4cfb3bfb0  789       3       com.sun.tools.javac.util.List::contains (45 bytes)
Event: 1.447 Thread 0x000001d4cfb3bfb0 nmethod 789 0x000001d4b9567910 code [0x000001d4b9567ae0, 0x000001d4b9567ea8]
Event: 1.447 Thread 0x000001d4cfb3bfb0  786       3       java.util.LinkedHashMap::afterNodeInsertion (40 bytes)
Event: 1.447 Thread 0x000001d4cfb3bfb0 nmethod 786 0x000001d4b9568010 code [0x000001d4b95681a0, 0x000001d4b9568398]
Event: 1.449 Thread 0x000001d4cfb3bfb0  792       3       java.util.LinkedHashMap$LinkedHashIterator::nextNode (54 bytes)
Event: 1.449 Thread 0x000001d4cfb3bfb0 nmethod 792 0x000001d4b9568490 code [0x000001d4b9568660, 0x000001d4b95689f8]
Event: 1.449 Thread 0x000001d4cfb3bfb0  793       3       java.util.LinkedHashMap$LinkedKeyIterator::next (8 bytes)
Event: 1.449 Thread 0x000001d4cfb3bfb0 nmethod 793 0x000001d4b9568b90 code [0x000001d4b9568d40, 0x000001d4b9568ea8]
Event: 1.449 Thread 0x000001d5154f41c0 nmethod 785 0x000001d4c0f37f10 code [0x000001d4c0f38080, 0x000001d4c0f383b8]
Event: 1.451 Thread 0x000001d5154f41c0  791       4       java.util.HashMap::put (13 bytes)
Event: 1.456 Thread 0x000001d4cfb2cfe0 nmethod 788 0x000001d4c0f38410 code [0x000001d4c0f385c0, 0x000001d4c0f38bd8]
Event: 1.456 Thread 0x000001d4cfb2cfe0  790       4       java.util.HashMap::get (19 bytes)
Event: 1.464 Thread 0x000001d4cfb2cfe0 nmethod 790 0x000001d4c0f38f90 code [0x000001d4c0f39140, 0x000001d4c0f39758]
Event: 1.464 Thread 0x000001d4cfb2cfe0  794       4       java.lang.Object::equals (11 bytes)
Event: 1.465 Thread 0x000001d4cfb2cfe0 nmethod 794 0x000001d4c0f39b10 code [0x000001d4c0f39c80, 0x000001d4c0f39d18]
Event: 1.479 Thread 0x000001d4cfb2cfe0  795       4       java.util.HashMap::putVal (300 bytes)
Event: 1.483 Thread 0x000001d4cfb3bfb0  797       3       java.lang.Integer::numberOfLeadingZeros (79 bytes)
Event: 1.483 Thread 0x000001d4cfb3bfb0 nmethod 797 0x000001d4b9568f90 code [0x000001d4b9569140, 0x000001d4b9569418]

GC Heap History (9 events):
Event: 0.549 GC heap before
{Heap before GC invocations=0 (full 0):
 garbage-first heap   total 8192K, used 3072K [0x0000000083e00000, 0x0000000100000000)
  region size 1024K, 3 young (3072K), 0 survivors (0K)
 Metaspace       used 2773K, committed 2944K, reserved 1114112K
  class space    used 353K, committed 384K, reserved 1048576K
}
Event: 0.555 GC heap after
{Heap after GC invocations=1 (full 0):
 garbage-first heap   total 8192K, used 1541K [0x0000000083e00000, 0x0000000100000000)
  region size 1024K, 1 young (1024K), 1 survivors (1024K)
 Metaspace       used 2773K, committed 2944K, reserved 1114112K
  class space    used 353K, committed 384K, reserved 1048576K
}
Event: 0.933 GC heap before
{Heap before GC invocations=1 (full 0):
 garbage-first heap   total 8192K, used 2565K [0x0000000083e00000, 0x0000000100000000)
  region size 1024K, 2 young (2048K), 1 survivors (1024K)
 Metaspace       used 5415K, committed 5632K, reserved 1114112K
  class space    used 642K, committed 768K, reserved 1048576K
}
Event: 0.939 GC heap after
{Heap after GC invocations=2 (full 0):
 garbage-first heap   total 8192K, used 1965K [0x0000000083e00000, 0x0000000100000000)
  region size 1024K, 1 young (1024K), 1 survivors (1024K)
 Metaspace       used 5415K, committed 5632K, reserved 1114112K
  class space    used 642K, committed 768K, reserved 1048576K
}
Event: 1.237 GC heap before
{Heap before GC invocations=2 (full 0):
 garbage-first heap   total 8192K, used 2989K [0x0000000083e00000, 0x0000000100000000)
  region size 1024K, 2 young (2048K), 1 survivors (1024K)
 Metaspace       used 7120K, committed 7296K, reserved 1114112K
  class space    used 836K, committed 896K, reserved 1048576K
}
Event: 1.242 GC heap after
{Heap after GC invocations=3 (full 0):
 garbage-first heap   total 8192K, used 2272K [0x0000000083e00000, 0x0000000100000000)
  region size 1024K, 1 young (1024K), 1 survivors (1024K)
 Metaspace       used 7120K, committed 7296K, reserved 1114112K
  class space    used 836K, committed 896K, reserved 1048576K
}
Event: 1.363 GC heap before
{Heap before GC invocations=3 (full 0):
 garbage-first heap   total 8192K, used 3296K [0x0000000083e00000, 0x0000000100000000)
  region size 1024K, 2 young (2048K), 1 survivors (1024K)
 Metaspace       used 7539K, committed 7680K, reserved 1114112K
  class space    used 883K, committed 960K, reserved 1048576K
}
Event: 1.369 GC heap after
{Heap after GC invocations=4 (full 0):
 garbage-first heap   total 8192K, used 2480K [0x0000000083e00000, 0x0000000100000000)
  region size 1024K, 1 young (1024K), 1 survivors (1024K)
 Metaspace       used 7539K, committed 7680K, reserved 1114112K
  class space    used 883K, committed 960K, reserved 1048576K
}
Event: 1.484 GC heap before
{Heap before GC invocations=4 (full 0):
 garbage-first heap   total 8192K, used 3504K [0x0000000083e00000, 0x0000000100000000)
  region size 1024K, 2 young (2048K), 1 survivors (1024K)
 Metaspace       used 7637K, committed 7808K, reserved 1114112K
  class space    used 890K, committed 960K, reserved 1048576K
}

Deoptimization events (20 events):
Event: 0.225 Thread 0x000001d4b1b8bd10 Uncommon trap: trap_request=0xffffffde fr.pc=0x000001d4c0f0ccb8 relative=0x0000000000000858
Event: 0.225 Thread 0x000001d4b1b8bd10 Uncommon trap: reason=class_check action=maybe_recompile pc=0x000001d4c0f0ccb8 method=java.util.HashMap.putVal(ILjava/lang/Object;Ljava/lang/Object;ZZ)Ljava/lang/Object; @ 152 c2
Event: 0.225 Thread 0x000001d4b1b8bd10 DEOPT PACKING pc=0x000001d4c0f0ccb8 sp=0x00000058553fd7a0
Event: 0.225 Thread 0x000001d4b1b8bd10 DEOPT UNPACKING pc=0x000001d4c09b23a3 sp=0x00000058553fd720 mode 2
Event: 0.225 Thread 0x000001d4b1b8bd10 Uncommon trap: trap_request=0xffffffde fr.pc=0x000001d4c0f0ccb8 relative=0x0000000000000858
Event: 0.225 Thread 0x000001d4b1b8bd10 Uncommon trap: reason=class_check action=maybe_recompile pc=0x000001d4c0f0ccb8 method=java.util.HashMap.putVal(ILjava/lang/Object;Ljava/lang/Object;ZZ)Ljava/lang/Object; @ 152 c2
Event: 0.225 Thread 0x000001d4b1b8bd10 DEOPT PACKING pc=0x000001d4c0f0ccb8 sp=0x00000058553fd7a0
Event: 0.225 Thread 0x000001d4b1b8bd10 DEOPT UNPACKING pc=0x000001d4c09b23a3 sp=0x00000058553fd720 mode 2
Event: 0.396 Thread 0x000001d4b1b8bd10 Uncommon trap: trap_request=0xffffff45 fr.pc=0x000001d4c0f11e80 relative=0x0000000000000920
Event: 0.396 Thread 0x000001d4b1b8bd10 Uncommon trap: reason=unstable_if action=reinterpret pc=0x000001d4c0f11e80 method=java.util.HashMap.putVal(ILjava/lang/Object;Ljava/lang/Object;ZZ)Ljava/lang/Object; @ 181 c2
Event: 0.396 Thread 0x000001d4b1b8bd10 DEOPT PACKING pc=0x000001d4c0f11e80 sp=0x00000058553fe8f0
Event: 0.396 Thread 0x000001d4b1b8bd10 DEOPT UNPACKING pc=0x000001d4c09b23a3 sp=0x00000058553fe8a0 mode 2
Event: 0.458 Thread 0x000001d4b1b8bd10 DEOPT PACKING pc=0x000001d4b945b167 sp=0x00000058553f8c90
Event: 0.458 Thread 0x000001d4b1b8bd10 DEOPT UNPACKING pc=0x000001d4c09b2b43 sp=0x00000058553f80b0 mode 0
Event: 0.560 Thread 0x000001d4b1b8bd10 DEOPT PACKING pc=0x000001d4b9459a51 sp=0x00000058553fa7a0
Event: 0.560 Thread 0x000001d4b1b8bd10 DEOPT UNPACKING pc=0x000001d4c09b2b43 sp=0x00000058553f9c18 mode 0
Event: 1.168 Thread 0x000001d4b1b8bd10 Uncommon trap: trap_request=0xffffff45 fr.pc=0x000001d4c0f23fbc relative=0x00000000000004fc
Event: 1.168 Thread 0x000001d4b1b8bd10 Uncommon trap: reason=unstable_if action=reinterpret pc=0x000001d4c0f23fbc method=java.lang.StringLatin1.replace([BCC)Ljava/lang/String; @ 19 c2
Event: 1.168 Thread 0x000001d4b1b8bd10 DEOPT PACKING pc=0x000001d4c0f23fbc sp=0x00000058553feae0
Event: 1.168 Thread 0x000001d4b1b8bd10 DEOPT UNPACKING pc=0x000001d4c09b23a3 sp=0x00000058553fea60 mode 2

Classes unloaded (0 events):
No events

Classes redefined (0 events):
No events

Internal exceptions (15 events):
Event: 0.324 Thread 0x000001d4b1b8bd10 Exception <a 'java/lang/NoSuchMethodError'{0x00000000844e2e10}: 'void java.lang.invoke.DirectMethodHandle$Holder.invokeSpecial(java.lang.Object, java.lang.Object, java.lang.Object)'> (0x00000000844e2e10) 
thrown [s\open\src\hotspot\share\interpreter\linkResolver.cpp, line 759]
Event: 0.404 Thread 0x000001d4b1b8bd10 Exception <a 'java/lang/NoSuchMethodError'{0x000000008432a698}: 'int java.lang.invoke.DirectMethodHandle$Holder.invokeVirtual(java.lang.Object, java.lang.Object, java.lang.Object)'> (0x000000008432a698) 
thrown [s\open\src\hotspot\share\interpreter\linkResolver.cpp, line 759]
Event: 0.406 Thread 0x000001d4b1b8bd10 Exception <a 'java/lang/NoSuchMethodError'{0x0000000084330fc0}: 'void java.lang.invoke.DirectMethodHandle$Holder.invokeInterface(java.lang.Object, java.lang.Object, java.lang.Object)'> (0x0000000084330fc0) 
thrown [s\open\src\hotspot\share\interpreter\linkResolver.cpp, line 759]
Event: 0.642 Thread 0x000001d4b1b8bd10 Exception <a 'java/lang/NoSuchMethodError'{0x000000008454c2b0}: 'int java.lang.invoke.DirectMethodHandle$Holder.invokeStaticInit(java.lang.Object, java.lang.Object)'> (0x000000008454c2b0) 
thrown [s\open\src\hotspot\share\interpreter\linkResolver.cpp, line 759]
Event: 0.921 Thread 0x000001d4b1b8bd10 Exception <a 'java/lang/NoSuchMethodError'{0x00000000845ed708}: 'int java.lang.invoke.DirectMethodHandle$Holder.invokeVirtual(java.lang.Object, java.lang.Object)'> (0x00000000845ed708) 
thrown [s\open\src\hotspot\share\interpreter\linkResolver.cpp, line 759]
Event: 0.950 Thread 0x000001d4b1b8bd10 Exception <a 'java/lang/NoSuchMethodError'{0x0000000084515b60}: 'java.lang.Object java.lang.invoke.DirectMethodHandle$Holder.newInvokeSpecial(java.lang.Object, java.lang.Object, java.lang.Object, java.lang.Object, java.lang.Object)'> (0x0000000084515b60) 
thrown [s\open\src\hotspot\share\interpreter\linkResolver.cpp, line 759]
Event: 0.955 Thread 0x000001d4b1b8bd10 Exception <a 'java/lang/NoSuchMethodError'{0x0000000084524790}: 'java.lang.Object java.lang.invoke.DirectMethodHandle$Holder.newInvokeSpecial(java.lang.Object, java.lang.Object, java.lang.Object, java.lang.Object, java.lang.Object, java.lang.Object)'> (0x0000000084524790) 
thrown [s\open\src\hotspot\share\interpreter\linkResolver.cpp, line 759]
Event: 1.044 Thread 0x000001d4b1b8bd10 Exception <a 'java/lang/NoSuchMethodError'{0x000000008456e910}: 'java.lang.Object java.lang.invoke.DirectMethodHandle$Holder.invokeVirtual(java.lang.Object, java.lang.Object, java.lang.Object)'> (0x000000008456e910) 
thrown [s\open\src\hotspot\share\interpreter\linkResolver.cpp, line 759]
Event: 1.051 Thread 0x000001d4b1b8bd10 Exception <a 'java/lang/NoSuchMethodError'{0x0000000084579b10}: 'int java.lang.invoke.DirectMethodHandle$Holder.invokeInterface(java.lang.Object, java.lang.Object)'> (0x0000000084579b10) 
thrown [s\open\src\hotspot\share\interpreter\linkResolver.cpp, line 759]
Event: 1.056 Thread 0x000001d4b1b8bd10 Exception <a 'sun/nio/fs/WindowsException'{0x0000000084580328}> (0x0000000084580328) 
thrown [s\open\src\hotspot\share\prims\jni.cpp, line 516]
Event: 1.056 Thread 0x000001d4b1b8bd10 Exception <a 'sun/nio/fs/WindowsException'{0x00000000845806c0}> (0x00000000845806c0) 
thrown [s\open\src\hotspot\share\prims\jni.cpp, line 516]
Event: 1.081 Thread 0x000001d4b1b8bd10 Exception <a 'java/lang/NoSuchMethodError'{0x000000008459a678}: 'java.lang.Object java.lang.invoke.DirectMethodHandle$Holder.invokeStaticInit(java.lang.Object)'> (0x000000008459a678) 
thrown [s\open\src\hotspot\share\interpreter\linkResolver.cpp, line 759]
Event: 1.345 Thread 0x000001d4b1b8bd10 Exception <a 'java/lang/NoSuchMethodError'{0x00000000845d5450}: 'java.lang.Object java.lang.invoke.DirectMethodHandle$Holder.invokeVirtual(java.lang.Object, java.lang.Object, java.lang.Object, int, int)'> (0x00000000845d5450) 
thrown [s\open\src\hotspot\share\interpreter\linkResolver.cpp, line 759]
Event: 1.348 Thread 0x000001d4b1b8bd10 Exception <a 'java/lang/NoSuchMethodError'{0x00000000845dc2e0}: 'java.lang.Object java.lang.invoke.DirectMethodHandle$Holder.invokeVirtual(java.lang.Object, java.lang.Object, int)'> (0x00000000845dc2e0) 
thrown [s\open\src\hotspot\share\interpreter\linkResolver.cpp, line 759]
Event: 1.360 Thread 0x000001d4b1b8bd10 Exception <a 'java/lang/NoSuchMethodError'{0x00000000845f68e0}: 'java.lang.Object java.lang.invoke.DirectMethodHandle$Holder.invokeSpecial(java.lang.Object, java.lang.Object, java.lang.Object, int, int)'> (0x00000000845f68e0) 
thrown [s\open\src\hotspot\share\interpreter\linkResolver.cpp, line 759]

VM Operations (19 events):
Event: 0.126 Executing VM operation: HandshakeAllThreads
Event: 0.126 Executing VM operation: HandshakeAllThreads done
Event: 0.333 Executing VM operation: HandshakeAllThreads
Event: 0.333 Executing VM operation: HandshakeAllThreads done
Event: 0.437 Executing VM operation: HandshakeAllThreads
Event: 0.437 Executing VM operation: HandshakeAllThreads done
Event: 0.549 Executing VM operation: G1CollectForAllocation
Event: 0.555 Executing VM operation: G1CollectForAllocation done
Event: 0.933 Executing VM operation: G1CollectForAllocation
Event: 0.939 Executing VM operation: G1CollectForAllocation done
Event: 1.062 Executing VM operation: HandshakeAllThreads
Event: 1.062 Executing VM operation: HandshakeAllThreads done
Event: 1.237 Executing VM operation: G1CollectForAllocation
Event: 1.242 Executing VM operation: G1CollectForAllocation done
Event: 1.260 Executing VM operation: HandshakeAllThreads
Event: 1.260 Executing VM operation: HandshakeAllThreads done
Event: 1.363 Executing VM operation: G1CollectForAllocation
Event: 1.369 Executing VM operation: G1CollectForAllocation done
Event: 1.484 Executing VM operation: G1CollectForAllocation

Events (20 events):
Event: 1.283 loading class java/util/Collections$SingletonList done
Event: 1.302 loading class java/util/LinkedHashMap$LinkedValues
Event: 1.302 loading class java/util/LinkedHashMap$LinkedValues done
Event: 1.302 loading class java/util/LinkedHashMap$LinkedValueIterator
Event: 1.302 loading class java/util/LinkedHashMap$LinkedValueIterator done
Event: 1.302 loading class java/util/regex/Pattern$Bound
Event: 1.302 loading class java/util/regex/Pattern$Bound done
Event: 1.343 loading class java/util/BitSet
Event: 1.343 loading class java/util/BitSet done
Event: 1.353 loading class java/util/stream/MatchOps$MatchKind
Event: 1.353 loading class java/util/stream/MatchOps$MatchKind done
Event: 1.353 loading class java/util/stream/MatchOps
Event: 1.353 loading class java/util/stream/MatchOps done
Event: 1.353 loading class java/util/stream/MatchOps$MatchOp
Event: 1.353 loading class java/util/stream/MatchOps$MatchOp done
Event: 1.354 loading class java/util/stream/MatchOps$BooleanTerminalSink
Event: 1.354 loading class java/util/stream/MatchOps$BooleanTerminalSink done
Event: 1.355 loading class java/util/stream/MatchOps$1MatchSink
Event: 1.355 loading class java/util/stream/MatchOps$1MatchSink done
Event: 1.409 Thread 0x000001d5154f41c0 Thread added: 0x000001d5154f41c0


Dynamic libraries:
0x00007ff699f20000 - 0x00007ff699f28000 	C:\Program Files\Java\jdk-17\bin\javac.exe
0x00007fff75350000 - 0x00007fff75567000 	C:\WINDOWS\SYSTEM32\ntdll.dll
0x00007fff74020000 - 0x00007fff740e4000 	C:\WINDOWS\System32\KERNEL32.DLL
0x00007fff72980000 - 0x00007fff72d2c000 	C:\WINDOWS\System32\KERNELBASE.dll
0x00007fff72f70000 - 0x00007fff73081000 	C:\WINDOWS\System32\ucrtbase.dll
0x00007fff3eda0000 - 0x00007fff3edbb000 	C:\Program Files\Java\jdk-17\bin\VCRUNTIME140.dll
0x00007fff3edc0000 - 0x00007fff3edd9000 	C:\Program Files\Java\jdk-17\bin\jli.dll
0x00007fff73090000 - 0x00007fff73142000 	C:\WINDOWS\System32\ADVAPI32.dll
0x00007fff74c00000 - 0x00007fff74ca7000 	C:\WINDOWS\System32\msvcrt.dll
0x00007fff75260000 - 0x00007fff7530a000 	C:\WINDOWS\System32\sechost.dll
0x00007fff72dd0000 - 0x00007fff72df8000 	C:\WINDOWS\System32\bcrypt.dll
0x00007fff73150000 - 0x00007fff73265000 	C:\WINDOWS\System32\RPCRT4.dll
0x00007fff75000000 - 0x00007fff751ae000 	C:\WINDOWS\System32\USER32.dll
0x00007fff72da0000 - 0x00007fff72dc6000 	C:\WINDOWS\System32\win32u.dll
0x00007fff74fd0000 - 0x00007fff74ff9000 	C:\WINDOWS\System32\GDI32.dll
0x00007fff72680000 - 0x00007fff72799000 	C:\WINDOWS\System32\gdi32full.dll
0x00007fff72820000 - 0x00007fff728ba000 	C:\WINDOWS\System32\msvcp_win.dll
0x00007fff719c0000 - 0x00007fff71c53000 	C:\WINDOWS\WinSxS\amd64_microsoft.windows.common-controls_6595b64144ccf1df_6.0.22621.3672_none_2713b9d173822955\COMCTL32.dll
0x00007fff63810000 - 0x00007fff6381a000 	C:\WINDOWS\SYSTEM32\VERSION.dll
0x00007fff3ed90000 - 0x00007fff3ed9c000 	C:\Program Files\Java\jdk-17\bin\vcruntime140_1.dll
0x00007fff3bcc0000 - 0x00007fff3bd4e000 	C:\Program Files\Java\jdk-17\bin\msvcp140.dll
0x00007fff3b070000 - 0x00007fff3bc4e000 	C:\Program Files\Java\jdk-17\bin\server\jvm.dll
0x00007fff74960000 - 0x00007fff74968000 	C:\WINDOWS\System32\PSAPI.DLL
0x00007fff48880000 - 0x00007fff48889000 	C:\WINDOWS\SYSTEM32\WSOCK32.dll
0x00007fff6c5b0000 - 0x00007fff6c5e4000 	C:\WINDOWS\SYSTEM32\WINMM.dll
0x00007fff73940000 - 0x00007fff739b1000 	C:\WINDOWS\System32\WS2_32.dll
0x00007fff70fc0000 - 0x00007fff70fd8000 	C:\WINDOWS\SYSTEM32\kernel.appcore.dll
0x00007fff3ad70000 - 0x00007fff3ad7a000 	C:\Program Files\Java\jdk-17\bin\jimage.dll
0x00007fff71f50000 - 0x00007fff72182000 	C:\WINDOWS\SYSTEM32\DBGHELP.DLL
0x00007fff73310000 - 0x00007fff73698000 	C:\WINDOWS\System32\combase.dll
0x00007fff73ac0000 - 0x00007fff73b97000 	C:\WINDOWS\System32\OLEAUT32.dll
0x00007fff71e40000 - 0x00007fff71e72000 	C:\WINDOWS\SYSTEM32\dbgcore.DLL
0x00007fff727a0000 - 0x00007fff7281b000 	C:\WINDOWS\System32\bcryptPrimitives.dll
0x00007fff3ad40000 - 0x00007fff3ad65000 	C:\Program Files\Java\jdk-17\bin\java.dll
0x00007fff3ab70000 - 0x00007fff3ac47000 	C:\Program Files\Java\jdk-17\bin\jsvml.dll
0x00007fff740f0000 - 0x00007fff7494c000 	C:\WINDOWS\System32\SHELL32.dll
0x00007fff6fee0000 - 0x00007fff707d7000 	C:\WINDOWS\SYSTEM32\windows.storage.dll
0x00007fff6fda0000 - 0x00007fff6fedf000 	C:\WINDOWS\SYSTEM32\wintypes.dll
0x00007fff739c0000 - 0x00007fff73ab4000 	C:\WINDOWS\System32\SHCORE.dll
0x00007fff74970000 - 0x00007fff749ce000 	C:\WINDOWS\System32\shlwapi.dll
0x00007fff725b0000 - 0x00007fff725d1000 	C:\WINDOWS\SYSTEM32\profapi.dll
0x00007fff39bd0000 - 0x00007fff39be9000 	C:\Program Files\Java\jdk-17\bin\net.dll
0x00007fff6c190000 - 0x00007fff6c2c6000 	C:\WINDOWS\SYSTEM32\WINHTTP.dll
0x00007fff713f0000 - 0x00007fff71459000 	C:\WINDOWS\system32\mswsock.dll
0x00007fff39bf0000 - 0x00007fff39c06000 	C:\Program Files\Java\jdk-17\bin\nio.dll

dbghelp: loaded successfully - version: 4.0.5 - missing functions: none
symbol engine: initialized successfully - sym options: 0x614 - pdb path: .;C:\Program Files\Java\jdk-17\bin;C:\WINDOWS\SYSTEM32;C:\WINDOWS\WinSxS\amd64_microsoft.windows.common-controls_6595b64144ccf1df_6.0.22621.3672_none_2713b9d173822955;C:\Program Files\Java\jdk-17\bin\server

VM Arguments:
jvm_args: -Dapplication.home=C:\Program Files\Java\jdk-17 --add-modules=ALL-DEFAULT -Xms8m -Djdk.module.main=jdk.compiler 
java_command: jdk.compiler/com.sun.tools.javac.Main IFBLOCKS1.java
java_class_path (initial): <not set>
Launcher Type: SUN_STANDARD

[Global flags]
     intx CICompilerCount                          = 4                                         {product} {ergonomic}
     uint ConcGCThreads                            = 2                                         {product} {ergonomic}
     uint G1ConcRefinementThreads                  = 8                                         {product} {ergonomic}
   size_t G1HeapRegionSize                         = 1048576                                   {product} {ergonomic}
    uintx GCDrainStackTargetSize                   = 64                                        {product} {ergonomic}
   size_t InitialHeapSize                          = 8388608                                   {product} {command line}
   size_t MarkStackSize                            = 4194304                                   {product} {ergonomic}
   size_t MaxHeapSize                              = 2082471936                                {product} {ergonomic}
   size_t MaxNewSize                               = 1248854016                                {product} {ergonomic}
   size_t MinHeapDeltaBytes                        = 1048576                                   {product} {ergonomic}
   size_t MinHeapSize                              = 8388608                                   {product} {command line}
    uintx NonNMethodCodeHeapSize                   = 5839372                                {pd product} {ergonomic}
    uintx NonProfiledCodeHeapSize                  = 122909434                              {pd product} {ergonomic}
    uintx ProfiledCodeHeapSize                     = 122909434                              {pd product} {ergonomic}
    uintx ReservedCodeCacheSize                    = 251658240                              {pd product} {ergonomic}
     bool SegmentedCodeCache                       = true                                      {product} {ergonomic}
   size_t SoftMaxHeapSize                          = 2082471936                             {manageable} {ergonomic}
     bool UseCompressedClassPointers               = true                           {product lp64_product} {ergonomic}
     bool UseCompressedOops                        = true                           {product lp64_product} {ergonomic}
     bool UseG1GC                                  = true                                      {product} {ergonomic}
     bool UseLargePagesIndividualAllocation        = false                                  {pd product} {ergonomic}

Logging:
Log output configuration:
 #0: stdout all=warning uptime,level,tags
 #1: stderr all=off uptime,level,tags

Environment Variables:
PATH=C:\Program Files\Common Files\Oracle\Java\javapath;;C:\WINDOWS\system32;C:\WINDOWS;C:\WINDOWS\System32\Wbem;C:\WINDOWS\System32\WindowsPowerShell\v1.0\;C:\WINDOWS\System32\OpenSSH\;C:\Program Files (x86)\Microsoft SQL Server\110\Tools\Binn\;C:\Program Files\Microsoft SQL Server\110\Tools\Binn\;C:\Program Files\Microsoft SQL Server\110\DTS\Binn\;C:\Program Files\dotnet\;C:\Program Files\Microsoft SQL Server\Client SDK\ODBC\130\Tools\Binn\;C:\Program Files (x86)\Microsoft SQL Server\140\Tools\Binn\;C:\Program Files\Microsoft SQL Server\140\Tools\Binn\;C:\Program Files\Microsoft SQL Server\140\DTS\Binn\;C:\Program Files (x86)\Microsoft SQL Server\160\DTS\Binn\;C:\Program Files\Azure Data Studio\bin;C:\Program Files\Git\cmd;%COSMOSM%;C:\WINDOWS\system32\config\systemprofile\AppData\Local\Microsoft\WindowsApps
USERNAME=DESKTOP-EI4D21P$
OS=Windows_NT
PROCESSOR_IDENTIFIER=Intel64 Family 6 Model 142 Stepping 12, GenuineIntel



---------------  S Y S T E M  ---------------

OS:
 Windows 11 , 64 bit Build 22621 (10.0.22621.3672)
OS uptime: 7 days 18:38 hours

CPU: total 8 (initial active 8) (4 cores per cpu, 2 threads per core) family 6 model 142 stepping 12 microcode 0xde, cx8, cmov, fxsr, ht, mmx, 3dnowpref, sse, sse2, sse3, ssse3, sse4.1, sse4.2, popcnt, lzcnt, tsc, tscinvbit, avx, avx2, aes, erms, clmul, bmi1, bmi2, adx, fma, vzeroupper, clflush, clflushopt

Memory: 4k page, system-wide physical 7942M (394M free)
TotalPageFile size 32518M (AvailPageFile size 4M)
current process WorkingSet (physical memory assigned to process): 61M, peak: 61M
current process commit charge ("private bytes"): 98M, peak: 100M

vm_info: Java HotSpot(TM) 64-Bit Server VM (17.0.8+9-LTS-211) for windows-amd64 JRE (17.0.8+9-LTS-211), built on Jun 14 2023 10:34:31 by "mach5one" with MS VC++ 17.1 (VS2022)

END.
