#
# There is insufficient memory for the Java Runtime Environment to continue.
# Native memory allocation (mmap) failed to map 65536 bytes for Failed to commit metaspace.
# Possible reasons:
#   The system is out of physical RAM or swap space
#   The process is running with CompressedOops enabled, and the Java Heap may be blocking the growth of the native heap
# Possible solutions:
#   Reduce memory load on the system
#   Increase physical memory or swap space
#   Check if swap backing store is full
#   Decrease Java heap size (-Xmx/-Xms)
#   Decrease number of Java threads
#   Decrease Java thread stack sizes (-Xss)
#   Set larger code cache with -XX:ReservedCodeCacheSize=
#   JVM is running with Unscaled Compressed Oops mode in which the Java heap is
#     placed in the first 4GB address space. The Java Heap base address is the
#     maximum limit for the native heap growth. Please use -XX:HeapBaseMinAddress
#     to set the Java Heap base and to place the Java Heap above 4GB virtual address.
# This output file may be truncated or incomplete.
#
#  Out of Memory Error (virtualSpaceNode.cpp:110), pid=11932, tid=23156
#
# JRE version: Java(TM) SE Runtime Environment (17.0.8+9) (build 17.0.8+9-LTS-211)
# Java VM: Java HotSpot(TM) 64-Bit Server VM (17.0.8+9-LTS-211, mixed mode, sharing, tiered, compressed oops, compressed class ptrs, g1 gc, windows-amd64)
# No core dump will be written. Minidumps are not enabled by default on client versions of Windows
#

---------------  S U M M A R Y ------------

Command Line: --add-modules=ALL-DEFAULT jdk.compiler/com.sun.tools.javac.launcher.Main IFBLOCKS1.java

Host: Intel(R) Core(TM) i5-10210U CPU @ 1.60GHz, 8 cores, 7G,  Windows 11 , 64 bit Build 22621 (10.0.22621.4391)
Time: Fri Jan 31 19:46:29 2025 India Standard Time elapsed time: 0.593908 seconds (0d 0h 0m 0s)

---------------  T H R E A D  ---------------

Current thread (0x000002271605ae30):  JavaThread "main" [_thread_in_vm, id=23156, stack(0x000000f22d400000,0x000000f22d500000)]

Stack: [0x000000f22d400000,0x000000f22d500000]
Native frames: (J=compiled Java code, j=interpreted, Vv=VM code, C=native code)
V  [jvm.dll+0x677d0a]
V  [jvm.dll+0x7d8c54]
V  [jvm.dll+0x7da3fe]
V  [jvm.dll+0x7daa63]
V  [jvm.dll+0x245c5f]
V  [jvm.dll+0x7d4d5b]
V  [jvm.dll+0x61dcf6]
V  [jvm.dll+0x1c0127]
V  [jvm.dll+0x620650]
V  [jvm.dll+0x61e6b6]
V  [jvm.dll+0x23b6b1]
V  [jvm.dll+0x1ea657]
V  [jvm.dll+0x1e02f1]
V  [jvm.dll+0x53ddbc]
V  [jvm.dll+0x753768]
V  [jvm.dll+0x753854]
V  [jvm.dll+0x40ba4f]
V  [jvm.dll+0x411a69]
C  [java.dll+0x1971]

Java frames: (J=compiled Java code, j=interpreted, Vv=VM code)
J 465  java.lang.ClassLoader.defineClass2(Ljava/lang/ClassLoader;Ljava/lang/String;Ljava/nio/ByteBuffer;IILjava/security/ProtectionDomain;Ljava/lang/String;)Ljava/lang/Class; java.base@17.0.8 (0 bytes) @ 0x00000227253f7de3 [0x00000227253f7d20+0x00000000000000c3]
J 447 c1 java.lang.ClassLoader.defineClass(Ljava/lang/String;Ljava/nio/ByteBuffer;Ljava/security/ProtectionDomain;)Ljava/lang/Class; java.base@17.0.8 (108 bytes) @ 0x000002271d99bc24 [0x000002271d99b480+0x00000000000007a4]
J 419 c1 java.security.SecureClassLoader.defineClass(Ljava/lang/String;Ljava/nio/ByteBuffer;Ljava/security/CodeSource;)Ljava/lang/Class; java.base@17.0.8 (12 bytes) @ 0x000002271d98e9fc [0x000002271d98e940+0x00000000000000bc]
J 395 c1 jdk.internal.loader.BuiltinClassLoader.defineClass(Ljava/lang/String;Ljdk/internal/loader/BuiltinClassLoader$LoadedModule;)Ljava/lang/Class; java.base@17.0.8 (162 bytes) @ 0x000002271d982634 [0x000002271d981060+0x00000000000015d4]
J 292 c1 jdk.internal.loader.BuiltinClassLoader.loadClassOrNull(Ljava/lang/String;Z)Ljava/lang/Class; java.base@17.0.8 (143 bytes) @ 0x000002271d950bb4 [0x000002271d9505c0+0x00000000000005f4]
J 300 c1 jdk.internal.loader.ClassLoaders$AppClassLoader.loadClass(Ljava/lang/String;Z)Ljava/lang/Class; java.base@17.0.8 (40 bytes) @ 0x000002271d954704 [0x000002271d9540e0+0x0000000000000624]
J 295 c1 java.lang.ClassLoader.loadClass(Ljava/lang/String;)Ljava/lang/Class; java.base@17.0.8 (7 bytes) @ 0x000002271d95264c [0x000002271d952540+0x000000000000010c]
v  ~StubRoutines::call_stub
j  com.sun.tools.javac.comp.Flow.analyzeTree(Lcom/sun/tools/javac/comp/Env;Lcom/sun/tools/javac/tree/TreeMaker;)V+39 jdk.compiler@17.0.8
j  com.sun.tools.javac.main.JavaCompiler.flow(Lcom/sun/tools/javac/comp/Env;Ljava/util/Queue;)V+187 jdk.compiler@17.0.8
j  com.sun.tools.javac.main.JavaCompiler.flow(Lcom/sun/tools/javac/comp/Env;)Ljava/util/Queue;+11 jdk.compiler@17.0.8
j  com.sun.tools.javac.main.JavaCompiler.compile(Ljava/util/Collection;Ljava/util/Collection;Ljava/lang/Iterable;Ljava/util/Collection;)V+503 jdk.compiler@17.0.8
j  com.sun.tools.javac.api.JavacTaskImpl.lambda$doCall$0()Lcom/sun/tools/javac/main/Main$Result;+45 jdk.compiler@17.0.8
j  com.sun.tools.javac.api.JavacTaskImpl$$Lambda$36+0x0000022736030000.call()Ljava/lang/Object;+4 jdk.compiler@17.0.8
j  com.sun.tools.javac.api.JavacTaskImpl.invocationHelper(Ljava/util/concurrent/Callable;)Lcom/sun/tools/javac/util/Pair;+20 jdk.compiler@17.0.8
j  com.sun.tools.javac.api.JavacTaskImpl.doCall()Lcom/sun/tools/javac/main/Main$Result;+7 jdk.compiler@17.0.8
j  com.sun.tools.javac.api.JavacTaskImpl.call()Ljava/lang/Boolean;+1 jdk.compiler@17.0.8
j  com.sun.tools.javac.launcher.Main.compile(Ljava/nio/file/Path;Ljava/util/List;Lcom/sun/tools/javac/launcher/Main$Context;)Ljava/lang/String;+95 jdk.compiler@17.0.8
j  com.sun.tools.javac.launcher.Main.run([Ljava/lang/String;[Ljava/lang/String;)V+30 jdk.compiler@17.0.8
j  com.sun.tools.javac.launcher.Main.main([Ljava/lang/String;)V+14 jdk.compiler@17.0.8
v  ~StubRoutines::call_stub

---------------  P R O C E S S  ---------------

Threads class SMR info:
_java_thread_list=0x000002273427b420, length=12, elements={
0x000002271605ae30, 0x000002273401f530, 0x00000227340203a0, 0x00000227340386e0,
0x0000022734039290, 0x0000022734039e40, 0x000002273403a7f0, 0x000002273403fa90,
0x0000022734049460, 0x000002273404bd70, 0x000002273400b300, 0x00000227342a0410
}

Java Threads: ( => current thread )
=>0x000002271605ae30 JavaThread "main" [_thread_in_vm, id=23156, stack(0x000000f22d400000,0x000000f22d500000)]
  0x000002273401f530 JavaThread "Reference Handler" daemon [_thread_blocked, id=14040, stack(0x000000f22db00000,0x000000f22dc00000)]
  0x00000227340203a0 JavaThread "Finalizer" daemon [_thread_blocked, id=26336, stack(0x000000f22dc00000,0x000000f22dd00000)]
  0x00000227340386e0 JavaThread "Signal Dispatcher" daemon [_thread_blocked, id=14912, stack(0x000000f22dd00000,0x000000f22de00000)]
  0x0000022734039290 JavaThread "Attach Listener" daemon [_thread_blocked, id=10448, stack(0x000000f22de00000,0x000000f22df00000)]
  0x0000022734039e40 JavaThread "Service Thread" daemon [_thread_blocked, id=1720, stack(0x000000f22df00000,0x000000f22e000000)]
  0x000002273403a7f0 JavaThread "Monitor Deflation Thread" daemon [_thread_blocked, id=9608, stack(0x000000f22e000000,0x000000f22e100000)]
  0x000002273403fa90 JavaThread "C2 CompilerThread0" daemon [_thread_blocked, id=5008, stack(0x000000f22e100000,0x000000f22e200000)]
  0x0000022734049460 JavaThread "C1 CompilerThread0" daemon [_thread_in_vm, id=25292, stack(0x000000f22e200000,0x000000f22e300000)]
  0x000002273404bd70 JavaThread "Sweeper thread" daemon [_thread_blocked, id=15920, stack(0x000000f22e300000,0x000000f22e400000)]
  0x000002273400b300 JavaThread "Common-Cleaner" daemon [_thread_blocked, id=30028, stack(0x000000f22e400000,0x000000f22e500000)]
  0x00000227342a0410 JavaThread "Notification Thread" daemon [_thread_blocked, id=31404, stack(0x000000f22e500000,0x000000f22e600000)]

Other Threads:
  0x000002273401b940 VMThread "VM Thread" [stack: 0x000000f22da00000,0x000000f22db00000] [id=14756]
  0x00000227342a1300 WatcherThread [stack: 0x000000f22e600000,0x000000f22e700000] [id=19824]
  0x00000227160b6ba0 GCTaskThread "GC Thread#0" [stack: 0x000000f22d500000,0x000000f22d600000] [id=8572]
  0x00000227160c8330 ConcurrentGCThread "G1 Main Marker" [stack: 0x000000f22d600000,0x000000f22d700000] [id=25108]
  0x00000227160c94e0 ConcurrentGCThread "G1 Conc#0" [stack: 0x000000f22d700000,0x000000f22d800000] [id=9048]
  0x000002271612e260 ConcurrentGCThread "G1 Refine#0" [stack: 0x000000f22d800000,0x000000f22d900000] [id=8872]
  0x000002271612ec80 ConcurrentGCThread "G1 Service" [stack: 0x000000f22d900000,0x000000f22da00000] [id=15956]

Threads with active compile tasks:
C1 CompilerThread0      835 1099       3       com.sun.tools.javac.comp.Flow$BaseAnalyzer::scan (27 bytes)

VM state: not at safepoint (normal execution)

VM Mutex/Monitor currently owned by a thread:  ([mutex/lock_event])
[0x0000022716055e40] Metaspace_lock - owner thread: 0x000002271605ae30
[0x0000022716057a20] MethodData_lock - owner thread: 0x0000022734049460

Heap address: 0x0000000083e00000, size: 1986 MB, Compressed Oops mode: 32-bit

CDS archive(s) mapped at: [0x0000022735000000-0x0000022735bd0000-0x0000022735bd0000), size 12386304, SharedBaseAddress: 0x0000022735000000, ArchiveRelocationMode: 1.
Compressed class space mapped at: 0x0000022736000000-0x0000022776000000, reserved size: 1073741824
Narrow klass base: 0x0000022735000000, Narrow klass shift: 0, Narrow klass range: 0x100000000

GC Precious Log:
 CPUs: 8 total, 8 available
 Memory: 7942M
 Large Page Support: Disabled
 NUMA Support: Disabled
 Compressed Oops: Enabled (32-bit)
 Heap Region Size: 1M
 Heap Min Capacity: 8M
 Heap Initial Capacity: 126M
 Heap Max Capacity: 1986M
 Pre-touch: Disabled
 Parallel Workers: 8
 Concurrent Workers: 2
 Concurrent Refinement Workers: 8
 Periodic GC: Disabled

Heap:
 garbage-first heap   total 129024K, used 13312K [0x0000000083e00000, 0x0000000100000000)
  region size 1024K, 15 young (15360K), 0 survivors (0K)
 Metaspace       used 8731K, committed 8896K, reserved 1114112K
  class space    used 1040K, committed 1152K, reserved 1048576K

Heap Regions: E=young(eden), S=young(survivor), O=old, HS=humongous(starts), HC=humongous(continues), CS=collection set, F=free, OA=open archive, CA=closed archive, TAMS=top-at-mark-start (previous, next)
|   0|0x0000000083e00000, 0x0000000083e00000, 0x0000000083f00000|  0%| F|  |TAMS 0x0000000083e00000, 0x0000000083e00000| Untracked 
|   1|0x0000000083f00000, 0x0000000083f00000, 0x0000000084000000|  0%| F|  |TAMS 0x0000000083f00000, 0x0000000083f00000| Untracked 
|   2|0x0000000084000000, 0x0000000084000000, 0x0000000084100000|  0%| F|  |TAMS 0x0000000084000000, 0x0000000084000000| Untracked 
|   3|0x0000000084100000, 0x0000000084100000, 0x0000000084200000|  0%| F|  |TAMS 0x0000000084100000, 0x0000000084100000| Untracked 
|   4|0x0000000084200000, 0x0000000084200000, 0x0000000084300000|  0%| F|  |TAMS 0x0000000084200000, 0x0000000084200000| Untracked 
|   5|0x0000000084300000, 0x0000000084300000, 0x0000000084400000|  0%| F|  |TAMS 0x0000000084300000, 0x0000000084300000| Untracked 
|   6|0x0000000084400000, 0x0000000084400000, 0x0000000084500000|  0%| F|  |TAMS 0x0000000084400000, 0x0000000084400000| Untracked 
|   7|0x0000000084500000, 0x0000000084500000, 0x0000000084600000|  0%| F|  |TAMS 0x0000000084500000, 0x0000000084500000| Untracked 
|   8|0x0000000084600000, 0x0000000084600000, 0x0000000084700000|  0%| F|  |TAMS 0x0000000084600000, 0x0000000084600000| Untracked 
|   9|0x0000000084700000, 0x0000000084700000, 0x0000000084800000|  0%| F|  |TAMS 0x0000000084700000, 0x0000000084700000| Untracked 
|  10|0x0000000084800000, 0x0000000084800000, 0x0000000084900000|  0%| F|  |TAMS 0x0000000084800000, 0x0000000084800000| Untracked 
|  11|0x0000000084900000, 0x0000000084900000, 0x0000000084a00000|  0%| F|  |TAMS 0x0000000084900000, 0x0000000084900000| Untracked 
|  12|0x0000000084a00000, 0x0000000084a00000, 0x0000000084b00000|  0%| F|  |TAMS 0x0000000084a00000, 0x0000000084a00000| Untracked 
|  13|0x0000000084b00000, 0x0000000084b00000, 0x0000000084c00000|  0%| F|  |TAMS 0x0000000084b00000, 0x0000000084b00000| Untracked 
|  14|0x0000000084c00000, 0x0000000084c00000, 0x0000000084d00000|  0%| F|  |TAMS 0x0000000084c00000, 0x0000000084c00000| Untracked 
|  15|0x0000000084d00000, 0x0000000084d00000, 0x0000000084e00000|  0%| F|  |TAMS 0x0000000084d00000, 0x0000000084d00000| Untracked 
|  16|0x0000000084e00000, 0x0000000084e00000, 0x0000000084f00000|  0%| F|  |TAMS 0x0000000084e00000, 0x0000000084e00000| Untracked 
|  17|0x0000000084f00000, 0x0000000084f00000, 0x0000000085000000|  0%| F|  |TAMS 0x0000000084f00000, 0x0000000084f00000| Untracked 
|  18|0x0000000085000000, 0x0000000085000000, 0x0000000085100000|  0%| F|  |TAMS 0x0000000085000000, 0x0000000085000000| Untracked 
|  19|0x0000000085100000, 0x0000000085100000, 0x0000000085200000|  0%| F|  |TAMS 0x0000000085100000, 0x0000000085100000| Untracked 
|  20|0x0000000085200000, 0x0000000085200000, 0x0000000085300000|  0%| F|  |TAMS 0x0000000085200000, 0x0000000085200000| Untracked 
|  21|0x0000000085300000, 0x0000000085300000, 0x0000000085400000|  0%| F|  |TAMS 0x0000000085300000, 0x0000000085300000| Untracked 
|  22|0x0000000085400000, 0x0000000085400000, 0x0000000085500000|  0%| F|  |TAMS 0x0000000085400000, 0x0000000085400000| Untracked 
|  23|0x0000000085500000, 0x0000000085500000, 0x0000000085600000|  0%| F|  |TAMS 0x0000000085500000, 0x0000000085500000| Untracked 
|  24|0x0000000085600000, 0x0000000085600000, 0x0000000085700000|  0%| F|  |TAMS 0x0000000085600000, 0x0000000085600000| Untracked 
|  25|0x0000000085700000, 0x0000000085700000, 0x0000000085800000|  0%| F|  |TAMS 0x0000000085700000, 0x0000000085700000| Untracked 
|  26|0x0000000085800000, 0x0000000085800000, 0x0000000085900000|  0%| F|  |TAMS 0x0000000085800000, 0x0000000085800000| Untracked 
|  27|0x0000000085900000, 0x0000000085900000, 0x0000000085a00000|  0%| F|  |TAMS 0x0000000085900000, 0x0000000085900000| Untracked 
|  28|0x0000000085a00000, 0x0000000085a00000, 0x0000000085b00000|  0%| F|  |TAMS 0x0000000085a00000, 0x0000000085a00000| Untracked 
|  29|0x0000000085b00000, 0x0000000085b00000, 0x0000000085c00000|  0%| F|  |TAMS 0x0000000085b00000, 0x0000000085b00000| Untracked 
|  30|0x0000000085c00000, 0x0000000085c00000, 0x0000000085d00000|  0%| F|  |TAMS 0x0000000085c00000, 0x0000000085c00000| Untracked 
|  31|0x0000000085d00000, 0x0000000085d00000, 0x0000000085e00000|  0%| F|  |TAMS 0x0000000085d00000, 0x0000000085d00000| Untracked 
|  32|0x0000000085e00000, 0x0000000085e00000, 0x0000000085f00000|  0%| F|  |TAMS 0x0000000085e00000, 0x0000000085e00000| Untracked 
|  33|0x0000000085f00000, 0x0000000085f00000, 0x0000000086000000|  0%| F|  |TAMS 0x0000000085f00000, 0x0000000085f00000| Untracked 
|  34|0x0000000086000000, 0x0000000086000000, 0x0000000086100000|  0%| F|  |TAMS 0x0000000086000000, 0x0000000086000000| Untracked 
|  35|0x0000000086100000, 0x0000000086100000, 0x0000000086200000|  0%| F|  |TAMS 0x0000000086100000, 0x0000000086100000| Untracked 
|  36|0x0000000086200000, 0x0000000086200000, 0x0000000086300000|  0%| F|  |TAMS 0x0000000086200000, 0x0000000086200000| Untracked 
|  37|0x0000000086300000, 0x0000000086300000, 0x0000000086400000|  0%| F|  |TAMS 0x0000000086300000, 0x0000000086300000| Untracked 
|  38|0x0000000086400000, 0x0000000086400000, 0x0000000086500000|  0%| F|  |TAMS 0x0000000086400000, 0x0000000086400000| Untracked 
|  39|0x0000000086500000, 0x0000000086500000, 0x0000000086600000|  0%| F|  |TAMS 0x0000000086500000, 0x0000000086500000| Untracked 
|  40|0x0000000086600000, 0x0000000086600000, 0x0000000086700000|  0%| F|  |TAMS 0x0000000086600000, 0x0000000086600000| Untracked 
|  41|0x0000000086700000, 0x0000000086700000, 0x0000000086800000|  0%| F|  |TAMS 0x0000000086700000, 0x0000000086700000| Untracked 
|  42|0x0000000086800000, 0x0000000086800000, 0x0000000086900000|  0%| F|  |TAMS 0x0000000086800000, 0x0000000086800000| Untracked 
|  43|0x0000000086900000, 0x0000000086900000, 0x0000000086a00000|  0%| F|  |TAMS 0x0000000086900000, 0x0000000086900000| Untracked 
|  44|0x0000000086a00000, 0x0000000086a00000, 0x0000000086b00000|  0%| F|  |TAMS 0x0000000086a00000, 0x0000000086a00000| Untracked 
|  45|0x0000000086b00000, 0x0000000086b00000, 0x0000000086c00000|  0%| F|  |TAMS 0x0000000086b00000, 0x0000000086b00000| Untracked 
|  46|0x0000000086c00000, 0x0000000086c00000, 0x0000000086d00000|  0%| F|  |TAMS 0x0000000086c00000, 0x0000000086c00000| Untracked 
|  47|0x0000000086d00000, 0x0000000086d00000, 0x0000000086e00000|  0%| F|  |TAMS 0x0000000086d00000, 0x0000000086d00000| Untracked 
|  48|0x0000000086e00000, 0x0000000086e00000, 0x0000000086f00000|  0%| F|  |TAMS 0x0000000086e00000, 0x0000000086e00000| Untracked 
|  49|0x0000000086f00000, 0x0000000086f00000, 0x0000000087000000|  0%| F|  |TAMS 0x0000000086f00000, 0x0000000086f00000| Untracked 
|  50|0x0000000087000000, 0x0000000087000000, 0x0000000087100000|  0%| F|  |TAMS 0x0000000087000000, 0x0000000087000000| Untracked 
|  51|0x0000000087100000, 0x0000000087100000, 0x0000000087200000|  0%| F|  |TAMS 0x0000000087100000, 0x0000000087100000| Untracked 
|  52|0x0000000087200000, 0x0000000087200000, 0x0000000087300000|  0%| F|  |TAMS 0x0000000087200000, 0x0000000087200000| Untracked 
|  53|0x0000000087300000, 0x0000000087300000, 0x0000000087400000|  0%| F|  |TAMS 0x0000000087300000, 0x0000000087300000| Untracked 
|  54|0x0000000087400000, 0x0000000087400000, 0x0000000087500000|  0%| F|  |TAMS 0x0000000087400000, 0x0000000087400000| Untracked 
|  55|0x0000000087500000, 0x0000000087500000, 0x0000000087600000|  0%| F|  |TAMS 0x0000000087500000, 0x0000000087500000| Untracked 
|  56|0x0000000087600000, 0x0000000087600000, 0x0000000087700000|  0%| F|  |TAMS 0x0000000087600000, 0x0000000087600000| Untracked 
|  57|0x0000000087700000, 0x0000000087700000, 0x0000000087800000|  0%| F|  |TAMS 0x0000000087700000, 0x0000000087700000| Untracked 
|  58|0x0000000087800000, 0x0000000087800000, 0x0000000087900000|  0%| F|  |TAMS 0x0000000087800000, 0x0000000087800000| Untracked 
|  59|0x0000000087900000, 0x0000000087900000, 0x0000000087a00000|  0%| F|  |TAMS 0x0000000087900000, 0x0000000087900000| Untracked 
|  60|0x0000000087a00000, 0x0000000087a00000, 0x0000000087b00000|  0%| F|  |TAMS 0x0000000087a00000, 0x0000000087a00000| Untracked 
|  61|0x0000000087b00000, 0x0000000087b00000, 0x0000000087c00000|  0%| F|  |TAMS 0x0000000087b00000, 0x0000000087b00000| Untracked 
|  62|0x0000000087c00000, 0x0000000087c00000, 0x0000000087d00000|  0%| F|  |TAMS 0x0000000087c00000, 0x0000000087c00000| Untracked 
|  63|0x0000000087d00000, 0x0000000087d00000, 0x0000000087e00000|  0%| F|  |TAMS 0x0000000087d00000, 0x0000000087d00000| Untracked 
|  64|0x0000000087e00000, 0x0000000087e00000, 0x0000000087f00000|  0%| F|  |TAMS 0x0000000087e00000, 0x0000000087e00000| Untracked 
|  65|0x0000000087f00000, 0x0000000087f00000, 0x0000000088000000|  0%| F|  |TAMS 0x0000000087f00000, 0x0000000087f00000| Untracked 
|  66|0x0000000088000000, 0x0000000088000000, 0x0000000088100000|  0%| F|  |TAMS 0x0000000088000000, 0x0000000088000000| Untracked 
|  67|0x0000000088100000, 0x0000000088100000, 0x0000000088200000|  0%| F|  |TAMS 0x0000000088100000, 0x0000000088100000| Untracked 
|  68|0x0000000088200000, 0x0000000088200000, 0x0000000088300000|  0%| F|  |TAMS 0x0000000088200000, 0x0000000088200000| Untracked 
|  69|0x0000000088300000, 0x0000000088300000, 0x0000000088400000|  0%| F|  |TAMS 0x0000000088300000, 0x0000000088300000| Untracked 
|  70|0x0000000088400000, 0x0000000088400000, 0x0000000088500000|  0%| F|  |TAMS 0x0000000088400000, 0x0000000088400000| Untracked 
|  71|0x0000000088500000, 0x0000000088500000, 0x0000000088600000|  0%| F|  |TAMS 0x0000000088500000, 0x0000000088500000| Untracked 
|  72|0x0000000088600000, 0x0000000088600000, 0x0000000088700000|  0%| F|  |TAMS 0x0000000088600000, 0x0000000088600000| Untracked 
|  73|0x0000000088700000, 0x0000000088700000, 0x0000000088800000|  0%| F|  |TAMS 0x0000000088700000, 0x0000000088700000| Untracked 
|  74|0x0000000088800000, 0x0000000088800000, 0x0000000088900000|  0%| F|  |TAMS 0x0000000088800000, 0x0000000088800000| Untracked 
|  75|0x0000000088900000, 0x0000000088900000, 0x0000000088a00000|  0%| F|  |TAMS 0x0000000088900000, 0x0000000088900000| Untracked 
|  76|0x0000000088a00000, 0x0000000088a00000, 0x0000000088b00000|  0%| F|  |TAMS 0x0000000088a00000, 0x0000000088a00000| Untracked 
|  77|0x0000000088b00000, 0x0000000088b00000, 0x0000000088c00000|  0%| F|  |TAMS 0x0000000088b00000, 0x0000000088b00000| Untracked 
|  78|0x0000000088c00000, 0x0000000088c00000, 0x0000000088d00000|  0%| F|  |TAMS 0x0000000088c00000, 0x0000000088c00000| Untracked 
|  79|0x0000000088d00000, 0x0000000088d00000, 0x0000000088e00000|  0%| F|  |TAMS 0x0000000088d00000, 0x0000000088d00000| Untracked 
|  80|0x0000000088e00000, 0x0000000088e00000, 0x0000000088f00000|  0%| F|  |TAMS 0x0000000088e00000, 0x0000000088e00000| Untracked 
|  81|0x0000000088f00000, 0x0000000088f00000, 0x0000000089000000|  0%| F|  |TAMS 0x0000000088f00000, 0x0000000088f00000| Untracked 
|  82|0x0000000089000000, 0x0000000089000000, 0x0000000089100000|  0%| F|  |TAMS 0x0000000089000000, 0x0000000089000000| Untracked 
|  83|0x0000000089100000, 0x0000000089100000, 0x0000000089200000|  0%| F|  |TAMS 0x0000000089100000, 0x0000000089100000| Untracked 
|  84|0x0000000089200000, 0x0000000089200000, 0x0000000089300000|  0%| F|  |TAMS 0x0000000089200000, 0x0000000089200000| Untracked 
|  85|0x0000000089300000, 0x0000000089300000, 0x0000000089400000|  0%| F|  |TAMS 0x0000000089300000, 0x0000000089300000| Untracked 
|  86|0x0000000089400000, 0x0000000089400000, 0x0000000089500000|  0%| F|  |TAMS 0x0000000089400000, 0x0000000089400000| Untracked 
|  87|0x0000000089500000, 0x0000000089500000, 0x0000000089600000|  0%| F|  |TAMS 0x0000000089500000, 0x0000000089500000| Untracked 
|  88|0x0000000089600000, 0x0000000089600000, 0x0000000089700000|  0%| F|  |TAMS 0x0000000089600000, 0x0000000089600000| Untracked 
|  89|0x0000000089700000, 0x0000000089700000, 0x0000000089800000|  0%| F|  |TAMS 0x0000000089700000, 0x0000000089700000| Untracked 
|  90|0x0000000089800000, 0x0000000089800000, 0x0000000089900000|  0%| F|  |TAMS 0x0000000089800000, 0x0000000089800000| Untracked 
|  91|0x0000000089900000, 0x0000000089900000, 0x0000000089a00000|  0%| F|  |TAMS 0x0000000089900000, 0x0000000089900000| Untracked 
|  92|0x0000000089a00000, 0x0000000089a00000, 0x0000000089b00000|  0%| F|  |TAMS 0x0000000089a00000, 0x0000000089a00000| Untracked 
|  93|0x0000000089b00000, 0x0000000089b00000, 0x0000000089c00000|  0%| F|  |TAMS 0x0000000089b00000, 0x0000000089b00000| Untracked 
|  94|0x0000000089c00000, 0x0000000089c00000, 0x0000000089d00000|  0%| F|  |TAMS 0x0000000089c00000, 0x0000000089c00000| Untracked 
|  95|0x0000000089d00000, 0x0000000089d00000, 0x0000000089e00000|  0%| F|  |TAMS 0x0000000089d00000, 0x0000000089d00000| Untracked 
|  96|0x0000000089e00000, 0x0000000089e00000, 0x0000000089f00000|  0%| F|  |TAMS 0x0000000089e00000, 0x0000000089e00000| Untracked 
|  97|0x0000000089f00000, 0x0000000089f00000, 0x000000008a000000|  0%| F|  |TAMS 0x0000000089f00000, 0x0000000089f00000| Untracked 
|  98|0x000000008a000000, 0x000000008a000000, 0x000000008a100000|  0%| F|  |TAMS 0x000000008a000000, 0x000000008a000000| Untracked 
|  99|0x000000008a100000, 0x000000008a100000, 0x000000008a200000|  0%| F|  |TAMS 0x000000008a100000, 0x000000008a100000| Untracked 
| 100|0x000000008a200000, 0x000000008a200000, 0x000000008a300000|  0%| F|  |TAMS 0x000000008a200000, 0x000000008a200000| Untracked 
| 101|0x000000008a300000, 0x000000008a300000, 0x000000008a400000|  0%| F|  |TAMS 0x000000008a300000, 0x000000008a300000| Untracked 
| 102|0x000000008a400000, 0x000000008a400000, 0x000000008a500000|  0%| F|  |TAMS 0x000000008a400000, 0x000000008a400000| Untracked 
| 103|0x000000008a500000, 0x000000008a500000, 0x000000008a600000|  0%| F|  |TAMS 0x000000008a500000, 0x000000008a500000| Untracked 
| 104|0x000000008a600000, 0x000000008a600000, 0x000000008a700000|  0%| F|  |TAMS 0x000000008a600000, 0x000000008a600000| Untracked 
| 105|0x000000008a700000, 0x000000008a700000, 0x000000008a800000|  0%| F|  |TAMS 0x000000008a700000, 0x000000008a700000| Untracked 
| 106|0x000000008a800000, 0x000000008a800000, 0x000000008a900000|  0%| F|  |TAMS 0x000000008a800000, 0x000000008a800000| Untracked 
| 107|0x000000008a900000, 0x000000008a900000, 0x000000008aa00000|  0%| F|  |TAMS 0x000000008a900000, 0x000000008a900000| Untracked 
| 108|0x000000008aa00000, 0x000000008aa00000, 0x000000008ab00000|  0%| F|  |TAMS 0x000000008aa00000, 0x000000008aa00000| Untracked 
| 109|0x000000008ab00000, 0x000000008ab00000, 0x000000008ac00000|  0%| F|  |TAMS 0x000000008ab00000, 0x000000008ab00000| Untracked 
| 110|0x000000008ac00000, 0x000000008ac00000, 0x000000008ad00000|  0%| F|  |TAMS 0x000000008ac00000, 0x000000008ac00000| Untracked 
| 111|0x000000008ad00000, 0x000000008ad76438, 0x000000008ae00000| 46%| E|  |TAMS 0x000000008ad00000, 0x000000008ad00000| Complete 
| 112|0x000000008ae00000, 0x000000008af00000, 0x000000008af00000|100%| E|CS|TAMS 0x000000008ae00000, 0x000000008ae00000| Complete 
| 113|0x000000008af00000, 0x000000008b000000, 0x000000008b000000|100%| E|CS|TAMS 0x000000008af00000, 0x000000008af00000| Complete 
| 114|0x000000008b000000, 0x000000008b100000, 0x000000008b100000|100%| E|CS|TAMS 0x000000008b000000, 0x000000008b000000| Complete 
| 115|0x000000008b100000, 0x000000008b200000, 0x000000008b200000|100%| E|CS|TAMS 0x000000008b100000, 0x000000008b100000| Complete 
| 116|0x000000008b200000, 0x000000008b300000, 0x000000008b300000|100%| E|CS|TAMS 0x000000008b200000, 0x000000008b200000| Complete 
| 117|0x000000008b300000, 0x000000008b400000, 0x000000008b400000|100%| E|CS|TAMS 0x000000008b300000, 0x000000008b300000| Complete 
| 118|0x000000008b400000, 0x000000008b500000, 0x000000008b500000|100%| E|CS|TAMS 0x000000008b400000, 0x000000008b400000| Complete 
| 119|0x000000008b500000, 0x000000008b600000, 0x000000008b600000|100%| E|CS|TAMS 0x000000008b500000, 0x000000008b500000| Complete 
| 120|0x000000008b600000, 0x000000008b700000, 0x000000008b700000|100%| E|CS|TAMS 0x000000008b600000, 0x000000008b600000| Complete 
| 121|0x000000008b700000, 0x000000008b800000, 0x000000008b800000|100%| E|CS|TAMS 0x000000008b700000, 0x000000008b700000| Complete 
| 122|0x000000008b800000, 0x000000008b900000, 0x000000008b900000|100%| E|  |TAMS 0x000000008b800000, 0x000000008b800000| Complete 
| 123|0x000000008b900000, 0x000000008ba00000, 0x000000008ba00000|100%| E|CS|TAMS 0x000000008b900000, 0x000000008b900000| Complete 
| 124|0x000000008ba00000, 0x000000008bb00000, 0x000000008bb00000|100%| E|CS|TAMS 0x000000008ba00000, 0x000000008ba00000| Complete 
| 125|0x000000008bb00000, 0x000000008bc00000, 0x000000008bc00000|100%| E|CS|TAMS 0x000000008bb00000, 0x000000008bb00000| Complete 

Card table byte_map: [0x000002272d020000,0x000002272d410000] _byte_map_base: 0x000002272cc01000

Marking Bits (Prev, Next): (CMBitMap*) 0x00000227160b71b0, (CMBitMap*) 0x00000227160b71f0
 Prev Bits: [0x000002272d800000, 0x000002272f708000)
 Next Bits: [0x000002272f710000, 0x0000022731618000)

Polling page: 0x0000022715830000

Metaspace:

Usage:
  Non-class:      7.51 MB used.
      Class:      1.02 MB used.
       Both:      8.53 MB used.

Virtual space:
  Non-class space:       64.00 MB reserved,       7.56 MB ( 12%) committed,  1 nodes.
      Class space:        1.00 GB reserved,       1.12 MB ( <1%) committed,  1 nodes.
             Both:        1.06 GB reserved,       8.69 MB ( <1%) committed. 

Chunk freelists:
   Non-Class:  5.98 MB
       Class:  14.83 MB
        Both:  20.81 MB

MaxMetaspaceSize: unlimited
CompressedClassSpaceSize: 1.00 GB
Initial GC threshold: 21.00 MB
Current GC threshold: 21.00 MB
CDS: on
MetaspaceReclaimPolicy: balanced
 - commit_granule_bytes: 65536.
 - commit_granule_words: 8192.
 - virtual_space_node_default_size: 8388608.
 - enlarge_chunks_in_place: 1.
 - new_chunks_are_fully_committed: 0.
 - uncommit_free_chunks: 1.
 - use_allocation_guard: 0.
 - handle_deallocations: 1.


Internal statistics:

num_allocs_failed_limit: 0.
num_arena_births: 74.
num_arena_deaths: 0.
num_vsnodes_births: 2.
num_vsnodes_deaths: 0.
num_space_committed: 139.
num_space_uncommitted: 0.
num_chunks_returned_to_freelist: 0.
num_chunks_taken_from_freelist: 373.
num_chunk_merges: 0.
num_chunk_splits: 259.
num_chunks_enlarged: 208.
num_purges: 0.
num_inconsistent_stats: 0.

CodeHeap 'non-profiled nmethods': size=120000Kb used=322Kb max_used=322Kb free=119677Kb
 bounds [0x00000227253d0000, 0x0000022725640000, 0x000002272c900000]
CodeHeap 'profiled nmethods': size=120000Kb used=1884Kb max_used=1884Kb free=118115Kb
 bounds [0x000002271d900000, 0x000002271db70000, 0x0000022724e30000]
CodeHeap 'non-nmethods': size=5760Kb used=1140Kb max_used=1158Kb free=4619Kb
 bounds [0x0000022724e30000, 0x00000227250a0000, 0x00000227253d0000]
 total_blobs=1517 nmethods=1098 adapters=331
 compilation: enabled
              stopped_count=0, restarted_count=0
 full_count=0

Compilation events (20 events):
Event: 0.538 Thread 0x0000022734049460 nmethod 1090 0x000002271dad3c90 code [0x000002271dad3e40, 0x000002271dad4008]
Event: 0.538 Thread 0x0000022734049460 1091       3       java.lang.ref.Reference::refersToImpl (6 bytes)
Event: 0.538 Thread 0x0000022734049460 nmethod 1091 0x000002271dad4090 code [0x000002271dad4220, 0x000002271dad4368]
Event: 0.538 Thread 0x0000022734049460 1092       3       com.sun.tools.javac.code.Types::asSuper (35 bytes)
Event: 0.538 Thread 0x0000022734049460 nmethod 1092 0x000002271dad4410 code [0x000002271dad45e0, 0x000002271dad49a8]
Event: 0.538 Thread 0x0000022734049460 1095       3       com.sun.tools.javac.code.Types$12::visitType (10 bytes)
Event: 0.538 Thread 0x0000022734049460 nmethod 1095 0x000002271dad4b10 code [0x000002271dad4cc0, 0x000002271dad4f38]
Event: 0.538 Thread 0x0000022734049460 1093       3       com.sun.tools.javac.comp.InferenceContext::free (9 bytes)
Event: 0.538 Thread 0x0000022734049460 nmethod 1093 0x000002271dad5010 code [0x000002271dad51c0, 0x000002271dad5388]
Event: 0.538 Thread 0x0000022734049460 1094       3       com.sun.tools.javac.code.Type::containsAny (39 bytes)
Event: 0.539 Thread 0x0000022734049460 nmethod 1094 0x000002271dad5490 code [0x000002271dad56a0, 0x000002271dad5f88]
Event: 0.539 Thread 0x0000022734049460 1096       3       com.sun.tools.javac.code.Symbol::isInterface (19 bytes)
Event: 0.539 Thread 0x0000022734049460 nmethod 1096 0x000002271dad6210 code [0x000002271dad63c0, 0x000002271dad65e8]
Event: 0.539 Thread 0x0000022734049460 1097       3       com.sun.tools.javac.tree.TreeScanner::scan (10 bytes)
Event: 0.539 Thread 0x0000022734049460 nmethod 1097 0x000002271dad6690 code [0x000002271dad6840, 0x000002271dad6a68]
Event: 0.542 Thread 0x0000022734049460 1098       3       com.sun.tools.javac.util.JCDiagnostic$DiagnosticInfo::<init> (26 bytes)
Event: 0.542 Thread 0x0000022734049460 nmethod 1098 0x000002271dad6b10 code [0x000002271dad6cc0, 0x000002271dad6f98]
Event: 0.543 Thread 0x0000022734049460 1099       3       com.sun.tools.javac.comp.Flow$BaseAnalyzer::scan (27 bytes)
Event: 0.545 Thread 0x000002273403fa90 nmethod 997 0x000002272541e590 code [0x000002272541e760, 0x000002272541f128]
Event: 0.545 Thread 0x000002273403fa90  998       4       jdk.internal.jimage.BasicImageReader::getString (35 bytes)

GC Heap History (0 events):
No events

Deoptimization events (20 events):
Event: 0.106 Thread 0x000002271605ae30 DEOPT PACKING pc=0x00000227253dc974 sp=0x000000f22d4fdb30
Event: 0.106 Thread 0x000002271605ae30 DEOPT UNPACKING pc=0x0000022724e823a3 sp=0x000000f22d4fdab0 mode 2
Event: 0.106 Thread 0x000002271605ae30 Uncommon trap: trap_request=0xffffffde fr.pc=0x00000227253dc974 relative=0x0000000000000814
Event: 0.106 Thread 0x000002271605ae30 Uncommon trap: reason=class_check action=maybe_recompile pc=0x00000227253dc974 method=java.util.HashMap.putVal(ILjava/lang/Object;Ljava/lang/Object;ZZ)Ljava/lang/Object; @ 152 c2
Event: 0.106 Thread 0x000002271605ae30 DEOPT PACKING pc=0x00000227253dc974 sp=0x000000f22d4fdb30
Event: 0.106 Thread 0x000002271605ae30 DEOPT UNPACKING pc=0x0000022724e823a3 sp=0x000000f22d4fdab0 mode 2
Event: 0.185 Thread 0x000002271605ae30 DEOPT PACKING pc=0x000002271d926e67 sp=0x000000f22d4f8ae0
Event: 0.185 Thread 0x000002271605ae30 DEOPT UNPACKING pc=0x0000022724e82b43 sp=0x000000f22d4f7f00 mode 0
Event: 0.310 Thread 0x000002271605ae30 Uncommon trap: trap_request=0xffffff45 fr.pc=0x00000227253e2be0 relative=0x0000000000000900
Event: 0.310 Thread 0x000002271605ae30 Uncommon trap: reason=unstable_if action=reinterpret pc=0x00000227253e2be0 method=java.util.HashMap.putVal(ILjava/lang/Object;Ljava/lang/Object;ZZ)Ljava/lang/Object; @ 181 c2
Event: 0.310 Thread 0x000002271605ae30 DEOPT PACKING pc=0x00000227253e2be0 sp=0x000000f22d4fe0b0
Event: 0.310 Thread 0x000002271605ae30 DEOPT UNPACKING pc=0x0000022724e823a3 sp=0x000000f22d4fe060 mode 2
Event: 0.506 Thread 0x000002271605ae30 DEOPT PACKING pc=0x000002271d9d436e sp=0x000000f22d4fdb80
Event: 0.506 Thread 0x000002271605ae30 DEOPT UNPACKING pc=0x0000022724e82b43 sp=0x000000f22d4fd008 mode 0
Event: 0.506 Thread 0x000002271605ae30 DEOPT PACKING pc=0x000002271d9d0cd6 sp=0x000000f22d4fdaa0
Event: 0.506 Thread 0x000002271605ae30 DEOPT UNPACKING pc=0x0000022724e82b43 sp=0x000000f22d4fcf40 mode 0
Event: 0.539 Thread 0x000002271605ae30 Uncommon trap: trap_request=0xffffffc6 fr.pc=0x000002272540bfc0 relative=0x0000000000001200
Event: 0.539 Thread 0x000002271605ae30 Uncommon trap: reason=bimorphic_or_optimized_type_check action=maybe_recompile pc=0x000002272540bfc0 method=java.util.HashMap.putVal(ILjava/lang/Object;Ljava/lang/Object;ZZ)Ljava/lang/Object; @ 56 c2
Event: 0.539 Thread 0x000002271605ae30 DEOPT PACKING pc=0x000002272540bfc0 sp=0x000000f22d4fed20
Event: 0.539 Thread 0x000002271605ae30 DEOPT UNPACKING pc=0x0000022724e823a3 sp=0x000000f22d4feca8 mode 2

Classes unloaded (0 events):
No events

Classes redefined (0 events):
No events

Internal exceptions (20 events):
Event: 0.159 Thread 0x000002271605ae30 Exception <a 'java/lang/NoSuchMethodError'{0x000000008b999f28}: 'void java.lang.invoke.DirectMethodHandle$Holder.invokeStatic(java.lang.Object, java.lang.Object)'> (0x000000008b999f28) 
thrown [s\open\src\hotspot\share\interpreter\linkResolver.cpp, line 759]
Event: 0.164 Thread 0x000002271605ae30 Exception <a 'java/lang/NoSuchMethodError'{0x000000008b9aca48}: 'int java.lang.invoke.DirectMethodHandle$Holder.invokeVirtual(java.lang.Object, java.lang.Object, java.lang.Object)'> (0x000000008b9aca48) 
thrown [s\open\src\hotspot\share\interpreter\linkResolver.cpp, line 759]
Event: 0.165 Thread 0x000002271605ae30 Exception <a 'java/lang/NoSuchMethodError'{0x000000008b9b2fd0}: 'void java.lang.invoke.DirectMethodHandle$Holder.invokeInterface(java.lang.Object, java.lang.Object, java.lang.Object)'> (0x000000008b9b2fd0) 
thrown [s\open\src\hotspot\share\interpreter\linkResolver.cpp, line 759]
Event: 0.236 Thread 0x000002271605ae30 Exception <a 'java/lang/NoSuchMethodError'{0x000000008b73e2d0}: 'int java.lang.invoke.DirectMethodHandle$Holder.invokeStaticInit(java.lang.Object, java.lang.Object)'> (0x000000008b73e2d0) 
thrown [s\open\src\hotspot\share\interpreter\linkResolver.cpp, line 759]
Event: 0.300 Thread 0x000002271605ae30 Exception <a 'java/lang/NoSuchMethodError'{0x000000008b7da7e8}: 'int java.lang.invoke.DirectMethodHandle$Holder.invokeVirtual(java.lang.Object, java.lang.Object)'> (0x000000008b7da7e8) 
thrown [s\open\src\hotspot\share\interpreter\linkResolver.cpp, line 759]
Event: 0.305 Thread 0x000002271605ae30 Exception <a 'java/lang/NoSuchMethodError'{0x000000008b601738}: 'java.lang.Object java.lang.invoke.DirectMethodHandle$Holder.newInvokeSpecial(java.lang.Object, java.lang.Object, java.lang.Object, java.lang.Object, java.lang.Object)'> (0x000000008b601738) 
thrown [s\open\src\hotspot\share\interpreter\linkResolver.cpp, line 759]
Event: 0.307 Thread 0x000002271605ae30 Exception <a 'java/lang/NoSuchMethodError'{0x000000008b60fbd8}: 'java.lang.Object java.lang.invoke.DirectMethodHandle$Holder.newInvokeSpecial(java.lang.Object, java.lang.Object, java.lang.Object, java.lang.Object, java.lang.Object, java.lang.Object)'> (0x000000008b60fbd8) 
thrown [s\open\src\hotspot\share\interpreter\linkResolver.cpp, line 759]
Event: 0.342 Thread 0x000002271605ae30 Exception <a 'java/lang/NoSuchMethodError'{0x000000008b689860}: 'java.lang.Object java.lang.invoke.DirectMethodHandle$Holder.invokeVirtual(java.lang.Object, java.lang.Object, java.lang.Object)'> (0x000000008b689860) 
thrown [s\open\src\hotspot\share\interpreter\linkResolver.cpp, line 759]
Event: 0.348 Thread 0x000002271605ae30 Exception <a 'java/lang/NoSuchMethodError'{0x000000008b6953d8}: 'int java.lang.invoke.DirectMethodHandle$Holder.invokeInterface(java.lang.Object, java.lang.Object)'> (0x000000008b6953d8) 
thrown [s\open\src\hotspot\share\interpreter\linkResolver.cpp, line 759]
Event: 0.374 Thread 0x000002271605ae30 Exception <a 'java/lang/NoSuchMethodError'{0x000000008b6d36a0}: 'java.lang.Object java.lang.invoke.DirectMethodHandle$Holder.invokeStaticInit(java.lang.Object)'> (0x000000008b6d36a0) 
thrown [s\open\src\hotspot\share\interpreter\linkResolver.cpp, line 759]
Event: 0.398 Thread 0x000002271605ae30 Exception <a 'java/lang/NoSuchMethodError'{0x000000008b59aaf8}: 'java.lang.Object java.lang.invoke.DirectMethodHandle$Holder.invokeVirtual(java.lang.Object, java.lang.Object, java.lang.Object, int, int)'> (0x000000008b59aaf8) 
thrown [s\open\src\hotspot\share\interpreter\linkResolver.cpp, line 759]
Event: 0.399 Thread 0x000002271605ae30 Exception <a 'java/lang/NoSuchMethodError'{0x000000008b5a16b8}: 'java.lang.Object java.lang.invoke.DirectMethodHandle$Holder.invokeVirtual(java.lang.Object, java.lang.Object, int)'> (0x000000008b5a16b8) 
thrown [s\open\src\hotspot\share\interpreter\linkResolver.cpp, line 759]
Event: 0.401 Thread 0x000002271605ae30 Exception <a 'java/lang/NoSuchMethodError'{0x000000008b5b7a58}: 'java.lang.Object java.lang.invoke.DirectMethodHandle$Holder.invokeSpecial(java.lang.Object, java.lang.Object, java.lang.Object, int, int)'> (0x000000008b5b7a58) 
thrown [s\open\src\hotspot\share\interpreter\linkResolver.cpp, line 759]
Event: 0.428 Thread 0x000002271605ae30 Exception <a 'sun/nio/fs/WindowsException'{0x000000008b4e1120}> (0x000000008b4e1120) 
thrown [s\open\src\hotspot\share\prims\jni.cpp, line 516]
Event: 0.428 Thread 0x000002271605ae30 Exception <a 'sun/nio/fs/WindowsException'{0x000000008b4e1518}> (0x000000008b4e1518) 
thrown [s\open\src\hotspot\share\prims\jni.cpp, line 516]
Event: 0.465 Thread 0x000002271605ae30 Exception <a 'java/lang/NoSuchMethodError'{0x000000008b177198}: 'java.lang.Object java.lang.invoke.DirectMethodHandle$Holder.invokeStatic(java.lang.Object, java.lang.Object, int, int)'> (0x000000008b177198) 
thrown [s\open\src\hotspot\share\interpreter\linkResolver.cpp, line 759]
Event: 0.467 Thread 0x000002271605ae30 Exception <a 'java/lang/NoSuchMethodError'{0x000000008b182d48}: 'int java.lang.invoke.DirectMethodHandle$Holder.invokeSpecial(java.lang.Object, java.lang.Object, java.lang.Object)'> (0x000000008b182d48) 
thrown [s\open\src\hotspot\share\interpreter\linkResolver.cpp, line 759]
Event: 0.474 Thread 0x000002271605ae30 Exception <a 'java/lang/NoSuchMethodError'{0x000000008b1a9218}: 'java.lang.Object java.lang.invoke.DirectMethodHandle$Holder.invokeInterface(java.lang.Object, java.lang.Object)'> (0x000000008b1a9218) 
thrown [s\open\src\hotspot\share\interpreter\linkResolver.cpp, line 759]
Event: 0.518 Thread 0x000002271605ae30 Exception <a 'java/lang/NoSuchMethodError'{0x000000008ae84950}: 'int java.lang.invoke.DirectMethodHandle$Holder.invokeStatic(java.lang.Object, java.lang.Object, java.lang.Object, java.lang.Object)'> (0x000000008ae84950) 
thrown [s\open\src\hotspot\share\interpreter\linkResolver.cpp, line 759]
Event: 0.533 Thread 0x000002271605ae30 Exception <a 'java/lang/NoSuchMethodError'{0x000000008aeeff08}: 'void java.lang.invoke.DirectMethodHandle$Holder.invokeVirtual(java.lang.Object, java.lang.Object)'> (0x000000008aeeff08) 
thrown [s\open\src\hotspot\share\interpreter\linkResolver.cpp, line 759]

VM Operations (10 events):
Event: 0.058 Executing VM operation: HandshakeAllThreads
Event: 0.058 Executing VM operation: HandshakeAllThreads done
Event: 0.175 Executing VM operation: HandshakeAllThreads
Event: 0.175 Executing VM operation: HandshakeAllThreads done
Event: 0.370 Executing VM operation: HandshakeAllThreads
Event: 0.370 Executing VM operation: HandshakeAllThreads done
Event: 0.376 Executing VM operation: HandshakeAllThreads
Event: 0.376 Executing VM operation: HandshakeAllThreads done
Event: 0.524 Executing VM operation: ICBufferFull
Event: 0.524 Executing VM operation: ICBufferFull done

Events (20 events):
Event: 0.436 loading class java/util/stream/Node$OfInt done
Event: 0.437 loading class java/util/stream/Nodes$EmptyNode$OfInt done
Event: 0.437 loading class java/util/stream/Nodes$EmptyNode$OfLong
Event: 0.437 loading class java/util/stream/Node$OfLong
Event: 0.437 loading class java/util/stream/Node$OfLong done
Event: 0.437 loading class java/util/stream/Nodes$EmptyNode$OfLong done
Event: 0.437 loading class java/util/stream/Nodes$EmptyNode$OfDouble
Event: 0.437 loading class java/util/stream/Node$OfDouble
Event: 0.437 loading class java/util/stream/Node$OfDouble done
Event: 0.437 loading class java/util/stream/Nodes$EmptyNode$OfDouble done
Event: 0.437 loading class java/util/stream/Nodes$SpinedNodeBuilder
Event: 0.437 loading class java/util/stream/Node$Builder
Event: 0.437 loading class java/util/stream/Node$Builder done
Event: 0.437 loading class java/util/stream/Nodes$SpinedNodeBuilder done
Event: 0.476 loading class java/lang/invoke/MethodHandle$1
Event: 0.476 loading class java/lang/invoke/MethodHandle$1 done
Event: 0.521 loading class java/util/stream/Nodes$FixedNodeBuilder
Event: 0.521 loading class java/util/stream/Nodes$ArrayNode
Event: 0.521 loading class java/util/stream/Nodes$ArrayNode done
Event: 0.521 loading class java/util/stream/Nodes$FixedNodeBuilder done


Dynamic libraries:
0x00007ff6390a0000 - 0x00007ff6390b0000 	C:\Program Files\Java\jdk-17\bin\java.exe
0x00007ff99bf10000 - 0x00007ff99c127000 	C:\WINDOWS\SYSTEM32\ntdll.dll
0x00007ff99ac40000 - 0x00007ff99ad04000 	C:\WINDOWS\System32\KERNEL32.DLL
0x00007ff9997c0000 - 0x00007ff999b7a000 	C:\WINDOWS\System32\KERNELBASE.dll
0x00007ff999270000 - 0x00007ff999381000 	C:\WINDOWS\System32\ucrtbase.dll
0x00007ff966650000 - 0x00007ff966669000 	C:\Program Files\Java\jdk-17\bin\jli.dll
0x00007ff967130000 - 0x00007ff96714b000 	C:\Program Files\Java\jdk-17\bin\VCRUNTIME140.dll
0x00007ff99ab40000 - 0x00007ff99abf2000 	C:\WINDOWS\System32\ADVAPI32.dll
0x00007ff99bce0000 - 0x00007ff99bd87000 	C:\WINDOWS\System32\msvcrt.dll
0x00007ff99a010000 - 0x00007ff99a0b7000 	C:\WINDOWS\System32\sechost.dll
0x00007ff999710000 - 0x00007ff999738000 	C:\WINDOWS\System32\bcrypt.dll
0x00007ff99b050000 - 0x00007ff99b164000 	C:\WINDOWS\System32\RPCRT4.dll
0x00007ff999c00000 - 0x00007ff999dae000 	C:\WINDOWS\System32\USER32.dll
0x00007ff9995c0000 - 0x00007ff9995e6000 	C:\WINDOWS\System32\win32u.dll
0x00007ff99bd90000 - 0x00007ff99bdb9000 	C:\WINDOWS\System32\GDI32.dll
0x00007ff9764c0000 - 0x00007ff976752000 	C:\WINDOWS\WinSxS\amd64_microsoft.windows.common-controls_6595b64144ccf1df_6.0.22621.4541_none_2710d1c57384c085\COMCTL32.dll
0x00007ff9995f0000 - 0x00007ff99970b000 	C:\WINDOWS\System32\gdi32full.dll
0x00007ff9991d0000 - 0x00007ff99926a000 	C:\WINDOWS\System32\msvcp_win.dll
0x00007ff98cf90000 - 0x00007ff98cf9a000 	C:\WINDOWS\SYSTEM32\VERSION.dll
0x00007ff967120000 - 0x00007ff96712c000 	C:\Program Files\Java\jdk-17\bin\vcruntime140_1.dll
0x00007ff9665a0000 - 0x00007ff96662e000 	C:\Program Files\Java\jdk-17\bin\msvcp140.dll
0x00007ff9659c0000 - 0x00007ff96659e000 	C:\Program Files\Java\jdk-17\bin\server\jvm.dll
0x00007ff99b040000 - 0x00007ff99b048000 	C:\WINDOWS\System32\PSAPI.DLL
0x00007ff97f8f0000 - 0x00007ff97f8f9000 	C:\WINDOWS\SYSTEM32\WSOCK32.dll
0x00007ff992bb0000 - 0x00007ff992be4000 	C:\WINDOWS\SYSTEM32\WINMM.dll
0x00007ff99af80000 - 0x00007ff99aff1000 	C:\WINDOWS\System32\WS2_32.dll
0x00007ff998210000 - 0x00007ff998228000 	C:\WINDOWS\SYSTEM32\kernel.appcore.dll
0x00007ff966640000 - 0x00007ff96664a000 	C:\Program Files\Java\jdk-17\bin\jimage.dll
0x00007ff993a70000 - 0x00007ff993ca2000 	C:\WINDOWS\SYSTEM32\DBGHELP.DLL
0x00007ff99a6a0000 - 0x00007ff99aa31000 	C:\WINDOWS\System32\combase.dll
0x00007ff99a0c0000 - 0x00007ff99a197000 	C:\WINDOWS\System32\OLEAUT32.dll
0x00007ff98d1b0000 - 0x00007ff98d1e2000 	C:\WINDOWS\SYSTEM32\dbgcore.DLL
0x00007ff999740000 - 0x00007ff9997bb000 	C:\WINDOWS\System32\bcryptPrimitives.dll
0x00007ff9655e0000 - 0x00007ff965605000 	C:\Program Files\Java\jdk-17\bin\java.dll
0x00007ff965430000 - 0x00007ff965507000 	C:\Program Files\Java\jdk-17\bin\jsvml.dll
0x00007ff99b170000 - 0x00007ff99b9e9000 	C:\WINDOWS\System32\SHELL32.dll
0x00007ff997110000 - 0x00007ff997a19000 	C:\WINDOWS\SYSTEM32\windows.storage.dll
0x00007ff996fd0000 - 0x00007ff99710f000 	C:\WINDOWS\SYSTEM32\wintypes.dll
0x00007ff99bdc0000 - 0x00007ff99beba000 	C:\WINDOWS\System32\SHCORE.dll
0x00007ff999e40000 - 0x00007ff999e9e000 	C:\WINDOWS\System32\shlwapi.dll
0x00007ff999100000 - 0x00007ff99912b000 	C:\WINDOWS\SYSTEM32\profapi.dll
0x00007ff98bb90000 - 0x00007ff98bba9000 	C:\Program Files\Java\jdk-17\bin\net.dll
0x00007ff992790000 - 0x00007ff9928c6000 	C:\WINDOWS\SYSTEM32\WINHTTP.dll
0x00007ff998690000 - 0x00007ff9986f9000 	C:\WINDOWS\system32\mswsock.dll
0x00007ff9656c0000 - 0x00007ff9656d6000 	C:\Program Files\Java\jdk-17\bin\nio.dll

dbghelp: loaded successfully - version: 4.0.5 - missing functions: none
symbol engine: initialized successfully - sym options: 0x614 - pdb path: .;C:\Program Files\Java\jdk-17\bin;C:\WINDOWS\SYSTEM32;C:\WINDOWS\WinSxS\amd64_microsoft.windows.common-controls_6595b64144ccf1df_6.0.22621.4541_none_2710d1c57384c085;C:\Program Files\Java\jdk-17\bin\server

VM Arguments:
jvm_args: --add-modules=ALL-DEFAULT 
java_command: jdk.compiler/com.sun.tools.javac.launcher.Main IFBLOCKS1.java
java_class_path (initial): .
Launcher Type: SUN_STANDARD

[Global flags]
     intx CICompilerCount                          = 4                                         {product} {ergonomic}
     uint ConcGCThreads                            = 2                                         {product} {ergonomic}
     uint G1ConcRefinementThreads                  = 8                                         {product} {ergonomic}
   size_t G1HeapRegionSize                         = 1048576                                   {product} {ergonomic}
    uintx GCDrainStackTargetSize                   = 64                                        {product} {ergonomic}
   size_t InitialHeapSize                          = 132120576                                 {product} {ergonomic}
   size_t MarkStackSize                            = 4194304                                   {product} {ergonomic}
   size_t MaxHeapSize                              = 2082471936                                {product} {ergonomic}
   size_t MaxNewSize                               = 1248854016                                {product} {ergonomic}
   size_t MinHeapDeltaBytes                        = 1048576                                   {product} {ergonomic}
   size_t MinHeapSize                              = 8388608                                   {product} {ergonomic}
    uintx NonNMethodCodeHeapSize                   = 5839372                                {pd product} {ergonomic}
    uintx NonProfiledCodeHeapSize                  = 122909434                              {pd product} {ergonomic}
    uintx ProfiledCodeHeapSize                     = 122909434                              {pd product} {ergonomic}
    uintx ReservedCodeCacheSize                    = 251658240                              {pd product} {ergonomic}
     bool SegmentedCodeCache                       = true                                      {product} {ergonomic}
   size_t SoftMaxHeapSize                          = 2082471936                             {manageable} {ergonomic}
     bool UseCompressedClassPointers               = true                           {product lp64_product} {ergonomic}
     bool UseCompressedOops                        = true                           {product lp64_product} {ergonomic}
     bool UseG1GC                                  = true                                      {product} {ergonomic}
     bool UseLargePagesIndividualAllocation        = false                                  {pd product} {ergonomic}

Logging:
Log output configuration:
 #0: stdout all=warning uptime,level,tags
 #1: stderr all=off uptime,level,tags

Environment Variables:
JAVA_HOME=C:\Program Files\Java\jdk-17
PATH=C:\Program Files\Java\jdk-17/bin;C:\Program Files\Java\jdk-17/bin;C:\Program Files\Common Files\Oracle\Java\javapath;;C:\WINDOWS\system32;C:\WINDOWS;C:\WINDOWS\System32\Wbem;C:\WINDOWS\System32\WindowsPowerShell\v1.0\;C:\WINDOWS\System32\OpenSSH\;C:\Program Files (x86)\Microsoft SQL Server\110\Tools\Binn\;C:\Program Files\Microsoft SQL Server\110\Tools\Binn\;C:\Program Files\Microsoft SQL Server\110\DTS\Binn\;C:\Program Files\dotnet\;C:\Program Files\Microsoft SQL Server\Client SDK\ODBC\130\Tools\Binn\;C:\Program Files (x86)\Microsoft SQL Server\140\Tools\Binn\;C:\Program Files\Microsoft SQL Server\140\Tools\Binn\;C:\Program Files\Microsoft SQL Server\140\DTS\Binn\;C:\Program Files (x86)\Microsoft SQL Server\160\DTS\Binn\;C:\Program Files\Azure Data Studio\bin;C:\Program Files\Git\cmd;%COSMOSM%;C:\WINDOWS\system32\config\systemprofile\AppData\Local\Microsoft\WindowsApps
USERNAME=DESKTOP-EI4D21P$
OS=Windows_NT
PROCESSOR_IDENTIFIER=Intel64 Family 6 Model 142 Stepping 12, GenuineIntel



---------------  S Y S T E M  ---------------

OS:
 Windows 11 , 64 bit Build 22621 (10.0.22621.4391)
OS uptime: 6 days 6:14 hours

CPU: total 8 (initial active 8) (4 cores per cpu, 2 threads per core) family 6 model 142 stepping 12 microcode 0xde, cx8, cmov, fxsr, ht, mmx, 3dnowpref, sse, sse2, sse3, ssse3, sse4.1, sse4.2, popcnt, lzcnt, tsc, tscinvbit, avx, avx2, aes, erms, clmul, bmi1, bmi2, adx, fma, vzeroupper, clflush, clflushopt

Memory: 4k page, system-wide physical 7942M (369M free)
TotalPageFile size 32518M (AvailPageFile size 1M)
current process WorkingSet (physical memory assigned to process): 71M, peak: 71M
current process commit charge ("private bytes"): 223M, peak: 223M

vm_info: Java HotSpot(TM) 64-Bit Server VM (17.0.8+9-LTS-211) for windows-amd64 JRE (17.0.8+9-LTS-211), built on Jun 14 2023 10:34:31 by "mach5one" with MS VC++ 17.1 (VS2022)

END.
