#
# There is insufficient memory for the Java Runtime Environment to continue.
# Native memory allocation (mmap) failed to map 65536 bytes for Failed to commit metaspace.
# Possible reasons:
#   The system is out of physical RAM or swap space
#   The process is running with CompressedOops enabled, and the Java Heap may be blocking the growth of the native heap
# Possible solutions:
#   Reduce memory load on the system
#   Increase physical memory or swap space
#   Check if swap backing store is full
#   Decrease Java heap size (-Xmx/-Xms)
#   Decrease number of Java threads
#   Decrease Java thread stack sizes (-Xss)
#   Set larger code cache with -XX:ReservedCodeCacheSize=
#   JVM is running with Unscaled Compressed Oops mode in which the Java heap is
#     placed in the first 4GB address space. The Java Heap base address is the
#     maximum limit for the native heap growth. Please use -XX:HeapBaseMinAddress
#     to set the Java Heap base and to place the Java Heap above 4GB virtual address.
# This output file may be truncated or incomplete.
#
#  Out of Memory Error (virtualSpaceNode.cpp:110), pid=25000, tid=25556
#
# JRE version: Java(TM) SE Runtime Environment (17.0.8+9) (build 17.0.8+9-LTS-211)
# Java VM: Java HotSpot(TM) 64-Bit Server VM (17.0.8+9-LTS-211, mixed mode, sharing, tiered, compressed oops, compressed class ptrs, g1 gc, windows-amd64)
# No core dump will be written. Minidumps are not enabled by default on client versions of Windows
#

---------------  S U M M A R Y ------------

Command Line: --add-modules=ALL-DEFAULT jdk.compiler/com.sun.tools.javac.launcher.Main IFBLOCKS1.java

Host: Intel(R) Core(TM) i5-10210U CPU @ 1.60GHz, 8 cores, 7G,  Windows 11 , 64 bit Build 22621 (10.0.22621.3672)
Time: Wed Aug  7 17:14:31 2024 India Standard Time elapsed time: 0.940668 seconds (0d 0h 0m 0s)

---------------  T H R E A D  ---------------

Current thread (0x0000026e74839e50):  JavaThread "main" [_thread_in_vm, id=25556, stack(0x000000bdaa900000,0x000000bdaaa00000)]

Stack: [0x000000bdaa900000,0x000000bdaaa00000]
Native frames: (J=compiled Java code, j=interpreted, Vv=VM code, C=native code)
V  [jvm.dll+0x677d0a]
V  [jvm.dll+0x7d8c54]
V  [jvm.dll+0x7da3fe]
V  [jvm.dll+0x7daa63]
V  [jvm.dll+0x245c5f]
V  [jvm.dll+0x7d4d5b]
V  [jvm.dll+0x61dcf6]
V  [jvm.dll+0x1c0127]
V  [jvm.dll+0x620650]
V  [jvm.dll+0x61e6b6]
V  [jvm.dll+0x23b666]
V  [jvm.dll+0x1ea657]
V  [jvm.dll+0x1e02f1]
V  [jvm.dll+0x53ddbc]
V  [jvm.dll+0x7538ed]
V  [jvm.dll+0x75384a]
V  [jvm.dll+0x40c103]
V  [jvm.dll+0x41f83c]
C  [java.dll+0x1657]

Java frames: (J=compiled Java code, j=interpreted, Vv=VM code)
j  java.lang.ClassLoader.defineClass0(Ljava/lang/ClassLoader;Ljava/lang/Class;Ljava/lang/String;[BIILjava/security/ProtectionDomain;ZILjava/lang/Object;)Ljava/lang/Class;+0 java.base@17.0.8
j  java.lang.System$2.defineClass(Ljava/lang/ClassLoader;Ljava/lang/Class;Ljava/lang/String;[BLjava/security/ProtectionDomain;ZILjava/lang/Object;)Ljava/lang/Class;+17 java.base@17.0.8
j  java.lang.invoke.MethodHandles$Lookup$ClassDefiner.defineClass(ZLjava/lang/Object;)Ljava/lang/Class;+54 java.base@17.0.8
j  java.lang.invoke.InvokerBytecodeGenerator.loadMethod([B)Ljava/lang/invoke/MemberName;+16 java.base@17.0.8
j  java.lang.invoke.InvokerBytecodeGenerator.generateCustomizedCode(Ljava/lang/invoke/LambdaForm;Ljava/lang/invoke/MethodType;)Ljava/lang/invoke/MemberName;+30 java.base@17.0.8
j  java.lang.invoke.LambdaForm.compileToBytecode()V+69 java.base@17.0.8
j  java.lang.invoke.DirectMethodHandle.makePreparedLambdaForm(Ljava/lang/invoke/MethodType;I)Ljava/lang/invoke/LambdaForm;+792 java.base@17.0.8
j  java.lang.invoke.DirectMethodHandle.preparedLambdaForm(Ljava/lang/invoke/MethodType;I)Ljava/lang/invoke/LambdaForm;+17 java.base@17.0.8
j  java.lang.invoke.DirectMethodHandle.preparedLambdaForm(Ljava/lang/invoke/MemberName;Z)Ljava/lang/invoke/LambdaForm;+159 java.base@17.0.8
j  java.lang.invoke.DirectMethodHandle.make(BLjava/lang/Class;Ljava/lang/invoke/MemberName;Ljava/lang/Class;)Ljava/lang/invoke/DirectMethodHandle;+140 java.base@17.0.8
j  java.lang.invoke.MethodHandles$Lookup.getDirectMethodCommon(BLjava/lang/Class;Ljava/lang/invoke/MemberName;ZZLjava/lang/invoke/MethodHandles$Lookup;)Ljava/lang/invoke/MethodHandle;+210 java.base@17.0.8
j  java.lang.invoke.MethodHandles$Lookup.getDirectMethodNoSecurityManager(BLjava/lang/Class;Ljava/lang/invoke/MemberName;Ljava/lang/invoke/MethodHandles$Lookup;)Ljava/lang/invoke/MethodHandle;+14 java.base@17.0.8
j  java.lang.invoke.MethodHandles$Lookup.getDirectMethodForConstant(BLjava/lang/Class;Ljava/lang/invoke/MemberName;)Ljava/lang/invoke/MethodHandle;+31 java.base@17.0.8
j  java.lang.invoke.MethodHandles$Lookup.linkMethodHandleConstant(BLjava/lang/Class;Ljava/lang/String;Ljava/lang/Object;)Ljava/lang/invoke/MethodHandle;+153 java.base@17.0.8
j  java.lang.invoke.MethodHandleNatives.linkMethodHandleConstant(Ljava/lang/Class;ILjava/lang/Class;Ljava/lang/String;Ljava/lang/Object;)Ljava/lang/invoke/MethodHandle;+38 java.base@17.0.8
v  ~StubRoutines::call_stub
j  com.sun.tools.javac.code.Scope$FilterImportScope.lambda$getSymbolsByName$3(Lcom/sun/tools/javac/util/List;)Ljava/util/Iterator;+1 jdk.compiler@17.0.8
j  com.sun.tools.javac.code.Scope$FilterImportScope$$Lambda$143+0x0000026e141169e0.iterator()Ljava/util/Iterator;+8 jdk.compiler@17.0.8
j  com.sun.tools.javac.code.Scope$CompoundScope.lambda$getSymbolsByName$2(Lcom/sun/tools/javac/util/Name;Ljava/util/function/Predicate;Lcom/sun/tools/javac/code/Scope$LookupKind;Lcom/sun/tools/javac/code/Scope;)Ljava/util/Iterator;+7 jdk.compiler@17.0.8
j  com.sun.tools.javac.code.Scope$CompoundScope$$Lambda$142+0x0000026e141160f8.apply(Ljava/lang/Object;)Ljava/lang/Object;+16 jdk.compiler@17.0.8
j  com.sun.tools.javac.util.Iterators$CompoundIterator.update()V+26 jdk.compiler@17.0.8
j  com.sun.tools.javac.util.Iterators$CompoundIterator.hasNext()Z+20 jdk.compiler@17.0.8
j  com.sun.tools.javac.comp.Resolve.findGlobalType(Lcom/sun/tools/javac/comp/Env;Lcom/sun/tools/javac/code/Scope;Lcom/sun/tools/javac/util/Name;Lcom/sun/tools/javac/comp/Resolve$RecoveryLoadClass;)Lcom/sun/tools/javac/code/Symbol;+20 jdk.compiler@17.0.8
j  com.sun.tools.javac.comp.Resolve.findType(Lcom/sun/tools/javac/comp/Env;Lcom/sun/tools/javac/util/Name;)Lcom/sun/tools/javac/code/Symbol;+487 jdk.compiler@17.0.8
j  com.sun.tools.javac.comp.Resolve.findIdentInternal(Lcom/sun/tools/javac/comp/Env;Lcom/sun/tools/javac/util/Name;Lcom/sun/tools/javac/code/Kinds$KindSelector;)Lcom/sun/tools/javac/code/Symbol;+57 jdk.compiler@17.0.8
j  com.sun.tools.javac.comp.Resolve.findIdent(Lcom/sun/tools/javac/util/JCDiagnostic$DiagnosticPosition;Lcom/sun/tools/javac/comp/Env;Lcom/sun/tools/javac/util/Name;Lcom/sun/tools/javac/code/Kinds$KindSelector;)Lcom/sun/tools/javac/code/Symbol;+8 jdk.compiler@17.0.8
j  com.sun.tools.javac.comp.Resolve.resolveIdent(Lcom/sun/tools/javac/util/JCDiagnostic$DiagnosticPosition;Lcom/sun/tools/javac/comp/Env;Lcom/sun/tools/javac/util/Name;Lcom/sun/tools/javac/code/Kinds$KindSelector;)Lcom/sun/tools/javac/code/Symbol;+7 jdk.compiler@17.0.8
j  com.sun.tools.javac.comp.Attr.visitIdent(Lcom/sun/tools/javac/tree/JCTree$JCIdent;)V+125 jdk.compiler@17.0.8
j  com.sun.tools.javac.tree.JCTree$JCIdent.accept(Lcom/sun/tools/javac/tree/JCTree$Visitor;)V+2 jdk.compiler@17.0.8
j  com.sun.tools.javac.comp.Attr.attribTree(Lcom/sun/tools/javac/tree/JCTree;Lcom/sun/tools/javac/comp/Env;Lcom/sun/tools/javac/comp/Attr$ResultInfo;)Lcom/sun/tools/javac/code/Type;+48 jdk.compiler@17.0.8
j  com.sun.tools.javac.comp.Attr.attribType(Lcom/sun/tools/javac/tree/JCTree;Lcom/sun/tools/javac/comp/Env;Lcom/sun/tools/javac/code/Type;)Lcom/sun/tools/javac/code/Type;+15 jdk.compiler@17.0.8
j  com.sun.tools.javac.comp.Attr.attribType(Lcom/sun/tools/javac/tree/JCTree;Lcom/sun/tools/javac/comp/Env;)Lcom/sun/tools/javac/code/Type;+6 jdk.compiler@17.0.8
j  com.sun.tools.javac.comp.Attr.visitTypeArray(Lcom/sun/tools/javac/tree/JCTree$JCArrayTypeTree;)V+9 jdk.compiler@17.0.8
j  com.sun.tools.javac.tree.JCTree$JCArrayTypeTree.accept(Lcom/sun/tools/javac/tree/JCTree$Visitor;)V+2 jdk.compiler@17.0.8
j  com.sun.tools.javac.comp.Attr.attribTree(Lcom/sun/tools/javac/tree/JCTree;Lcom/sun/tools/javac/comp/Env;Lcom/sun/tools/javac/comp/Attr$ResultInfo;)Lcom/sun/tools/javac/code/Type;+48 jdk.compiler@17.0.8
j  com.sun.tools.javac.comp.Attr.attribType(Lcom/sun/tools/javac/tree/JCTree;Lcom/sun/tools/javac/comp/Env;Lcom/sun/tools/javac/code/Type;)Lcom/sun/tools/javac/code/Type;+15 jdk.compiler@17.0.8
j  com.sun.tools.javac.comp.Attr.attribType(Lcom/sun/tools/javac/tree/JCTree;Lcom/sun/tools/javac/comp/Env;)Lcom/sun/tools/javac/code/Type;+6 jdk.compiler@17.0.8
j  com.sun.tools.javac.comp.MemberEnter.visitVarDef(Lcom/sun/tools/javac/tree/JCTree$JCVariableDecl;)V+141 jdk.compiler@17.0.8
j  com.sun.tools.javac.tree.JCTree$JCVariableDecl.accept(Lcom/sun/tools/javac/tree/JCTree$Visitor;)V+2 jdk.compiler@17.0.8
j  com.sun.tools.javac.comp.MemberEnter.memberEnter(Lcom/sun/tools/javac/tree/JCTree;Lcom/sun/tools/javac/comp/Env;)V+12 jdk.compiler@17.0.8
j  com.sun.tools.javac.comp.MemberEnter.signature(Lcom/sun/tools/javac/code/Symbol$MethodSymbol;Lcom/sun/tools/javac/util/List;Lcom/sun/tools/javac/util/List;Lcom/sun/tools/javac/tree/JCTree;Lcom/sun/tools/javac/tree/JCTree$JCVariableDecl;Lcom/sun/tools/javac/util/List;Lcom/sun/tools/javac/comp/Env;)Lcom/sun/tools/javac/code/Type;+54 jdk.compiler@17.0.8
j  com.sun.tools.javac.comp.MemberEnter.visitMethodDef(Lcom/sun/tools/javac/tree/JCTree$JCMethodDecl;)V+139 jdk.compiler@17.0.8
j  com.sun.tools.javac.tree.JCTree$JCMethodDecl.accept(Lcom/sun/tools/javac/tree/JCTree$Visitor;)V+2 jdk.compiler@17.0.8
j  com.sun.tools.javac.comp.MemberEnter.memberEnter(Lcom/sun/tools/javac/tree/JCTree;Lcom/sun/tools/javac/comp/Env;)V+12 jdk.compiler@17.0.8
j  com.sun.tools.javac.comp.MemberEnter.memberEnter(Lcom/sun/tools/javac/util/List;Lcom/sun/tools/javac/comp/Env;)V+18 jdk.compiler@17.0.8
j  com.sun.tools.javac.comp.TypeEnter$MembersPhase.finishClass(Lcom/sun/tools/javac/tree/JCTree$JCClassDecl;Lcom/sun/tools/javac/tree/JCTree;Lcom/sun/tools/javac/comp/Env;)V+182 jdk.compiler@17.0.8
j  com.sun.tools.javac.comp.TypeEnter$MembersPhase.runPhase(Lcom/sun/tools/javac/comp/Env;)V+169 jdk.compiler@17.0.8
j  com.sun.tools.javac.comp.TypeEnter$Phase.doCompleteEnvs(Lcom/sun/tools/javac/util/List;)V+101 jdk.compiler@17.0.8
j  com.sun.tools.javac.comp.TypeEnter$AbstractMembersPhase.doCompleteEnvs(Lcom/sun/tools/javac/util/List;)V+67 jdk.compiler@17.0.8
j  com.sun.tools.javac.comp.TypeEnter$Phase.completeEnvs(Lcom/sun/tools/javac/util/List;)Lcom/sun/tools/javac/util/List;+29 jdk.compiler@17.0.8
j  com.sun.tools.javac.comp.TypeEnter$Phase.completeEnvs(Lcom/sun/tools/javac/util/List;)Lcom/sun/tools/javac/util/List;+124 jdk.compiler@17.0.8
j  com.sun.tools.javac.comp.TypeEnter$Phase.completeEnvs(Lcom/sun/tools/javac/util/List;)Lcom/sun/tools/javac/util/List;+124 jdk.compiler@17.0.8
j  com.sun.tools.javac.comp.TypeEnter$Phase.completeEnvs(Lcom/sun/tools/javac/util/List;)Lcom/sun/tools/javac/util/List;+124 jdk.compiler@17.0.8
j  com.sun.tools.javac.comp.TypeEnter$Phase.completeEnvs(Lcom/sun/tools/javac/util/List;)Lcom/sun/tools/javac/util/List;+124 jdk.compiler@17.0.8
j  com.sun.tools.javac.comp.TypeEnter$Phase.completeEnvs(Lcom/sun/tools/javac/util/List;)Lcom/sun/tools/javac/util/List;+124 jdk.compiler@17.0.8
j  com.sun.tools.javac.comp.TypeEnter.complete(Lcom/sun/tools/javac/code/Symbol;)V+85 jdk.compiler@17.0.8
J 756 c1 com.sun.tools.javac.code.Symbol.complete()V jdk.compiler@17.0.8 (30 bytes) @ 0x0000026e0012f3d4 [0x0000026e0012f240+0x0000000000000194]
j  com.sun.tools.javac.code.Symbol$ClassSymbol.complete()V+6 jdk.compiler@17.0.8
j  com.sun.tools.javac.comp.Enter.complete(Lcom/sun/tools/javac/util/List;Lcom/sun/tools/javac/code/Symbol$ClassSymbol;)V+88 jdk.compiler@17.0.8
j  com.sun.tools.javac.comp.Enter.main(Lcom/sun/tools/javac/util/List;)V+3 jdk.compiler@17.0.8
j  com.sun.tools.javac.main.JavaCompiler.enterTrees(Lcom/sun/tools/javac/util/List;)Lcom/sun/tools/javac/util/List;+64 jdk.compiler@17.0.8
j  com.sun.tools.javac.main.JavaCompiler.compile(Ljava/util/Collection;Ljava/util/Collection;Ljava/lang/Iterable;Ljava/util/Collection;)V+304 jdk.compiler@17.0.8
j  com.sun.tools.javac.api.JavacTaskImpl.lambda$doCall$0()Lcom/sun/tools/javac/main/Main$Result;+45 jdk.compiler@17.0.8
j  com.sun.tools.javac.api.JavacTaskImpl$$Lambda$36+0x0000026e1402f7c0.call()Ljava/lang/Object;+4 jdk.compiler@17.0.8
j  com.sun.tools.javac.api.JavacTaskImpl.invocationHelper(Ljava/util/concurrent/Callable;)Lcom/sun/tools/javac/util/Pair;+20 jdk.compiler@17.0.8
j  com.sun.tools.javac.api.JavacTaskImpl.doCall()Lcom/sun/tools/javac/main/Main$Result;+7 jdk.compiler@17.0.8
j  com.sun.tools.javac.api.JavacTaskImpl.call()Ljava/lang/Boolean;+1 jdk.compiler@17.0.8
j  com.sun.tools.javac.launcher.Main.compile(Ljava/nio/file/Path;Ljava/util/List;Lcom/sun/tools/javac/launcher/Main$Context;)Ljava/lang/String;+95 jdk.compiler@17.0.8
j  com.sun.tools.javac.launcher.Main.run([Ljava/lang/String;[Ljava/lang/String;)V+30 jdk.compiler@17.0.8
j  com.sun.tools.javac.launcher.Main.main([Ljava/lang/String;)V+14 jdk.compiler@17.0.8
v  ~StubRoutines::call_stub

---------------  P R O C E S S  ---------------

Threads class SMR info:
_java_thread_list=0x0000026e581c2c60, length=12, elements={
0x0000026e74839e50, 0x0000026e7f8f0c00, 0x0000026e7f8f1a70, 0x0000026e7f905100,
0x0000026e7f905cb0, 0x0000026e7f908670, 0x0000026e7f909020, 0x0000026e7f90d2b0,
0x0000026e7f916160, 0x0000026e7f924b70, 0x0000026e7f8dc350, 0x0000026e581ede80
}

Java Threads: ( => current thread )
=>0x0000026e74839e50 JavaThread "main" [_thread_in_vm, id=25556, stack(0x000000bdaa900000,0x000000bdaaa00000)]
  0x0000026e7f8f0c00 JavaThread "Reference Handler" daemon [_thread_blocked, id=7720, stack(0x000000bdab000000,0x000000bdab100000)]
  0x0000026e7f8f1a70 JavaThread "Finalizer" daemon [_thread_blocked, id=22368, stack(0x000000bdab100000,0x000000bdab200000)]
  0x0000026e7f905100 JavaThread "Signal Dispatcher" daemon [_thread_blocked, id=15952, stack(0x000000bdab200000,0x000000bdab300000)]
  0x0000026e7f905cb0 JavaThread "Attach Listener" daemon [_thread_blocked, id=14608, stack(0x000000bdab300000,0x000000bdab400000)]
  0x0000026e7f908670 JavaThread "Service Thread" daemon [_thread_blocked, id=26212, stack(0x000000bdab400000,0x000000bdab500000)]
  0x0000026e7f909020 JavaThread "Monitor Deflation Thread" daemon [_thread_blocked, id=24592, stack(0x000000bdab500000,0x000000bdab600000)]
  0x0000026e7f90d2b0 JavaThread "C2 CompilerThread0" daemon [_thread_blocked, id=17596, stack(0x000000bdab600000,0x000000bdab700000)]
  0x0000026e7f916160 JavaThread "C1 CompilerThread0" daemon [_thread_blocked, id=18328, stack(0x000000bdab700000,0x000000bdab800000)]
  0x0000026e7f924b70 JavaThread "Sweeper thread" daemon [_thread_blocked, id=21772, stack(0x000000bdab800000,0x000000bdab900000)]
  0x0000026e7f8dc350 JavaThread "Common-Cleaner" daemon [_thread_blocked, id=23924, stack(0x000000bdab900000,0x000000bdaba00000)]
  0x0000026e581ede80 JavaThread "Notification Thread" daemon [_thread_blocked, id=10596, stack(0x000000bdaba00000,0x000000bdabb00000)]

Other Threads:
  0x0000026e7f8eb000 VMThread "VM Thread" [stack: 0x000000bdaaf00000,0x000000bdab000000] [id=25620]
  0x0000026e581f6340 WatcherThread [stack: 0x000000bdabb00000,0x000000bdabc00000] [id=15948]
  0x0000026e74893c30 GCTaskThread "GC Thread#0" [stack: 0x000000bdaaa00000,0x000000bdaab00000] [id=21720]
  0x0000026e748a53c0 ConcurrentGCThread "G1 Main Marker" [stack: 0x000000bdaab00000,0x000000bdaac00000] [id=21420]
  0x0000026e748a6570 ConcurrentGCThread "G1 Conc#0" [stack: 0x000000bdaac00000,0x000000bdaad00000] [id=15928]
  0x0000026e7490d490 ConcurrentGCThread "G1 Refine#0" [stack: 0x000000bdaad00000,0x000000bdaae00000] [id=19184]
  0x0000026e7490deb0 ConcurrentGCThread "G1 Service" [stack: 0x000000bdaae00000,0x000000bdaaf00000] [id=5864]

Threads with active compile tasks:

VM state: not at safepoint (normal execution)

VM Mutex/Monitor currently owned by a thread:  ([mutex/lock_event])
[0x0000026e748373d0] Metaspace_lock - owner thread: 0x0000026e74839e50

Heap address: 0x0000000083e00000, size: 1986 MB, Compressed Oops mode: 32-bit

CDS archive(s) mapped at: [0x0000026e13000000-0x0000026e13bd0000-0x0000026e13bd0000), size 12386304, SharedBaseAddress: 0x0000026e13000000, ArchiveRelocationMode: 1.
Compressed class space mapped at: 0x0000026e14000000-0x0000026e54000000, reserved size: 1073741824
Narrow klass base: 0x0000026e13000000, Narrow klass shift: 0, Narrow klass range: 0x100000000

GC Precious Log:
 CPUs: 8 total, 8 available
 Memory: 7942M
 Large Page Support: Disabled
 NUMA Support: Disabled
 Compressed Oops: Enabled (32-bit)
 Heap Region Size: 1M
 Heap Min Capacity: 8M
 Heap Initial Capacity: 126M
 Heap Max Capacity: 1986M
 Pre-touch: Disabled
 Parallel Workers: 8
 Concurrent Workers: 2
 Concurrent Refinement Workers: 8
 Periodic GC: Disabled

Heap:
 garbage-first heap   total 129024K, used 10240K [0x0000000083e00000, 0x0000000100000000)
  region size 1024K, 11 young (11264K), 0 survivors (0K)
 Metaspace       used 8108K, committed 8320K, reserved 1114112K
  class space    used 953K, committed 1088K, reserved 1048576K

Heap Regions: E=young(eden), S=young(survivor), O=old, HS=humongous(starts), HC=humongous(continues), CS=collection set, F=free, OA=open archive, CA=closed archive, TAMS=top-at-mark-start (previous, next)
|   0|0x0000000083e00000, 0x0000000083e00000, 0x0000000083f00000|  0%| F|  |TAMS 0x0000000083e00000, 0x0000000083e00000| Untracked 
|   1|0x0000000083f00000, 0x0000000083f00000, 0x0000000084000000|  0%| F|  |TAMS 0x0000000083f00000, 0x0000000083f00000| Untracked 
|   2|0x0000000084000000, 0x0000000084000000, 0x0000000084100000|  0%| F|  |TAMS 0x0000000084000000, 0x0000000084000000| Untracked 
|   3|0x0000000084100000, 0x0000000084100000, 0x0000000084200000|  0%| F|  |TAMS 0x0000000084100000, 0x0000000084100000| Untracked 
|   4|0x0000000084200000, 0x0000000084200000, 0x0000000084300000|  0%| F|  |TAMS 0x0000000084200000, 0x0000000084200000| Untracked 
|   5|0x0000000084300000, 0x0000000084300000, 0x0000000084400000|  0%| F|  |TAMS 0x0000000084300000, 0x0000000084300000| Untracked 
|   6|0x0000000084400000, 0x0000000084400000, 0x0000000084500000|  0%| F|  |TAMS 0x0000000084400000, 0x0000000084400000| Untracked 
|   7|0x0000000084500000, 0x0000000084500000, 0x0000000084600000|  0%| F|  |TAMS 0x0000000084500000, 0x0000000084500000| Untracked 
|   8|0x0000000084600000, 0x0000000084600000, 0x0000000084700000|  0%| F|  |TAMS 0x0000000084600000, 0x0000000084600000| Untracked 
|   9|0x0000000084700000, 0x0000000084700000, 0x0000000084800000|  0%| F|  |TAMS 0x0000000084700000, 0x0000000084700000| Untracked 
|  10|0x0000000084800000, 0x0000000084800000, 0x0000000084900000|  0%| F|  |TAMS 0x0000000084800000, 0x0000000084800000| Untracked 
|  11|0x0000000084900000, 0x0000000084900000, 0x0000000084a00000|  0%| F|  |TAMS 0x0000000084900000, 0x0000000084900000| Untracked 
|  12|0x0000000084a00000, 0x0000000084a00000, 0x0000000084b00000|  0%| F|  |TAMS 0x0000000084a00000, 0x0000000084a00000| Untracked 
|  13|0x0000000084b00000, 0x0000000084b00000, 0x0000000084c00000|  0%| F|  |TAMS 0x0000000084b00000, 0x0000000084b00000| Untracked 
|  14|0x0000000084c00000, 0x0000000084c00000, 0x0000000084d00000|  0%| F|  |TAMS 0x0000000084c00000, 0x0000000084c00000| Untracked 
|  15|0x0000000084d00000, 0x0000000084d00000, 0x0000000084e00000|  0%| F|  |TAMS 0x0000000084d00000, 0x0000000084d00000| Untracked 
|  16|0x0000000084e00000, 0x0000000084e00000, 0x0000000084f00000|  0%| F|  |TAMS 0x0000000084e00000, 0x0000000084e00000| Untracked 
|  17|0x0000000084f00000, 0x0000000084f00000, 0x0000000085000000|  0%| F|  |TAMS 0x0000000084f00000, 0x0000000084f00000| Untracked 
|  18|0x0000000085000000, 0x0000000085000000, 0x0000000085100000|  0%| F|  |TAMS 0x0000000085000000, 0x0000000085000000| Untracked 
|  19|0x0000000085100000, 0x0000000085100000, 0x0000000085200000|  0%| F|  |TAMS 0x0000000085100000, 0x0000000085100000| Untracked 
|  20|0x0000000085200000, 0x0000000085200000, 0x0000000085300000|  0%| F|  |TAMS 0x0000000085200000, 0x0000000085200000| Untracked 
|  21|0x0000000085300000, 0x0000000085300000, 0x0000000085400000|  0%| F|  |TAMS 0x0000000085300000, 0x0000000085300000| Untracked 
|  22|0x0000000085400000, 0x0000000085400000, 0x0000000085500000|  0%| F|  |TAMS 0x0000000085400000, 0x0000000085400000| Untracked 
|  23|0x0000000085500000, 0x0000000085500000, 0x0000000085600000|  0%| F|  |TAMS 0x0000000085500000, 0x0000000085500000| Untracked 
|  24|0x0000000085600000, 0x0000000085600000, 0x0000000085700000|  0%| F|  |TAMS 0x0000000085600000, 0x0000000085600000| Untracked 
|  25|0x0000000085700000, 0x0000000085700000, 0x0000000085800000|  0%| F|  |TAMS 0x0000000085700000, 0x0000000085700000| Untracked 
|  26|0x0000000085800000, 0x0000000085800000, 0x0000000085900000|  0%| F|  |TAMS 0x0000000085800000, 0x0000000085800000| Untracked 
|  27|0x0000000085900000, 0x0000000085900000, 0x0000000085a00000|  0%| F|  |TAMS 0x0000000085900000, 0x0000000085900000| Untracked 
|  28|0x0000000085a00000, 0x0000000085a00000, 0x0000000085b00000|  0%| F|  |TAMS 0x0000000085a00000, 0x0000000085a00000| Untracked 
|  29|0x0000000085b00000, 0x0000000085b00000, 0x0000000085c00000|  0%| F|  |TAMS 0x0000000085b00000, 0x0000000085b00000| Untracked 
|  30|0x0000000085c00000, 0x0000000085c00000, 0x0000000085d00000|  0%| F|  |TAMS 0x0000000085c00000, 0x0000000085c00000| Untracked 
|  31|0x0000000085d00000, 0x0000000085d00000, 0x0000000085e00000|  0%| F|  |TAMS 0x0000000085d00000, 0x0000000085d00000| Untracked 
|  32|0x0000000085e00000, 0x0000000085e00000, 0x0000000085f00000|  0%| F|  |TAMS 0x0000000085e00000, 0x0000000085e00000| Untracked 
|  33|0x0000000085f00000, 0x0000000085f00000, 0x0000000086000000|  0%| F|  |TAMS 0x0000000085f00000, 0x0000000085f00000| Untracked 
|  34|0x0000000086000000, 0x0000000086000000, 0x0000000086100000|  0%| F|  |TAMS 0x0000000086000000, 0x0000000086000000| Untracked 
|  35|0x0000000086100000, 0x0000000086100000, 0x0000000086200000|  0%| F|  |TAMS 0x0000000086100000, 0x0000000086100000| Untracked 
|  36|0x0000000086200000, 0x0000000086200000, 0x0000000086300000|  0%| F|  |TAMS 0x0000000086200000, 0x0000000086200000| Untracked 
|  37|0x0000000086300000, 0x0000000086300000, 0x0000000086400000|  0%| F|  |TAMS 0x0000000086300000, 0x0000000086300000| Untracked 
|  38|0x0000000086400000, 0x0000000086400000, 0x0000000086500000|  0%| F|  |TAMS 0x0000000086400000, 0x0000000086400000| Untracked 
|  39|0x0000000086500000, 0x0000000086500000, 0x0000000086600000|  0%| F|  |TAMS 0x0000000086500000, 0x0000000086500000| Untracked 
|  40|0x0000000086600000, 0x0000000086600000, 0x0000000086700000|  0%| F|  |TAMS 0x0000000086600000, 0x0000000086600000| Untracked 
|  41|0x0000000086700000, 0x0000000086700000, 0x0000000086800000|  0%| F|  |TAMS 0x0000000086700000, 0x0000000086700000| Untracked 
|  42|0x0000000086800000, 0x0000000086800000, 0x0000000086900000|  0%| F|  |TAMS 0x0000000086800000, 0x0000000086800000| Untracked 
|  43|0x0000000086900000, 0x0000000086900000, 0x0000000086a00000|  0%| F|  |TAMS 0x0000000086900000, 0x0000000086900000| Untracked 
|  44|0x0000000086a00000, 0x0000000086a00000, 0x0000000086b00000|  0%| F|  |TAMS 0x0000000086a00000, 0x0000000086a00000| Untracked 
|  45|0x0000000086b00000, 0x0000000086b00000, 0x0000000086c00000|  0%| F|  |TAMS 0x0000000086b00000, 0x0000000086b00000| Untracked 
|  46|0x0000000086c00000, 0x0000000086c00000, 0x0000000086d00000|  0%| F|  |TAMS 0x0000000086c00000, 0x0000000086c00000| Untracked 
|  47|0x0000000086d00000, 0x0000000086d00000, 0x0000000086e00000|  0%| F|  |TAMS 0x0000000086d00000, 0x0000000086d00000| Untracked 
|  48|0x0000000086e00000, 0x0000000086e00000, 0x0000000086f00000|  0%| F|  |TAMS 0x0000000086e00000, 0x0000000086e00000| Untracked 
|  49|0x0000000086f00000, 0x0000000086f00000, 0x0000000087000000|  0%| F|  |TAMS 0x0000000086f00000, 0x0000000086f00000| Untracked 
|  50|0x0000000087000000, 0x0000000087000000, 0x0000000087100000|  0%| F|  |TAMS 0x0000000087000000, 0x0000000087000000| Untracked 
|  51|0x0000000087100000, 0x0000000087100000, 0x0000000087200000|  0%| F|  |TAMS 0x0000000087100000, 0x0000000087100000| Untracked 
|  52|0x0000000087200000, 0x0000000087200000, 0x0000000087300000|  0%| F|  |TAMS 0x0000000087200000, 0x0000000087200000| Untracked 
|  53|0x0000000087300000, 0x0000000087300000, 0x0000000087400000|  0%| F|  |TAMS 0x0000000087300000, 0x0000000087300000| Untracked 
|  54|0x0000000087400000, 0x0000000087400000, 0x0000000087500000|  0%| F|  |TAMS 0x0000000087400000, 0x0000000087400000| Untracked 
|  55|0x0000000087500000, 0x0000000087500000, 0x0000000087600000|  0%| F|  |TAMS 0x0000000087500000, 0x0000000087500000| Untracked 
|  56|0x0000000087600000, 0x0000000087600000, 0x0000000087700000|  0%| F|  |TAMS 0x0000000087600000, 0x0000000087600000| Untracked 
|  57|0x0000000087700000, 0x0000000087700000, 0x0000000087800000|  0%| F|  |TAMS 0x0000000087700000, 0x0000000087700000| Untracked 
|  58|0x0000000087800000, 0x0000000087800000, 0x0000000087900000|  0%| F|  |TAMS 0x0000000087800000, 0x0000000087800000| Untracked 
|  59|0x0000000087900000, 0x0000000087900000, 0x0000000087a00000|  0%| F|  |TAMS 0x0000000087900000, 0x0000000087900000| Untracked 
|  60|0x0000000087a00000, 0x0000000087a00000, 0x0000000087b00000|  0%| F|  |TAMS 0x0000000087a00000, 0x0000000087a00000| Untracked 
|  61|0x0000000087b00000, 0x0000000087b00000, 0x0000000087c00000|  0%| F|  |TAMS 0x0000000087b00000, 0x0000000087b00000| Untracked 
|  62|0x0000000087c00000, 0x0000000087c00000, 0x0000000087d00000|  0%| F|  |TAMS 0x0000000087c00000, 0x0000000087c00000| Untracked 
|  63|0x0000000087d00000, 0x0000000087d00000, 0x0000000087e00000|  0%| F|  |TAMS 0x0000000087d00000, 0x0000000087d00000| Untracked 
|  64|0x0000000087e00000, 0x0000000087e00000, 0x0000000087f00000|  0%| F|  |TAMS 0x0000000087e00000, 0x0000000087e00000| Untracked 
|  65|0x0000000087f00000, 0x0000000087f00000, 0x0000000088000000|  0%| F|  |TAMS 0x0000000087f00000, 0x0000000087f00000| Untracked 
|  66|0x0000000088000000, 0x0000000088000000, 0x0000000088100000|  0%| F|  |TAMS 0x0000000088000000, 0x0000000088000000| Untracked 
|  67|0x0000000088100000, 0x0000000088100000, 0x0000000088200000|  0%| F|  |TAMS 0x0000000088100000, 0x0000000088100000| Untracked 
|  68|0x0000000088200000, 0x0000000088200000, 0x0000000088300000|  0%| F|  |TAMS 0x0000000088200000, 0x0000000088200000| Untracked 
|  69|0x0000000088300000, 0x0000000088300000, 0x0000000088400000|  0%| F|  |TAMS 0x0000000088300000, 0x0000000088300000| Untracked 
|  70|0x0000000088400000, 0x0000000088400000, 0x0000000088500000|  0%| F|  |TAMS 0x0000000088400000, 0x0000000088400000| Untracked 
|  71|0x0000000088500000, 0x0000000088500000, 0x0000000088600000|  0%| F|  |TAMS 0x0000000088500000, 0x0000000088500000| Untracked 
|  72|0x0000000088600000, 0x0000000088600000, 0x0000000088700000|  0%| F|  |TAMS 0x0000000088600000, 0x0000000088600000| Untracked 
|  73|0x0000000088700000, 0x0000000088700000, 0x0000000088800000|  0%| F|  |TAMS 0x0000000088700000, 0x0000000088700000| Untracked 
|  74|0x0000000088800000, 0x0000000088800000, 0x0000000088900000|  0%| F|  |TAMS 0x0000000088800000, 0x0000000088800000| Untracked 
|  75|0x0000000088900000, 0x0000000088900000, 0x0000000088a00000|  0%| F|  |TAMS 0x0000000088900000, 0x0000000088900000| Untracked 
|  76|0x0000000088a00000, 0x0000000088a00000, 0x0000000088b00000|  0%| F|  |TAMS 0x0000000088a00000, 0x0000000088a00000| Untracked 
|  77|0x0000000088b00000, 0x0000000088b00000, 0x0000000088c00000|  0%| F|  |TAMS 0x0000000088b00000, 0x0000000088b00000| Untracked 
|  78|0x0000000088c00000, 0x0000000088c00000, 0x0000000088d00000|  0%| F|  |TAMS 0x0000000088c00000, 0x0000000088c00000| Untracked 
|  79|0x0000000088d00000, 0x0000000088d00000, 0x0000000088e00000|  0%| F|  |TAMS 0x0000000088d00000, 0x0000000088d00000| Untracked 
|  80|0x0000000088e00000, 0x0000000088e00000, 0x0000000088f00000|  0%| F|  |TAMS 0x0000000088e00000, 0x0000000088e00000| Untracked 
|  81|0x0000000088f00000, 0x0000000088f00000, 0x0000000089000000|  0%| F|  |TAMS 0x0000000088f00000, 0x0000000088f00000| Untracked 
|  82|0x0000000089000000, 0x0000000089000000, 0x0000000089100000|  0%| F|  |TAMS 0x0000000089000000, 0x0000000089000000| Untracked 
|  83|0x0000000089100000, 0x0000000089100000, 0x0000000089200000|  0%| F|  |TAMS 0x0000000089100000, 0x0000000089100000| Untracked 
|  84|0x0000000089200000, 0x0000000089200000, 0x0000000089300000|  0%| F|  |TAMS 0x0000000089200000, 0x0000000089200000| Untracked 
|  85|0x0000000089300000, 0x0000000089300000, 0x0000000089400000|  0%| F|  |TAMS 0x0000000089300000, 0x0000000089300000| Untracked 
|  86|0x0000000089400000, 0x0000000089400000, 0x0000000089500000|  0%| F|  |TAMS 0x0000000089400000, 0x0000000089400000| Untracked 
|  87|0x0000000089500000, 0x0000000089500000, 0x0000000089600000|  0%| F|  |TAMS 0x0000000089500000, 0x0000000089500000| Untracked 
|  88|0x0000000089600000, 0x0000000089600000, 0x0000000089700000|  0%| F|  |TAMS 0x0000000089600000, 0x0000000089600000| Untracked 
|  89|0x0000000089700000, 0x0000000089700000, 0x0000000089800000|  0%| F|  |TAMS 0x0000000089700000, 0x0000000089700000| Untracked 
|  90|0x0000000089800000, 0x0000000089800000, 0x0000000089900000|  0%| F|  |TAMS 0x0000000089800000, 0x0000000089800000| Untracked 
|  91|0x0000000089900000, 0x0000000089900000, 0x0000000089a00000|  0%| F|  |TAMS 0x0000000089900000, 0x0000000089900000| Untracked 
|  92|0x0000000089a00000, 0x0000000089a00000, 0x0000000089b00000|  0%| F|  |TAMS 0x0000000089a00000, 0x0000000089a00000| Untracked 
|  93|0x0000000089b00000, 0x0000000089b00000, 0x0000000089c00000|  0%| F|  |TAMS 0x0000000089b00000, 0x0000000089b00000| Untracked 
|  94|0x0000000089c00000, 0x0000000089c00000, 0x0000000089d00000|  0%| F|  |TAMS 0x0000000089c00000, 0x0000000089c00000| Untracked 
|  95|0x0000000089d00000, 0x0000000089d00000, 0x0000000089e00000|  0%| F|  |TAMS 0x0000000089d00000, 0x0000000089d00000| Untracked 
|  96|0x0000000089e00000, 0x0000000089e00000, 0x0000000089f00000|  0%| F|  |TAMS 0x0000000089e00000, 0x0000000089e00000| Untracked 
|  97|0x0000000089f00000, 0x0000000089f00000, 0x000000008a000000|  0%| F|  |TAMS 0x0000000089f00000, 0x0000000089f00000| Untracked 
|  98|0x000000008a000000, 0x000000008a000000, 0x000000008a100000|  0%| F|  |TAMS 0x000000008a000000, 0x000000008a000000| Untracked 
|  99|0x000000008a100000, 0x000000008a100000, 0x000000008a200000|  0%| F|  |TAMS 0x000000008a100000, 0x000000008a100000| Untracked 
| 100|0x000000008a200000, 0x000000008a200000, 0x000000008a300000|  0%| F|  |TAMS 0x000000008a200000, 0x000000008a200000| Untracked 
| 101|0x000000008a300000, 0x000000008a300000, 0x000000008a400000|  0%| F|  |TAMS 0x000000008a300000, 0x000000008a300000| Untracked 
| 102|0x000000008a400000, 0x000000008a400000, 0x000000008a500000|  0%| F|  |TAMS 0x000000008a400000, 0x000000008a400000| Untracked 
| 103|0x000000008a500000, 0x000000008a500000, 0x000000008a600000|  0%| F|  |TAMS 0x000000008a500000, 0x000000008a500000| Untracked 
| 104|0x000000008a600000, 0x000000008a600000, 0x000000008a700000|  0%| F|  |TAMS 0x000000008a600000, 0x000000008a600000| Untracked 
| 105|0x000000008a700000, 0x000000008a700000, 0x000000008a800000|  0%| F|  |TAMS 0x000000008a700000, 0x000000008a700000| Untracked 
| 106|0x000000008a800000, 0x000000008a800000, 0x000000008a900000|  0%| F|  |TAMS 0x000000008a800000, 0x000000008a800000| Untracked 
| 107|0x000000008a900000, 0x000000008a900000, 0x000000008aa00000|  0%| F|  |TAMS 0x000000008a900000, 0x000000008a900000| Untracked 
| 108|0x000000008aa00000, 0x000000008aa00000, 0x000000008ab00000|  0%| F|  |TAMS 0x000000008aa00000, 0x000000008aa00000| Untracked 
| 109|0x000000008ab00000, 0x000000008ab00000, 0x000000008ac00000|  0%| F|  |TAMS 0x000000008ab00000, 0x000000008ab00000| Untracked 
| 110|0x000000008ac00000, 0x000000008ac00000, 0x000000008ad00000|  0%| F|  |TAMS 0x000000008ac00000, 0x000000008ac00000| Untracked 
| 111|0x000000008ad00000, 0x000000008ad00000, 0x000000008ae00000|  0%| F|  |TAMS 0x000000008ad00000, 0x000000008ad00000| Untracked 
| 112|0x000000008ae00000, 0x000000008ae00000, 0x000000008af00000|  0%| F|  |TAMS 0x000000008ae00000, 0x000000008ae00000| Untracked 
| 113|0x000000008af00000, 0x000000008af00000, 0x000000008b000000|  0%| F|  |TAMS 0x000000008af00000, 0x000000008af00000| Untracked 
| 114|0x000000008b000000, 0x000000008b000000, 0x000000008b100000|  0%| F|  |TAMS 0x000000008b000000, 0x000000008b000000| Untracked 
| 115|0x000000008b100000, 0x000000008b176440, 0x000000008b200000| 46%| E|  |TAMS 0x000000008b100000, 0x000000008b100000| Complete 
| 116|0x000000008b200000, 0x000000008b300000, 0x000000008b300000|100%| E|CS|TAMS 0x000000008b200000, 0x000000008b200000| Complete 
| 117|0x000000008b300000, 0x000000008b400000, 0x000000008b400000|100%| E|CS|TAMS 0x000000008b300000, 0x000000008b300000| Complete 
| 118|0x000000008b400000, 0x000000008b500000, 0x000000008b500000|100%| E|CS|TAMS 0x000000008b400000, 0x000000008b400000| Complete 
| 119|0x000000008b500000, 0x000000008b600000, 0x000000008b600000|100%| E|CS|TAMS 0x000000008b500000, 0x000000008b500000| Complete 
| 120|0x000000008b600000, 0x000000008b700000, 0x000000008b700000|100%| E|CS|TAMS 0x000000008b600000, 0x000000008b600000| Complete 
| 121|0x000000008b700000, 0x000000008b800000, 0x000000008b800000|100%| E|CS|TAMS 0x000000008b700000, 0x000000008b700000| Complete 
| 122|0x000000008b800000, 0x000000008b900000, 0x000000008b900000|100%| E|CS|TAMS 0x000000008b800000, 0x000000008b800000| Complete 
| 123|0x000000008b900000, 0x000000008ba00000, 0x000000008ba00000|100%| E|CS|TAMS 0x000000008b900000, 0x000000008b900000| Complete 
| 124|0x000000008ba00000, 0x000000008bb00000, 0x000000008bb00000|100%| E|CS|TAMS 0x000000008ba00000, 0x000000008ba00000| Complete 
| 125|0x000000008bb00000, 0x000000008bc00000, 0x000000008bc00000|100%| E|CS|TAMS 0x000000008bb00000, 0x000000008bb00000| Complete 

Card table byte_map: [0x0000026e7c800000,0x0000026e7cbf0000] _byte_map_base: 0x0000026e7c3e1000

Marking Bits (Prev, Next): (CMBitMap*) 0x0000026e74895250, (CMBitMap*) 0x0000026e74895290
 Prev Bits: [0x0000026e7cfe0000, 0x0000026e7eee8000)
 Next Bits: [0x0000026e0f000000, 0x0000026e10f08000)

Polling page: 0x0000026e73c50000

Metaspace:

Usage:
  Non-class:      6.99 MB used.
      Class:    953.00 KB used.
       Both:      7.92 MB used.

Virtual space:
  Non-class space:       64.00 MB reserved,       7.06 MB ( 11%) committed,  1 nodes.
      Class space:        1.00 GB reserved,       1.06 MB ( <1%) committed,  1 nodes.
             Both:        1.06 GB reserved,       8.12 MB ( <1%) committed. 

Chunk freelists:
   Non-Class:  6.44 MB
       Class:  14.92 MB
        Both:  21.36 MB

MaxMetaspaceSize: unlimited
CompressedClassSpaceSize: 1.00 GB
Initial GC threshold: 21.00 MB
Current GC threshold: 21.00 MB
CDS: on
MetaspaceReclaimPolicy: balanced
 - commit_granule_bytes: 65536.
 - commit_granule_words: 8192.
 - virtual_space_node_default_size: 8388608.
 - enlarge_chunks_in_place: 1.
 - new_chunks_are_fully_committed: 0.
 - uncommit_free_chunks: 1.
 - use_allocation_guard: 0.
 - handle_deallocations: 1.


Internal statistics:

num_allocs_failed_limit: 0.
num_arena_births: 68.
num_arena_deaths: 0.
num_vsnodes_births: 2.
num_vsnodes_deaths: 0.
num_space_committed: 130.
num_space_uncommitted: 0.
num_chunks_returned_to_freelist: 0.
num_chunks_taken_from_freelist: 334.
num_chunk_merges: 0.
num_chunk_splits: 239.
num_chunks_enlarged: 191.
num_purges: 0.
num_inconsistent_stats: 0.

CodeHeap 'non-profiled nmethods': size=120000Kb used=261Kb max_used=261Kb free=119738Kb
 bounds [0x0000026e07ad0000, 0x0000026e07d40000, 0x0000026e0f000000]
CodeHeap 'profiled nmethods': size=120000Kb used=1535Kb max_used=1535Kb free=118464Kb
 bounds [0x0000026e00000000, 0x0000026e00270000, 0x0000026e07530000]
CodeHeap 'non-nmethods': size=5760Kb used=1132Kb max_used=1156Kb free=4627Kb
 bounds [0x0000026e07530000, 0x0000026e077a0000, 0x0000026e07ad0000]
 total_blobs=1317 nmethods=900 adapters=330
 compilation: enabled
              stopped_count=0, restarted_count=0
 full_count=0

Compilation events (20 events):
Event: 0.907 Thread 0x0000026e7f90d2b0 nmethod 835% 0x0000026e07b0c710 code [0x0000026e07b0c8a0, 0x0000026e07b0cad8]
Event: 0.907 Thread 0x0000026e7f90d2b0  788       4       jdk.internal.jimage.ImageStringsReader::charsFromByteBufferLength (81 bytes)
Event: 0.909 Thread 0x0000026e7f916160 nmethod 888 0x0000026e00179010 code [0x0000026e001792e0, 0x0000026e0017a0c8]
Event: 0.909 Thread 0x0000026e7f916160  892       3       jdk.internal.org.objectweb.asm.Frame::getLocal (46 bytes)
Event: 0.910 Thread 0x0000026e7f916160 nmethod 892 0x0000026e0017a610 code [0x0000026e0017a7c0, 0x0000026e0017a9f8]
Event: 0.914 Thread 0x0000026e7f916160  893       3       com.sun.tools.javac.jvm.ClassReader::nextInt (24 bytes)
Event: 0.915 Thread 0x0000026e7f916160 nmethod 893 0x0000026e0017ab10 code [0x0000026e0017acc0, 0x0000026e0017ae28]
Event: 0.916 Thread 0x0000026e7f90d2b0 nmethod 788 0x0000026e07b0cf10 code [0x0000026e07b0d0a0, 0x0000026e07b0d458]
Event: 0.916 Thread 0x0000026e7f90d2b0  797       4       jdk.internal.jimage.ImageStringsReader::stringFromByteBuffer (73 bytes)
Event: 0.917 Thread 0x0000026e7f916160  894       3       com.sun.tools.javac.util.Name::isEmpty (13 bytes)
Event: 0.917 Thread 0x0000026e7f916160 nmethod 894 0x0000026e0017af10 code [0x0000026e0017b0a0, 0x0000026e0017b218]
Event: 0.917 Thread 0x0000026e7f916160  895       3       com.sun.tools.javac.util.Convert::packagePart (12 bytes)
Event: 0.917 Thread 0x0000026e7f916160 nmethod 895 0x0000026e0017b310 code [0x0000026e0017b4c0, 0x0000026e0017b738]
Event: 0.924 Thread 0x0000026e7f916160  896       3       jdk.internal.org.objectweb.asm.MethodWriter::visitFieldInsn (258 bytes)
Event: 0.926 Thread 0x0000026e7f916160 nmethod 896 0x0000026e0017b890 code [0x0000026e0017bb00, 0x0000026e0017c668]
Event: 0.926 Thread 0x0000026e7f916160  897       3       jdk.internal.org.objectweb.asm.SymbolTable::addConstantFieldref (10 bytes)
Event: 0.926 Thread 0x0000026e7f916160 nmethod 897 0x0000026e0017ca90 code [0x0000026e0017cc20, 0x0000026e0017cd68]
Event: 0.931 Thread 0x0000026e7f916160  898       3       java.lang.invoke.DirectMethodHandle::preparedLambdaForm (31 bytes)
Event: 0.932 Thread 0x0000026e7f916160 nmethod 898 0x0000026e0017ce10 code [0x0000026e0017d000, 0x0000026e0017d4a8]
Event: 0.933 Thread 0x0000026e7f916160  900       3       jdk.internal.org.objectweb.asm.Frame::getAbstractTypeFromDescriptor (415 bytes)

GC Heap History (0 events):
No events

Deoptimization events (14 events):
Event: 0.383 Thread 0x0000026e74839e50 DEOPT PACKING pc=0x0000026e0002b6e7 sp=0x000000bdaa9faba0
Event: 0.383 Thread 0x0000026e74839e50 DEOPT UNPACKING pc=0x0000026e07582b43 sp=0x000000bdaa9f9fc0 mode 0
Event: 0.593 Thread 0x0000026e74839e50 Uncommon trap: trap_request=0xffffff45 fr.pc=0x0000026e07adce60 relative=0x0000000000000900
Event: 0.593 Thread 0x0000026e74839e50 Uncommon trap: reason=unstable_if action=reinterpret pc=0x0000026e07adce60 method=java.util.HashMap.putVal(ILjava/lang/Object;Ljava/lang/Object;ZZ)Ljava/lang/Object; @ 181 c2
Event: 0.593 Thread 0x0000026e74839e50 DEOPT PACKING pc=0x0000026e07adce60 sp=0x000000bdaa9fe380
Event: 0.593 Thread 0x0000026e74839e50 DEOPT UNPACKING pc=0x0000026e075823a3 sp=0x000000bdaa9fe330 mode 2
Event: 0.820 Thread 0x0000026e74839e50 Uncommon trap: trap_request=0xffffffde fr.pc=0x0000026e07b02e4c relative=0x000000000000050c
Event: 0.820 Thread 0x0000026e74839e50 Uncommon trap: reason=class_check action=maybe_recompile pc=0x0000026e07b02e4c method=java.util.HashMap.getNode(Ljava/lang/Object;)Ljava/util/HashMap$Node; @ 128 c2
Event: 0.820 Thread 0x0000026e74839e50 DEOPT PACKING pc=0x0000026e07b02e4c sp=0x000000bdaa9fe300
Event: 0.820 Thread 0x0000026e74839e50 DEOPT UNPACKING pc=0x0000026e075823a3 sp=0x000000bdaa9fe278 mode 2
Event: 0.905 Thread 0x0000026e74839e50 Uncommon trap: trap_request=0xffffff45 fr.pc=0x0000026e07b03de0 relative=0x0000000000000060
Event: 0.905 Thread 0x0000026e74839e50 Uncommon trap: reason=unstable_if action=reinterpret pc=0x0000026e07b03de0 method=com.sun.tools.javac.jvm.PoolReader.sizeof(I)I @ 1 c2
Event: 0.905 Thread 0x0000026e74839e50 DEOPT PACKING pc=0x0000026e07b03de0 sp=0x000000bdaa9fe1e0
Event: 0.905 Thread 0x0000026e74839e50 DEOPT UNPACKING pc=0x0000026e075823a3 sp=0x000000bdaa9fe170 mode 2

Classes unloaded (0 events):
No events

Classes redefined (0 events):
No events

Internal exceptions (19 events):
Event: 0.288 Thread 0x0000026e74839e50 Exception <a 'java/lang/NoSuchMethodError'{0x000000008b957a90}: 'void java.lang.invoke.DirectMethodHandle$Holder.invokeSpecial(java.lang.Object, java.lang.Object, java.lang.Object)'> (0x000000008b957a90) 
thrown [s\open\src\hotspot\share\interpreter\linkResolver.cpp, line 759]
Event: 0.320 Thread 0x0000026e74839e50 Exception <a 'java/lang/NoSuchMethodError'{0x000000008b999e18}: 'void java.lang.invoke.DirectMethodHandle$Holder.invokeStatic(java.lang.Object, java.lang.Object)'> (0x000000008b999e18) 
thrown [s\open\src\hotspot\share\interpreter\linkResolver.cpp, line 759]
Event: 0.325 Thread 0x0000026e74839e50 Exception <a 'java/lang/NoSuchMethodError'{0x000000008b9ac938}: 'int java.lang.invoke.DirectMethodHandle$Holder.invokeVirtual(java.lang.Object, java.lang.Object, java.lang.Object)'> (0x000000008b9ac938) 
thrown [s\open\src\hotspot\share\interpreter\linkResolver.cpp, line 759]
Event: 0.328 Thread 0x0000026e74839e50 Exception <a 'java/lang/NoSuchMethodError'{0x000000008b9b2ec0}: 'void java.lang.invoke.DirectMethodHandle$Holder.invokeInterface(java.lang.Object, java.lang.Object, java.lang.Object)'> (0x000000008b9b2ec0) 
thrown [s\open\src\hotspot\share\interpreter\linkResolver.cpp, line 759]
Event: 0.469 Thread 0x0000026e74839e50 Exception <a 'java/lang/NoSuchMethodError'{0x000000008b8dc168}: 'int java.lang.invoke.DirectMethodHandle$Holder.invokeStaticInit(java.lang.Object, java.lang.Object)'> (0x000000008b8dc168) 
thrown [s\open\src\hotspot\share\interpreter\linkResolver.cpp, line 759]
Event: 0.572 Thread 0x0000026e74839e50 Exception <a 'java/lang/NoSuchMethodError'{0x000000008b778b30}: 'int java.lang.invoke.DirectMethodHandle$Holder.invokeVirtual(java.lang.Object, java.lang.Object)'> (0x000000008b778b30) 
thrown [s\open\src\hotspot\share\interpreter\linkResolver.cpp, line 759]
Event: 0.582 Thread 0x0000026e74839e50 Exception <a 'java/lang/NoSuchMethodError'{0x000000008b79f480}: 'java.lang.Object java.lang.invoke.DirectMethodHandle$Holder.newInvokeSpecial(java.lang.Object, java.lang.Object, java.lang.Object, java.lang.Object, java.lang.Object)'> (0x000000008b79f480) 
thrown [s\open\src\hotspot\share\interpreter\linkResolver.cpp, line 759]
Event: 0.588 Thread 0x0000026e74839e50 Exception <a 'java/lang/NoSuchMethodError'{0x000000008b7ad920}: 'java.lang.Object java.lang.invoke.DirectMethodHandle$Holder.newInvokeSpecial(java.lang.Object, java.lang.Object, java.lang.Object, java.lang.Object, java.lang.Object, java.lang.Object)'> (0x000000008b7ad920) 
thrown [s\open\src\hotspot\share\interpreter\linkResolver.cpp, line 759]
Event: 0.655 Thread 0x0000026e74839e50 Exception <a 'java/lang/NoSuchMethodError'{0x000000008b627a30}: 'java.lang.Object java.lang.invoke.DirectMethodHandle$Holder.invokeVirtual(java.lang.Object, java.lang.Object, java.lang.Object)'> (0x000000008b627a30) 
thrown [s\open\src\hotspot\share\interpreter\linkResolver.cpp, line 759]
Event: 0.661 Thread 0x0000026e74839e50 Exception <a 'java/lang/NoSuchMethodError'{0x000000008b6335a8}: 'int java.lang.invoke.DirectMethodHandle$Holder.invokeInterface(java.lang.Object, java.lang.Object)'> (0x000000008b6335a8) 
thrown [s\open\src\hotspot\share\interpreter\linkResolver.cpp, line 759]
Event: 0.704 Thread 0x0000026e74839e50 Exception <a 'java/lang/NoSuchMethodError'{0x000000008b671850}: 'java.lang.Object java.lang.invoke.DirectMethodHandle$Holder.invokeStaticInit(java.lang.Object)'> (0x000000008b671850) 
thrown [s\open\src\hotspot\share\interpreter\linkResolver.cpp, line 759]
Event: 0.756 Thread 0x0000026e74839e50 Exception <a 'java/lang/NoSuchMethodError'{0x000000008b538bb8}: 'java.lang.Object java.lang.invoke.DirectMethodHandle$Holder.invokeVirtual(java.lang.Object, java.lang.Object, java.lang.Object, int, int)'> (0x000000008b538bb8) 
thrown [s\open\src\hotspot\share\interpreter\linkResolver.cpp, line 759]
Event: 0.757 Thread 0x0000026e74839e50 Exception <a 'java/lang/NoSuchMethodError'{0x000000008b53f778}: 'java.lang.Object java.lang.invoke.DirectMethodHandle$Holder.invokeVirtual(java.lang.Object, java.lang.Object, int)'> (0x000000008b53f778) 
thrown [s\open\src\hotspot\share\interpreter\linkResolver.cpp, line 759]
Event: 0.764 Thread 0x0000026e74839e50 Exception <a 'java/lang/NoSuchMethodError'{0x000000008b555b18}: 'java.lang.Object java.lang.invoke.DirectMethodHandle$Holder.invokeSpecial(java.lang.Object, java.lang.Object, java.lang.Object, int, int)'> (0x000000008b555b18) 
thrown [s\open\src\hotspot\share\interpreter\linkResolver.cpp, line 759]
Event: 0.809 Thread 0x0000026e74839e50 Exception <a 'sun/nio/fs/WindowsException'{0x000000008b47f4d0}> (0x000000008b47f4d0) 
thrown [s\open\src\hotspot\share\prims\jni.cpp, line 516]
Event: 0.810 Thread 0x0000026e74839e50 Exception <a 'sun/nio/fs/WindowsException'{0x000000008b47f8c8}> (0x000000008b47f8c8) 
thrown [s\open\src\hotspot\share\prims\jni.cpp, line 516]
Event: 0.905 Thread 0x0000026e74839e50 Exception <a 'java/lang/NoSuchMethodError'{0x000000008b114ff8}: 'java.lang.Object java.lang.invoke.DirectMethodHandle$Holder.invokeStatic(java.lang.Object, java.lang.Object, int, int)'> (0x000000008b114ff8) 
thrown [s\open\src\hotspot\share\interpreter\linkResolver.cpp, line 759]
Event: 0.909 Thread 0x0000026e74839e50 Exception <a 'java/lang/NoSuchMethodError'{0x000000008b120ba8}: 'int java.lang.invoke.DirectMethodHandle$Holder.invokeSpecial(java.lang.Object, java.lang.Object, java.lang.Object)'> (0x000000008b120ba8) 
thrown [s\open\src\hotspot\share\interpreter\linkResolver.cpp, line 759]
Event: 0.932 Thread 0x0000026e74839e50 Exception <a 'java/lang/NoSuchMethodError'{0x000000008b147078}: 'java.lang.Object java.lang.invoke.DirectMethodHandle$Holder.invokeInterface(java.lang.Object, java.lang.Object)'> (0x000000008b147078) 
thrown [s\open\src\hotspot\share\interpreter\linkResolver.cpp, line 759]

VM Operations (8 events):
Event: 0.113 Executing VM operation: HandshakeAllThreads
Event: 0.113 Executing VM operation: HandshakeAllThreads done
Event: 0.355 Executing VM operation: HandshakeAllThreads
Event: 0.355 Executing VM operation: HandshakeAllThreads done
Event: 0.696 Executing VM operation: HandshakeAllThreads
Event: 0.696 Executing VM operation: HandshakeAllThreads done
Event: 0.709 Executing VM operation: HandshakeAllThreads
Event: 0.709 Executing VM operation: HandshakeAllThreads done

Events (20 events):
Event: 0.831 loading class java/util/stream/Nodes$EmptyNode done
Event: 0.831 loading class java/util/stream/Nodes$EmptyNode$OfRef done
Event: 0.831 loading class java/util/stream/Nodes$EmptyNode$OfInt
Event: 0.831 loading class java/util/stream/Node$OfInt
Event: 0.831 loading class java/util/stream/Node$OfPrimitive
Event: 0.831 loading class java/util/stream/Node$OfPrimitive done
Event: 0.831 loading class java/util/stream/Node$OfInt done
Event: 0.831 loading class java/util/stream/Nodes$EmptyNode$OfInt done
Event: 0.832 loading class java/util/stream/Nodes$EmptyNode$OfLong
Event: 0.832 loading class java/util/stream/Node$OfLong
Event: 0.832 loading class java/util/stream/Node$OfLong done
Event: 0.832 loading class java/util/stream/Nodes$EmptyNode$OfLong done
Event: 0.832 loading class java/util/stream/Nodes$EmptyNode$OfDouble
Event: 0.832 loading class java/util/stream/Node$OfDouble
Event: 0.833 loading class java/util/stream/Node$OfDouble done
Event: 0.833 loading class java/util/stream/Nodes$EmptyNode$OfDouble done
Event: 0.833 loading class java/util/stream/Nodes$SpinedNodeBuilder
Event: 0.833 loading class java/util/stream/Node$Builder
Event: 0.833 loading class java/util/stream/Node$Builder done
Event: 0.833 loading class java/util/stream/Nodes$SpinedNodeBuilder done


Dynamic libraries:
0x00007ff62eaa0000 - 0x00007ff62eab0000 	C:\Program Files\Java\jdk-17\bin\java.exe
0x00007ffaa3290000 - 0x00007ffaa34a7000 	C:\WINDOWS\SYSTEM32\ntdll.dll
0x00007ffaa1f60000 - 0x00007ffaa2024000 	C:\WINDOWS\System32\KERNEL32.DLL
0x00007ffaa0850000 - 0x00007ffaa0bfd000 	C:\WINDOWS\System32\KERNELBASE.dll
0x00007ffaa0eb0000 - 0x00007ffaa0fc1000 	C:\WINDOWS\System32\ucrtbase.dll
0x00007ffa6cb60000 - 0x00007ffa6cb79000 	C:\Program Files\Java\jdk-17\bin\jli.dll
0x00007ffaa2fe0000 - 0x00007ffaa3092000 	C:\WINDOWS\System32\ADVAPI32.dll
0x00007ffaa1eb0000 - 0x00007ffaa1f57000 	C:\WINDOWS\System32\msvcrt.dll
0x00007ffaa2770000 - 0x00007ffaa2819000 	C:\WINDOWS\System32\sechost.dll
0x00007ffaa05c0000 - 0x00007ffaa05e8000 	C:\WINDOWS\System32\bcrypt.dll
0x00007ffaa3120000 - 0x00007ffaa3234000 	C:\WINDOWS\System32\RPCRT4.dll
0x00007ffa6c490000 - 0x00007ffa6c4ab000 	C:\Program Files\Java\jdk-17\bin\VCRUNTIME140.dll
0x00007ffaa2820000 - 0x00007ffaa29ce000 	C:\WINDOWS\System32\USER32.dll
0x00007ffaa0820000 - 0x00007ffaa0846000 	C:\WINDOWS\System32\win32u.dll
0x00007ffaa30f0000 - 0x00007ffaa3119000 	C:\WINDOWS\System32\GDI32.dll
0x00007ffaa0c00000 - 0x00007ffaa0d19000 	C:\WINDOWS\System32\gdi32full.dll
0x00007ffaa0da0000 - 0x00007ffaa0e3a000 	C:\WINDOWS\System32\msvcp_win.dll
0x00007ffa94410000 - 0x00007ffa9441a000 	C:\WINDOWS\SYSTEM32\VERSION.dll
0x00007ffa73020000 - 0x00007ffa732b3000 	C:\WINDOWS\WinSxS\amd64_microsoft.windows.common-controls_6595b64144ccf1df_6.0.22621.3672_none_2713b9d173822955\COMCTL32.dll
0x00007ffa6c480000 - 0x00007ffa6c48c000 	C:\Program Files\Java\jdk-17\bin\vcruntime140_1.dll
0x00007ffa6c3f0000 - 0x00007ffa6c47e000 	C:\Program Files\Java\jdk-17\bin\msvcp140.dll
0x00007ffa6b810000 - 0x00007ffa6c3ee000 	C:\Program Files\Java\jdk-17\bin\server\jvm.dll
0x00007ffaa3240000 - 0x00007ffaa3248000 	C:\WINDOWS\System32\PSAPI.DLL
0x00007ffa98bd0000 - 0x00007ffa98c04000 	C:\WINDOWS\SYSTEM32\WINMM.dll
0x00007ffa74dd0000 - 0x00007ffa74dd9000 	C:\WINDOWS\SYSTEM32\WSOCK32.dll
0x00007ffaa26f0000 - 0x00007ffaa2761000 	C:\WINDOWS\System32\WS2_32.dll
0x00007ffa9f5f0000 - 0x00007ffa9f608000 	C:\WINDOWS\SYSTEM32\kernel.appcore.dll
0x00007ffa6aee0000 - 0x00007ffa6aeea000 	C:\Program Files\Java\jdk-17\bin\jimage.dll
0x00007ffa9ae80000 - 0x00007ffa9b0b2000 	C:\WINDOWS\SYSTEM32\DBGHELP.DLL
0x00007ffaa29d0000 - 0x00007ffaa2d58000 	C:\WINDOWS\System32\combase.dll
0x00007ffaa13e0000 - 0x00007ffaa14b7000 	C:\WINDOWS\System32\OLEAUT32.dll
0x00007ffa944d0000 - 0x00007ffa94502000 	C:\WINDOWS\SYSTEM32\dbgcore.DLL
0x00007ffaa0d20000 - 0x00007ffaa0d9b000 	C:\WINDOWS\System32\bcryptPrimitives.dll
0x00007ffa6ae80000 - 0x00007ffa6aea5000 	C:\Program Files\Java\jdk-17\bin\java.dll
0x00007ffa6ab30000 - 0x00007ffa6ac07000 	C:\Program Files\Java\jdk-17\bin\jsvml.dll
0x00007ffaa14c0000 - 0x00007ffaa1d1f000 	C:\WINDOWS\System32\SHELL32.dll
0x00007ffa9e510000 - 0x00007ffa9ee0c000 	C:\WINDOWS\SYSTEM32\windows.storage.dll
0x00007ffa9e3d0000 - 0x00007ffa9e50f000 	C:\WINDOWS\SYSTEM32\wintypes.dll
0x00007ffaa0fd0000 - 0x00007ffaa10c4000 	C:\WINDOWS\System32\SHCORE.dll
0x00007ffaa10d0000 - 0x00007ffaa112e000 	C:\WINDOWS\System32\shlwapi.dll
0x00007ffaa04f0000 - 0x00007ffaa0511000 	C:\WINDOWS\SYSTEM32\profapi.dll
0x00007ffa6a430000 - 0x00007ffa6a449000 	C:\Program Files\Java\jdk-17\bin\net.dll
0x00007ffa99b80000 - 0x00007ffa99cb6000 	C:\WINDOWS\SYSTEM32\WINHTTP.dll
0x00007ffa9fa60000 - 0x00007ffa9fac9000 	C:\WINDOWS\system32\mswsock.dll
0x00007ffa6a400000 - 0x00007ffa6a416000 	C:\Program Files\Java\jdk-17\bin\nio.dll

dbghelp: loaded successfully - version: 4.0.5 - missing functions: none
symbol engine: initialized successfully - sym options: 0x614 - pdb path: .;C:\Program Files\Java\jdk-17\bin;C:\WINDOWS\SYSTEM32;C:\WINDOWS\WinSxS\amd64_microsoft.windows.common-controls_6595b64144ccf1df_6.0.22621.3672_none_2713b9d173822955;C:\Program Files\Java\jdk-17\bin\server

VM Arguments:
jvm_args: --add-modules=ALL-DEFAULT 
java_command: jdk.compiler/com.sun.tools.javac.launcher.Main IFBLOCKS1.java
java_class_path (initial): .
Launcher Type: SUN_STANDARD

[Global flags]
     intx CICompilerCount                          = 4                                         {product} {ergonomic}
     uint ConcGCThreads                            = 2                                         {product} {ergonomic}
     uint G1ConcRefinementThreads                  = 8                                         {product} {ergonomic}
   size_t G1HeapRegionSize                         = 1048576                                   {product} {ergonomic}
    uintx GCDrainStackTargetSize                   = 64                                        {product} {ergonomic}
   size_t InitialHeapSize                          = 132120576                                 {product} {ergonomic}
   size_t MarkStackSize                            = 4194304                                   {product} {ergonomic}
   size_t MaxHeapSize                              = 2082471936                                {product} {ergonomic}
   size_t MaxNewSize                               = 1248854016                                {product} {ergonomic}
   size_t MinHeapDeltaBytes                        = 1048576                                   {product} {ergonomic}
   size_t MinHeapSize                              = 8388608                                   {product} {ergonomic}
    uintx NonNMethodCodeHeapSize                   = 5839372                                {pd product} {ergonomic}
    uintx NonProfiledCodeHeapSize                  = 122909434                              {pd product} {ergonomic}
    uintx ProfiledCodeHeapSize                     = 122909434                              {pd product} {ergonomic}
    uintx ReservedCodeCacheSize                    = 251658240                              {pd product} {ergonomic}
     bool SegmentedCodeCache                       = true                                      {product} {ergonomic}
   size_t SoftMaxHeapSize                          = 2082471936                             {manageable} {ergonomic}
     bool UseCompressedClassPointers               = true                           {product lp64_product} {ergonomic}
     bool UseCompressedOops                        = true                           {product lp64_product} {ergonomic}
     bool UseG1GC                                  = true                                      {product} {ergonomic}
     bool UseLargePagesIndividualAllocation        = false                                  {pd product} {ergonomic}

Logging:
Log output configuration:
 #0: stdout all=warning uptime,level,tags
 #1: stderr all=off uptime,level,tags

Environment Variables:
PATH=C:\Program Files\Common Files\Oracle\Java\javapath;;C:\WINDOWS\system32;C:\WINDOWS;C:\WINDOWS\System32\Wbem;C:\WINDOWS\System32\WindowsPowerShell\v1.0\;C:\WINDOWS\System32\OpenSSH\;C:\Program Files (x86)\Microsoft SQL Server\110\Tools\Binn\;C:\Program Files\Microsoft SQL Server\110\Tools\Binn\;C:\Program Files\Microsoft SQL Server\110\DTS\Binn\;C:\Program Files\dotnet\;C:\Program Files\Microsoft SQL Server\Client SDK\ODBC\130\Tools\Binn\;C:\Program Files (x86)\Microsoft SQL Server\140\Tools\Binn\;C:\Program Files\Microsoft SQL Server\140\Tools\Binn\;C:\Program Files\Microsoft SQL Server\140\DTS\Binn\;C:\Program Files (x86)\Microsoft SQL Server\160\DTS\Binn\;C:\Program Files\Azure Data Studio\bin;C:\Program Files\Git\cmd;%COSMOSM%;C:\WINDOWS\system32\config\systemprofile\AppData\Local\Microsoft\WindowsApps
USERNAME=DESKTOP-EI4D21P$
OS=Windows_NT
PROCESSOR_IDENTIFIER=Intel64 Family 6 Model 142 Stepping 12, GenuineIntel



---------------  S Y S T E M  ---------------

OS:
 Windows 11 , 64 bit Build 22621 (10.0.22621.3672)
OS uptime: 4 days 5:09 hours

CPU: total 8 (initial active 8) (4 cores per cpu, 2 threads per core) family 6 model 142 stepping 12 microcode 0xde, cx8, cmov, fxsr, ht, mmx, 3dnowpref, sse, sse2, sse3, ssse3, sse4.1, sse4.2, popcnt, lzcnt, tsc, tscinvbit, avx, avx2, aes, erms, clmul, bmi1, bmi2, adx, fma, vzeroupper, clflush, clflushopt

Memory: 4k page, system-wide physical 7942M (270M free)
TotalPageFile size 32518M (AvailPageFile size 2M)
current process WorkingSet (physical memory assigned to process): 65M, peak: 65M
current process commit charge ("private bytes"): 221M, peak: 221M

vm_info: Java HotSpot(TM) 64-Bit Server VM (17.0.8+9-LTS-211) for windows-amd64 JRE (17.0.8+9-LTS-211), built on Jun 14 2023 10:34:31 by "mach5one" with MS VC++ 17.1 (VS2022)

END.
