#
# There is insufficient memory for the Java Runtime Environment to continue.
# Native memory allocation (mmap) failed to map 2097152 bytes for G1 virtual space
# Possible reasons:
#   The system is out of physical RAM or swap space
#   The process is running with CompressedOops enabled, and the Java Heap may be blocking the growth of the native heap
# Possible solutions:
#   Reduce memory load on the system
#   Increase physical memory or swap space
#   Check if swap backing store is full
#   Decrease Java heap size (-Xmx/-Xms)
#   Decrease number of Java threads
#   Decrease Java thread stack sizes (-Xss)
#   Set larger code cache with -XX:ReservedCodeCacheSize=
#   JVM is running with Unscaled Compressed Oops mode in which the Java heap is
#     placed in the first 4GB address space. The Java Heap base address is the
#     maximum limit for the native heap growth. Please use -XX:HeapBaseMinAddress
#     to set the Java Heap base and to place the Java Heap above 4GB virtual address.
# This output file may be truncated or incomplete.
#
#  Out of Memory Error (os_windows.cpp:3550), pid=14648, tid=6976
#
# JRE version: Java(TM) SE Runtime Environment (17.0.8+9) (build 17.0.8+9-LTS-211)
# Java VM: Java HotSpot(TM) 64-Bit Server VM (17.0.8+9-LTS-211, mixed mode, sharing, tiered, compressed oops, compressed class ptrs, g1 gc, windows-amd64)
# No core dump will be written. Minidumps are not enabled by default on client versions of Windows
#

---------------  S U M M A R Y ------------

Command Line: -Dapplication.home=C:\Program Files\Java\jdk-17 --add-modules=ALL-DEFAULT -Xms8m -Djdk.module.main=jdk.compiler jdk.compiler/com.sun.tools.javac.Main IFBLOCKS1.java

Host: Intel(R) Core(TM) i5-10210U CPU @ 1.60GHz, 8 cores, 7G,  Windows 11 , 64 bit Build 22621 (10.0.22621.3672)
Time: Tue Jul 16 16:03:12 2024 India Standard Time elapsed time: 5.069901 seconds (0d 0h 0m 5s)

---------------  T H R E A D  ---------------

Current thread (0x0000026c0a97edd0):  VMThread "VM Thread" [stack: 0x0000008f2d300000,0x0000008f2d400000] [id=6976]

Stack: [0x0000008f2d300000,0x0000008f2d400000]
Native frames: (J=compiled Java code, j=interpreted, Vv=VM code, C=native code)
V  [jvm.dll+0x677d0a]
V  [jvm.dll+0x7d8c54]
V  [jvm.dll+0x7da3fe]
V  [jvm.dll+0x7daa63]
V  [jvm.dll+0x245c5f]
V  [jvm.dll+0x674bb9]
V  [jvm.dll+0x6694f2]
V  [jvm.dll+0x3031d6]
V  [jvm.dll+0x30a756]
V  [jvm.dll+0x359f9e]
V  [jvm.dll+0x35a1cf]
V  [jvm.dll+0x2da3e8]
V  [jvm.dll+0x2d87f5]
V  [jvm.dll+0x2d7dfc]
V  [jvm.dll+0x31b4cb]
V  [jvm.dll+0x7df26b]
V  [jvm.dll+0x7dffa4]
V  [jvm.dll+0x7e04bd]
V  [jvm.dll+0x7e0894]
V  [jvm.dll+0x7e0960]
V  [jvm.dll+0x788bba]
V  [jvm.dll+0x676b35]
C  [ucrtbase.dll+0x29333]
C  [KERNEL32.DLL+0x1257d]
C  [ntdll.dll+0x5af28]

VM_Operation (0x0000008f2cdfdd00): G1CollectForAllocation, mode: safepoint, requested by thread 0x0000026c0a8bc6c0


---------------  P R O C E S S  ---------------

Threads class SMR info:
_java_thread_list=0x0000026c28aa7c70, length=12, elements={
0x0000026c0a8bc6c0, 0x0000026c0a9829c0, 0x0000026c0a983830, 0x0000026c288595f0,
0x0000026c2885a1a0, 0x0000026c2885cb60, 0x0000026c2885d510, 0x0000026c288627b0,
0x0000026c2888d690, 0x0000026c28890090, 0x0000026c28a8c680, 0x0000026c28adc2f0
}

Java Threads: ( => current thread )
  0x0000026c0a8bc6c0 JavaThread "main" [_thread_blocked, id=15204, stack(0x0000008f2cd00000,0x0000008f2ce00000)]
  0x0000026c0a9829c0 JavaThread "Reference Handler" daemon [_thread_blocked, id=30084, stack(0x0000008f2d400000,0x0000008f2d500000)]
  0x0000026c0a983830 JavaThread "Finalizer" daemon [_thread_blocked, id=22392, stack(0x0000008f2d500000,0x0000008f2d600000)]
  0x0000026c288595f0 JavaThread "Signal Dispatcher" daemon [_thread_blocked, id=1424, stack(0x0000008f2d600000,0x0000008f2d700000)]
  0x0000026c2885a1a0 JavaThread "Attach Listener" daemon [_thread_blocked, id=22792, stack(0x0000008f2d700000,0x0000008f2d800000)]
  0x0000026c2885cb60 JavaThread "Service Thread" daemon [_thread_blocked, id=24544, stack(0x0000008f2d800000,0x0000008f2d900000)]
  0x0000026c2885d510 JavaThread "Monitor Deflation Thread" daemon [_thread_blocked, id=25996, stack(0x0000008f2d900000,0x0000008f2da00000)]
  0x0000026c288627b0 JavaThread "C2 CompilerThread0" daemon [_thread_blocked, id=12648, stack(0x0000008f2da00000,0x0000008f2db00000)]
  0x0000026c2888d690 JavaThread "C1 CompilerThread0" daemon [_thread_blocked, id=19200, stack(0x0000008f2db00000,0x0000008f2dc00000)]
  0x0000026c28890090 JavaThread "Sweeper thread" daemon [_thread_blocked, id=12796, stack(0x0000008f2dc00000,0x0000008f2dd00000)]
  0x0000026c28a8c680 JavaThread "Common-Cleaner" daemon [_thread_blocked, id=25024, stack(0x0000008f2dd00000,0x0000008f2de00000)]
  0x0000026c28adc2f0 JavaThread "Notification Thread" daemon [_thread_blocked, id=27340, stack(0x0000008f2de00000,0x0000008f2df00000)]

Other Threads:
=>0x0000026c0a97edd0 VMThread "VM Thread" [stack: 0x0000008f2d300000,0x0000008f2d400000] [id=6976]
  0x0000026c28aec7a0 WatcherThread [stack: 0x0000008f2df00000,0x0000008f2e000000] [id=2508]
  0x0000026c0a915d90 GCTaskThread "GC Thread#0" [stack: 0x0000008f2ce00000,0x0000008f2cf00000] [id=4344]
  0x0000026c28c3a390 GCTaskThread "GC Thread#1" [stack: 0x0000008f2e000000,0x0000008f2e100000] [id=932]
  0x0000026c28c3aba0 GCTaskThread "GC Thread#2" [stack: 0x0000008f2e100000,0x0000008f2e200000] [id=2900]
  0x0000026c28c3a8f0 GCTaskThread "GC Thread#3" [stack: 0x0000008f2e200000,0x0000008f2e300000] [id=31364]
  0x0000026c28c3a640 GCTaskThread "GC Thread#4" [stack: 0x0000008f2e300000,0x0000008f2e400000] [id=24152]
  0x0000026c28c390c0 GCTaskThread "GC Thread#5" [stack: 0x0000008f2e400000,0x0000008f2e500000] [id=5756]
  0x0000026c0a927520 ConcurrentGCThread "G1 Main Marker" [stack: 0x0000008f2cf00000,0x0000008f2d000000] [id=26844]
  0x0000026c0a9296e0 ConcurrentGCThread "G1 Conc#0" [stack: 0x0000008f2d000000,0x0000008f2d100000] [id=25092]
  0x0000026c0a953160 ConcurrentGCThread "G1 Refine#0" [stack: 0x0000008f2d100000,0x0000008f2d200000] [id=14464]
  0x0000026c0a953b80 ConcurrentGCThread "G1 Service" [stack: 0x0000008f2d200000,0x0000008f2d300000] [id=22720]

Threads with active compile tasks:
C2 CompilerThread0     5466  849       4       java.lang.String::substring (58 bytes)
C1 CompilerThread0     5466  856       3       java.lang.String::indexOf (64 bytes)

VM state: at safepoint (normal execution)

VM Mutex/Monitor currently owned by a thread:  ([mutex/lock_event])
[0x0000026c0a8b6af0] Threads_lock - owner thread: 0x0000026c0a97edd0
[0x0000026c0a8b7090] Heap_lock - owner thread: 0x0000026c0a8bc6c0

Heap address: 0x0000000083e00000, size: 1986 MB, Compressed Oops mode: 32-bit

CDS archive(s) mapped at: [0x0000026c29000000-0x0000026c29bd0000-0x0000026c29bd0000), size 12386304, SharedBaseAddress: 0x0000026c29000000, ArchiveRelocationMode: 1.
Compressed class space mapped at: 0x0000026c2a000000-0x0000026c6a000000, reserved size: 1073741824
Narrow klass base: 0x0000026c29000000, Narrow klass shift: 0, Narrow klass range: 0x100000000

GC Precious Log:
 CPUs: 8 total, 8 available
 Memory: 7942M
 Large Page Support: Disabled
 NUMA Support: Disabled
 Compressed Oops: Enabled (32-bit)
 Heap Region Size: 1M
 Heap Min Capacity: 8M
 Heap Initial Capacity: 8M
 Heap Max Capacity: 1986M
 Pre-touch: Disabled
 Parallel Workers: 8
 Concurrent Workers: 2
 Concurrent Refinement Workers: 8
 Periodic GC: Disabled

Heap:
 garbage-first heap   total 8192K, used 3367K [0x0000000083e00000, 0x0000000100000000)
  region size 1024K, 1 young (1024K), 1 survivors (1024K)
 Metaspace       used 7846K, committed 8000K, reserved 1114112K
  class space    used 919K, committed 1024K, reserved 1048576K

Heap Regions: E=young(eden), S=young(survivor), O=old, HS=humongous(starts), HC=humongous(continues), CS=collection set, F=free, OA=open archive, CA=closed archive, TAMS=top-at-mark-start (previous, next)
|   0|0x0000000083e00000, 0x0000000083f00000, 0x0000000083f00000|100%| O|  |TAMS 0x0000000083e00000, 0x0000000083e00000| Untracked 
|   1|0x0000000083f00000, 0x0000000084000000, 0x0000000084000000|100%| O|  |TAMS 0x0000000083f00000, 0x0000000083f00000| Untracked 
|   2|0x0000000084000000, 0x000000008408ee00, 0x0000000084100000| 55%| O|  |TAMS 0x0000000084000000, 0x0000000084000000| Untracked 
|   3|0x0000000084100000, 0x0000000084100000, 0x0000000084200000|  0%| F|  |TAMS 0x0000000084100000, 0x0000000084100000| Untracked 
|   4|0x0000000084200000, 0x0000000084200000, 0x0000000084300000|  0%| F|  |TAMS 0x0000000084200000, 0x0000000084200000| Untracked 
|   5|0x0000000084300000, 0x0000000084300000, 0x0000000084400000|  0%| F|  |TAMS 0x0000000084300000, 0x0000000084300000| Untracked 
|   6|0x0000000084400000, 0x00000000844bb140, 0x0000000084500000| 73%| S|CS|TAMS 0x0000000084400000, 0x0000000084400000| Complete 
|   7|0x0000000084500000, 0x0000000084500000, 0x0000000084600000|  0%| F|  |TAMS 0x0000000084500000, 0x0000000084500000| Untracked 

Card table byte_map: [0x0000026c21880000,0x0000026c21c70000] _byte_map_base: 0x0000026c21461000

Marking Bits (Prev, Next): (CMBitMap*) 0x0000026c0a9163a0, (CMBitMap*) 0x0000026c0a9163e0
 Prev Bits: [0x0000026c22060000, 0x0000026c23f68000)
 Next Bits: [0x0000026c23f70000, 0x0000026c25e78000)

Polling page: 0x0000026c0a090000

Metaspace:

Usage:
  Non-class:      6.76 MB used.
      Class:    919.14 KB used.
       Both:      7.66 MB used.

Virtual space:
  Non-class space:       64.00 MB reserved,       6.81 MB ( 11%) committed,  1 nodes.
      Class space:        1.00 GB reserved,       1.00 MB ( <1%) committed,  1 nodes.
             Both:        1.06 GB reserved,       7.81 MB ( <1%) committed. 

Chunk freelists:
   Non-Class:  6.62 MB
       Class:  14.95 MB
        Both:  21.58 MB

MaxMetaspaceSize: unlimited
CompressedClassSpaceSize: 1.00 GB
Initial GC threshold: 21.00 MB
Current GC threshold: 21.00 MB
CDS: on
MetaspaceReclaimPolicy: balanced
 - commit_granule_bytes: 65536.
 - commit_granule_words: 8192.
 - virtual_space_node_default_size: 8388608.
 - enlarge_chunks_in_place: 1.
 - new_chunks_are_fully_committed: 0.
 - uncommit_free_chunks: 1.
 - use_allocation_guard: 0.
 - handle_deallocations: 1.


Internal statistics:

num_allocs_failed_limit: 0.
num_arena_births: 62.
num_arena_deaths: 0.
num_vsnodes_births: 2.
num_vsnodes_deaths: 0.
num_space_committed: 125.
num_space_uncommitted: 0.
num_chunks_returned_to_freelist: 0.
num_chunks_taken_from_freelist: 329.
num_chunk_merges: 0.
num_chunk_splits: 233.
num_chunks_enlarged: 177.
num_purges: 0.
num_inconsistent_stats: 0.

CodeHeap 'non-profiled nmethods': size=120000Kb used=259Kb max_used=259Kb free=119740Kb
 bounds [0x0000026c19c30000, 0x0000026c19ea0000, 0x0000026c21160000]
CodeHeap 'profiled nmethods': size=120000Kb used=1361Kb max_used=1361Kb free=118638Kb
 bounds [0x0000026c12160000, 0x0000026c123d0000, 0x0000026c19690000]
CodeHeap 'non-nmethods': size=5760Kb used=1122Kb max_used=1146Kb free=4638Kb
 bounds [0x0000026c19690000, 0x0000026c19900000, 0x0000026c19c30000]
 total_blobs=1255 nmethods=852 adapters=316
 compilation: enabled
              stopped_count=0, restarted_count=0
 full_count=0

Compilation events (20 events):
Event: 2.589 Thread 0x0000026c2888d690 nmethod 844 0x0000026c122afb90 code [0x0000026c122afe00, 0x0000026c122b0888]
Event: 2.589 Thread 0x0000026c288627b0 nmethod 848 0x0000026c19c70190 code [0x0000026c19c70300, 0x0000026c19c703b8]
Event: 2.589 Thread 0x0000026c2888d690  851       3       jdk.internal.jrtfs.JrtPath::isAbsolute (29 bytes)
Event: 2.589 Thread 0x0000026c288627b0  849       4       java.lang.String::substring (58 bytes)
Event: 2.589 Thread 0x0000026c2888d690 nmethod 851 0x0000026c122b0c90 code [0x0000026c122b0ea0, 0x0000026c122b1538]
Event: 2.589 Thread 0x0000026c2888d690  845       3       java.util.stream.Sink$ChainedReference::cancellationRequested (10 bytes)
Event: 2.589 Thread 0x0000026c2888d690 nmethod 845 0x0000026c122b1790 code [0x0000026c122b1940, 0x0000026c122b1b08]
Event: 2.589 Thread 0x0000026c2888d690  850       3       jdk.internal.jrtfs.JrtPath::getFileName (78 bytes)
Event: 2.590 Thread 0x0000026c2888d690 nmethod 850 0x0000026c122b1c10 code [0x0000026c122b1f00, 0x0000026c122b2f28]
Event: 2.590 Thread 0x0000026c2888d690  855       3       java.util.stream.SpinedBuffer::accept (94 bytes)
Event: 2.591 Thread 0x0000026c2888d690 nmethod 855 0x0000026c122b3490 code [0x0000026c122b3680, 0x0000026c122b3fc8]
Event: 2.591 Thread 0x0000026c2888d690  853       3       java.util.stream.ReferencePipeline$3$1::accept (23 bytes)
Event: 2.591 Thread 0x0000026c2888d690 nmethod 853 0x0000026c122b4210 code [0x0000026c122b43c0, 0x0000026c122b4678]
Event: 2.591 Thread 0x0000026c2888d690  846       1       java.util.stream.Sink::cancellationRequested (2 bytes)
Event: 2.591 Thread 0x0000026c2888d690 nmethod 846 0x0000026c19c70490 code [0x0000026c19c70620, 0x0000026c19c706f8]
Event: 2.591 Thread 0x0000026c2888d690  847       1       jdk.internal.jimage.ImageReader$Node::getNameString (5 bytes)
Event: 2.591 Thread 0x0000026c2888d690 nmethod 847 0x0000026c19c70790 code [0x0000026c19c70920, 0x0000026c19c709f8]
Event: 2.591 Thread 0x0000026c2888d690  852       1       java.nio.file.Files$AcceptAllFilter::accept (2 bytes)
Event: 2.591 Thread 0x0000026c2888d690 nmethod 852 0x0000026c19c70a90 code [0x0000026c19c70c20, 0x0000026c19c70cf8]
Event: 2.591 Thread 0x0000026c2888d690  856       3       java.lang.String::indexOf (64 bytes)

GC Heap History (11 events):
Event: 0.531 GC heap before
{Heap before GC invocations=0 (full 0):
 garbage-first heap   total 8192K, used 3072K [0x0000000083e00000, 0x0000000100000000)
  region size 1024K, 3 young (3072K), 0 survivors (0K)
 Metaspace       used 2774K, committed 3008K, reserved 1114112K
  class space    used 355K, committed 448K, reserved 1048576K
}
Event: 0.540 GC heap after
{Heap after GC invocations=1 (full 0):
 garbage-first heap   total 8192K, used 1444K [0x0000000083e00000, 0x0000000100000000)
  region size 1024K, 1 young (1024K), 1 survivors (1024K)
 Metaspace       used 2774K, committed 3008K, reserved 1114112K
  class space    used 355K, committed 448K, reserved 1048576K
}
Event: 0.820 GC heap before
{Heap before GC invocations=1 (full 0):
 garbage-first heap   total 8192K, used 2468K [0x0000000083e00000, 0x0000000100000000)
  region size 1024K, 2 young (2048K), 1 survivors (1024K)
 Metaspace       used 5414K, committed 5632K, reserved 1114112K
  class space    used 642K, committed 768K, reserved 1048576K
}
Event: 0.825 GC heap after
{Heap after GC invocations=2 (full 0):
 garbage-first heap   total 8192K, used 2141K [0x0000000083e00000, 0x0000000100000000)
  region size 1024K, 1 young (1024K), 1 survivors (1024K)
 Metaspace       used 5414K, committed 5632K, reserved 1114112K
  class space    used 642K, committed 768K, reserved 1048576K
}
Event: 1.285 GC heap before
{Heap before GC invocations=2 (full 0):
 garbage-first heap   total 8192K, used 3165K [0x0000000083e00000, 0x0000000100000000)
  region size 1024K, 2 young (2048K), 1 survivors (1024K)
 Metaspace       used 7121K, committed 7296K, reserved 1114112K
  class space    used 836K, committed 896K, reserved 1048576K
}
Event: 1.289 GC heap after
{Heap after GC invocations=3 (full 0):
 garbage-first heap   total 8192K, used 2383K [0x0000000083e00000, 0x0000000100000000)
  region size 1024K, 1 young (1024K), 1 survivors (1024K)
 Metaspace       used 7121K, committed 7296K, reserved 1114112K
  class space    used 836K, committed 896K, reserved 1048576K
}
Event: 1.538 GC heap before
{Heap before GC invocations=3 (full 0):
 garbage-first heap   total 8192K, used 3407K [0x0000000083e00000, 0x0000000100000000)
  region size 1024K, 2 young (2048K), 1 survivors (1024K)
 Metaspace       used 7548K, committed 7680K, reserved 1114112K
  class space    used 883K, committed 960K, reserved 1048576K
}
Event: 1.543 GC heap after
{Heap after GC invocations=4 (full 0):
 garbage-first heap   total 8192K, used 2629K [0x0000000083e00000, 0x0000000100000000)
  region size 1024K, 1 young (1024K), 1 survivors (1024K)
 Metaspace       used 7548K, committed 7680K, reserved 1114112K
  class space    used 883K, committed 960K, reserved 1048576K
}
Event: 1.678 GC heap before
{Heap before GC invocations=4 (full 0):
 garbage-first heap   total 8192K, used 3653K [0x0000000083e00000, 0x0000000100000000)
  region size 1024K, 2 young (2048K), 1 survivors (1024K)
 Metaspace       used 7648K, committed 7808K, reserved 1114112K
  class space    used 890K, committed 960K, reserved 1048576K
}
Event: 1.682 GC heap after
{Heap after GC invocations=5 (full 0):
 garbage-first heap   total 8192K, used 3104K [0x0000000083e00000, 0x0000000100000000)
  region size 1024K, 1 young (1024K), 1 survivors (1024K)
 Metaspace       used 7648K, committed 7808K, reserved 1114112K
  class space    used 890K, committed 960K, reserved 1048576K
}
Event: 2.591 GC heap before
{Heap before GC invocations=5 (full 0):
 garbage-first heap   total 8192K, used 4128K [0x0000000083e00000, 0x0000000100000000)
  region size 1024K, 2 young (2048K), 1 survivors (1024K)
 Metaspace       used 7846K, committed 8000K, reserved 1114112K
  class space    used 919K, committed 1024K, reserved 1048576K
}

Deoptimization events (12 events):
Event: 0.410 Thread 0x0000026c0a8bc6c0 Uncommon trap: trap_request=0xffffff45 fr.pc=0x0000026c19c3d278 relative=0x0000000000000898
Event: 0.410 Thread 0x0000026c0a8bc6c0 Uncommon trap: reason=unstable_if action=reinterpret pc=0x0000026c19c3d278 method=java.util.HashMap.putVal(ILjava/lang/Object;Ljava/lang/Object;ZZ)Ljava/lang/Object; @ 181 c2
Event: 0.410 Thread 0x0000026c0a8bc6c0 DEOPT PACKING pc=0x0000026c19c3d278 sp=0x0000008f2cdfe9b0
Event: 0.410 Thread 0x0000026c0a8bc6c0 DEOPT UNPACKING pc=0x0000026c196e23a3 sp=0x0000008f2cdfe950 mode 2
Event: 0.479 Thread 0x0000026c0a8bc6c0 DEOPT PACKING pc=0x0000026c12189ce7 sp=0x0000008f2cdf9030
Event: 0.479 Thread 0x0000026c0a8bc6c0 DEOPT UNPACKING pc=0x0000026c196e2b43 sp=0x0000008f2cdf8450 mode 0
Event: 0.547 Thread 0x0000026c0a8bc6c0 DEOPT PACKING pc=0x0000026c121885d1 sp=0x0000008f2cdfa560
Event: 0.547 Thread 0x0000026c0a8bc6c0 DEOPT UNPACKING pc=0x0000026c196e2b43 sp=0x0000008f2cdf99d8 mode 0
Event: 1.164 Thread 0x0000026c0a8bc6c0 Uncommon trap: trap_request=0xffffff45 fr.pc=0x0000026c19c52c3c relative=0x00000000000004fc
Event: 1.164 Thread 0x0000026c0a8bc6c0 Uncommon trap: reason=unstable_if action=reinterpret pc=0x0000026c19c52c3c method=java.lang.StringLatin1.replace([BCC)Ljava/lang/String; @ 19 c2
Event: 1.164 Thread 0x0000026c0a8bc6c0 DEOPT PACKING pc=0x0000026c19c52c3c sp=0x0000008f2cdfeb90
Event: 1.164 Thread 0x0000026c0a8bc6c0 DEOPT UNPACKING pc=0x0000026c196e23a3 sp=0x0000008f2cdfeb10 mode 2

Classes unloaded (0 events):
No events

Classes redefined (0 events):
No events

Internal exceptions (18 events):
Event: 0.340 Thread 0x0000026c0a8bc6c0 Exception <a 'java/lang/NoSuchMethodError'{0x00000000844e2c90}: 'void java.lang.invoke.DirectMethodHandle$Holder.invokeSpecial(java.lang.Object, java.lang.Object, java.lang.Object)'> (0x00000000844e2c90) 
thrown [s\open\src\hotspot\share\interpreter\linkResolver.cpp, line 759]
Event: 0.415 Thread 0x0000026c0a8bc6c0 Exception <a 'java/lang/NoSuchMethodError'{0x000000008432a240}: 'int java.lang.invoke.DirectMethodHandle$Holder.invokeVirtual(java.lang.Object, java.lang.Object, java.lang.Object)'> (0x000000008432a240) 
thrown [s\open\src\hotspot\share\interpreter\linkResolver.cpp, line 759]
Event: 0.417 Thread 0x0000026c0a8bc6c0 Exception <a 'java/lang/NoSuchMethodError'{0x0000000084330ae0}: 'void java.lang.invoke.DirectMethodHandle$Holder.invokeInterface(java.lang.Object, java.lang.Object, java.lang.Object)'> (0x0000000084330ae0) 
thrown [s\open\src\hotspot\share\interpreter\linkResolver.cpp, line 759]
Event: 0.639 Thread 0x0000026c0a8bc6c0 Exception <a 'java/lang/NoSuchMethodError'{0x000000008454be40}: 'int java.lang.invoke.DirectMethodHandle$Holder.invokeStaticInit(java.lang.Object, java.lang.Object)'> (0x000000008454be40) 
thrown [s\open\src\hotspot\share\interpreter\linkResolver.cpp, line 759]
Event: 0.814 Thread 0x0000026c0a8bc6c0 Exception <a 'java/lang/NoSuchMethodError'{0x00000000845ed398}: 'int java.lang.invoke.DirectMethodHandle$Holder.invokeVirtual(java.lang.Object, java.lang.Object)'> (0x00000000845ed398) 
thrown [s\open\src\hotspot\share\interpreter\linkResolver.cpp, line 759]
Event: 0.835 Thread 0x0000026c0a8bc6c0 Exception <a 'java/lang/NoSuchMethodError'{0x00000000845158a8}: 'java.lang.Object java.lang.invoke.DirectMethodHandle$Holder.newInvokeSpecial(java.lang.Object, java.lang.Object, java.lang.Object, java.lang.Object, java.lang.Object)'> (0x00000000845158a8) 
thrown [s\open\src\hotspot\share\interpreter\linkResolver.cpp, line 759]
Event: 0.841 Thread 0x0000026c0a8bc6c0 Exception <a 'java/lang/NoSuchMethodError'{0x00000000845244a0}: 'java.lang.Object java.lang.invoke.DirectMethodHandle$Holder.newInvokeSpecial(java.lang.Object, java.lang.Object, java.lang.Object, java.lang.Object, java.lang.Object, java.lang.Object)'> (0x00000000845244a0) 
thrown [s\open\src\hotspot\share\interpreter\linkResolver.cpp, line 759]
Event: 0.905 Thread 0x0000026c0a8bc6c0 Exception <a 'java/lang/NoSuchMethodError'{0x000000008456e728}: 'java.lang.Object java.lang.invoke.DirectMethodHandle$Holder.invokeVirtual(java.lang.Object, java.lang.Object, java.lang.Object)'> (0x000000008456e728) 
thrown [s\open\src\hotspot\share\interpreter\linkResolver.cpp, line 759]
Event: 0.914 Thread 0x0000026c0a8bc6c0 Exception <a 'java/lang/NoSuchMethodError'{0x0000000084579820}: 'int java.lang.invoke.DirectMethodHandle$Holder.invokeInterface(java.lang.Object, java.lang.Object)'> (0x0000000084579820) 
thrown [s\open\src\hotspot\share\interpreter\linkResolver.cpp, line 759]
Event: 0.918 Thread 0x0000026c0a8bc6c0 Exception <a 'sun/nio/fs/WindowsException'{0x000000008457ffb8}> (0x000000008457ffb8) 
thrown [s\open\src\hotspot\share\prims\jni.cpp, line 516]
Event: 0.922 Thread 0x0000026c0a8bc6c0 Exception <a 'sun/nio/fs/WindowsException'{0x0000000084580350}> (0x0000000084580350) 
thrown [s\open\src\hotspot\share\prims\jni.cpp, line 516]
Event: 0.987 Thread 0x0000026c0a8bc6c0 Exception <a 'java/lang/NoSuchMethodError'{0x000000008459a168}: 'java.lang.Object java.lang.invoke.DirectMethodHandle$Holder.invokeStaticInit(java.lang.Object)'> (0x000000008459a168) 
thrown [s\open\src\hotspot\share\interpreter\linkResolver.cpp, line 759]
Event: 1.514 Thread 0x0000026c0a8bc6c0 Exception <a 'java/lang/NoSuchMethodError'{0x00000000845d5040}: 'java.lang.Object java.lang.invoke.DirectMethodHandle$Holder.invokeVirtual(java.lang.Object, java.lang.Object, java.lang.Object, int, int)'> (0x00000000845d5040) 
thrown [s\open\src\hotspot\share\interpreter\linkResolver.cpp, line 759]
Event: 1.516 Thread 0x0000026c0a8bc6c0 Exception <a 'java/lang/NoSuchMethodError'{0x00000000845dbed8}: 'java.lang.Object java.lang.invoke.DirectMethodHandle$Holder.invokeVirtual(java.lang.Object, java.lang.Object, int)'> (0x00000000845dbed8) 
thrown [s\open\src\hotspot\share\interpreter\linkResolver.cpp, line 759]
Event: 1.535 Thread 0x0000026c0a8bc6c0 Exception <a 'java/lang/NoSuchMethodError'{0x00000000845f6518}: 'java.lang.Object java.lang.invoke.DirectMethodHandle$Holder.invokeSpecial(java.lang.Object, java.lang.Object, java.lang.Object, int, int)'> (0x00000000845f6518) 
thrown [s\open\src\hotspot\share\interpreter\linkResolver.cpp, line 759]
Event: 1.691 Thread 0x0000026c0a8bc6c0 Exception <a 'java/lang/NoSuchMethodError'{0x000000008451f7c8}: 'void java.lang.invoke.DirectMethodHandle$Holder.invokeStatic(java.lang.Object, java.lang.Object)'> (0x000000008451f7c8) 
thrown [s\open\src\hotspot\share\interpreter\linkResolver.cpp, line 759]
Event: 1.695 Thread 0x0000026c0a8bc6c0 Exception <a 'sun/nio/fs/WindowsException'{0x0000000084529c20}> (0x0000000084529c20) 
thrown [s\open\src\hotspot\share\prims\jni.cpp, line 516]
Event: 1.695 Thread 0x0000026c0a8bc6c0 Exception <a 'sun/nio/fs/WindowsException'{0x0000000084529f48}> (0x0000000084529f48) 
thrown [s\open\src\hotspot\share\prims\jni.cpp, line 516]

VM Operations (20 events):
Event: 0.132 Executing VM operation: HandshakeAllThreads done
Event: 0.347 Executing VM operation: HandshakeAllThreads
Event: 0.347 Executing VM operation: HandshakeAllThreads done
Event: 0.454 Executing VM operation: HandshakeAllThreads
Event: 0.454 Executing VM operation: HandshakeAllThreads done
Event: 0.530 Executing VM operation: G1CollectForAllocation
Event: 0.540 Executing VM operation: G1CollectForAllocation done
Event: 0.820 Executing VM operation: G1CollectForAllocation
Event: 0.829 Executing VM operation: G1CollectForAllocation done
Event: 0.954 Executing VM operation: HandshakeAllThreads
Event: 0.954 Executing VM operation: HandshakeAllThreads done
Event: 1.285 Executing VM operation: G1CollectForAllocation
Event: 1.289 Executing VM operation: G1CollectForAllocation done
Event: 1.342 Executing VM operation: HandshakeAllThreads
Event: 1.342 Executing VM operation: HandshakeAllThreads done
Event: 1.538 Executing VM operation: G1CollectForAllocation
Event: 1.543 Executing VM operation: G1CollectForAllocation done
Event: 1.677 Executing VM operation: G1CollectForAllocation
Event: 1.682 Executing VM operation: G1CollectForAllocation done
Event: 2.591 Executing VM operation: G1CollectForAllocation

Events (20 events):
Event: 2.172 loading class java/util/stream/Nodes$EmptyNode done
Event: 2.172 loading class java/util/stream/Nodes$EmptyNode$OfRef done
Event: 2.172 loading class java/util/stream/Nodes$EmptyNode$OfInt
Event: 2.173 loading class java/util/stream/Node$OfInt
Event: 2.268 loading class java/util/stream/Node$OfPrimitive
Event: 2.378 loading class java/util/stream/Node$OfPrimitive done
Event: 2.378 loading class java/util/stream/Node$OfInt done
Event: 2.378 loading class java/util/stream/Nodes$EmptyNode$OfInt done
Event: 2.378 loading class java/util/stream/Nodes$EmptyNode$OfLong
Event: 2.378 loading class java/util/stream/Node$OfLong
Event: 2.378 loading class java/util/stream/Node$OfLong done
Event: 2.378 loading class java/util/stream/Nodes$EmptyNode$OfLong done
Event: 2.378 loading class java/util/stream/Nodes$EmptyNode$OfDouble
Event: 2.401 loading class java/util/stream/Node$OfDouble
Event: 2.490 loading class java/util/stream/Node$OfDouble done
Event: 2.490 loading class java/util/stream/Nodes$EmptyNode$OfDouble done
Event: 2.490 loading class java/util/stream/Nodes$SpinedNodeBuilder
Event: 2.587 loading class java/util/stream/Node$Builder
Event: 2.587 loading class java/util/stream/Node$Builder done
Event: 2.588 loading class java/util/stream/Nodes$SpinedNodeBuilder done


Dynamic libraries:
0x00007ff6bd1c0000 - 0x00007ff6bd1c8000 	C:\Program Files\Java\jdk-17\bin\javac.exe
0x00007fff75350000 - 0x00007fff75567000 	C:\WINDOWS\SYSTEM32\ntdll.dll
0x00007fff74020000 - 0x00007fff740e4000 	C:\WINDOWS\System32\KERNEL32.DLL
0x00007fff72980000 - 0x00007fff72d2c000 	C:\WINDOWS\System32\KERNELBASE.dll
0x00007fff72f70000 - 0x00007fff73081000 	C:\WINDOWS\System32\ucrtbase.dll
0x00007fff3eda0000 - 0x00007fff3edbb000 	C:\Program Files\Java\jdk-17\bin\VCRUNTIME140.dll
0x00007fff3edc0000 - 0x00007fff3edd9000 	C:\Program Files\Java\jdk-17\bin\jli.dll
0x00007fff73090000 - 0x00007fff73142000 	C:\WINDOWS\System32\ADVAPI32.dll
0x00007fff74c00000 - 0x00007fff74ca7000 	C:\WINDOWS\System32\msvcrt.dll
0x00007fff75260000 - 0x00007fff7530a000 	C:\WINDOWS\System32\sechost.dll
0x00007fff72dd0000 - 0x00007fff72df8000 	C:\WINDOWS\System32\bcrypt.dll
0x00007fff73150000 - 0x00007fff73265000 	C:\WINDOWS\System32\RPCRT4.dll
0x00007fff75000000 - 0x00007fff751ae000 	C:\WINDOWS\System32\USER32.dll
0x00007fff72da0000 - 0x00007fff72dc6000 	C:\WINDOWS\System32\win32u.dll
0x00007fff719c0000 - 0x00007fff71c53000 	C:\WINDOWS\WinSxS\amd64_microsoft.windows.common-controls_6595b64144ccf1df_6.0.22621.3672_none_2713b9d173822955\COMCTL32.dll
0x00007fff74fd0000 - 0x00007fff74ff9000 	C:\WINDOWS\System32\GDI32.dll
0x00007fff72680000 - 0x00007fff72799000 	C:\WINDOWS\System32\gdi32full.dll
0x00007fff72820000 - 0x00007fff728ba000 	C:\WINDOWS\System32\msvcp_win.dll
0x00007fff63810000 - 0x00007fff6381a000 	C:\WINDOWS\SYSTEM32\VERSION.dll
0x00007fff3ed90000 - 0x00007fff3ed9c000 	C:\Program Files\Java\jdk-17\bin\vcruntime140_1.dll
0x00007fff3bcc0000 - 0x00007fff3bd4e000 	C:\Program Files\Java\jdk-17\bin\msvcp140.dll
0x00007fff3b070000 - 0x00007fff3bc4e000 	C:\Program Files\Java\jdk-17\bin\server\jvm.dll
0x00007fff74960000 - 0x00007fff74968000 	C:\WINDOWS\System32\PSAPI.DLL
0x00007fff6c5b0000 - 0x00007fff6c5e4000 	C:\WINDOWS\SYSTEM32\WINMM.dll
0x00007fff48880000 - 0x00007fff48889000 	C:\WINDOWS\SYSTEM32\WSOCK32.dll
0x00007fff73940000 - 0x00007fff739b1000 	C:\WINDOWS\System32\WS2_32.dll
0x00007fff70fc0000 - 0x00007fff70fd8000 	C:\WINDOWS\SYSTEM32\kernel.appcore.dll
0x00007fff3ad70000 - 0x00007fff3ad7a000 	C:\Program Files\Java\jdk-17\bin\jimage.dll
0x00007fff71f50000 - 0x00007fff72182000 	C:\WINDOWS\SYSTEM32\DBGHELP.DLL
0x00007fff73310000 - 0x00007fff73698000 	C:\WINDOWS\System32\combase.dll
0x00007fff73ac0000 - 0x00007fff73b97000 	C:\WINDOWS\System32\OLEAUT32.dll
0x00007fff71e40000 - 0x00007fff71e72000 	C:\WINDOWS\SYSTEM32\dbgcore.DLL
0x00007fff727a0000 - 0x00007fff7281b000 	C:\WINDOWS\System32\bcryptPrimitives.dll
0x00007fff3ad40000 - 0x00007fff3ad65000 	C:\Program Files\Java\jdk-17\bin\java.dll
0x00007fff3ab70000 - 0x00007fff3ac47000 	C:\Program Files\Java\jdk-17\bin\jsvml.dll
0x00007fff740f0000 - 0x00007fff7494c000 	C:\WINDOWS\System32\SHELL32.dll
0x00007fff6fee0000 - 0x00007fff707d7000 	C:\WINDOWS\SYSTEM32\windows.storage.dll
0x00007fff6fda0000 - 0x00007fff6fedf000 	C:\WINDOWS\SYSTEM32\wintypes.dll
0x00007fff739c0000 - 0x00007fff73ab4000 	C:\WINDOWS\System32\SHCORE.dll
0x00007fff74970000 - 0x00007fff749ce000 	C:\WINDOWS\System32\shlwapi.dll
0x00007fff725b0000 - 0x00007fff725d1000 	C:\WINDOWS\SYSTEM32\profapi.dll
0x00007fff39bd0000 - 0x00007fff39be9000 	C:\Program Files\Java\jdk-17\bin\net.dll
0x00007fff6c190000 - 0x00007fff6c2c6000 	C:\WINDOWS\SYSTEM32\WINHTTP.dll
0x00007fff713f0000 - 0x00007fff71459000 	C:\WINDOWS\system32\mswsock.dll
0x00007fff39bf0000 - 0x00007fff39c06000 	C:\Program Files\Java\jdk-17\bin\nio.dll

dbghelp: loaded successfully - version: 4.0.5 - missing functions: none
symbol engine: initialized successfully - sym options: 0x614 - pdb path: .;C:\Program Files\Java\jdk-17\bin;C:\WINDOWS\SYSTEM32;C:\WINDOWS\WinSxS\amd64_microsoft.windows.common-controls_6595b64144ccf1df_6.0.22621.3672_none_2713b9d173822955;C:\Program Files\Java\jdk-17\bin\server

VM Arguments:
jvm_args: -Dapplication.home=C:\Program Files\Java\jdk-17 --add-modules=ALL-DEFAULT -Xms8m -Djdk.module.main=jdk.compiler 
java_command: jdk.compiler/com.sun.tools.javac.Main IFBLOCKS1.java
java_class_path (initial): <not set>
Launcher Type: SUN_STANDARD

[Global flags]
     intx CICompilerCount                          = 4                                         {product} {ergonomic}
     uint ConcGCThreads                            = 2                                         {product} {ergonomic}
     uint G1ConcRefinementThreads                  = 8                                         {product} {ergonomic}
   size_t G1HeapRegionSize                         = 1048576                                   {product} {ergonomic}
    uintx GCDrainStackTargetSize                   = 64                                        {product} {ergonomic}
   size_t InitialHeapSize                          = 8388608                                   {product} {command line}
   size_t MarkStackSize                            = 4194304                                   {product} {ergonomic}
   size_t MaxHeapSize                              = 2082471936                                {product} {ergonomic}
   size_t MaxNewSize                               = 1248854016                                {product} {ergonomic}
   size_t MinHeapDeltaBytes                        = 1048576                                   {product} {ergonomic}
   size_t MinHeapSize                              = 8388608                                   {product} {command line}
    uintx NonNMethodCodeHeapSize                   = 5839372                                {pd product} {ergonomic}
    uintx NonProfiledCodeHeapSize                  = 122909434                              {pd product} {ergonomic}
    uintx ProfiledCodeHeapSize                     = 122909434                              {pd product} {ergonomic}
    uintx ReservedCodeCacheSize                    = 251658240                              {pd product} {ergonomic}
     bool SegmentedCodeCache                       = true                                      {product} {ergonomic}
   size_t SoftMaxHeapSize                          = 2082471936                             {manageable} {ergonomic}
     bool UseCompressedClassPointers               = true                           {product lp64_product} {ergonomic}
     bool UseCompressedOops                        = true                           {product lp64_product} {ergonomic}
     bool UseG1GC                                  = true                                      {product} {ergonomic}
     bool UseLargePagesIndividualAllocation        = false                                  {pd product} {ergonomic}

Logging:
Log output configuration:
 #0: stdout all=warning uptime,level,tags
 #1: stderr all=off uptime,level,tags

Environment Variables:
PATH=C:\Program Files\Common Files\Oracle\Java\javapath;;C:\WINDOWS\system32;C:\WINDOWS;C:\WINDOWS\System32\Wbem;C:\WINDOWS\System32\WindowsPowerShell\v1.0\;C:\WINDOWS\System32\OpenSSH\;C:\Program Files (x86)\Microsoft SQL Server\110\Tools\Binn\;C:\Program Files\Microsoft SQL Server\110\Tools\Binn\;C:\Program Files\Microsoft SQL Server\110\DTS\Binn\;C:\Program Files\dotnet\;C:\Program Files\Microsoft SQL Server\Client SDK\ODBC\130\Tools\Binn\;C:\Program Files (x86)\Microsoft SQL Server\140\Tools\Binn\;C:\Program Files\Microsoft SQL Server\140\Tools\Binn\;C:\Program Files\Microsoft SQL Server\140\DTS\Binn\;C:\Program Files (x86)\Microsoft SQL Server\160\DTS\Binn\;C:\Program Files\Azure Data Studio\bin;C:\Program Files\Git\cmd;%COSMOSM%;C:\WINDOWS\system32\config\systemprofile\AppData\Local\Microsoft\WindowsApps
USERNAME=DESKTOP-EI4D21P$
OS=Windows_NT
PROCESSOR_IDENTIFIER=Intel64 Family 6 Model 142 Stepping 12, GenuineIntel



---------------  S Y S T E M  ---------------

OS:
 Windows 11 , 64 bit Build 22621 (10.0.22621.3672)
OS uptime: 7 days 16:03 hours

CPU: total 8 (initial active 8) (4 cores per cpu, 2 threads per core) family 6 model 142 stepping 12 microcode 0xde, cx8, cmov, fxsr, ht, mmx, 3dnowpref, sse, sse2, sse3, ssse3, sse4.1, sse4.2, popcnt, lzcnt, tsc, tscinvbit, avx, avx2, aes, erms, clmul, bmi1, bmi2, adx, fma, vzeroupper, clflush, clflushopt

Memory: 4k page, system-wide physical 7942M (536M free)
TotalPageFile size 32518M (AvailPageFile size 46M)
current process WorkingSet (physical memory assigned to process): 60M, peak: 60M
current process commit charge ("private bytes"): 98M, peak: 100M

vm_info: Java HotSpot(TM) 64-Bit Server VM (17.0.8+9-LTS-211) for windows-amd64 JRE (17.0.8+9-LTS-211), built on Jun 14 2023 10:34:31 by "mach5one" with MS VC++ 17.1 (VS2022)

END.
