#
# There is insufficient memory for the Java Runtime Environment to continue.
# Native memory allocation (malloc) failed to allocate 336976 bytes for Chunk::new
# Possible reasons:
#   The system is out of physical RAM or swap space
#   The process is running with CompressedOops enabled, and the Java Heap may be blocking the growth of the native heap
# Possible solutions:
#   Reduce memory load on the system
#   Increase physical memory or swap space
#   Check if swap backing store is full
#   Decrease Java heap size (-Xmx/-Xms)
#   Decrease number of Java threads
#   Decrease Java thread stack sizes (-Xss)
#   Set larger code cache with -XX:ReservedCodeCacheSize=
#   JVM is running with Unscaled Compressed Oops mode in which the Java heap is
#     placed in the first 4GB address space. The Java Heap base address is the
#     maximum limit for the native heap growth. Please use -XX:HeapBaseMinAddress
#     to set the Java Heap base and to place the Java Heap above 4GB virtual address.
# This output file may be truncated or incomplete.
#
#  Out of Memory Error (arena.cpp:189), pid=27020, tid=32732
#
# JRE version: Java(TM) SE Runtime Environment (17.0.8+9) (build 17.0.8+9-LTS-211)
# Java VM: Java HotSpot(TM) 64-Bit Server VM (17.0.8+9-LTS-211, mixed mode, sharing, tiered, compressed oops, compressed class ptrs, g1 gc, windows-amd64)
# No core dump will be written. Minidumps are not enabled by default on client versions of Windows
#

---------------  S U M M A R Y ------------

Command Line: -Dapplication.home=C:\Program Files\Java\jdk-17 --add-modules=ALL-DEFAULT -Xms8m -Djdk.module.main=jdk.compiler jdk.compiler/com.sun.tools.javac.Main IFBLOCKS1.java

Host: Intel(R) Core(TM) i5-10210U CPU @ 1.60GHz, 8 cores, 7G,  Windows 11 , 64 bit Build 22621 (10.0.22621.3672)
Time: Tue Jul 16 18:31:07 2024 India Standard Time elapsed time: 0.545423 seconds (0d 0h 0m 0s)

---------------  T H R E A D  ---------------

Current thread (0x0000026378125e20):  JavaThread "C2 CompilerThread1" daemon [_thread_in_native, id=32732, stack(0x000000ff42700000,0x000000ff42800000)]


Current CompileTask:
C2:    545  766       4       java.util.HashMap::putVal (300 bytes)

Stack: [0x000000ff42700000,0x000000ff42800000]
Native frames: (J=compiled Java code, j=interpreted, Vv=VM code, C=native code)
V  [jvm.dll+0x677d0a]
V  [jvm.dll+0x7d8c54]
V  [jvm.dll+0x7da3fe]
V  [jvm.dll+0x7daa63]
V  [jvm.dll+0x245c5f]
V  [jvm.dll+0xaaa6b]
V  [jvm.dll+0xab00c]
V  [jvm.dll+0x361e3f]
V  [jvm.dll+0x32c551]
V  [jvm.dll+0x32b9ea]
V  [jvm.dll+0x217fff]
V  [jvm.dll+0x217431]
V  [jvm.dll+0x1a3af0]
V  [jvm.dll+0x2270be]
V  [jvm.dll+0x22535b]
V  [jvm.dll+0x78e7bc]
V  [jvm.dll+0x788bba]
V  [jvm.dll+0x676b35]
C  [ucrtbase.dll+0x29333]
C  [KERNEL32.DLL+0x1257d]
C  [ntdll.dll+0x5af28]


---------------  P R O C E S S  ---------------

Threads class SMR info:
_java_thread_list=0x000002637849a1a0, length=14, elements={
0x0000026355b7ba60, 0x0000026355c4a530, 0x0000026355c4b3a0, 0x0000026373afef70,
0x0000026373affb20, 0x0000026373b025e0, 0x0000026373b04fa0, 0x0000026373b0f290,
0x0000026373b11d40, 0x0000026373b1af50, 0x0000026373aecfa0, 0x00000263780ae230,
0x0000026378125e20, 0x000002637854d4f0
}

Java Threads: ( => current thread )
  0x0000026355b7ba60 JavaThread "main" [_thread_in_Java, id=2164, stack(0x000000ff41400000,0x000000ff41500000)]
  0x0000026355c4a530 JavaThread "Reference Handler" daemon [_thread_blocked, id=19476, stack(0x000000ff41b00000,0x000000ff41c00000)]
  0x0000026355c4b3a0 JavaThread "Finalizer" daemon [_thread_blocked, id=29932, stack(0x000000ff41c00000,0x000000ff41d00000)]
  0x0000026373afef70 JavaThread "Signal Dispatcher" daemon [_thread_blocked, id=18388, stack(0x000000ff41d00000,0x000000ff41e00000)]
  0x0000026373affb20 JavaThread "Attach Listener" daemon [_thread_blocked, id=16084, stack(0x000000ff41e00000,0x000000ff41f00000)]
  0x0000026373b025e0 JavaThread "Service Thread" daemon [_thread_blocked, id=8972, stack(0x000000ff41f00000,0x000000ff42000000)]
  0x0000026373b04fa0 JavaThread "Monitor Deflation Thread" daemon [_thread_blocked, id=15508, stack(0x000000ff42000000,0x000000ff42100000)]
  0x0000026373b0f290 JavaThread "C2 CompilerThread0" daemon [_thread_in_native, id=5588, stack(0x000000ff42100000,0x000000ff42200000)]
  0x0000026373b11d40 JavaThread "C1 CompilerThread0" daemon [_thread_in_native, id=16904, stack(0x000000ff42200000,0x000000ff42300000)]
  0x0000026373b1af50 JavaThread "Sweeper thread" daemon [_thread_blocked, id=18288, stack(0x000000ff42300000,0x000000ff42400000)]
  0x0000026373aecfa0 JavaThread "Common-Cleaner" daemon [_thread_blocked, id=5868, stack(0x000000ff42400000,0x000000ff42500000)]
  0x00000263780ae230 JavaThread "Notification Thread" daemon [_thread_blocked, id=17496, stack(0x000000ff42500000,0x000000ff42600000)]
=>0x0000026378125e20 JavaThread "C2 CompilerThread1" daemon [_thread_in_native, id=32732, stack(0x000000ff42700000,0x000000ff42800000)]
  0x000002637854d4f0 JavaThread "C2 CompilerThread2" daemon [_thread_in_native, id=32588, stack(0x000000ff42d00000,0x000000ff42e00000)]

Other Threads:
  0x0000026355c46940 VMThread "VM Thread" [stack: 0x000000ff41a00000,0x000000ff41b00000] [id=28020]
  0x00000263780fa4b0 WatcherThread [stack: 0x000000ff42600000,0x000000ff42700000] [id=20752]
  0x0000026355bd4230 GCTaskThread "GC Thread#0" [stack: 0x000000ff41500000,0x000000ff41600000] [id=27784]
  0x00000263782fc1a0 GCTaskThread "GC Thread#1" [stack: 0x000000ff42800000,0x000000ff42900000] [id=29160]
  0x0000026378345f10 GCTaskThread "GC Thread#2" [stack: 0x000000ff42900000,0x000000ff42a00000] [id=21092]
  0x00000263783481d0 GCTaskThread "GC Thread#3" [stack: 0x000000ff42a00000,0x000000ff42b00000] [id=21980]
  0x00000263783c3280 GCTaskThread "GC Thread#4" [stack: 0x000000ff42b00000,0x000000ff42c00000] [id=6092]
  0x00000263784ce2d0 GCTaskThread "GC Thread#5" [stack: 0x000000ff42c00000,0x000000ff42d00000] [id=1192]
  0x0000026355be59c0 ConcurrentGCThread "G1 Main Marker" [stack: 0x000000ff41600000,0x000000ff41700000] [id=27852]
  0x0000026355be7b80 ConcurrentGCThread "G1 Conc#0" [stack: 0x000000ff41700000,0x000000ff41800000] [id=2632]
  0x0000026355c13490 ConcurrentGCThread "G1 Refine#0" [stack: 0x000000ff41800000,0x000000ff41900000] [id=13248]
  0x0000026355c13eb0 ConcurrentGCThread "G1 Service" [stack: 0x000000ff41900000,0x000000ff41a00000] [id=17708]

Threads with active compile tasks:
C2 CompilerThread0      588  767       4       com.sun.tools.javac.util.List$3::hasNext (16 bytes)
C1 CompilerThread0      588  892       3       com.sun.tools.javac.file.JavacFileManager::getLocationAsPaths (14 bytes)
C2 CompilerThread1      588  766       4       java.util.HashMap::putVal (300 bytes)
C2 CompilerThread2      589  882       4       java.lang.StringLatin1::replace (198 bytes)

VM state: not at safepoint (normal execution)

VM Mutex/Monitor currently owned by a thread:  ([mutex/lock_event])
[0x0000026354cfdba0] MethodCompileQueue_lock - owner thread: 0x0000026373b0f290

Heap address: 0x0000000083e00000, size: 1986 MB, Compressed Oops mode: 32-bit

CDS archive(s) mapped at: [0x0000026300000000-0x0000026300bd0000-0x0000026300bd0000), size 12386304, SharedBaseAddress: 0x0000026300000000, ArchiveRelocationMode: 1.
Compressed class space mapped at: 0x0000026301000000-0x0000026341000000, reserved size: 1073741824
Narrow klass base: 0x0000026300000000, Narrow klass shift: 0, Narrow klass range: 0x100000000

GC Precious Log:
 CPUs: 8 total, 8 available
 Memory: 7942M
 Large Page Support: Disabled
 NUMA Support: Disabled
 Compressed Oops: Enabled (32-bit)
 Heap Region Size: 1M
 Heap Min Capacity: 8M
 Heap Initial Capacity: 8M
 Heap Max Capacity: 1986M
 Pre-touch: Disabled
 Parallel Workers: 8
 Concurrent Workers: 2
 Concurrent Refinement Workers: 8
 Periodic GC: Disabled

Heap:
 garbage-first heap   total 10240K, used 3343K [0x0000000083e00000, 0x0000000100000000)
  region size 1024K, 2 young (2048K), 1 survivors (1024K)
 Metaspace       used 7896K, committed 8064K, reserved 1114112K
  class space    used 920K, committed 1024K, reserved 1048576K

Heap Regions: E=young(eden), S=young(survivor), O=old, HS=humongous(starts), HC=humongous(continues), CS=collection set, F=free, OA=open archive, CA=closed archive, TAMS=top-at-mark-start (previous, next)
|   0|0x0000000083e00000, 0x0000000083f00000, 0x0000000083f00000|100%| O|  |TAMS 0x0000000083e00000, 0x0000000083e00000| Untracked 
|   1|0x0000000083f00000, 0x0000000084000000, 0x0000000084000000|100%| O|  |TAMS 0x0000000083f00000, 0x0000000083f00000| Untracked 
|   2|0x0000000084000000, 0x000000008407a400, 0x0000000084100000| 47%| O|  |TAMS 0x0000000084000000, 0x0000000084000000| Untracked 
|   3|0x0000000084100000, 0x0000000084100000, 0x0000000084200000|  0%| F|  |TAMS 0x0000000084100000, 0x0000000084100000| Untracked 
|   4|0x0000000084200000, 0x0000000084200000, 0x0000000084300000|  0%| F|  |TAMS 0x0000000084200000, 0x0000000084200000| Untracked 
|   5|0x0000000084300000, 0x0000000084300000, 0x0000000084400000|  0%| F|  |TAMS 0x0000000084300000, 0x0000000084300000| Untracked 
|   6|0x0000000084400000, 0x0000000084400000, 0x0000000084500000|  0%| F|  |TAMS 0x0000000084400000, 0x0000000084400000| Untracked 
|   7|0x0000000084500000, 0x00000000845c99a0, 0x0000000084600000| 78%| S|CS|TAMS 0x0000000084500000, 0x0000000084500000| Complete 
|   8|0x0000000084600000, 0x0000000084600000, 0x0000000084700000|  0%| F|  |TAMS 0x0000000084600000, 0x0000000084600000| Untracked 
|   9|0x0000000084700000, 0x00000000847c8c28, 0x0000000084800000| 78%| E|  |TAMS 0x0000000084700000, 0x0000000084700000| Complete 

Card table byte_map: [0x000002636cb40000,0x000002636cf30000] _byte_map_base: 0x000002636c721000

Marking Bits (Prev, Next): (CMBitMap*) 0x0000026355bd4840, (CMBitMap*) 0x0000026355bd4880
 Prev Bits: [0x000002636d320000, 0x000002636f228000)
 Next Bits: [0x000002636f230000, 0x0000026371138000)

Polling page: 0x0000026354f70000

Metaspace:

Usage:
  Non-class:      6.83 MB used.
      Class:    922.27 KB used.
       Both:      7.73 MB used.

Virtual space:
  Non-class space:       64.00 MB reserved,       6.94 MB ( 11%) committed,  1 nodes.
      Class space:        1.00 GB reserved,       1.00 MB ( <1%) committed,  1 nodes.
             Both:        1.06 GB reserved,       7.94 MB ( <1%) committed. 

Chunk freelists:
   Non-Class:  6.61 MB
       Class:  14.95 MB
        Both:  21.56 MB

MaxMetaspaceSize: unlimited
CompressedClassSpaceSize: 1.00 GB
Initial GC threshold: 21.00 MB
Current GC threshold: 21.00 MB
CDS: on
MetaspaceReclaimPolicy: balanced
 - commit_granule_bytes: 65536.
 - commit_granule_words: 8192.
 - virtual_space_node_default_size: 8388608.
 - enlarge_chunks_in_place: 1.
 - new_chunks_are_fully_committed: 0.
 - uncommit_free_chunks: 1.
 - use_allocation_guard: 0.
 - handle_deallocations: 1.


Internal statistics:

num_allocs_failed_limit: 0.
num_arena_births: 62.
num_arena_deaths: 0.
num_vsnodes_births: 2.
num_vsnodes_deaths: 0.
num_space_committed: 127.
num_space_uncommitted: 0.
num_chunks_returned_to_freelist: 0.
num_chunks_taken_from_freelist: 330.
num_chunk_merges: 0.
num_chunk_splits: 234.
num_chunks_enlarged: 177.
num_purges: 0.
num_inconsistent_stats: 0.

CodeHeap 'non-profiled nmethods': size=120000Kb used=269Kb max_used=269Kb free=119730Kb
 bounds [0x0000026364ef0000, 0x0000026365160000, 0x000002636c420000]
CodeHeap 'profiled nmethods': size=120000Kb used=1491Kb max_used=1491Kb free=118509Kb
 bounds [0x000002635d420000, 0x000002635d690000, 0x0000026364950000]
CodeHeap 'non-nmethods': size=5760Kb used=1121Kb max_used=1145Kb free=4639Kb
 bounds [0x0000026364950000, 0x0000026364bc0000, 0x0000026364ef0000]
 total_blobs=1299 nmethods=896 adapters=316
 compilation: enabled
              stopped_count=0, restarted_count=0
 full_count=0

Compilation events (20 events):
Event: 0.539 Thread 0x0000026373b11d40  796       3       jdk.internal.jimage.ImageLocation::getModule (6 bytes)
Event: 0.539 Thread 0x0000026373b11d40 nmethod 796 0x000002635d55b410 code [0x000002635d55b5a0, 0x000002635d55b6e8]
Event: 0.539 Thread 0x0000026373b11d40  797       3       jdk.internal.jimage.ImageLocation::getParentOffset (7 bytes)
Event: 0.540 Thread 0x0000026373b11d40 nmethod 797 0x000002635d55b790 code [0x000002635d55b920, 0x000002635d55ba68]
Event: 0.540 Thread 0x0000026373b11d40  795   !   3       jdk.internal.misc.ScopedMemoryAccess::getIntUnaligned (22 bytes)
Event: 0.540 Thread 0x0000026373b11d40 nmethod 795 0x000002635d55bb10 code [0x000002635d55bd00, 0x000002635d55c2a8]
Event: 0.540 Thread 0x0000026373b11d40  798   !   3       jdk.internal.jimage.ImageReader$SharedImageReader::imageFileAttributes (46 bytes)
Event: 0.540 Thread 0x0000026373b11d40 nmethod 798 0x000002635d55c590 code [0x000002635d55c780, 0x000002635d55ceb8]
Event: 0.540 Thread 0x0000026373b11d40  799       3       jdk.internal.jimage.ImageLocation::getModuleOffset (7 bytes)
Event: 0.540 Thread 0x0000026373b11d40 nmethod 799 0x000002635d55d190 code [0x000002635d55d320, 0x000002635d55d468]
Event: 0.540 Thread 0x0000026373b11d40  801       3       jdk.internal.misc.Unsafe::getIntUnaligned (12 bytes)
Event: 0.541 Thread 0x0000026373b11d40 nmethod 801 0x000002635d55d510 code [0x000002635d55d6c0, 0x000002635d55d918]
Event: 0.541 Thread 0x0000026373b11d40  802       3       jdk.internal.misc.Unsafe::getIntUnaligned (83 bytes)
Event: 0.541 Thread 0x0000026373b11d40 nmethod 802 0x000002635d55da10 code [0x000002635d55dbe0, 0x000002635d55e0a8]
Event: 0.541 Thread 0x0000026373b11d40  803       3       jdk.internal.misc.Unsafe::convEndian (16 bytes)
Event: 0.541 Thread 0x0000026373b11d40 nmethod 803 0x000002635d55e210 code [0x000002635d55e3a0, 0x000002635d55e578]
Event: 0.541 Thread 0x0000026373b11d40  806       3       jdk.internal.jimage.ImageLocation::getParent (6 bytes)
Event: 0.541 Thread 0x0000026373b11d40 nmethod 806 0x000002635d55e610 code [0x000002635d55e7a0, 0x000002635d55e8e8]
Event: 0.541 Thread 0x0000026373b11d40  804       3       jdk.internal.jimage.BasicImageReader::getLocation (6 bytes)
Event: 0.542 Thread 0x0000026373b11d40 nmethod 804 0x000002635d55e990 code [0x000002635d55eb20, 0x000002635d55ec48]

GC Heap History (10 events):
Event: 0.221 GC heap before
{Heap before GC invocations=0 (full 0):
 garbage-first heap   total 8192K, used 3072K [0x0000000083e00000, 0x0000000100000000)
  region size 1024K, 3 young (3072K), 0 survivors (0K)
 Metaspace       used 2766K, committed 2880K, reserved 1114112K
  class space    used 354K, committed 384K, reserved 1048576K
}
Event: 0.224 GC heap after
{Heap after GC invocations=1 (full 0):
 garbage-first heap   total 8192K, used 1452K [0x0000000083e00000, 0x0000000100000000)
  region size 1024K, 1 young (1024K), 1 survivors (1024K)
 Metaspace       used 2766K, committed 2880K, reserved 1114112K
  class space    used 354K, committed 384K, reserved 1048576K
}
Event: 0.324 GC heap before
{Heap before GC invocations=1 (full 0):
 garbage-first heap   total 8192K, used 2476K [0x0000000083e00000, 0x0000000100000000)
  region size 1024K, 2 young (2048K), 1 survivors (1024K)
 Metaspace       used 5413K, committed 5568K, reserved 1114112K
  class space    used 642K, committed 768K, reserved 1048576K
}
Event: 0.327 GC heap after
{Heap after GC invocations=2 (full 0):
 garbage-first heap   total 8192K, used 2061K [0x0000000083e00000, 0x0000000100000000)
  region size 1024K, 1 young (1024K), 1 survivors (1024K)
 Metaspace       used 5413K, committed 5568K, reserved 1114112K
  class space    used 642K, committed 768K, reserved 1048576K
}
Event: 0.426 GC heap before
{Heap before GC invocations=2 (full 0):
 garbage-first heap   total 8192K, used 3085K [0x0000000083e00000, 0x0000000100000000)
  region size 1024K, 2 young (2048K), 1 survivors (1024K)
 Metaspace       used 7119K, committed 7296K, reserved 1114112K
  class space    used 836K, committed 896K, reserved 1048576K
}
Event: 0.428 GC heap after
{Heap after GC invocations=3 (full 0):
 garbage-first heap   total 8192K, used 2289K [0x0000000083e00000, 0x0000000100000000)
  region size 1024K, 1 young (1024K), 1 survivors (1024K)
 Metaspace       used 7119K, committed 7296K, reserved 1114112K
  class space    used 836K, committed 896K, reserved 1048576K
}
Event: 0.482 GC heap before
{Heap before GC invocations=3 (full 0):
 garbage-first heap   total 8192K, used 3313K [0x0000000083e00000, 0x0000000100000000)
  region size 1024K, 2 young (2048K), 1 survivors (1024K)
 Metaspace       used 7534K, committed 7680K, reserved 1114112K
  class space    used 883K, committed 960K, reserved 1048576K
}
Event: 0.484 GC heap after
{Heap after GC invocations=4 (full 0):
 garbage-first heap   total 8192K, used 2551K [0x0000000083e00000, 0x0000000100000000)
  region size 1024K, 1 young (1024K), 1 survivors (1024K)
 Metaspace       used 7534K, committed 7680K, reserved 1114112K
  class space    used 883K, committed 960K, reserved 1048576K
}
Event: 0.517 GC heap before
{Heap before GC invocations=4 (full 0):
 garbage-first heap   total 8192K, used 3575K [0x0000000083e00000, 0x0000000100000000)
  region size 1024K, 2 young (2048K), 1 survivors (1024K)
 Metaspace       used 7623K, committed 7744K, reserved 1114112K
  class space    used 890K, committed 960K, reserved 1048576K
}
Event: 0.519 GC heap after
{Heap after GC invocations=5 (full 0):
 garbage-first heap   total 10240K, used 3044K [0x0000000083e00000, 0x0000000100000000)
  region size 1024K, 1 young (1024K), 1 survivors (1024K)
 Metaspace       used 7623K, committed 7744K, reserved 1114112K
  class space    used 890K, committed 960K, reserved 1048576K
}

Deoptimization events (12 events):
Event: 0.174 Thread 0x0000026355b7ba60 Uncommon trap: trap_request=0xffffff45 fr.pc=0x0000026364efd098 relative=0x00000000000008b8
Event: 0.174 Thread 0x0000026355b7ba60 Uncommon trap: reason=unstable_if action=reinterpret pc=0x0000026364efd098 method=java.util.HashMap.putVal(ILjava/lang/Object;Ljava/lang/Object;ZZ)Ljava/lang/Object; @ 181 c2
Event: 0.174 Thread 0x0000026355b7ba60 DEOPT PACKING pc=0x0000026364efd098 sp=0x000000ff414feaf0
Event: 0.174 Thread 0x0000026355b7ba60 DEOPT UNPACKING pc=0x00000263649a23a3 sp=0x000000ff414fea90 mode 2
Event: 0.203 Thread 0x0000026355b7ba60 DEOPT PACKING pc=0x000002635d447be7 sp=0x000000ff414fa980
Event: 0.203 Thread 0x0000026355b7ba60 DEOPT UNPACKING pc=0x00000263649a2b43 sp=0x000000ff414f9da0 mode 0
Event: 0.227 Thread 0x0000026355b7ba60 DEOPT PACKING pc=0x000002635d4464d1 sp=0x000000ff414fa990
Event: 0.227 Thread 0x0000026355b7ba60 DEOPT UNPACKING pc=0x00000263649a2b43 sp=0x000000ff414f9e08 mode 0
Event: 0.396 Thread 0x0000026355b7ba60 Uncommon trap: trap_request=0xffffff45 fr.pc=0x0000026364f12bbc relative=0x00000000000004fc
Event: 0.396 Thread 0x0000026355b7ba60 Uncommon trap: reason=unstable_if action=reinterpret pc=0x0000026364f12bbc method=java.lang.StringLatin1.replace([BCC)Ljava/lang/String; @ 19 c2
Event: 0.396 Thread 0x0000026355b7ba60 DEOPT PACKING pc=0x0000026364f12bbc sp=0x000000ff414fecd0
Event: 0.396 Thread 0x0000026355b7ba60 DEOPT UNPACKING pc=0x00000263649a23a3 sp=0x000000ff414fec50 mode 2

Classes unloaded (0 events):
No events

Classes redefined (0 events):
No events

Internal exceptions (18 events):
Event: 0.150 Thread 0x0000026355b7ba60 Exception <a 'java/lang/NoSuchMethodError'{0x00000000844e2d50}: 'void java.lang.invoke.DirectMethodHandle$Holder.invokeSpecial(java.lang.Object, java.lang.Object, java.lang.Object)'> (0x00000000844e2d50) 
thrown [s\open\src\hotspot\share\interpreter\linkResolver.cpp, line 759]
Event: 0.176 Thread 0x0000026355b7ba60 Exception <a 'java/lang/NoSuchMethodError'{0x000000008432a698}: 'int java.lang.invoke.DirectMethodHandle$Holder.invokeVirtual(java.lang.Object, java.lang.Object, java.lang.Object)'> (0x000000008432a698) 
thrown [s\open\src\hotspot\share\interpreter\linkResolver.cpp, line 759]
Event: 0.177 Thread 0x0000026355b7ba60 Exception <a 'java/lang/NoSuchMethodError'{0x0000000084330fc0}: 'void java.lang.invoke.DirectMethodHandle$Holder.invokeInterface(java.lang.Object, java.lang.Object, java.lang.Object)'> (0x0000000084330fc0) 
thrown [s\open\src\hotspot\share\interpreter\linkResolver.cpp, line 759]
Event: 0.259 Thread 0x0000026355b7ba60 Exception <a 'java/lang/NoSuchMethodError'{0x000000008454c0f0}: 'int java.lang.invoke.DirectMethodHandle$Holder.invokeStaticInit(java.lang.Object, java.lang.Object)'> (0x000000008454c0f0) 
thrown [s\open\src\hotspot\share\interpreter\linkResolver.cpp, line 759]
Event: 0.321 Thread 0x0000026355b7ba60 Exception <a 'java/lang/NoSuchMethodError'{0x00000000845ed5e0}: 'int java.lang.invoke.DirectMethodHandle$Holder.invokeVirtual(java.lang.Object, java.lang.Object)'> (0x00000000845ed5e0) 
thrown [s\open\src\hotspot\share\interpreter\linkResolver.cpp, line 759]
Event: 0.331 Thread 0x0000026355b7ba60 Exception <a 'java/lang/NoSuchMethodError'{0x0000000084515a40}: 'java.lang.Object java.lang.invoke.DirectMethodHandle$Holder.newInvokeSpecial(java.lang.Object, java.lang.Object, java.lang.Object, java.lang.Object, java.lang.Object)'> (0x0000000084515a40) 
thrown [s\open\src\hotspot\share\interpreter\linkResolver.cpp, line 759]
Event: 0.334 Thread 0x0000026355b7ba60 Exception <a 'java/lang/NoSuchMethodError'{0x0000000084524698}: 'java.lang.Object java.lang.invoke.DirectMethodHandle$Holder.newInvokeSpecial(java.lang.Object, java.lang.Object, java.lang.Object, java.lang.Object, java.lang.Object, java.lang.Object)'> (0x0000000084524698) 
thrown [s\open\src\hotspot\share\interpreter\linkResolver.cpp, line 759]
Event: 0.352 Thread 0x0000026355b7ba60 Exception <a 'java/lang/NoSuchMethodError'{0x000000008456e950}: 'java.lang.Object java.lang.invoke.DirectMethodHandle$Holder.invokeVirtual(java.lang.Object, java.lang.Object, java.lang.Object)'> (0x000000008456e950) 
thrown [s\open\src\hotspot\share\interpreter\linkResolver.cpp, line 759]
Event: 0.355 Thread 0x0000026355b7ba60 Exception <a 'java/lang/NoSuchMethodError'{0x0000000084579a48}: 'int java.lang.invoke.DirectMethodHandle$Holder.invokeInterface(java.lang.Object, java.lang.Object)'> (0x0000000084579a48) 
thrown [s\open\src\hotspot\share\interpreter\linkResolver.cpp, line 759]
Event: 0.356 Thread 0x0000026355b7ba60 Exception <a 'sun/nio/fs/WindowsException'{0x00000000845801e0}> (0x00000000845801e0) 
thrown [s\open\src\hotspot\share\prims\jni.cpp, line 516]
Event: 0.356 Thread 0x0000026355b7ba60 Exception <a 'sun/nio/fs/WindowsException'{0x0000000084580578}> (0x0000000084580578) 
thrown [s\open\src\hotspot\share\prims\jni.cpp, line 516]
Event: 0.365 Thread 0x0000026355b7ba60 Exception <a 'java/lang/NoSuchMethodError'{0x000000008459a390}: 'java.lang.Object java.lang.invoke.DirectMethodHandle$Holder.invokeStaticInit(java.lang.Object)'> (0x000000008459a390) 
thrown [s\open\src\hotspot\share\interpreter\linkResolver.cpp, line 759]
Event: 0.474 Thread 0x0000026355b7ba60 Exception <a 'java/lang/NoSuchMethodError'{0x00000000845d52b8}: 'java.lang.Object java.lang.invoke.DirectMethodHandle$Holder.invokeVirtual(java.lang.Object, java.lang.Object, java.lang.Object, int, int)'> (0x00000000845d52b8) 
thrown [s\open\src\hotspot\share\interpreter\linkResolver.cpp, line 759]
Event: 0.476 Thread 0x0000026355b7ba60 Exception <a 'java/lang/NoSuchMethodError'{0x00000000845dc150}: 'java.lang.Object java.lang.invoke.DirectMethodHandle$Holder.invokeVirtual(java.lang.Object, java.lang.Object, int)'> (0x00000000845dc150) 
thrown [s\open\src\hotspot\share\interpreter\linkResolver.cpp, line 759]
Event: 0.481 Thread 0x0000026355b7ba60 Exception <a 'java/lang/NoSuchMethodError'{0x00000000845f6790}: 'java.lang.Object java.lang.invoke.DirectMethodHandle$Holder.invokeSpecial(java.lang.Object, java.lang.Object, java.lang.Object, int, int)'> (0x00000000845f6790) 
thrown [s\open\src\hotspot\share\interpreter\linkResolver.cpp, line 759]
Event: 0.523 Thread 0x0000026355b7ba60 Exception <a 'java/lang/NoSuchMethodError'{0x000000008471f110}: 'void java.lang.invoke.DirectMethodHandle$Holder.invokeStatic(java.lang.Object, java.lang.Object)'> (0x000000008471f110) 
thrown [s\open\src\hotspot\share\interpreter\linkResolver.cpp, line 759]
Event: 0.525 Thread 0x0000026355b7ba60 Exception <a 'sun/nio/fs/WindowsException'{0x0000000084729320}> (0x0000000084729320) 
thrown [s\open\src\hotspot\share\prims\jni.cpp, line 516]
Event: 0.526 Thread 0x0000026355b7ba60 Exception <a 'sun/nio/fs/WindowsException'{0x0000000084729648}> (0x0000000084729648) 
thrown [s\open\src\hotspot\share\prims\jni.cpp, line 516]

VM Operations (20 events):
Event: 0.076 Executing VM operation: HandshakeAllThreads
Event: 0.076 Executing VM operation: HandshakeAllThreads done
Event: 0.152 Executing VM operation: HandshakeAllThreads
Event: 0.152 Executing VM operation: HandshakeAllThreads done
Event: 0.191 Executing VM operation: HandshakeAllThreads
Event: 0.191 Executing VM operation: HandshakeAllThreads done
Event: 0.221 Executing VM operation: G1CollectForAllocation
Event: 0.225 Executing VM operation: G1CollectForAllocation done
Event: 0.324 Executing VM operation: G1CollectForAllocation
Event: 0.327 Executing VM operation: G1CollectForAllocation done
Event: 0.359 Executing VM operation: HandshakeAllThreads
Event: 0.359 Executing VM operation: HandshakeAllThreads done
Event: 0.426 Executing VM operation: G1CollectForAllocation
Event: 0.428 Executing VM operation: G1CollectForAllocation done
Event: 0.438 Executing VM operation: HandshakeAllThreads
Event: 0.438 Executing VM operation: HandshakeAllThreads done
Event: 0.482 Executing VM operation: G1CollectForAllocation
Event: 0.484 Executing VM operation: G1CollectForAllocation done
Event: 0.517 Executing VM operation: G1CollectForAllocation
Event: 0.519 Executing VM operation: G1CollectForAllocation done

Events (20 events):
Event: 0.455 loading class java/util/LinkedHashMap$LinkedValues
Event: 0.455 loading class java/util/LinkedHashMap$LinkedValues done
Event: 0.455 loading class java/util/LinkedHashMap$LinkedValueIterator
Event: 0.455 loading class java/util/LinkedHashMap$LinkedValueIterator done
Event: 0.455 loading class java/util/regex/Pattern$Bound
Event: 0.455 loading class java/util/regex/Pattern$Bound done
Event: 0.473 loading class java/util/BitSet
Event: 0.473 loading class java/util/BitSet done
Event: 0.479 loading class java/util/stream/MatchOps$MatchKind
Event: 0.479 loading class java/util/stream/MatchOps$MatchKind done
Event: 0.479 loading class java/util/stream/MatchOps
Event: 0.479 loading class java/util/stream/MatchOps done
Event: 0.479 loading class java/util/stream/MatchOps$MatchOp
Event: 0.479 loading class java/util/stream/MatchOps$MatchOp done
Event: 0.479 loading class java/util/stream/MatchOps$BooleanTerminalSink
Event: 0.479 loading class java/util/stream/MatchOps$BooleanTerminalSink done
Event: 0.480 loading class java/util/stream/MatchOps$1MatchSink
Event: 0.480 loading class java/util/stream/MatchOps$1MatchSink done
Event: 0.521 loading class java/util/RegularEnumSet$EnumSetIterator
Event: 0.521 loading class java/util/RegularEnumSet$EnumSetIterator done


Dynamic libraries:
0x00007ff7c5cc0000 - 0x00007ff7c5cc8000 	C:\Program Files\Java\jdk-17\bin\javac.exe
0x00007fff75350000 - 0x00007fff75567000 	C:\WINDOWS\SYSTEM32\ntdll.dll
0x00007fff74020000 - 0x00007fff740e4000 	C:\WINDOWS\System32\KERNEL32.DLL
0x00007fff72980000 - 0x00007fff72d2c000 	C:\WINDOWS\System32\KERNELBASE.dll
0x00007fff72f70000 - 0x00007fff73081000 	C:\WINDOWS\System32\ucrtbase.dll
0x00007fff3edc0000 - 0x00007fff3edd9000 	C:\Program Files\Java\jdk-17\bin\jli.dll
0x00007fff3eda0000 - 0x00007fff3edbb000 	C:\Program Files\Java\jdk-17\bin\VCRUNTIME140.dll
0x00007fff73090000 - 0x00007fff73142000 	C:\WINDOWS\System32\ADVAPI32.dll
0x00007fff74c00000 - 0x00007fff74ca7000 	C:\WINDOWS\System32\msvcrt.dll
0x00007fff75260000 - 0x00007fff7530a000 	C:\WINDOWS\System32\sechost.dll
0x00007fff72dd0000 - 0x00007fff72df8000 	C:\WINDOWS\System32\bcrypt.dll
0x00007fff73150000 - 0x00007fff73265000 	C:\WINDOWS\System32\RPCRT4.dll
0x00007fff75000000 - 0x00007fff751ae000 	C:\WINDOWS\System32\USER32.dll
0x00007fff72da0000 - 0x00007fff72dc6000 	C:\WINDOWS\System32\win32u.dll
0x00007fff719c0000 - 0x00007fff71c53000 	C:\WINDOWS\WinSxS\amd64_microsoft.windows.common-controls_6595b64144ccf1df_6.0.22621.3672_none_2713b9d173822955\COMCTL32.dll
0x00007fff74fd0000 - 0x00007fff74ff9000 	C:\WINDOWS\System32\GDI32.dll
0x00007fff72680000 - 0x00007fff72799000 	C:\WINDOWS\System32\gdi32full.dll
0x00007fff72820000 - 0x00007fff728ba000 	C:\WINDOWS\System32\msvcp_win.dll
0x00007fff63810000 - 0x00007fff6381a000 	C:\WINDOWS\SYSTEM32\VERSION.dll
0x00007fff3ed90000 - 0x00007fff3ed9c000 	C:\Program Files\Java\jdk-17\bin\vcruntime140_1.dll
0x00007fff3bcc0000 - 0x00007fff3bd4e000 	C:\Program Files\Java\jdk-17\bin\msvcp140.dll
0x00007fff3b070000 - 0x00007fff3bc4e000 	C:\Program Files\Java\jdk-17\bin\server\jvm.dll
0x00007fff74960000 - 0x00007fff74968000 	C:\WINDOWS\System32\PSAPI.DLL
0x00007fff6c5b0000 - 0x00007fff6c5e4000 	C:\WINDOWS\SYSTEM32\WINMM.dll
0x00007fff48880000 - 0x00007fff48889000 	C:\WINDOWS\SYSTEM32\WSOCK32.dll
0x00007fff73940000 - 0x00007fff739b1000 	C:\WINDOWS\System32\WS2_32.dll
0x00007fff70fc0000 - 0x00007fff70fd8000 	C:\WINDOWS\SYSTEM32\kernel.appcore.dll
0x00007fff3ad70000 - 0x00007fff3ad7a000 	C:\Program Files\Java\jdk-17\bin\jimage.dll
0x00007fff71f50000 - 0x00007fff72182000 	C:\WINDOWS\SYSTEM32\DBGHELP.DLL
0x00007fff73310000 - 0x00007fff73698000 	C:\WINDOWS\System32\combase.dll
0x00007fff73ac0000 - 0x00007fff73b97000 	C:\WINDOWS\System32\OLEAUT32.dll
0x00007fff71e40000 - 0x00007fff71e72000 	C:\WINDOWS\SYSTEM32\dbgcore.DLL
0x00007fff727a0000 - 0x00007fff7281b000 	C:\WINDOWS\System32\bcryptPrimitives.dll
0x00007fff3ad40000 - 0x00007fff3ad65000 	C:\Program Files\Java\jdk-17\bin\java.dll
0x00007fff3ab70000 - 0x00007fff3ac47000 	C:\Program Files\Java\jdk-17\bin\jsvml.dll
0x00007fff740f0000 - 0x00007fff7494c000 	C:\WINDOWS\System32\SHELL32.dll
0x00007fff6fee0000 - 0x00007fff707d7000 	C:\WINDOWS\SYSTEM32\windows.storage.dll
0x00007fff6fda0000 - 0x00007fff6fedf000 	C:\WINDOWS\SYSTEM32\wintypes.dll
0x00007fff739c0000 - 0x00007fff73ab4000 	C:\WINDOWS\System32\SHCORE.dll
0x00007fff74970000 - 0x00007fff749ce000 	C:\WINDOWS\System32\shlwapi.dll
0x00007fff725b0000 - 0x00007fff725d1000 	C:\WINDOWS\SYSTEM32\profapi.dll
0x00007fff39bd0000 - 0x00007fff39be9000 	C:\Program Files\Java\jdk-17\bin\net.dll
0x00007fff6c190000 - 0x00007fff6c2c6000 	C:\WINDOWS\SYSTEM32\WINHTTP.dll
0x00007fff713f0000 - 0x00007fff71459000 	C:\WINDOWS\system32\mswsock.dll
0x00007fff39bf0000 - 0x00007fff39c06000 	C:\Program Files\Java\jdk-17\bin\nio.dll

dbghelp: loaded successfully - version: 4.0.5 - missing functions: none
symbol engine: initialized successfully - sym options: 0x614 - pdb path: .;C:\Program Files\Java\jdk-17\bin;C:\WINDOWS\SYSTEM32;C:\WINDOWS\WinSxS\amd64_microsoft.windows.common-controls_6595b64144ccf1df_6.0.22621.3672_none_2713b9d173822955;C:\Program Files\Java\jdk-17\bin\server

VM Arguments:
jvm_args: -Dapplication.home=C:\Program Files\Java\jdk-17 --add-modules=ALL-DEFAULT -Xms8m -Djdk.module.main=jdk.compiler 
java_command: jdk.compiler/com.sun.tools.javac.Main IFBLOCKS1.java
java_class_path (initial): <not set>
Launcher Type: SUN_STANDARD

[Global flags]
     intx CICompilerCount                          = 4                                         {product} {ergonomic}
     uint ConcGCThreads                            = 2                                         {product} {ergonomic}
     uint G1ConcRefinementThreads                  = 8                                         {product} {ergonomic}
   size_t G1HeapRegionSize                         = 1048576                                   {product} {ergonomic}
    uintx GCDrainStackTargetSize                   = 64                                        {product} {ergonomic}
   size_t InitialHeapSize                          = 8388608                                   {product} {command line}
   size_t MarkStackSize                            = 4194304                                   {product} {ergonomic}
   size_t MaxHeapSize                              = 2082471936                                {product} {ergonomic}
   size_t MaxNewSize                               = 1248854016                                {product} {ergonomic}
   size_t MinHeapDeltaBytes                        = 1048576                                   {product} {ergonomic}
   size_t MinHeapSize                              = 8388608                                   {product} {command line}
    uintx NonNMethodCodeHeapSize                   = 5839372                                {pd product} {ergonomic}
    uintx NonProfiledCodeHeapSize                  = 122909434                              {pd product} {ergonomic}
    uintx ProfiledCodeHeapSize                     = 122909434                              {pd product} {ergonomic}
    uintx ReservedCodeCacheSize                    = 251658240                              {pd product} {ergonomic}
     bool SegmentedCodeCache                       = true                                      {product} {ergonomic}
   size_t SoftMaxHeapSize                          = 2082471936                             {manageable} {ergonomic}
     bool UseCompressedClassPointers               = true                           {product lp64_product} {ergonomic}
     bool UseCompressedOops                        = true                           {product lp64_product} {ergonomic}
     bool UseG1GC                                  = true                                      {product} {ergonomic}
     bool UseLargePagesIndividualAllocation        = false                                  {pd product} {ergonomic}

Logging:
Log output configuration:
 #0: stdout all=warning uptime,level,tags
 #1: stderr all=off uptime,level,tags

Environment Variables:
PATH=C:\Program Files\Common Files\Oracle\Java\javapath;;C:\WINDOWS\system32;C:\WINDOWS;C:\WINDOWS\System32\Wbem;C:\WINDOWS\System32\WindowsPowerShell\v1.0\;C:\WINDOWS\System32\OpenSSH\;C:\Program Files (x86)\Microsoft SQL Server\110\Tools\Binn\;C:\Program Files\Microsoft SQL Server\110\Tools\Binn\;C:\Program Files\Microsoft SQL Server\110\DTS\Binn\;C:\Program Files\dotnet\;C:\Program Files\Microsoft SQL Server\Client SDK\ODBC\130\Tools\Binn\;C:\Program Files (x86)\Microsoft SQL Server\140\Tools\Binn\;C:\Program Files\Microsoft SQL Server\140\Tools\Binn\;C:\Program Files\Microsoft SQL Server\140\DTS\Binn\;C:\Program Files (x86)\Microsoft SQL Server\160\DTS\Binn\;C:\Program Files\Azure Data Studio\bin;C:\Program Files\Git\cmd;%COSMOSM%;C:\WINDOWS\system32\config\systemprofile\AppData\Local\Microsoft\WindowsApps
USERNAME=DESKTOP-EI4D21P$
OS=Windows_NT
PROCESSOR_IDENTIFIER=Intel64 Family 6 Model 142 Stepping 12, GenuineIntel



---------------  S Y S T E M  ---------------

OS:
 Windows 11 , 64 bit Build 22621 (10.0.22621.3672)
OS uptime: 7 days 18:30 hours

CPU: total 8 (initial active 8) (4 cores per cpu, 2 threads per core) family 6 model 142 stepping 12 microcode 0xde, cx8, cmov, fxsr, ht, mmx, 3dnowpref, sse, sse2, sse3, ssse3, sse4.1, sse4.2, popcnt, lzcnt, tsc, tscinvbit, avx, avx2, aes, erms, clmul, bmi1, bmi2, adx, fma, vzeroupper, clflush, clflushopt

Memory: 4k page, system-wide physical 7942M (630M free)
TotalPageFile size 32518M (AvailPageFile size 3M)
current process WorkingSet (physical memory assigned to process): 65M, peak: 65M
current process commit charge ("private bytes"): 102M, peak: 102M

vm_info: Java HotSpot(TM) 64-Bit Server VM (17.0.8+9-LTS-211) for windows-amd64 JRE (17.0.8+9-LTS-211), built on Jun 14 2023 10:34:31 by "mach5one" with MS VC++ 17.1 (VS2022)

END.
