#
# There is insufficient memory for the Java Runtime Environment to continue.
# Native memory allocation (mmap) failed to map 65536 bytes for Failed to commit metaspace.
# Possible reasons:
#   The system is out of physical RAM or swap space
#   The process is running with CompressedOops enabled, and the Java Heap may be blocking the growth of the native heap
# Possible solutions:
#   Reduce memory load on the system
#   Increase physical memory or swap space
#   Check if swap backing store is full
#   Decrease Java heap size (-Xmx/-Xms)
#   Decrease number of Java threads
#   Decrease Java thread stack sizes (-Xss)
#   Set larger code cache with -XX:ReservedCodeCacheSize=
#   JVM is running with Unscaled Compressed Oops mode in which the Java heap is
#     placed in the first 4GB address space. The Java Heap base address is the
#     maximum limit for the native heap growth. Please use -XX:HeapBaseMinAddress
#     to set the Java Heap base and to place the Java Heap above 4GB virtual address.
# This output file may be truncated or incomplete.
#
#  Out of Memory Error (virtualSpaceNode.cpp:110), pid=13832, tid=22012
#
# JRE version: Java(TM) SE Runtime Environment (17.0.8+9) (build 17.0.8+9-LTS-211)
# Java VM: Java HotSpot(TM) 64-Bit Server VM (17.0.8+9-LTS-211, mixed mode, sharing, tiered, compressed oops, compressed class ptrs, g1 gc, windows-amd64)
# No core dump will be written. Minidumps are not enabled by default on client versions of Windows
#

---------------  S U M M A R Y ------------

Command Line: -Dapplication.home=C:\Program Files\Java\jdk-17 --add-modules=ALL-DEFAULT -Xms8m -Djdk.module.main=jdk.compiler jdk.compiler/com.sun.tools.javac.Main IFBLOCKS1.java

Host: Intel(R) Core(TM) i5-10210U CPU @ 1.60GHz, 8 cores, 7G,  Windows 11 , 64 bit Build 22621 (10.0.22621.3672)
Time: Wed Aug  7 17:26:29 2024 India Standard Time elapsed time: 0.378707 seconds (0d 0h 0m 0s)

---------------  T H R E A D  ---------------

Current thread (0x00000160ae50c540):  JavaThread "main" [_thread_in_vm, id=22012, stack(0x00000032f9600000,0x00000032f9700000)]

Stack: [0x00000032f9600000,0x00000032f9700000]
Native frames: (J=compiled Java code, j=interpreted, Vv=VM code, C=native code)
V  [jvm.dll+0x677d0a]
V  [jvm.dll+0x7d8c54]
V  [jvm.dll+0x7da3fe]
V  [jvm.dll+0x7daa63]
V  [jvm.dll+0x245c5f]
V  [jvm.dll+0x7d4d5b]
V  [jvm.dll+0x61dcf6]
V  [jvm.dll+0x1c0127]
V  [jvm.dll+0x620650]
V  [jvm.dll+0x61e6b6]
V  [jvm.dll+0x23b6b1]
V  [jvm.dll+0x1ea657]
V  [jvm.dll+0x1e02f1]
V  [jvm.dll+0x53ddbc]
V  [jvm.dll+0x753768]
V  [jvm.dll+0x753854]
V  [jvm.dll+0x40ba4f]
V  [jvm.dll+0x411a69]
C  [java.dll+0x1971]

Java frames: (J=compiled Java code, j=interpreted, Vv=VM code)
j  java.lang.ClassLoader.defineClass2(Ljava/lang/ClassLoader;Ljava/lang/String;Ljava/nio/ByteBuffer;IILjava/security/ProtectionDomain;Ljava/lang/String;)Ljava/lang/Class;+0 java.base@17.0.8
j  java.lang.ClassLoader.defineClass(Ljava/lang/String;Ljava/nio/ByteBuffer;Ljava/security/ProtectionDomain;)Ljava/lang/Class;+93 java.base@17.0.8
J 426 c1 java.security.SecureClassLoader.defineClass(Ljava/lang/String;Ljava/nio/ByteBuffer;Ljava/security/CodeSource;)Ljava/lang/Class; java.base@17.0.8 (12 bytes) @ 0x00000160b5e438fc [0x00000160b5e43840+0x00000000000000bc]
J 394 c1 jdk.internal.loader.BuiltinClassLoader.defineClass(Ljava/lang/String;Ljdk/internal/loader/BuiltinClassLoader$LoadedModule;)Ljava/lang/Class; java.base@17.0.8 (162 bytes) @ 0x00000160b5e35034 [0x00000160b5e33a60+0x00000000000015d4]
J 289 c1 jdk.internal.loader.BuiltinClassLoader.loadClassOrNull(Ljava/lang/String;Z)Ljava/lang/Class; java.base@17.0.8 (143 bytes) @ 0x00000160b5e02434 [0x00000160b5e01e40+0x00000000000005f4]
J 320 c1 jdk.internal.loader.ClassLoaders$AppClassLoader.loadClass(Ljava/lang/String;Z)Ljava/lang/Class; java.base@17.0.8 (40 bytes) @ 0x00000160b5e11f04 [0x00000160b5e118e0+0x0000000000000624]
J 304 c1 java.lang.ClassLoader.loadClass(Ljava/lang/String;)Ljava/lang/Class; java.base@17.0.8 (7 bytes) @ 0x00000160b5e07fcc [0x00000160b5e07ec0+0x000000000000010c]
v  ~StubRoutines::call_stub
j  com.sun.tools.javac.comp.Annotate.<init>(Lcom/sun/tools/javac/util/Context;)V+80 jdk.compiler@17.0.8
j  com.sun.tools.javac.comp.Annotate.instance(Lcom/sun/tools/javac/util/Context;)Lcom/sun/tools/javac/comp/Annotate;+20 jdk.compiler@17.0.8
j  com.sun.tools.javac.jvm.ClassReader.<init>(Lcom/sun/tools/javac/util/Context;)V+152 jdk.compiler@17.0.8
j  com.sun.tools.javac.jvm.ClassReader.instance(Lcom/sun/tools/javac/util/Context;)Lcom/sun/tools/javac/jvm/ClassReader;+20 jdk.compiler@17.0.8
j  com.sun.tools.javac.code.ClassFinder.<init>(Lcom/sun/tools/javac/util/Context;)V+46 jdk.compiler@17.0.8
j  com.sun.tools.javac.code.ClassFinder.instance(Lcom/sun/tools/javac/util/Context;)Lcom/sun/tools/javac/code/ClassFinder;+20 jdk.compiler@17.0.8
j  com.sun.tools.javac.main.JavaCompiler.<init>(Lcom/sun/tools/javac/util/Context;)V+130 jdk.compiler@17.0.8
j  com.sun.tools.javac.main.JavaCompiler.instance(Lcom/sun/tools/javac/util/Context;)Lcom/sun/tools/javac/main/JavaCompiler;+20 jdk.compiler@17.0.8
j  com.sun.tools.javac.processing.JavacProcessingEnvironment.<init>(Lcom/sun/tools/javac/util/Context;)V+125 jdk.compiler@17.0.8
j  com.sun.tools.javac.processing.JavacProcessingEnvironment.instance(Lcom/sun/tools/javac/util/Context;)Lcom/sun/tools/javac/processing/JavacProcessingEnvironment;+19 jdk.compiler@17.0.8
j  com.sun.tools.javac.api.BasicJavacTask.initPlugins(Ljava/util/Set;)V+148 jdk.compiler@17.0.8
j  com.sun.tools.javac.main.Main.compile([Ljava/lang/String;Lcom/sun/tools/javac/util/Context;)Lcom/sun/tools/javac/main/Main$Result;+475 jdk.compiler@17.0.8
j  com.sun.tools.javac.main.Main.compile([Ljava/lang/String;)Lcom/sun/tools/javac/main/Main$Result;+15 jdk.compiler@17.0.8
j  com.sun.tools.javac.Main.compile([Ljava/lang/String;)I+12 jdk.compiler@17.0.8
j  com.sun.tools.javac.Main.main([Ljava/lang/String;)V+1 jdk.compiler@17.0.8
v  ~StubRoutines::call_stub

---------------  P R O C E S S  ---------------

Threads class SMR info:
_java_thread_list=0x00000160cc738be0, length=12, elements={
0x00000160ae50c540, 0x00000160ae5d4860, 0x00000160ae5d56d0, 0x00000160cc4994e0,
0x00000160cc499fa0, 0x00000160cc49c960, 0x00000160cc49d920, 0x00000160cc4aabd0,
0x00000160cc4ada90, 0x00000160cc4c2480, 0x00000160cc6ac9b0, 0x00000160cc739300
}

Java Threads: ( => current thread )
=>0x00000160ae50c540 JavaThread "main" [_thread_in_vm, id=22012, stack(0x00000032f9600000,0x00000032f9700000)]
  0x00000160ae5d4860 JavaThread "Reference Handler" daemon [_thread_blocked, id=19576, stack(0x00000032f9d00000,0x00000032f9e00000)]
  0x00000160ae5d56d0 JavaThread "Finalizer" daemon [_thread_blocked, id=23636, stack(0x00000032f9e00000,0x00000032f9f00000)]
  0x00000160cc4994e0 JavaThread "Signal Dispatcher" daemon [_thread_blocked, id=18716, stack(0x00000032f9f00000,0x00000032fa000000)]
  0x00000160cc499fa0 JavaThread "Attach Listener" daemon [_thread_blocked, id=10936, stack(0x00000032fa000000,0x00000032fa100000)]
  0x00000160cc49c960 JavaThread "Service Thread" daemon [_thread_blocked, id=10492, stack(0x00000032fa100000,0x00000032fa200000)]
  0x00000160cc49d920 JavaThread "Monitor Deflation Thread" daemon [_thread_blocked, id=7044, stack(0x00000032fa200000,0x00000032fa300000)]
  0x00000160cc4aabd0 JavaThread "C2 CompilerThread0" daemon [_thread_blocked, id=13960, stack(0x00000032fa300000,0x00000032fa400000)]
  0x00000160cc4ada90 JavaThread "C1 CompilerThread0" daemon [_thread_blocked, id=12952, stack(0x00000032fa400000,0x00000032fa500000)]
  0x00000160cc4c2480 JavaThread "Sweeper thread" daemon [_thread_blocked, id=27108, stack(0x00000032fa500000,0x00000032fa600000)]
  0x00000160cc6ac9b0 JavaThread "Common-Cleaner" daemon [_thread_blocked, id=18924, stack(0x00000032fa600000,0x00000032fa700000)]
  0x00000160cc739300 JavaThread "Notification Thread" daemon [_thread_blocked, id=20356, stack(0x00000032fa700000,0x00000032fa800000)]

Other Threads:
  0x00000160ae5d0c70 VMThread "VM Thread" [stack: 0x00000032f9c00000,0x00000032f9d00000] [id=11600]
  0x00000160ae58c6a0 WatcherThread [stack: 0x00000032fa800000,0x00000032fa900000] [id=20016]
  0x00000160ae564e90 GCTaskThread "GC Thread#0" [stack: 0x00000032f9700000,0x00000032f9800000] [id=1860]
  0x00000160cc96d810 GCTaskThread "GC Thread#1" [stack: 0x00000032fa900000,0x00000032faa00000] [id=10000]
  0x00000160cc9a2ef0 GCTaskThread "GC Thread#2" [stack: 0x00000032faa00000,0x00000032fab00000] [id=23048]
  0x00000160cc9a31a0 GCTaskThread "GC Thread#3" [stack: 0x00000032fab00000,0x00000032fac00000] [id=25240]
  0x00000160ae577630 ConcurrentGCThread "G1 Main Marker" [stack: 0x00000032f9800000,0x00000032f9900000] [id=19492]
  0x00000160ae5787e0 ConcurrentGCThread "G1 Conc#0" [stack: 0x00000032f9900000,0x00000032f9a00000] [id=28180]
  0x00000160ae5a5000 ConcurrentGCThread "G1 Refine#0" [stack: 0x00000032f9a00000,0x00000032f9b00000] [id=19472]
  0x00000160ae5a5a20 ConcurrentGCThread "G1 Service" [stack: 0x00000032f9b00000,0x00000032f9c00000] [id=23944]

Threads with active compile tasks:

VM state: not at safepoint (normal execution)

VM Mutex/Monitor currently owned by a thread:  ([mutex/lock_event])
[0x00000160ae505d10] Metaspace_lock - owner thread: 0x00000160ae50c540

Heap address: 0x0000000083e00000, size: 1986 MB, Compressed Oops mode: 32-bit

CDS archive(s) mapped at: [0x00000160cd000000-0x00000160cdbd0000-0x00000160cdbd0000), size 12386304, SharedBaseAddress: 0x00000160cd000000, ArchiveRelocationMode: 1.
Compressed class space mapped at: 0x00000160ce000000-0x000001610e000000, reserved size: 1073741824
Narrow klass base: 0x00000160cd000000, Narrow klass shift: 0, Narrow klass range: 0x100000000

GC Precious Log:
 CPUs: 8 total, 8 available
 Memory: 7942M
 Large Page Support: Disabled
 NUMA Support: Disabled
 Compressed Oops: Enabled (32-bit)
 Heap Region Size: 1M
 Heap Min Capacity: 8M
 Heap Initial Capacity: 8M
 Heap Max Capacity: 1986M
 Pre-touch: Disabled
 Parallel Workers: 8
 Concurrent Workers: 2
 Concurrent Refinement Workers: 8
 Periodic GC: Disabled

Heap:
 garbage-first heap   total 8192K, used 1536K [0x0000000083e00000, 0x0000000100000000)
  region size 1024K, 2 young (2048K), 1 survivors (1024K)
 Metaspace       used 2958K, committed 3200K, reserved 1114112K
  class space    used 382K, committed 512K, reserved 1048576K

Heap Regions: E=young(eden), S=young(survivor), O=old, HS=humongous(starts), HC=humongous(continues), CS=collection set, F=free, OA=open archive, CA=closed archive, TAMS=top-at-mark-start (previous, next)
|   0|0x0000000083e00000, 0x0000000083e80200, 0x0000000083f00000| 50%| O|  |TAMS 0x0000000083e00000, 0x0000000083e00000| Untracked 
|   1|0x0000000083f00000, 0x0000000083f00000, 0x0000000084000000|  0%| F|  |TAMS 0x0000000083f00000, 0x0000000083f00000| Untracked 
|   2|0x0000000084000000, 0x0000000084000000, 0x0000000084100000|  0%| F|  |TAMS 0x0000000084000000, 0x0000000084000000| Untracked 
|   3|0x0000000084100000, 0x0000000084100000, 0x0000000084200000|  0%| F|  |TAMS 0x0000000084100000, 0x0000000084100000| Untracked 
|   4|0x0000000084200000, 0x0000000084300000, 0x0000000084300000|100%| S|CS|TAMS 0x0000000084200000, 0x0000000084200000| Complete 
|   5|0x0000000084300000, 0x0000000084300000, 0x0000000084400000|  0%| F|  |TAMS 0x0000000084300000, 0x0000000084300000| Untracked 
|   6|0x0000000084400000, 0x0000000084400000, 0x0000000084500000|  0%| F|  |TAMS 0x0000000084400000, 0x0000000084400000| Untracked 
|   7|0x0000000084500000, 0x0000000084522170, 0x0000000084600000| 13%| E|  |TAMS 0x0000000084500000, 0x0000000084500000| Complete 

Card table byte_map: [0x00000160c54e0000,0x00000160c58d0000] _byte_map_base: 0x00000160c50c1000

Marking Bits (Prev, Next): (CMBitMap*) 0x00000160ae5664b0, (CMBitMap*) 0x00000160ae5664f0
 Prev Bits: [0x00000160c5cc0000, 0x00000160c7bc8000)
 Next Bits: [0x00000160c7bd0000, 0x00000160c9ad8000)

Polling page: 0x00000160ad920000

Metaspace:

Usage:
  Non-class:      2.52 MB used.
      Class:    382.36 KB used.
       Both:      2.89 MB used.

Virtual space:
  Non-class space:       64.00 MB reserved,       2.62 MB (  4%) committed,  1 nodes.
      Class space:        1.00 GB reserved,     512.00 KB ( <1%) committed,  1 nodes.
             Both:        1.06 GB reserved,       3.12 MB ( <1%) committed. 

Chunk freelists:
   Non-Class:  10.09 MB
       Class:  15.42 MB
        Both:  25.52 MB

MaxMetaspaceSize: unlimited
CompressedClassSpaceSize: 1.00 GB
Initial GC threshold: 21.00 MB
Current GC threshold: 21.00 MB
CDS: on
MetaspaceReclaimPolicy: balanced
 - commit_granule_bytes: 65536.
 - commit_granule_words: 8192.
 - virtual_space_node_default_size: 8388608.
 - enlarge_chunks_in_place: 1.
 - new_chunks_are_fully_committed: 0.
 - uncommit_free_chunks: 1.
 - use_allocation_guard: 0.
 - handle_deallocations: 1.


Internal statistics:

num_allocs_failed_limit: 0.
num_arena_births: 34.
num_arena_deaths: 0.
num_vsnodes_births: 2.
num_vsnodes_deaths: 0.
num_space_committed: 50.
num_space_uncommitted: 0.
num_chunks_returned_to_freelist: 0.
num_chunks_taken_from_freelist: 132.
num_chunk_merges: 0.
num_chunk_splits: 94.
num_chunks_enlarged: 71.
num_purges: 0.
num_inconsistent_stats: 0.

CodeHeap 'non-profiled nmethods': size=120000Kb used=137Kb max_used=137Kb free=119862Kb
 bounds [0x00000160bd880000, 0x00000160bdaf0000, 0x00000160c4db0000]
CodeHeap 'profiled nmethods': size=120000Kb used=590Kb max_used=590Kb free=119409Kb
 bounds [0x00000160b5db0000, 0x00000160b6020000, 0x00000160bd2e0000]
CodeHeap 'non-nmethods': size=5760Kb used=1106Kb max_used=1122Kb free=4653Kb
 bounds [0x00000160bd2e0000, 0x00000160bd550000, 0x00000160bd880000]
 total_blobs=810 nmethods=427 adapters=296
 compilation: enabled
              stopped_count=0, restarted_count=0
 full_count=0

Compilation events (20 events):
Event: 0.361 Thread 0x00000160cc4ada90 nmethod 417 0x00000160b5e3e110 code [0x00000160b5e3e300, 0x00000160b5e3e8f8]
Event: 0.361 Thread 0x00000160cc4ada90  418       3       jdk.internal.jimage.ImageLocation::getContentOffset (6 bytes)
Event: 0.361 Thread 0x00000160cc4ada90 nmethod 418 0x00000160b5e3ea90 code [0x00000160b5e3ec40, 0x00000160b5e3ed88]
Event: 0.361 Thread 0x00000160cc4ada90  419       3       jdk.internal.jimage.ImageLocation::getCompressedSize (7 bytes)
Event: 0.361 Thread 0x00000160cc4ada90 nmethod 419 0x00000160b5e3ee10 code [0x00000160b5e3efc0, 0x00000160b5e3f108]
Event: 0.361 Thread 0x00000160cc4ada90  420       3       jdk.internal.jimage.ImageLocation::getUncompressedSize (7 bytes)
Event: 0.361 Thread 0x00000160cc4ada90 nmethod 420 0x00000160b5e3f190 code [0x00000160b5e3f340, 0x00000160b5e3f488]
Event: 0.361 Thread 0x00000160cc4ada90  421   !   3       jdk.internal.jimage.BasicImageReader::readBuffer (238 bytes)
Event: 0.362 Thread 0x00000160cc4aabd0  423       4       java.lang.StringLatin1::indexOfChar (33 bytes)
Event: 0.362 Thread 0x00000160cc4ada90 nmethod 421 0x00000160b5e3f510 code [0x00000160b5e3f800, 0x00000160b5e40578]
Event: 0.362 Thread 0x00000160cc4ada90  422       3       sun.net.util.URLUtil::urlNoFragString (114 bytes)
Event: 0.364 Thread 0x00000160cc4ada90 nmethod 422 0x00000160b5e40a90 code [0x00000160b5e40dc0, 0x00000160b5e41e08]
Event: 0.366 Thread 0x00000160cc4aabd0 nmethod 423 0x00000160bd8a1690 code [0x00000160bd8a1800, 0x00000160bd8a19b8]
Event: 0.369 Thread 0x00000160cc4ada90  424       3       jdk.internal.loader.BuiltinClassLoader::moduleReaderFor (45 bytes)
Event: 0.370 Thread 0x00000160cc4ada90 nmethod 424 0x00000160b5e42390 code [0x00000160b5e42580, 0x00000160b5e42c78]
Event: 0.370 Thread 0x00000160cc4ada90  425       3       java.security.CodeSource::<init> (52 bytes)
Event: 0.370 Thread 0x00000160cc4ada90 nmethod 425 0x00000160b5e42e10 code [0x00000160b5e42fe0, 0x00000160b5e43518]
Event: 0.370 Thread 0x00000160cc4ada90  426       3       java.security.SecureClassLoader::defineClass (12 bytes)
Event: 0.370 Thread 0x00000160cc4ada90 nmethod 426 0x00000160b5e43690 code [0x00000160b5e43840, 0x00000160b5e439d8]
Event: 0.371 Thread 0x00000160cc4aabd0  427       4       java.lang.StringLatin1::replace (198 bytes)

GC Heap History (2 events):
Event: 0.356 GC heap before
{Heap before GC invocations=0 (full 0):
 garbage-first heap   total 8192K, used 3072K [0x0000000083e00000, 0x0000000100000000)
  region size 1024K, 3 young (3072K), 0 survivors (0K)
 Metaspace       used 2770K, committed 2944K, reserved 1114112K
  class space    used 355K, committed 448K, reserved 1048576K
}
Event: 0.360 GC heap after
{Heap after GC invocations=1 (full 0):
 garbage-first heap   total 8192K, used 1536K [0x0000000083e00000, 0x0000000100000000)
  region size 1024K, 1 young (1024K), 1 survivors (1024K)
 Metaspace       used 2770K, committed 2944K, reserved 1114112K
  class space    used 355K, committed 448K, reserved 1048576K
}

Deoptimization events (8 events):
Event: 0.278 Thread 0x00000160ae50c540 Uncommon trap: trap_request=0xffffff45 fr.pc=0x00000160bd88ca60 relative=0x0000000000000900
Event: 0.278 Thread 0x00000160ae50c540 Uncommon trap: reason=unstable_if action=reinterpret pc=0x00000160bd88ca60 method=java.util.HashMap.putVal(ILjava/lang/Object;Ljava/lang/Object;ZZ)Ljava/lang/Object; @ 181 c2
Event: 0.278 Thread 0x00000160ae50c540 DEOPT PACKING pc=0x00000160bd88ca60 sp=0x00000032f96fee70
Event: 0.278 Thread 0x00000160ae50c540 DEOPT UNPACKING pc=0x00000160bd3323a3 sp=0x00000032f96fee20 mode 2
Event: 0.332 Thread 0x00000160ae50c540 DEOPT PACKING pc=0x00000160b5dd8b67 sp=0x00000032f96fad10
Event: 0.332 Thread 0x00000160ae50c540 DEOPT UNPACKING pc=0x00000160bd332b43 sp=0x00000032f96fa130 mode 0
Event: 0.362 Thread 0x00000160ae50c540 DEOPT PACKING pc=0x00000160b5dd7451 sp=0x00000032f96faa30
Event: 0.362 Thread 0x00000160ae50c540 DEOPT UNPACKING pc=0x00000160bd332b43 sp=0x00000032f96f9ea8 mode 0

Classes unloaded (0 events):
No events

Classes redefined (0 events):
No events

Internal exceptions (3 events):
Event: 0.231 Thread 0x00000160ae50c540 Exception <a 'java/lang/NoSuchMethodError'{0x00000000844e2c00}: 'void java.lang.invoke.DirectMethodHandle$Holder.invokeSpecial(java.lang.Object, java.lang.Object, java.lang.Object)'> (0x00000000844e2c00) 
thrown [s\open\src\hotspot\share\interpreter\linkResolver.cpp, line 759]
Event: 0.282 Thread 0x00000160ae50c540 Exception <a 'java/lang/NoSuchMethodError'{0x000000008432a1c0}: 'int java.lang.invoke.DirectMethodHandle$Holder.invokeVirtual(java.lang.Object, java.lang.Object, java.lang.Object)'> (0x000000008432a1c0) 
thrown [s\open\src\hotspot\share\interpreter\linkResolver.cpp, line 759]
Event: 0.284 Thread 0x00000160ae50c540 Exception <a 'java/lang/NoSuchMethodError'{0x0000000084330a90}: 'void java.lang.invoke.DirectMethodHandle$Holder.invokeInterface(java.lang.Object, java.lang.Object, java.lang.Object)'> (0x0000000084330a90) 
thrown [s\open\src\hotspot\share\interpreter\linkResolver.cpp, line 759]

VM Operations (8 events):
Event: 0.106 Executing VM operation: HandshakeAllThreads
Event: 0.106 Executing VM operation: HandshakeAllThreads done
Event: 0.235 Executing VM operation: HandshakeAllThreads
Event: 0.235 Executing VM operation: HandshakeAllThreads done
Event: 0.312 Executing VM operation: HandshakeAllThreads
Event: 0.313 Executing VM operation: HandshakeAllThreads done
Event: 0.355 Executing VM operation: G1CollectForAllocation
Event: 0.360 Executing VM operation: G1CollectForAllocation done

Events (20 events):
Event: 0.253 loading class sun/nio/ch/FileChannelImpl$Closer
Event: 0.253 loading class sun/nio/ch/FileChannelImpl$Closer done
Event: 0.264 loading class sun/nio/fs/WindowsPath$1
Event: 0.264 loading class sun/nio/fs/WindowsPath$1 done
Event: 0.275 loading class java/nio/file/FileSystemNotFoundException
Event: 0.275 loading class java/nio/file/FileSystemNotFoundException done
Event: 0.276 loading class java/util/JumboEnumSet$EnumSetIterator
Event: 0.276 loading class java/util/JumboEnumSet$EnumSetIterator done
Event: 0.280 loading class java/lang/NoSuchFieldError
Event: 0.281 loading class java/lang/NoSuchFieldError done
Event: 0.303 loading class java/util/concurrent/Callable
Event: 0.303 loading class java/util/concurrent/Callable done
Event: 0.308 loading class java/io/StringWriter
Event: 0.308 loading class java/io/StringWriter done
Event: 0.355 loading class java/nio/file/ClosedFileSystemException
Event: 0.355 loading class java/nio/file/ClosedFileSystemException done
Event: 0.360 loading class java/lang/ArrayIndexOutOfBoundsException
Event: 0.360 loading class java/lang/ArrayIndexOutOfBoundsException done
Event: 0.370 loading class java/util/AbstractQueue
Event: 0.371 loading class java/util/AbstractQueue done


Dynamic libraries:
0x00007ff7a2b90000 - 0x00007ff7a2b98000 	C:\Program Files\Java\jdk-17\bin\javac.exe
0x00007ffaa3290000 - 0x00007ffaa34a7000 	C:\WINDOWS\SYSTEM32\ntdll.dll
0x00007ffaa1f60000 - 0x00007ffaa2024000 	C:\WINDOWS\System32\KERNEL32.DLL
0x00007ffaa0850000 - 0x00007ffaa0bfd000 	C:\WINDOWS\System32\KERNELBASE.dll
0x00007ffaa0eb0000 - 0x00007ffaa0fc1000 	C:\WINDOWS\System32\ucrtbase.dll
0x00007ffa6cb60000 - 0x00007ffa6cb79000 	C:\Program Files\Java\jdk-17\bin\jli.dll
0x00007ffa6c490000 - 0x00007ffa6c4ab000 	C:\Program Files\Java\jdk-17\bin\VCRUNTIME140.dll
0x00007ffaa2fe0000 - 0x00007ffaa3092000 	C:\WINDOWS\System32\ADVAPI32.dll
0x00007ffaa1eb0000 - 0x00007ffaa1f57000 	C:\WINDOWS\System32\msvcrt.dll
0x00007ffaa2770000 - 0x00007ffaa2819000 	C:\WINDOWS\System32\sechost.dll
0x00007ffaa05c0000 - 0x00007ffaa05e8000 	C:\WINDOWS\System32\bcrypt.dll
0x00007ffaa3120000 - 0x00007ffaa3234000 	C:\WINDOWS\System32\RPCRT4.dll
0x00007ffaa2820000 - 0x00007ffaa29ce000 	C:\WINDOWS\System32\USER32.dll
0x00007ffaa0820000 - 0x00007ffaa0846000 	C:\WINDOWS\System32\win32u.dll
0x00007ffaa30f0000 - 0x00007ffaa3119000 	C:\WINDOWS\System32\GDI32.dll
0x00007ffaa0c00000 - 0x00007ffaa0d19000 	C:\WINDOWS\System32\gdi32full.dll
0x00007ffaa0da0000 - 0x00007ffaa0e3a000 	C:\WINDOWS\System32\msvcp_win.dll
0x00007ffa73020000 - 0x00007ffa732b3000 	C:\WINDOWS\WinSxS\amd64_microsoft.windows.common-controls_6595b64144ccf1df_6.0.22621.3672_none_2713b9d173822955\COMCTL32.dll
0x00007ffa94410000 - 0x00007ffa9441a000 	C:\WINDOWS\SYSTEM32\VERSION.dll
0x00007ffa6c480000 - 0x00007ffa6c48c000 	C:\Program Files\Java\jdk-17\bin\vcruntime140_1.dll
0x00007ffa6c3f0000 - 0x00007ffa6c47e000 	C:\Program Files\Java\jdk-17\bin\msvcp140.dll
0x00007ffa6b810000 - 0x00007ffa6c3ee000 	C:\Program Files\Java\jdk-17\bin\server\jvm.dll
0x00007ffaa3240000 - 0x00007ffaa3248000 	C:\WINDOWS\System32\PSAPI.DLL
0x00007ffa98bd0000 - 0x00007ffa98c04000 	C:\WINDOWS\SYSTEM32\WINMM.dll
0x00007ffa74dd0000 - 0x00007ffa74dd9000 	C:\WINDOWS\SYSTEM32\WSOCK32.dll
0x00007ffaa26f0000 - 0x00007ffaa2761000 	C:\WINDOWS\System32\WS2_32.dll
0x00007ffa9f5f0000 - 0x00007ffa9f608000 	C:\WINDOWS\SYSTEM32\kernel.appcore.dll
0x00007ffa6aee0000 - 0x00007ffa6aeea000 	C:\Program Files\Java\jdk-17\bin\jimage.dll
0x00007ffa9ae80000 - 0x00007ffa9b0b2000 	C:\WINDOWS\SYSTEM32\DBGHELP.DLL
0x00007ffaa29d0000 - 0x00007ffaa2d58000 	C:\WINDOWS\System32\combase.dll
0x00007ffaa13e0000 - 0x00007ffaa14b7000 	C:\WINDOWS\System32\OLEAUT32.dll
0x00007ffa944d0000 - 0x00007ffa94502000 	C:\WINDOWS\SYSTEM32\dbgcore.DLL
0x00007ffaa0d20000 - 0x00007ffaa0d9b000 	C:\WINDOWS\System32\bcryptPrimitives.dll
0x00007ffa6ae80000 - 0x00007ffa6aea5000 	C:\Program Files\Java\jdk-17\bin\java.dll
0x00007ffa6ab30000 - 0x00007ffa6ac07000 	C:\Program Files\Java\jdk-17\bin\jsvml.dll
0x00007ffaa14c0000 - 0x00007ffaa1d1f000 	C:\WINDOWS\System32\SHELL32.dll
0x00007ffa9e510000 - 0x00007ffa9ee0c000 	C:\WINDOWS\SYSTEM32\windows.storage.dll
0x00007ffa9e3d0000 - 0x00007ffa9e50f000 	C:\WINDOWS\SYSTEM32\wintypes.dll
0x00007ffaa0fd0000 - 0x00007ffaa10c4000 	C:\WINDOWS\System32\SHCORE.dll
0x00007ffaa10d0000 - 0x00007ffaa112e000 	C:\WINDOWS\System32\shlwapi.dll
0x00007ffaa04f0000 - 0x00007ffaa0511000 	C:\WINDOWS\SYSTEM32\profapi.dll
0x00007ffa6a430000 - 0x00007ffa6a449000 	C:\Program Files\Java\jdk-17\bin\net.dll
0x00007ffa99b80000 - 0x00007ffa99cb6000 	C:\WINDOWS\SYSTEM32\WINHTTP.dll
0x00007ffa9fa60000 - 0x00007ffa9fac9000 	C:\WINDOWS\system32\mswsock.dll
0x00007ffa6a400000 - 0x00007ffa6a416000 	C:\Program Files\Java\jdk-17\bin\nio.dll

dbghelp: loaded successfully - version: 4.0.5 - missing functions: none
symbol engine: initialized successfully - sym options: 0x614 - pdb path: .;C:\Program Files\Java\jdk-17\bin;C:\WINDOWS\SYSTEM32;C:\WINDOWS\WinSxS\amd64_microsoft.windows.common-controls_6595b64144ccf1df_6.0.22621.3672_none_2713b9d173822955;C:\Program Files\Java\jdk-17\bin\server

VM Arguments:
jvm_args: -Dapplication.home=C:\Program Files\Java\jdk-17 --add-modules=ALL-DEFAULT -Xms8m -Djdk.module.main=jdk.compiler 
java_command: jdk.compiler/com.sun.tools.javac.Main IFBLOCKS1.java
java_class_path (initial): <not set>
Launcher Type: SUN_STANDARD

[Global flags]
     intx CICompilerCount                          = 4                                         {product} {ergonomic}
     uint ConcGCThreads                            = 2                                         {product} {ergonomic}
     uint G1ConcRefinementThreads                  = 8                                         {product} {ergonomic}
   size_t G1HeapRegionSize                         = 1048576                                   {product} {ergonomic}
    uintx GCDrainStackTargetSize                   = 64                                        {product} {ergonomic}
   size_t InitialHeapSize                          = 8388608                                   {product} {command line}
   size_t MarkStackSize                            = 4194304                                   {product} {ergonomic}
   size_t MaxHeapSize                              = 2082471936                                {product} {ergonomic}
   size_t MaxNewSize                               = 1248854016                                {product} {ergonomic}
   size_t MinHeapDeltaBytes                        = 1048576                                   {product} {ergonomic}
   size_t MinHeapSize                              = 8388608                                   {product} {command line}
    uintx NonNMethodCodeHeapSize                   = 5839372                                {pd product} {ergonomic}
    uintx NonProfiledCodeHeapSize                  = 122909434                              {pd product} {ergonomic}
    uintx ProfiledCodeHeapSize                     = 122909434                              {pd product} {ergonomic}
    uintx ReservedCodeCacheSize                    = 251658240                              {pd product} {ergonomic}
     bool SegmentedCodeCache                       = true                                      {product} {ergonomic}
   size_t SoftMaxHeapSize                          = 2082471936                             {manageable} {ergonomic}
     bool UseCompressedClassPointers               = true                           {product lp64_product} {ergonomic}
     bool UseCompressedOops                        = true                           {product lp64_product} {ergonomic}
     bool UseG1GC                                  = true                                      {product} {ergonomic}
     bool UseLargePagesIndividualAllocation        = false                                  {pd product} {ergonomic}

Logging:
Log output configuration:
 #0: stdout all=warning uptime,level,tags
 #1: stderr all=off uptime,level,tags

Environment Variables:
PATH=C:\Program Files\Common Files\Oracle\Java\javapath;;C:\WINDOWS\system32;C:\WINDOWS;C:\WINDOWS\System32\Wbem;C:\WINDOWS\System32\WindowsPowerShell\v1.0\;C:\WINDOWS\System32\OpenSSH\;C:\Program Files (x86)\Microsoft SQL Server\110\Tools\Binn\;C:\Program Files\Microsoft SQL Server\110\Tools\Binn\;C:\Program Files\Microsoft SQL Server\110\DTS\Binn\;C:\Program Files\dotnet\;C:\Program Files\Microsoft SQL Server\Client SDK\ODBC\130\Tools\Binn\;C:\Program Files (x86)\Microsoft SQL Server\140\Tools\Binn\;C:\Program Files\Microsoft SQL Server\140\Tools\Binn\;C:\Program Files\Microsoft SQL Server\140\DTS\Binn\;C:\Program Files (x86)\Microsoft SQL Server\160\DTS\Binn\;C:\Program Files\Azure Data Studio\bin;C:\Program Files\Git\cmd;%COSMOSM%;C:\WINDOWS\system32\config\systemprofile\AppData\Local\Microsoft\WindowsApps
USERNAME=DESKTOP-EI4D21P$
OS=Windows_NT
PROCESSOR_IDENTIFIER=Intel64 Family 6 Model 142 Stepping 12, GenuineIntel



---------------  S Y S T E M  ---------------

OS:
 Windows 11 , 64 bit Build 22621 (10.0.22621.3672)
OS uptime: 4 days 5:21 hours

CPU: total 8 (initial active 8) (4 cores per cpu, 2 threads per core) family 6 model 142 stepping 12 microcode 0xde, cx8, cmov, fxsr, ht, mmx, 3dnowpref, sse, sse2, sse3, ssse3, sse4.1, sse4.2, popcnt, lzcnt, tsc, tscinvbit, avx, avx2, aes, erms, clmul, bmi1, bmi2, adx, fma, vzeroupper, clflush, clflushopt

Memory: 4k page, system-wide physical 7942M (250M free)
TotalPageFile size 32518M (AvailPageFile size 0M)
current process WorkingSet (physical memory assigned to process): 46M, peak: 46M
current process commit charge ("private bytes"): 90M, peak: 90M

vm_info: Java HotSpot(TM) 64-Bit Server VM (17.0.8+9-LTS-211) for windows-amd64 JRE (17.0.8+9-LTS-211), built on Jun 14 2023 10:34:31 by "mach5one" with MS VC++ 17.1 (VS2022)

END.
