#
# There is insufficient memory for the Java Runtime Environment to continue.
# Native memory allocation (malloc) failed to allocate 146416 bytes for Chunk::new
# Possible reasons:
#   The system is out of physical RAM or swap space
#   The process is running with CompressedOops enabled, and the Java Heap may be blocking the growth of the native heap
# Possible solutions:
#   Reduce memory load on the system
#   Increase physical memory or swap space
#   Check if swap backing store is full
#   Decrease Java heap size (-Xmx/-Xms)
#   Decrease number of Java threads
#   Decrease Java thread stack sizes (-Xss)
#   Set larger code cache with -XX:ReservedCodeCacheSize=
#   JVM is running with Unscaled Compressed Oops mode in which the Java heap is
#     placed in the first 4GB address space. The Java Heap base address is the
#     maximum limit for the native heap growth. Please use -XX:HeapBaseMinAddress
#     to set the Java Heap base and to place the Java Heap above 4GB virtual address.
# This output file may be truncated or incomplete.
#
#  Out of Memory Error (arena.cpp:189), pid=12444, tid=20428
#
# JRE version: Java(TM) SE Runtime Environment (17.0.8+9) (build 17.0.8+9-LTS-211)
# Java VM: Java HotSpot(TM) 64-Bit Server VM (17.0.8+9-LTS-211, mixed mode, sharing, tiered, compressed oops, compressed class ptrs, g1 gc, windows-amd64)
# No core dump will be written. Minidumps are not enabled by default on client versions of Windows
#

---------------  S U M M A R Y ------------

Command Line: -Dapplication.home=C:\Program Files\Java\jdk-17 --add-modules=ALL-DEFAULT -Xms8m -Djdk.module.main=jdk.compiler jdk.compiler/com.sun.tools.javac.Main IFBLOCKS1.java

Host: Intel(R) Core(TM) i5-10210U CPU @ 1.60GHz, 8 cores, 7G,  Windows 11 , 64 bit Build 22621 (10.0.22621.3672)
Time: Mon Jul  8 19:47:36 2024 India Standard Time elapsed time: 0.137226 seconds (0d 0h 0m 0s)

---------------  T H R E A D  ---------------

Current thread (0x00000232ea931350):  JavaThread "C2 CompilerThread0" daemon [_thread_in_native, id=20428, stack(0x000000c6ba500000,0x000000c6ba600000)]


Current CompileTask:
C2:    137  209       4       java.util.HashMap::putVal (300 bytes)

Stack: [0x000000c6ba500000,0x000000c6ba600000]
Native frames: (J=compiled Java code, j=interpreted, Vv=VM code, C=native code)
V  [jvm.dll+0x677d0a]
V  [jvm.dll+0x7d8c54]
V  [jvm.dll+0x7da3fe]
V  [jvm.dll+0x7daa63]
V  [jvm.dll+0x245c5f]
V  [jvm.dll+0xaaa6b]
V  [jvm.dll+0xab00c]
V  [jvm.dll+0x361e3f]
V  [jvm.dll+0x32c551]
V  [jvm.dll+0x32b9ea]
V  [jvm.dll+0x217fff]
V  [jvm.dll+0x217431]
V  [jvm.dll+0x1a3af0]
V  [jvm.dll+0x2270be]
V  [jvm.dll+0x22535b]
V  [jvm.dll+0x78e7bc]
V  [jvm.dll+0x788bba]
V  [jvm.dll+0x676b35]
C  [ucrtbase.dll+0x29333]
C  [KERNEL32.DLL+0x1257d]
C  [ntdll.dll+0x5af28]


---------------  P R O C E S S  ---------------

Threads class SMR info:
_java_thread_list=0x00000232eac4e2c0, length=13, elements={
0x00000232cc9bb5c0, 0x00000232cca80a00, 0x00000232cca82290, 0x00000232ea92abc0,
0x00000232ea92b770, 0x00000232ea92e8d0, 0x00000232ea92fa20, 0x00000232ea931350,
0x00000232ea93b900, 0x00000232ea93edc0, 0x00000232cca6c7a0, 0x00000232eaba6bb0,
0x00000232eac5b550
}

Java Threads: ( => current thread )
  0x00000232cc9bb5c0 JavaThread "main" [_thread_in_vm, id=5724, stack(0x000000c6b9800000,0x000000c6b9900000)]
  0x00000232cca80a00 JavaThread "Reference Handler" daemon [_thread_blocked, id=23788, stack(0x000000c6b9f00000,0x000000c6ba000000)]
  0x00000232cca82290 JavaThread "Finalizer" daemon [_thread_blocked, id=22168, stack(0x000000c6ba000000,0x000000c6ba100000)]
  0x00000232ea92abc0 JavaThread "Signal Dispatcher" daemon [_thread_blocked, id=26916, stack(0x000000c6ba100000,0x000000c6ba200000)]
  0x00000232ea92b770 JavaThread "Attach Listener" daemon [_thread_blocked, id=19064, stack(0x000000c6ba200000,0x000000c6ba300000)]
  0x00000232ea92e8d0 JavaThread "Service Thread" daemon [_thread_blocked, id=8604, stack(0x000000c6ba300000,0x000000c6ba400000)]
  0x00000232ea92fa20 JavaThread "Monitor Deflation Thread" daemon [_thread_blocked, id=7520, stack(0x000000c6ba400000,0x000000c6ba500000)]
=>0x00000232ea931350 JavaThread "C2 CompilerThread0" daemon [_thread_in_native, id=20428, stack(0x000000c6ba500000,0x000000c6ba600000)]
  0x00000232ea93b900 JavaThread "C1 CompilerThread0" daemon [_thread_blocked, id=11524, stack(0x000000c6ba600000,0x000000c6ba700000)]
  0x00000232ea93edc0 JavaThread "Sweeper thread" daemon [_thread_blocked, id=25628, stack(0x000000c6ba700000,0x000000c6ba800000)]
  0x00000232cca6c7a0 JavaThread "Common-Cleaner" daemon [_thread_blocked, id=26388, stack(0x000000c6ba800000,0x000000c6ba900000)]
  0x00000232eaba6bb0 JavaThread "Notification Thread" daemon [_thread_blocked, id=20200, stack(0x000000c6ba900000,0x000000c6baa00000)]
  0x00000232eac5b550 JavaThread "C2 CompilerThread1" daemon [_thread_blocked, id=22512, stack(0x000000c6bab00000,0x000000c6bac00000)]

Other Threads:
  0x00000232cca7d260 VMThread "VM Thread" [stack: 0x000000c6b9e00000,0x000000c6b9f00000] [id=23020]
  0x00000232cca30050 WatcherThread [stack: 0x000000c6baa00000,0x000000c6bab00000] [id=19004]
  0x00000232cca15ea0 GCTaskThread "GC Thread#0" [stack: 0x000000c6b9900000,0x000000c6b9a00000] [id=4064]
  0x00000232cca28e50 ConcurrentGCThread "G1 Main Marker" [stack: 0x000000c6b9a00000,0x000000c6b9b00000] [id=5824]
  0x00000232cca2a000 ConcurrentGCThread "G1 Conc#0" [stack: 0x000000c6b9b00000,0x000000c6b9c00000] [id=21836]
  0x00000232cca53050 ConcurrentGCThread "G1 Refine#0" [stack: 0x000000c6b9c00000,0x000000c6b9d00000] [id=3716]
  0x00000232cca53a70 ConcurrentGCThread "G1 Service" [stack: 0x000000c6b9d00000,0x000000c6b9e00000] [id=10564]

Threads with active compile tasks:
C2 CompilerThread0      182  209       4       java.util.HashMap::putVal (300 bytes)

VM state: not at safepoint (normal execution)

VM Mutex/Monitor currently owned by a thread:  ([mutex/lock_event])
[0x00000232cc9b4520] Metaspace_lock - owner thread: 0x00000232cc9bb5c0

Heap address: 0x0000000083e00000, size: 1986 MB, Compressed Oops mode: 32-bit

CDS archive(s) mapped at: [0x0000023280000000-0x0000023280bd0000-0x0000023280bd0000), size 12386304, SharedBaseAddress: 0x0000023280000000, ArchiveRelocationMode: 1.
Compressed class space mapped at: 0x0000023281000000-0x00000232c1000000, reserved size: 1073741824
Narrow klass base: 0x0000023280000000, Narrow klass shift: 0, Narrow klass range: 0x100000000

GC Precious Log:
 CPUs: 8 total, 8 available
 Memory: 7942M
 Large Page Support: Disabled
 NUMA Support: Disabled
 Compressed Oops: Enabled (32-bit)
 Heap Region Size: 1M
 Heap Min Capacity: 8M
 Heap Initial Capacity: 8M
 Heap Max Capacity: 1986M
 Pre-touch: Disabled
 Parallel Workers: 8
 Concurrent Workers: 2
 Concurrent Refinement Workers: 8
 Periodic GC: Disabled

Heap:
 garbage-first heap   total 8192K, used 1024K [0x0000000083e00000, 0x0000000100000000)
  region size 1024K, 2 young (2048K), 0 survivors (0K)
 Metaspace       used 955K, committed 1088K, reserved 1114112K
  class space    used 105K, committed 192K, reserved 1048576K

Heap Regions: E=young(eden), S=young(survivor), O=old, HS=humongous(starts), HC=humongous(continues), CS=collection set, F=free, OA=open archive, CA=closed archive, TAMS=top-at-mark-start (previous, next)
|   0|0x0000000083e00000, 0x0000000083e00000, 0x0000000083f00000|  0%| F|  |TAMS 0x0000000083e00000, 0x0000000083e00000| Untracked 
|   1|0x0000000083f00000, 0x0000000083f00000, 0x0000000084000000|  0%| F|  |TAMS 0x0000000083f00000, 0x0000000083f00000| Untracked 
|   2|0x0000000084000000, 0x0000000084000000, 0x0000000084100000|  0%| F|  |TAMS 0x0000000084000000, 0x0000000084000000| Untracked 
|   3|0x0000000084100000, 0x0000000084100000, 0x0000000084200000|  0%| F|  |TAMS 0x0000000084100000, 0x0000000084100000| Untracked 
|   4|0x0000000084200000, 0x0000000084200000, 0x0000000084300000|  0%| F|  |TAMS 0x0000000084200000, 0x0000000084200000| Untracked 
|   5|0x0000000084300000, 0x0000000084300000, 0x0000000084400000|  0%| F|  |TAMS 0x0000000084300000, 0x0000000084300000| Untracked 
|   6|0x0000000084400000, 0x00000000844c30f0, 0x0000000084500000| 76%| E|  |TAMS 0x0000000084400000, 0x0000000084400000| Complete 
|   7|0x0000000084500000, 0x0000000084600000, 0x0000000084600000|100%| E|CS|TAMS 0x0000000084500000, 0x0000000084500000| Complete 

Card table byte_map: [0x00000232e3980000,0x00000232e3d70000] _byte_map_base: 0x00000232e3561000

Marking Bits (Prev, Next): (CMBitMap*) 0x00000232cca174c0, (CMBitMap*) 0x00000232cca17500
 Prev Bits: [0x00000232e4160000, 0x00000232e6068000)
 Next Bits: [0x00000232e6070000, 0x00000232e7f78000)

Polling page: 0x00000232cbd80000

Metaspace:

Usage:
  Non-class:    850.05 KB used.
      Class:    105.60 KB used.
       Both:    955.65 KB used.

Virtual space:
  Non-class space:       64.00 MB reserved,     896.00 KB (  1%) committed,  1 nodes.
      Class space:        1.00 GB reserved,     192.00 KB ( <1%) committed,  1 nodes.
             Both:        1.06 GB reserved,       1.06 MB ( <1%) committed. 

Chunk freelists:
   Non-Class:  11.53 MB
       Class:  15.67 MB
        Both:  27.20 MB

MaxMetaspaceSize: unlimited
CompressedClassSpaceSize: 1.00 GB
Initial GC threshold: 21.00 MB
Current GC threshold: 21.00 MB
CDS: on
MetaspaceReclaimPolicy: balanced
 - commit_granule_bytes: 65536.
 - commit_granule_words: 8192.
 - virtual_space_node_default_size: 8388608.
 - enlarge_chunks_in_place: 1.
 - new_chunks_are_fully_committed: 0.
 - uncommit_free_chunks: 1.
 - use_allocation_guard: 0.
 - handle_deallocations: 1.


Internal statistics:

num_allocs_failed_limit: 0.
num_arena_births: 8.
num_arena_deaths: 0.
num_vsnodes_births: 2.
num_vsnodes_deaths: 0.
num_space_committed: 17.
num_space_uncommitted: 0.
num_chunks_returned_to_freelist: 0.
num_chunks_taken_from_freelist: 40.
num_chunk_merges: 0.
num_chunk_splits: 24.
num_chunks_enlarged: 15.
num_purges: 0.
num_inconsistent_stats: 0.

CodeHeap 'non-profiled nmethods': size=120000Kb used=76Kb max_used=76Kb free=119923Kb
 bounds [0x00000232dbd30000, 0x00000232dbfa0000, 0x00000232e3260000]
CodeHeap 'profiled nmethods': size=120000Kb used=276Kb max_used=276Kb free=119724Kb
 bounds [0x00000232d4260000, 0x00000232d44d0000, 0x00000232db790000]
CodeHeap 'non-nmethods': size=5760Kb used=1084Kb max_used=1098Kb free=4675Kb
 bounds [0x00000232db790000, 0x00000232dba00000, 0x00000232dbd30000]
 total_blobs=601 nmethods=247 adapters=267
 compilation: enabled
              stopped_count=0, restarted_count=0
 full_count=0

Compilation events (20 events):
Event: 0.124 Thread 0x00000232ea93b900  210       1       java.util.LinkedHashMap::removeEldestEntry (2 bytes)
Event: 0.124 Thread 0x00000232ea93b900 nmethod 210 0x00000232dbd40790 code [0x00000232dbd40920, 0x00000232dbd409f8]
Event: 0.125 Thread 0x00000232ea93b900  211       3       java.util.regex.CharPredicates$$Lambda$47/0x800000055::is (5 bytes)
Event: 0.126 Thread 0x00000232ea93b900 nmethod 211 0x00000232d4299110 code [0x00000232d42992e0, 0x00000232d42996f8]
Event: 0.126 Thread 0x00000232ea93b900  212       3       java.util.regex.CharPredicates::lambda$ASCII_SPACE$20 (20 bytes)
Event: 0.126 Thread 0x00000232ea93b900 nmethod 212 0x00000232d4299890 code [0x00000232d4299a40, 0x00000232d4299db8]
Event: 0.126 Thread 0x00000232ea93b900  214       3       java.util.regex.Pattern$BmpCharPropertyGreedy::match (89 bytes)
Event: 0.127 Thread 0x00000232ea93b900 nmethod 214 0x00000232d4299f10 code [0x00000232d429a140, 0x00000232d429ab18]
Event: 0.127 Thread 0x00000232ea93b900  213       3       java.util.regex.Pattern::has (15 bytes)
Event: 0.127 Thread 0x00000232ea93b900 nmethod 213 0x00000232d429ae10 code [0x00000232d429afa0, 0x00000232d429b118]
Event: 0.127 Thread 0x00000232ea93b900  215       3       java.lang.Enum::<init> (15 bytes)
Event: 0.127 Thread 0x00000232ea93b900 nmethod 215 0x00000232d429b190 code [0x00000232d429b320, 0x00000232d429b4d8]
Event: 0.128 Thread 0x00000232ea93b900  216       3       java.util.regex.Pattern::peek (26 bytes)
Event: 0.128 Thread 0x00000232ea93b900 nmethod 216 0x00000232d429b590 code [0x00000232d429b740, 0x00000232d429b9a8]
Event: 0.131 Thread 0x00000232ea93b900  218       3       java.lang.StringLatin1::replace (198 bytes)
Event: 0.132 Thread 0x00000232ea93b900 nmethod 218 0x00000232d429bb10 code [0x00000232d429bda0, 0x00000232d429cb28]
Event: 0.132 Thread 0x00000232ea93b900  221       3       java.lang.StringBuilder::append (8 bytes)
Event: 0.133 Thread 0x00000232ea93b900 nmethod 221 0x00000232d429d010 code [0x00000232d429d1a0, 0x00000232d429d2e8]
Event: 0.133 Thread 0x00000232ea93b900  220       1       java.lang.invoke.MethodHandle::type (5 bytes)
Event: 0.133 Thread 0x00000232ea93b900 nmethod 220 0x00000232dbd40d90 code [0x00000232dbd40f20, 0x00000232dbd40ff8]

GC Heap History (0 events):
No events

Deoptimization events (16 events):
Event: 0.121 Thread 0x00000232cc9bb5c0 Uncommon trap: trap_request=0xffffffde fr.pc=0x00000232dbd3ccb8 relative=0x0000000000000858
Event: 0.121 Thread 0x00000232cc9bb5c0 Uncommon trap: reason=class_check action=maybe_recompile pc=0x00000232dbd3ccb8 method=java.util.HashMap.putVal(ILjava/lang/Object;Ljava/lang/Object;ZZ)Ljava/lang/Object; @ 152 c2
Event: 0.122 Thread 0x00000232cc9bb5c0 DEOPT PACKING pc=0x00000232dbd3ccb8 sp=0x000000c6b98fd4d0
Event: 0.122 Thread 0x00000232cc9bb5c0 DEOPT UNPACKING pc=0x00000232db7e23a3 sp=0x000000c6b98fd450 mode 2
Event: 0.123 Thread 0x00000232cc9bb5c0 Uncommon trap: trap_request=0xffffffde fr.pc=0x00000232dbd3ccb8 relative=0x0000000000000858
Event: 0.123 Thread 0x00000232cc9bb5c0 Uncommon trap: reason=class_check action=maybe_recompile pc=0x00000232dbd3ccb8 method=java.util.HashMap.putVal(ILjava/lang/Object;Ljava/lang/Object;ZZ)Ljava/lang/Object; @ 152 c2
Event: 0.123 Thread 0x00000232cc9bb5c0 DEOPT PACKING pc=0x00000232dbd3ccb8 sp=0x000000c6b98fd5e0
Event: 0.123 Thread 0x00000232cc9bb5c0 DEOPT UNPACKING pc=0x00000232db7e23a3 sp=0x000000c6b98fd560 mode 2
Event: 0.123 Thread 0x00000232cc9bb5c0 Uncommon trap: trap_request=0xffffffde fr.pc=0x00000232dbd3ccb8 relative=0x0000000000000858
Event: 0.123 Thread 0x00000232cc9bb5c0 Uncommon trap: reason=class_check action=maybe_recompile pc=0x00000232dbd3ccb8 method=java.util.HashMap.putVal(ILjava/lang/Object;Ljava/lang/Object;ZZ)Ljava/lang/Object; @ 152 c2
Event: 0.123 Thread 0x00000232cc9bb5c0 DEOPT PACKING pc=0x00000232dbd3ccb8 sp=0x000000c6b98fd5e0
Event: 0.123 Thread 0x00000232cc9bb5c0 DEOPT UNPACKING pc=0x00000232db7e23a3 sp=0x000000c6b98fd560 mode 2
Event: 0.123 Thread 0x00000232cc9bb5c0 Uncommon trap: trap_request=0xffffffde fr.pc=0x00000232dbd3ccb8 relative=0x0000000000000858
Event: 0.123 Thread 0x00000232cc9bb5c0 Uncommon trap: reason=class_check action=maybe_recompile pc=0x00000232dbd3ccb8 method=java.util.HashMap.putVal(ILjava/lang/Object;Ljava/lang/Object;ZZ)Ljava/lang/Object; @ 152 c2
Event: 0.123 Thread 0x00000232cc9bb5c0 DEOPT PACKING pc=0x00000232dbd3ccb8 sp=0x000000c6b98fd5e0
Event: 0.123 Thread 0x00000232cc9bb5c0 DEOPT UNPACKING pc=0x00000232db7e23a3 sp=0x000000c6b98fd560 mode 2

Classes unloaded (0 events):
No events

Classes redefined (0 events):
No events

Internal exceptions (0 events):
No events

VM Operations (2 events):
Event: 0.069 Executing VM operation: HandshakeAllThreads
Event: 0.069 Executing VM operation: HandshakeAllThreads done

Events (20 events):
Event: 0.103 loading class java/net/URLClassLoader
Event: 0.103 loading class java/net/URLClassLoader done
Event: 0.104 loading class java/lang/NumberFormatException
Event: 0.104 loading class java/lang/NumberFormatException done
Event: 0.105 loading class java/net/MalformedURLException
Event: 0.105 loading class java/net/MalformedURLException done
Event: 0.105 loading class java/nio/file/InvalidPathException
Event: 0.105 loading class java/nio/file/InvalidPathException done
Event: 0.106 loading class java/io/UncheckedIOException
Event: 0.107 loading class java/io/UncheckedIOException done
Event: 0.107 loading class java/net/URISyntaxException
Event: 0.107 loading class java/net/URISyntaxException done
Event: 0.107 loading class java/nio/file/ProviderNotFoundException
Event: 0.107 loading class java/nio/file/ProviderNotFoundException done
Event: 0.107 loading class java/lang/SecurityException
Event: 0.107 loading class java/lang/SecurityException done
Event: 0.107 loading class java/io/UnsupportedEncodingException
Event: 0.107 loading class java/io/UnsupportedEncodingException done
Event: 0.128 loading class java/io/FileWriter
Event: 0.128 loading class java/io/FileWriter done


Dynamic libraries:
0x00007ff61a020000 - 0x00007ff61a028000 	C:\Program Files\Java\jdk-17\bin\javac.exe
0x00007ffb0ed70000 - 0x00007ffb0ef87000 	C:\WINDOWS\SYSTEM32\ntdll.dll
0x00007ffb0ea70000 - 0x00007ffb0eb34000 	C:\WINDOWS\System32\KERNEL32.DLL
0x00007ffb0c5c0000 - 0x00007ffb0c96c000 	C:\WINDOWS\System32\KERNELBASE.dll
0x00007ffb0c4a0000 - 0x00007ffb0c5b1000 	C:\WINDOWS\System32\ucrtbase.dll
0x00007ffad5580000 - 0x00007ffad559b000 	C:\Program Files\Java\jdk-17\bin\VCRUNTIME140.dll
0x00007ffad5630000 - 0x00007ffad5649000 	C:\Program Files\Java\jdk-17\bin\jli.dll
0x00007ffb0d100000 - 0x00007ffb0d1b2000 	C:\WINDOWS\System32\ADVAPI32.dll
0x00007ffb0e860000 - 0x00007ffb0e907000 	C:\WINDOWS\System32\msvcrt.dll
0x00007ffb0e6c0000 - 0x00007ffb0e76a000 	C:\WINDOWS\System32\sechost.dll
0x00007ffb0ca80000 - 0x00007ffb0caa8000 	C:\WINDOWS\System32\bcrypt.dll
0x00007ffb0e280000 - 0x00007ffb0e395000 	C:\WINDOWS\System32\RPCRT4.dll
0x00007ffb0cab0000 - 0x00007ffb0cc5e000 	C:\WINDOWS\System32\USER32.dll
0x00007ffb0c290000 - 0x00007ffb0c2b6000 	C:\WINDOWS\System32\win32u.dll
0x00007ffb0d250000 - 0x00007ffb0d279000 	C:\WINDOWS\System32\GDI32.dll
0x00007ffaf6100000 - 0x00007ffaf6393000 	C:\WINDOWS\WinSxS\amd64_microsoft.windows.common-controls_6595b64144ccf1df_6.0.22621.3672_none_2713b9d173822955\COMCTL32.dll
0x00007ffb0c380000 - 0x00007ffb0c499000 	C:\WINDOWS\System32\gdi32full.dll
0x00007ffb0c970000 - 0x00007ffb0ca0a000 	C:\WINDOWS\System32\msvcp_win.dll
0x00007ffafc670000 - 0x00007ffafc67a000 	C:\WINDOWS\SYSTEM32\VERSION.dll
0x00007ffad73d0000 - 0x00007ffad73dc000 	C:\Program Files\Java\jdk-17\bin\vcruntime140_1.dll
0x00007ffad54c0000 - 0x00007ffad554e000 	C:\Program Files\Java\jdk-17\bin\msvcp140.dll
0x00007ffad48e0000 - 0x00007ffad54be000 	C:\Program Files\Java\jdk-17\bin\server\jvm.dll
0x00007ffb0ecb0000 - 0x00007ffb0ecb8000 	C:\WINDOWS\System32\PSAPI.DLL
0x00007ffb036c0000 - 0x00007ffb036f4000 	C:\WINDOWS\SYSTEM32\WINMM.dll
0x00007ffae47c0000 - 0x00007ffae47c9000 	C:\WINDOWS\SYSTEM32\WSOCK32.dll
0x00007ffb0ec30000 - 0x00007ffb0eca1000 	C:\WINDOWS\System32\WS2_32.dll
0x00007ffb0b0d0000 - 0x00007ffb0b0e8000 	C:\WINDOWS\SYSTEM32\kernel.appcore.dll
0x00007ffad4200000 - 0x00007ffad420a000 	C:\Program Files\Java\jdk-17\bin\jimage.dll
0x00007ffb06960000 - 0x00007ffb06b92000 	C:\WINDOWS\SYSTEM32\DBGHELP.DLL
0x00007ffb0cd70000 - 0x00007ffb0d0f8000 	C:\WINDOWS\System32\combase.dll
0x00007ffb0e5e0000 - 0x00007ffb0e6b7000 	C:\WINDOWS\System32\OLEAUT32.dll
0x00007ffad41c0000 - 0x00007ffad41f2000 	C:\WINDOWS\SYSTEM32\dbgcore.DLL
0x00007ffb0c0a0000 - 0x00007ffb0c11b000 	C:\WINDOWS\System32\bcryptPrimitives.dll
0x00007ffad4190000 - 0x00007ffad41b5000 	C:\Program Files\Java\jdk-17\bin\java.dll
0x00007ffad1ee0000 - 0x00007ffad1fb7000 	C:\Program Files\Java\jdk-17\bin\jsvml.dll
0x00007ffb0d280000 - 0x00007ffb0dadc000 	C:\WINDOWS\System32\SHELL32.dll
0x00007ffb09ff0000 - 0x00007ffb0a8e7000 	C:\WINDOWS\SYSTEM32\windows.storage.dll
0x00007ffb09eb0000 - 0x00007ffb09fef000 	C:\WINDOWS\SYSTEM32\wintypes.dll
0x00007ffb0e970000 - 0x00007ffb0ea64000 	C:\WINDOWS\System32\SHCORE.dll
0x00007ffb0eb40000 - 0x00007ffb0eb9e000 	C:\WINDOWS\System32\shlwapi.dll
0x00007ffb0bfd0000 - 0x00007ffb0bff1000 	C:\WINDOWS\SYSTEM32\profapi.dll

dbghelp: loaded successfully - version: 4.0.5 - missing functions: none
symbol engine: initialized successfully - sym options: 0x614 - pdb path: .;C:\Program Files\Java\jdk-17\bin;C:\WINDOWS\SYSTEM32;C:\WINDOWS\WinSxS\amd64_microsoft.windows.common-controls_6595b64144ccf1df_6.0.22621.3672_none_2713b9d173822955;C:\Program Files\Java\jdk-17\bin\server

VM Arguments:
jvm_args: -Dapplication.home=C:\Program Files\Java\jdk-17 --add-modules=ALL-DEFAULT -Xms8m -Djdk.module.main=jdk.compiler 
java_command: jdk.compiler/com.sun.tools.javac.Main IFBLOCKS1.java
java_class_path (initial): <not set>
Launcher Type: SUN_STANDARD

[Global flags]
     intx CICompilerCount                          = 4                                         {product} {ergonomic}
     uint ConcGCThreads                            = 2                                         {product} {ergonomic}
     uint G1ConcRefinementThreads                  = 8                                         {product} {ergonomic}
   size_t G1HeapRegionSize                         = 1048576                                   {product} {ergonomic}
    uintx GCDrainStackTargetSize                   = 64                                        {product} {ergonomic}
   size_t InitialHeapSize                          = 8388608                                   {product} {command line}
   size_t MarkStackSize                            = 4194304                                   {product} {ergonomic}
   size_t MaxHeapSize                              = 2082471936                                {product} {ergonomic}
   size_t MaxNewSize                               = 1248854016                                {product} {ergonomic}
   size_t MinHeapDeltaBytes                        = 1048576                                   {product} {ergonomic}
   size_t MinHeapSize                              = 8388608                                   {product} {command line}
    uintx NonNMethodCodeHeapSize                   = 5839372                                {pd product} {ergonomic}
    uintx NonProfiledCodeHeapSize                  = 122909434                              {pd product} {ergonomic}
    uintx ProfiledCodeHeapSize                     = 122909434                              {pd product} {ergonomic}
    uintx ReservedCodeCacheSize                    = 251658240                              {pd product} {ergonomic}
     bool SegmentedCodeCache                       = true                                      {product} {ergonomic}
   size_t SoftMaxHeapSize                          = 2082471936                             {manageable} {ergonomic}
     bool UseCompressedClassPointers               = true                           {product lp64_product} {ergonomic}
     bool UseCompressedOops                        = true                           {product lp64_product} {ergonomic}
     bool UseG1GC                                  = true                                      {product} {ergonomic}
     bool UseLargePagesIndividualAllocation        = false                                  {pd product} {ergonomic}

Logging:
Log output configuration:
 #0: stdout all=warning uptime,level,tags
 #1: stderr all=off uptime,level,tags

Environment Variables:
PATH=C:\Program Files\Common Files\Oracle\Java\javapath;;C:\WINDOWS\system32;C:\WINDOWS;C:\WINDOWS\System32\Wbem;C:\WINDOWS\System32\WindowsPowerShell\v1.0\;C:\WINDOWS\System32\OpenSSH\;C:\Program Files (x86)\Microsoft SQL Server\110\Tools\Binn\;C:\Program Files\Microsoft SQL Server\110\Tools\Binn\;C:\Program Files\Microsoft SQL Server\110\DTS\Binn\;C:\Program Files\dotnet\;C:\Program Files\Microsoft SQL Server\Client SDK\ODBC\130\Tools\Binn\;C:\Program Files (x86)\Microsoft SQL Server\140\Tools\Binn\;C:\Program Files\Microsoft SQL Server\140\Tools\Binn\;C:\Program Files\Microsoft SQL Server\140\DTS\Binn\;C:\Program Files (x86)\Microsoft SQL Server\160\DTS\Binn\;C:\Program Files\Azure Data Studio\bin;C:\Program Files\Git\cmd;%COSMOSM%;C:\WINDOWS\system32\config\systemprofile\AppData\Local\Microsoft\WindowsApps
USERNAME=DESKTOP-EI4D21P$
OS=Windows_NT
PROCESSOR_IDENTIFIER=Intel64 Family 6 Model 142 Stepping 12, GenuineIntel



---------------  S Y S T E M  ---------------

OS:
 Windows 11 , 64 bit Build 22621 (10.0.22621.3672)
OS uptime: 7 days 22:45 hours

CPU: total 8 (initial active 8) (4 cores per cpu, 2 threads per core) family 6 model 142 stepping 12 microcode 0xde, cx8, cmov, fxsr, ht, mmx, 3dnowpref, sse, sse2, sse3, ssse3, sse4.1, sse4.2, popcnt, lzcnt, tsc, tscinvbit, avx, avx2, aes, erms, clmul, bmi1, bmi2, adx, fma, vzeroupper, clflush, clflushopt

Memory: 4k page, system-wide physical 7942M (502M free)
TotalPageFile size 32518M (AvailPageFile size 0M)
current process WorkingSet (physical memory assigned to process): 37M, peak: 37M
current process commit charge ("private bytes"): 87M, peak: 87M

vm_info: Java HotSpot(TM) 64-Bit Server VM (17.0.8+9-LTS-211) for windows-amd64 JRE (17.0.8+9-LTS-211), built on Jun 14 2023 10:34:31 by "mach5one" with MS VC++ 17.1 (VS2022)

END.
